GNU Make 4.4.90
Built for x86_64-pc-linux-gnu
Copyright (C) 1988-2025 Free Software Foundation, Inc.
License GPLv3+: GNU GPL version 3 or later <https://gnu.org/licenses/gpl.html>
This is free software: you are free to change and redistribute it.
There is NO WARRANTY, to the extent permitted by law.
Reading makefiles...
Reading makefile 'Makefile'...
Reading makefile 'config/SLUS_010.40/Makefile' (search path) (no ~ expansion)...
Reading makefile 'config/TITLE/TITLE.PRG/Makefile' (search path) (no ~ expansion)...
Reading makefile 'config/BATTLE/BATTLE.PRG/Makefile' (search path) (no ~ expansion)...
Reading makefile 'config/BATTLE/INITBTL.PRG/Makefile' (search path) (no ~ expansion)...
Reading makefile 'config/GIM/SCREFF2.PRG/Makefile' (search path) (no ~ expansion)...
Reading makefile 'config/ENDING/ENDING.PRG/Makefile' (search path) (no ~ expansion)...
Reading makefile 'config/MENU/MAINMENU.PRG/Makefile' (search path) (no ~ expansion)...
Reading makefile 'config/MENU/MENU0.PRG/Makefile' (search path) (no ~ expansion)...
Reading makefile 'config/MENU/MENU1.PRG/Makefile' (search path) (no ~ expansion)...
Reading makefile 'config/MENU/MENU2.PRG/Makefile' (search path) (no ~ expansion)...
Reading makefile 'config/MENU/MENU3.PRG/Makefile' (search path) (no ~ expansion)...
Reading makefile 'config/MENU/MENU4.PRG/Makefile' (search path) (no ~ expansion)...
Reading makefile 'config/MENU/MENU5.PRG/Makefile' (search path) (no ~ expansion)...
Reading makefile 'config/MENU/MENU7.PRG/Makefile' (search path) (no ~ expansion)...
Reading makefile 'config/MENU/MENU8.PRG/Makefile' (search path) (no ~ expansion)...
Reading makefile 'config/MENU/MENU9.PRG/Makefile' (search path) (no ~ expansion)...
Reading makefile 'config/MENU/MENUB.PRG/Makefile' (search path) (no ~ expansion)...
Reading makefile 'config/MENU/MENUC.PRG/Makefile' (search path) (no ~ expansion)...
Reading makefile 'config/MENU/MENUD.PRG/Makefile' (search path) (no ~ expansion)...
Reading makefile 'config/MENU/MENUE.PRG/Makefile' (search path) (no ~ expansion)...
Reading makefile 'config/MENU/MENUF.PRG/Makefile' (search path) (no ~ expansion)...
Reading makefile 'config/MENU/Makefile' (search path) (no ~ expansion)...
Reading makefile 'config/SMALL/Makefile' (search path) (no ~ expansion)...
Reading makefile 'tools/make/assemble.mk' (search path) (no ~ expansion)...
Reading makefile 'tools/make/compile.mk' (search path) (no ~ expansion)...
Reading makefile 'tools/make/link.mk' (search path) (no ~ expansion)...
Reading makefile 'tools/make/permuter.mk' (search path) (no ~ expansion)...
Reading makefile 'tools/make/python.mk' (search path) (no ~ expansion)...
Reading makefile 'tools/make/shell.mk' (search path) (no ~ expansion)...
Reading makefile 'tools/make/vsstring.mk' (search path) (no ~ expansion)...
Reading makefile 'tools/make/compilers.mk' (search path) (no ~ expansion)...
Reading makefile 'tools/make/img.mk' (search path) (no ~ expansion)...
Reading makefile 'tools/make/lint.mk' (search path) (no ~ expansion)...
Reading makefile 'tools/make/objdiff.mk' (search path) (no ~ expansion)...
Reading makefile 'tools/make/psxiso.mk' (search path) (no ~ expansion)...
Reading makefile 'tools/make/splat.mk' (search path) (no ~ expansion)...
Reading makefile 'tools/make/xdelta.mk' (search path) (no ~ expansion)...
Reading makefile 'build/config/SLUS_010.40/link.d' (search path) (no ~ expansion)...
Reading makefile 'build/src/SLUS_010.40/header.d' (search path) (don't care) (no ~ expansion)...
Reading makefile 'build/src/SLUS_010.40/overlay.d' (search path) (don't care) (no ~ expansion)...
Reading makefile 'build/src/SLUS_010.40/25AC.d' (search path) (don't care) (no ~ expansion)...
Reading makefile 'build/src/SLUS_010.40/libspu/SPU.d' (search path) (don't care) (no ~ expansion)...
Reading makefile 'build/src/SLUS_010.40/libspu/S_SI.d' (search path) (don't care) (no ~ expansion)...
Reading makefile 'build/src/SLUS_010.40/libetc/VSYNC.d' (search path) (don't care) (no ~ expansion)...
Reading makefile 'build/src/SLUS_010.40/libetc/INTR.d' (search path) (don't care) (no ~ expansion)...
Reading makefile 'build/src/SLUS_010.40/libetc/INTR_DMA.d' (search path) (don't care) (no ~ expansion)...
Reading makefile 'build/src/SLUS_010.40/libcd/SYS.d' (search path) (don't care) (no ~ expansion)...
Reading makefile 'build/src/SLUS_010.40/libcd/BIOS.d' (search path) (don't care) (no ~ expansion)...
Reading makefile 'build/src/SLUS_010.40/libcd/C_011.d' (search path) (don't care) (no ~ expansion)...
Reading makefile 'build/src/SLUS_010.40/libds/DSSYS_2.d' (search path) (don't care) (no ~ expansion)...
Reading makefile 'build/src/SLUS_010.40/libds/DSSYS_1.d' (search path) (don't care) (no ~ expansion)...
Reading makefile 'build/src/SLUS_010.40/libc/SPRINTF.d' (search path) (don't care) (no ~ expansion)...
Reading makefile 'build/src/SLUS_010.40/libgpu/FONT.d' (search path) (don't care) (no ~ expansion)...
Reading makefile 'build/src/SLUS_010.40/libgpu/SYS.d' (search path) (don't care) (no ~ expansion)...
Reading makefile 'build/src/SLUS_010.40/libpad/PADENTRY.d' (search path) (don't care) (no ~ expansion)...
Reading makefile 'build/src/SLUS_010.40/libgte/MTX_003.d' (search path) (don't care) (no ~ expansion)...
Reading makefile 'build/src/SLUS_010.40/libgte/MSC00.d' (search path) (don't care) (no ~ expansion)...
Reading makefile 'build/src/SLUS_010.40/libgte/PATCHGTE.d' (search path) (don't care) (no ~ expansion)...
Reading makefile 'build/src/SLUS_010.40/libspu/S_INI.d' (search path) (don't care) (no ~ expansion)...
Reading makefile 'build/src/SLUS_010.40/libspu/S_DCB.d' (search path) (don't care) (no ~ expansion)...
Reading makefile 'build/src/SLUS_010.40/libsnd/UT_ROFF.d' (search path) (don't care) (no ~ expansion)...
Reading makefile 'build/src/SLUS_010.40/libsnd/UT_RON.d' (search path) (don't care) (no ~ expansion)...
Reading makefile 'build/src/SLUS_010.40/libspu/S_Q.d' (search path) (don't care) (no ~ expansion)...
Reading makefile 'build/src/SLUS_010.40/libspu/S_M_INIT.d' (search path) (don't care) (no ~ expansion)...
Reading makefile 'build/src/SLUS_010.40/libspu/S_SNC.d' (search path) (don't care) (no ~ expansion)...
Reading makefile 'build/src/SLUS_010.40/libspu/S_SR.d' (search path) (don't care) (no ~ expansion)...
Reading makefile 'build/src/SLUS_010.40/libspu/S_M_UTIL.d' (search path) (don't care) (no ~ expansion)...
Reading makefile 'build/src/SLUS_010.40/libspu/S_SIA.d' (search path) (don't care) (no ~ expansion)...
Reading makefile 'build/src/SLUS_010.40/libspu/S_SIC.d' (search path) (don't care) (no ~ expansion)...
Reading makefile 'build/src/SLUS_010.40/libspu/S_CB.d' (search path) (don't care) (no ~ expansion)...
Reading makefile 'build/src/SLUS_010.40/libspu/S_R.d' (search path) (don't care) (no ~ expansion)...
Reading makefile 'build/src/SLUS_010.40/libspu/S_W.d' (search path) (don't care) (no ~ expansion)...
Reading makefile 'build/src/SLUS_010.40/libspu/S_STSA.d' (search path) (don't care) (no ~ expansion)...
Reading makefile 'build/src/SLUS_010.40/libspu/S_STM.d' (search path) (don't care) (no ~ expansion)...
Reading makefile 'build/src/SLUS_010.40/libspu/S_STC.d' (search path) (don't care) (no ~ expansion)...
Reading makefile 'build/src/SLUS_010.40/libspu/S_GVEA.d' (search path) (don't care) (no ~ expansion)...
Reading makefile 'build/src/SLUS_010.40/libspu/S_SCMV.d' (search path) (don't care) (no ~ expansion)...
Reading makefile 'build/src/SLUS_010.40/libspu/S_SRMT.d' (search path) (don't care) (no ~ expansion)...
Reading makefile 'build/src/SLUS_010.40/libspu/S_SRA.d' (search path) (don't care) (no ~ expansion)...
Reading makefile 'build/src/SLUS_010.40/libspu/S_CRWA.d' (search path) (don't care) (no ~ expansion)...
Reading makefile 'build/src/SLUS_010.40/libspu/S_SRMD.d' (search path) (don't care) (no ~ expansion)...
Reading makefile 'build/src/SLUS_010.40/libspu/S_GRMT.d' (search path) (don't care) (no ~ expansion)...
Reading makefile 'build/src/SLUS_010.40/libsn/SNMAIN.d' (search path) (don't care) (no ~ expansion)...
Reading makefile 'build/src/SLUS_010.40/libetc/INTR_VB.d' (search path) (don't care) (no ~ expansion)...
Reading makefile 'build/src/SLUS_010.40/libetc/VMODE.d' (search path) (don't care) (no ~ expansion)...
Reading makefile 'build/src/SLUS_010.40/libcd/CDROM.d' (search path) (don't care) (no ~ expansion)...
Reading makefile 'build/src/SLUS_010.40/libcd/C_002.d' (search path) (don't care) (no ~ expansion)...
Reading makefile 'build/src/SLUS_010.40/libcd/C_003.d' (search path) (don't care) (no ~ expansion)...
Reading makefile 'build/src/SLUS_010.40/libcd/C_004.d' (search path) (don't care) (no ~ expansion)...
Reading makefile 'build/src/SLUS_010.40/libcd/C_005.d' (search path) (don't care) (no ~ expansion)...
Reading makefile 'build/src/SLUS_010.40/libcd/C_007.d' (search path) (don't care) (no ~ expansion)...
Reading makefile 'build/src/SLUS_010.40/libcd/C_008.d' (search path) (don't care) (no ~ expansion)...
Reading makefile 'build/src/SLUS_010.40/libcd/C_009.d' (search path) (don't care) (no ~ expansion)...
Reading makefile 'build/src/SLUS_010.40/libcd/C_010.d' (search path) (don't care) (no ~ expansion)...
Reading makefile 'build/src/SLUS_010.40/libds/DSSYS_3.d' (search path) (don't care) (no ~ expansion)...
Reading makefile 'build/src/SLUS_010.40/libds/DSSYS_4.d' (search path) (don't care) (no ~ expansion)...
Reading makefile 'build/src/SLUS_010.40/libds/DSREAD.d' (search path) (don't care) (no ~ expansion)...
Reading makefile 'build/src/SLUS_010.40/libds/DSREAD2.d' (search path) (don't care) (no ~ expansion)...
Reading makefile 'build/src/SLUS_010.40/libds/DSREADY.d' (search path) (don't care) (no ~ expansion)...
Reading makefile 'build/src/SLUS_010.40/libds/DSCB.d' (search path) (don't care) (no ~ expansion)...
Reading makefile 'build/src/SLUS_010.40/libapi/C57.d' (search path) (don't care) (no ~ expansion)...
Reading makefile 'build/src/SLUS_010.40/libapi/C68.d' (search path) (don't care) (no ~ expansion)...
Reading makefile 'build/src/SLUS_010.40/libapi/C112.d' (search path) (don't care) (no ~ expansion)...
Reading makefile 'build/src/SLUS_010.40/libapi/C114.d' (search path) (don't care) (no ~ expansion)...
Reading makefile 'build/src/SLUS_010.40/libapi/C161.d' (search path) (don't care) (no ~ expansion)...
Reading makefile 'build/src/SLUS_010.40/libapi/A07.d' (search path) (don't care) (no ~ expansion)...
Reading makefile 'build/src/SLUS_010.40/libapi/A08.d' (search path) (don't care) (no ~ expansion)...
Reading makefile 'build/src/SLUS_010.40/libapi/A09.d' (search path) (don't care) (no ~ expansion)...
Reading makefile 'build/src/SLUS_010.40/libapi/A10.d' (search path) (don't care) (no ~ expansion)...
Reading makefile 'build/src/SLUS_010.40/libapi/A11.d' (search path) (don't care) (no ~ expansion)...
Reading makefile 'build/src/SLUS_010.40/libapi/A12.d' (search path) (don't care) (no ~ expansion)...
Reading makefile 'build/src/SLUS_010.40/libapi/A13.d' (search path) (don't care) (no ~ expansion)...
Reading makefile 'build/src/SLUS_010.40/libapi/A23.d' (search path) (don't care) (no ~ expansion)...
Reading makefile 'build/src/SLUS_010.40/libapi/A24.d' (search path) (don't care) (no ~ expansion)...
Reading makefile 'build/src/SLUS_010.40/libapi/A25.d' (search path) (don't care) (no ~ expansion)...
Reading makefile 'build/src/SLUS_010.40/libapi/A32.d' (search path) (don't care) (no ~ expansion)...
Reading makefile 'build/src/SLUS_010.40/libapi/A36.d' (search path) (don't care) (no ~ expansion)...
Reading makefile 'build/src/SLUS_010.40/libapi/A37.d' (search path) (don't care) (no ~ expansion)...
Reading makefile 'build/src/SLUS_010.40/libapi/A50.d' (search path) (don't care) (no ~ expansion)...
Reading makefile 'build/src/SLUS_010.40/libapi/A52.d' (search path) (don't care) (no ~ expansion)...
Reading makefile 'build/src/SLUS_010.40/libapi/A53.d' (search path) (don't care) (no ~ expansion)...
Reading makefile 'build/src/SLUS_010.40/libapi/A54.d' (search path) (don't care) (no ~ expansion)...
Reading makefile 'build/src/SLUS_010.40/libapi/A67.d' (search path) (don't care) (no ~ expansion)...
Reading makefile 'build/src/SLUS_010.40/libapi/A68.d' (search path) (don't care) (no ~ expansion)...
Reading makefile 'build/src/SLUS_010.40/libapi/A69.d' (search path) (don't care) (no ~ expansion)...
Reading makefile 'build/src/SLUS_010.40/libapi/A91.d' (search path) (don't care) (no ~ expansion)...
Reading makefile 'build/src/SLUS_010.40/libapi/L10.d' (search path) (don't care) (no ~ expansion)...
Reading makefile 'build/src/SLUS_010.40/libapi/COUNTER.d' (search path) (don't care) (no ~ expansion)...
Reading makefile 'build/src/SLUS_010.40/libapi/FIRST.d' (search path) (don't care) (no ~ expansion)...
Reading makefile 'build/src/SLUS_010.40/libapi/A66.d' (search path) (don't care) (no ~ expansion)...
Reading makefile 'build/src/SLUS_010.40/libc/A63.d' (search path) (don't care) (no ~ expansion)...
Reading makefile 'build/src/SLUS_010.40/libc/C19.d' (search path) (don't care) (no ~ expansion)...
Reading makefile 'build/src/SLUS_010.40/libc/C23.d' (search path) (don't care) (no ~ expansion)...
Reading makefile 'build/src/SLUS_010.40/libc/C25.d' (search path) (don't care) (no ~ expansion)...
Reading makefile 'build/src/SLUS_010.40/libc/C27.d' (search path) (don't care) (no ~ expansion)...
Reading makefile 'build/src/SLUS_010.40/libc/C42.d' (search path) (don't care) (no ~ expansion)...
Reading makefile 'build/src/SLUS_010.40/libc/C43.d' (search path) (don't care) (no ~ expansion)...
Reading makefile 'build/src/SLUS_010.40/libc/C47.d' (search path) (don't care) (no ~ expansion)...
Reading makefile 'build/src/SLUS_010.40/libc/C48.d' (search path) (don't care) (no ~ expansion)...
Reading makefile 'build/src/SLUS_010.40/libc/C63.d' (search path) (don't care) (no ~ expansion)...
Reading makefile 'build/src/SLUS_010.40/libc/C46.d' (search path) (don't care) (no ~ expansion)...
Reading makefile 'build/src/SLUS_010.40/libc/MEMMOVE.d' (search path) (don't care) (no ~ expansion)...
Reading makefile 'build/src/SLUS_010.40/libc/MEMCMP.d' (search path) (don't care) (no ~ expansion)...
Reading makefile 'build/src/SLUS_010.40/libgpu/C73.d' (search path) (don't care) (no ~ expansion)...
Reading makefile 'build/src/SLUS_010.40/libgpu/E00.d' (search path) (don't care) (no ~ expansion)...
Reading makefile 'build/src/SLUS_010.40/libgpu/E02.d' (search path) (don't care) (no ~ expansion)...
Reading makefile 'build/src/SLUS_010.40/libgpu/E03.d' (search path) (don't care) (no ~ expansion)...
Reading makefile 'build/src/SLUS_010.40/libgpu/E04.d' (search path) (don't care) (no ~ expansion)...
Reading makefile 'build/src/SLUS_010.40/libgpu/P00.d' (search path) (don't care) (no ~ expansion)...
Reading makefile 'build/src/SLUS_010.40/libgpu/P01.d' (search path) (don't care) (no ~ expansion)...
Reading makefile 'build/src/SLUS_010.40/libgpu/P06.d' (search path) (don't care) (no ~ expansion)...
Reading makefile 'build/src/SLUS_010.40/libgpu/P07.d' (search path) (don't care) (no ~ expansion)...
Reading makefile 'build/src/SLUS_010.40/libgpu/P09.d' (search path) (don't care) (no ~ expansion)...
Reading makefile 'build/src/SLUS_010.40/libgpu/P10.d' (search path) (don't care) (no ~ expansion)...
Reading makefile 'build/src/SLUS_010.40/libgpu/P16.d' (search path) (don't care) (no ~ expansion)...
Reading makefile 'build/src/SLUS_010.40/libgpu/P17.d' (search path) (don't care) (no ~ expansion)...
Reading makefile 'build/src/SLUS_010.40/libgpu/P18.d' (search path) (don't care) (no ~ expansion)...
Reading makefile 'build/src/SLUS_010.40/libgpu/P20.d' (search path) (don't care) (no ~ expansion)...
Reading makefile 'build/src/SLUS_010.40/libgpu/P22.d' (search path) (don't care) (no ~ expansion)...
Reading makefile 'build/src/SLUS_010.40/libgpu/P26.d' (search path) (don't care) (no ~ expansion)...
Reading makefile 'build/src/SLUS_010.40/libgpu/P27.d' (search path) (don't care) (no ~ expansion)...
Reading makefile 'build/src/SLUS_010.40/libgpu/P33.d' (search path) (don't care) (no ~ expansion)...
Reading makefile 'build/src/SLUS_010.40/libgpu/P34.d' (search path) (don't care) (no ~ expansion)...
Reading makefile 'build/src/SLUS_010.40/libgpu/P41.d' (search path) (don't care) (no ~ expansion)...
Reading makefile 'build/src/SLUS_010.40/libpad/PADMAIN.d' (search path) (don't care) (no ~ expansion)...
Reading makefile 'build/src/SLUS_010.40/libapi/L02.d' (search path) (don't care) (no ~ expansion)...
Reading makefile 'build/src/SLUS_010.40/libapi/L03.d' (search path) (don't care) (no ~ expansion)...
Reading makefile 'build/src/SLUS_010.40/libpad/PADCMD.d' (search path) (don't care) (no ~ expansion)...
Reading makefile 'build/src/SLUS_010.40/libpad/PADIF.d' (search path) (don't care) (no ~ expansion)...
Reading makefile 'build/src/SLUS_010.40/libpad/PADPORTD.d' (search path) (don't care) (no ~ expansion)...
Reading makefile 'build/src/SLUS_010.40/libc/C40.d' (search path) (don't care) (no ~ expansion)...
Reading makefile 'build/src/SLUS_010.40/libpad/PADSEQD.d' (search path) (don't care) (no ~ expansion)...
Reading makefile 'build/src/SLUS_010.40/libpad/WAITRC2.d' (search path) (don't care) (no ~ expansion)...
Reading makefile 'build/src/SLUS_010.40/libcard/C171.d' (search path) (don't care) (no ~ expansion)...
Reading makefile 'build/src/SLUS_010.40/libcard/C172.d' (search path) (don't care) (no ~ expansion)...
Reading makefile 'build/src/SLUS_010.40/libcard/CARD.d' (search path) (don't care) (no ~ expansion)...
Reading makefile 'build/src/SLUS_010.40/libcard/A78.d' (search path) (don't care) (no ~ expansion)...
Reading makefile 'build/src/SLUS_010.40/libcard/A80.d' (search path) (don't care) (no ~ expansion)...
Reading makefile 'build/src/SLUS_010.40/libcard/INIT.d' (search path) (don't care) (no ~ expansion)...
Reading makefile 'build/src/SLUS_010.40/libapi/PAD.d' (search path) (don't care) (no ~ expansion)...
Reading makefile 'build/src/SLUS_010.40/libapi/A18.d' (search path) (don't care) (no ~ expansion)...
Reading makefile 'build/src/SLUS_010.40/libapi/A19.d' (search path) (don't care) (no ~ expansion)...
Reading makefile 'build/src/SLUS_010.40/libapi/A20.d' (search path) (don't care) (no ~ expansion)...
Reading makefile 'build/src/SLUS_010.40/libapi/A21.d' (search path) (don't care) (no ~ expansion)...
Reading makefile 'build/src/SLUS_010.40/libapi/PATCH.d' (search path) (don't care) (no ~ expansion)...
Reading makefile 'build/src/SLUS_010.40/libapi/CHCLRPAD.d' (search path) (don't care) (no ~ expansion)...
Reading makefile 'build/src/SLUS_010.40/libcard/A74.d' (search path) (don't care) (no ~ expansion)...
Reading makefile 'build/src/SLUS_010.40/libcard/A75.d' (search path) (don't care) (no ~ expansion)...
Reading makefile 'build/src/SLUS_010.40/libcard/A76.d' (search path) (don't care) (no ~ expansion)...
Reading makefile 'build/src/SLUS_010.40/libcard/PATCH.d' (search path) (don't care) (no ~ expansion)...
Reading makefile 'build/src/SLUS_010.40/libcard/END.d' (search path) (don't care) (no ~ expansion)...
Reading makefile 'build/src/SLUS_010.40/libcard/FORMAT.d' (search path) (don't care) (no ~ expansion)...
Reading makefile 'build/src/SLUS_010.40/libcard/A79.d' (search path) (don't care) (no ~ expansion)...
Reading makefile 'build/src/SLUS_010.40/libcard/A92.d' (search path) (don't care) (no ~ expansion)...
Reading makefile 'build/src/SLUS_010.40/1FD44.data.d' (search path) (don't care) (no ~ expansion)...
Reading makefile 'build/src/SLUS_010.40/217DC.data.d' (search path) (don't care) (no ~ expansion)...
Reading makefile 'build/src/SLUS_010.40/23054.data.d' (search path) (don't care) (no ~ expansion)...
Reading makefile 'build/src/SLUS_010.40/23E90.bss.d' (search path) (don't care) (no ~ expansion)...
Reading makefile 'build/src/SLUS_010.40/2A6A0.bss.d' (search path) (don't care) (no ~ expansion)...
Reading makefile 'build/src/SLUS_010.40/306D8.bss.d' (search path) (don't care) (no ~ expansion)...
Reading makefile 'build/src/SLUS_010.40/31724.d' (search path) (don't care) (no ~ expansion)...
Reading makefile 'build/src/SLUS_010.40/32154.rodata.d' (search path) (don't care) (no ~ expansion)...
Reading makefile 'build/src/SLUS_010.40/libgte/MTX_005.d' (search path) (don't care) (no ~ expansion)...
Reading makefile 'build/src/SLUS_010.40/libgte/REG13.d' (search path) (don't care) (no ~ expansion)...
Reading makefile 'build/src/SLUS_010.40/libgte/REG12.d' (search path) (don't care) (no ~ expansion)...
Reading makefile 'build/src/SLUS_010.40/libgte/REG11.d' (search path) (don't care) (no ~ expansion)...
Reading makefile 'build/src/SLUS_010.40/libgte/MTX_12.d' (search path) (don't care) (no ~ expansion)...
Reading makefile 'build/src/SLUS_010.40/libgte/MTX_09.d' (search path) (don't care) (no ~ expansion)...
Reading makefile 'build/src/SLUS_010.40/libgte/MTX_004.d' (search path) (don't care) (no ~ expansion)...
Reading makefile 'build/src/SLUS_010.40/libgte/MTX_06.d' (search path) (don't care) (no ~ expansion)...
Reading makefile 'build/src/SLUS_010.40/libgte/MTX_05.d' (search path) (don't care) (no ~ expansion)...
Reading makefile 'build/src/SLUS_010.40/libgte/SMP_05.d' (search path) (don't care) (no ~ expansion)...
Reading makefile 'build/src/SLUS_010.40/libgte/SMP_04.d' (search path) (don't care) (no ~ expansion)...
Reading makefile 'build/src/SLUS_010.40/libgte/SMP_02.d' (search path) (don't care) (no ~ expansion)...
Reading makefile 'build/src/SLUS_010.40/libgte/CMB_02.d' (search path) (don't care) (no ~ expansion)...
Reading makefile 'build/src/SLUS_010.40/libgte/MTX_07.d' (search path) (don't care) (no ~ expansion)...
Reading makefile 'build/src/SLUS_010.40/libgte/CMB_00.d' (search path) (don't care) (no ~ expansion)...
Reading makefile 'build/src/SLUS_010.40/32154.d' (search path) (don't care) (no ~ expansion)...
Reading makefile 'build/src/SLUS_010.40/main.d' (search path) (don't care) (no ~ expansion)...
Reading makefile 'build/src/SLUS_010.40/2MBYTE.OBJ.d' (search path) (don't care) (no ~ expansion)...
Reading makefile 'build/assets/SLUS_010.40/_nowLoading.rgba16Header.img.d' (search path) (don't care) (no ~ expansion)...
Reading makefile 'build/src/SLUS_010.40/3C1DC.data.d' (search path) (don't care) (no ~ expansion)...
Reading makefile 'build/src/SLUS_010.40/zndFiles.d' (search path) (don't care) (no ~ expansion)...
Reading makefile 'build/src/SLUS_010.40/404CC.data.d' (search path) (don't care) (no ~ expansion)...
Reading makefile 'build/src/SLUS_010.40/main.bss.d' (search path) (don't care) (no ~ expansion)...
Reading makefile 'build/config/TITLE/TITLE.PRG/link.d' (search path) (no ~ expansion)...
Reading makefile 'build/src/TITLE/TITLE.PRG/22C.d' (search path) (don't care) (no ~ expansion)...
Reading makefile 'build/src/TITLE/TITLE.PRG/libpress/LIBPRESS.d' (search path) (don't care) (no ~ expansion)...
Reading makefile 'build/src/TITLE/TITLE.PRG/libpress/VLC_C.d' (search path) (don't care) (no ~ expansion)...
Reading makefile 'build/src/TITLE/TITLE.PRG/libpress/BUILD.d' (search path) (don't care) (no ~ expansion)...
Reading makefile 'build/assets/TITLE/TITLE.PRG/_titleScreenBg.rgba16Compressed.img.d' (search path) (don't care) (no ~ expansion)...
Reading makefile 'build/assets/TITLE/TITLE.PRG/_menuCopyright.rgba16.img.d' (search path) (don't care) (no ~ expansion)...
Reading makefile 'build/assets/TITLE/TITLE.PRG/_fontTable.rgbClut.img.d' (search path) (don't care) (no ~ expansion)...
Reading makefile 'build/assets/TITLE/TITLE.PRG/_fontTable1.rgbClut.img.d' (search path) (don't care) (no ~ expansion)...
Reading makefile 'build/assets/TITLE/TITLE.PRG/_debugFont.rgbClut.img.d' (search path) (don't care) (no ~ expansion)...
Reading makefile 'build/assets/TITLE/TITLE.PRG/_uiTable.rgbClut.img.d' (search path) (don't care) (no ~ expansion)...
Reading makefile 'build/assets/TITLE/TITLE.PRG/_saveMenuBg.rgbClut.img.d' (search path) (don't care) (no ~ expansion)...
Reading makefile 'build/config/BATTLE/BATTLE.PRG/link.d' (search path) (no ~ expansion)...
Reading makefile 'build/src/BATTLE/BATTLE.PRG/146C.d' (search path) (don't care) (no ~ expansion)...
Reading makefile 'build/src/BATTLE/BATTLE.PRG/2842C.d' (search path) (don't care) (no ~ expansion)...
Reading makefile 'build/src/BATTLE/BATTLE.PRG/30D14.d' (search path) (don't care) (no ~ expansion)...
Reading makefile 'build/src/BATTLE/BATTLE.PRG/3A1A0.d' (search path) (don't care) (no ~ expansion)...
Reading makefile 'build/src/BATTLE/BATTLE.PRG/40564.d' (search path) (don't care) (no ~ expansion)...
Reading makefile 'build/src/BATTLE/BATTLE.PRG/44F14.d' (search path) (don't care) (no ~ expansion)...
Reading makefile 'build/src/BATTLE/BATTLE.PRG/4A0A8.d' (search path) (don't care) (no ~ expansion)...
Reading makefile 'build/src/BATTLE/BATTLE.PRG/573B8.d' (search path) (don't care) (no ~ expansion)...
Reading makefile 'build/src/BATTLE/BATTLE.PRG/58578.d' (search path) (don't care) (no ~ expansion)...
Reading makefile 'build/src/BATTLE/BATTLE.PRG/5BF94.d' (search path) (don't care) (no ~ expansion)...
Reading makefile 'build/src/BATTLE/BATTLE.PRG/6E644.rodata.d' (search path) (don't care) (no ~ expansion)...
Reading makefile 'build/src/BATTLE/BATTLE.PRG/2EA3C.d' (search path) (don't care) (no ~ expansion)...
Reading makefile 'build/src/BATTLE/BATTLE.PRG/38C1C.d' (search path) (don't care) (no ~ expansion)...
Reading makefile 'build/src/BATTLE/BATTLE.PRG/6E644.d' (search path) (don't care) (no ~ expansion)...
Reading makefile 'build/src/BATTLE/BATTLE.PRG/7F984.data.d' (search path) (don't care) (no ~ expansion)...
Reading makefile 'build/src/BATTLE/BATTLE.PRG/menuLbas.d' (search path) (don't care) (no ~ expansion)...
Reading makefile 'build/src/BATTLE/BATTLE.PRG/gimLbas.d' (search path) (don't care) (no ~ expansion)...
Reading makefile 'build/src/BATTLE/BATTLE.PRG/82F08.data.d' (search path) (don't care) (no ~ expansion)...
Reading makefile 'build/assets/BATTLE/BATTLE.PRG/menuStrings.vsString.d' (search path) (don't care) (no ~ expansion)...
Reading makefile 'build/src/BATTLE/BATTLE.PRG/833B8.data.d' (search path) (don't care) (no ~ expansion)...
Reading makefile 'build/src/BATTLE/BATTLE.PRG/89058.bss.d' (search path) (don't care) (no ~ expansion)...
Reading makefile 'build/config/BATTLE/INITBTL.PRG/link.d' (search path) (no ~ expansion)...
Reading makefile 'build/src/BATTLE/INITBTL.PRG/18.d' (search path) (don't care) (no ~ expansion)...
Reading makefile 'build/src/BATTLE/INITBTL.PRG/FB0.d' (search path) (don't care) (no ~ expansion)...
Reading makefile 'build/src/BATTLE/INITBTL.PRG/12AC.d' (search path) (don't care) (no ~ expansion)...
Reading makefile 'build/config/GIM/SCREFF2.PRG/link.d' (search path) (no ~ expansion)...
Reading makefile 'build/src/GIM/SCREFF2.PRG/0.d' (search path) (don't care) (no ~ expansion)...
Reading makefile 'build/config/ENDING/ENDING.PRG/link.d' (search path) (no ~ expansion)...
Reading makefile 'build/src/ENDING/ENDING.PRG/D4.d' (search path) (don't care) (no ~ expansion)...
Reading makefile 'build/src/ENDING/ENDING.PRG/5BFC.data.d' (search path) (don't care) (no ~ expansion)...
Reading makefile 'build/src/ENDING/ENDING.PRG/illustLbas.d' (search path) (don't care) (no ~ expansion)...
Reading makefile 'build/src/ENDING/ENDING.PRG/72FB0.data.d' (search path) (don't care) (no ~ expansion)...
Reading makefile 'build/src/ENDING/ENDING.PRG/73318.bss.d' (search path) (don't care) (no ~ expansion)...
Reading makefile 'build/config/MENU/MAINMENU.PRG/link.d' (search path) (no ~ expansion)...
Reading makefile 'build/src/MENU/MAINMENU.PRG/224.d' (search path) (don't care) (no ~ expansion)...
Reading makefile 'build/src/MENU/MAINMENU.PRG/C48.d' (search path) (don't care) (no ~ expansion)...
Reading makefile 'build/src/MENU/MAINMENU.PRG/2D10.d' (search path) (don't care) (no ~ expansion)...
Reading makefile 'build/src/MENU/MAINMENU.PRG/58EC.d' (search path) (don't care) (no ~ expansion)...
Reading makefile 'build/config/MENU/MENU0.PRG/link.d' (search path) (no ~ expansion)...
Reading makefile 'build/src/MENU/MENU0.PRG/84.d' (search path) (don't care) (no ~ expansion)...
Reading makefile 'build/src/MENU/MENU0.PRG/15AC.d' (search path) (don't care) (no ~ expansion)...
Reading makefile 'build/config/MENU/MENU1.PRG/link.d' (search path) (no ~ expansion)...
Reading makefile 'build/src/MENU/MENU1.PRG/30.d' (search path) (don't care) (no ~ expansion)...
Reading makefile 'build/config/MENU/MENU2.PRG/link.d' (search path) (no ~ expansion)...
Reading makefile 'build/src/MENU/MENU2.PRG/64.d' (search path) (don't care) (no ~ expansion)...
Reading makefile 'build/src/MENU/MENU2.PRG/143C.d' (search path) (don't care) (no ~ expansion)...
Reading makefile 'build/config/MENU/MENU3.PRG/link.d' (search path) (no ~ expansion)...
Reading makefile 'build/src/MENU/MENU3.PRG/16C.d' (search path) (don't care) (no ~ expansion)...
Reading makefile 'build/src/MENU/MENU3.PRG/68C4.d' (search path) (don't care) (no ~ expansion)...
Reading makefile 'build/config/MENU/MENU4.PRG/link.d' (search path) (no ~ expansion)...
Reading makefile 'build/src/MENU/MENU4.PRG/120.d' (search path) (don't care) (no ~ expansion)...
Reading makefile 'build/config/MENU/MENU5.PRG/link.d' (search path) (no ~ expansion)...
Reading makefile 'build/src/MENU/MENU5.PRG/4D8.d' (search path) (don't care) (no ~ expansion)...
Reading makefile 'build/config/MENU/MENU7.PRG/link.d' (search path) (no ~ expansion)...
Reading makefile 'build/src/MENU/MENU7.PRG/260.d' (search path) (don't care) (no ~ expansion)...
Reading makefile 'build/config/MENU/MENU8.PRG/link.d' (search path) (no ~ expansion)...
Reading makefile 'build/src/MENU/MENU8.PRG/88.d' (search path) (don't care) (no ~ expansion)...
Reading makefile 'build/src/MENU/MENU8.PRG/21A0.d' (search path) (don't care) (no ~ expansion)...
Reading makefile 'build/config/MENU/MENU9.PRG/link.d' (search path) (no ~ expansion)...
Reading makefile 'build/src/MENU/MENU9.PRG/238.d' (search path) (don't care) (no ~ expansion)...
Reading makefile 'build/src/MENU/MENU9.PRG/57BC.d' (search path) (don't care) (no ~ expansion)...
Reading makefile 'build/src/MENU/MENU9.PRG/592C.d' (search path) (don't care) (no ~ expansion)...
Reading makefile 'build/config/MENU/MENUB.PRG/link.d' (search path) (no ~ expansion)...
Reading makefile 'build/src/MENU/MENUB.PRG/260.d' (search path) (don't care) (no ~ expansion)...
Reading makefile 'build/config/MENU/MENUC.PRG/link.d' (search path) (no ~ expansion)...
Reading makefile 'build/src/MENU/MENUC.PRG/168.d' (search path) (don't care) (no ~ expansion)...
Reading makefile 'build/src/MENU/MENUC.PRG/9258.d' (search path) (don't care) (no ~ expansion)...
Reading makefile 'build/config/MENU/MENUD.PRG/link.d' (search path) (no ~ expansion)...
Reading makefile 'build/src/MENU/MENUD.PRG/234.d' (search path) (don't care) (no ~ expansion)...
Reading makefile 'build/config/MENU/MENUE.PRG/link.d' (search path) (no ~ expansion)...
Reading makefile 'build/src/MENU/MENUE.PRG/494.d' (search path) (don't care) (no ~ expansion)...
Reading makefile 'build/config/MENU/MENUF.PRG/link.d' (search path) (no ~ expansion)...
Reading makefile 'build/src/MENU/MENUF.PRG/3B8.d' (search path) (don't care) (no ~ expansion)...
Updating makefiles....
 Considering target file 'Makefile'.
  Looking for an implicit rule for 'Makefile'.
  No implicit rule found for 'Makefile'.
 Finished prerequisites of target file 'Makefile'.
 No need to remake target 'Makefile'.
 Considering target file 'config/SLUS_010.40/Makefile'.
  Looking for an implicit rule for 'config/SLUS_010.40/Makefile'.
  No implicit rule found for 'config/SLUS_010.40/Makefile'.
 Finished prerequisites of target file 'config/SLUS_010.40/Makefile'.
 No need to remake target 'config/SLUS_010.40/Makefile'.
 Considering target file 'config/TITLE/TITLE.PRG/Makefile'.
  Looking for an implicit rule for 'config/TITLE/TITLE.PRG/Makefile'.
  No implicit rule found for 'config/TITLE/TITLE.PRG/Makefile'.
 Finished prerequisites of target file 'config/TITLE/TITLE.PRG/Makefile'.
 No need to remake target 'config/TITLE/TITLE.PRG/Makefile'.
 Considering target file 'config/BATTLE/BATTLE.PRG/Makefile'.
  Looking for an implicit rule for 'config/BATTLE/BATTLE.PRG/Makefile'.
  No implicit rule found for 'config/BATTLE/BATTLE.PRG/Makefile'.
 Finished prerequisites of target file 'config/BATTLE/BATTLE.PRG/Makefile'.
 No need to remake target 'config/BATTLE/BATTLE.PRG/Makefile'.
 Considering target file 'config/BATTLE/INITBTL.PRG/Makefile'.
  Looking for an implicit rule for 'config/BATTLE/INITBTL.PRG/Makefile'.
  No implicit rule found for 'config/BATTLE/INITBTL.PRG/Makefile'.
 Finished prerequisites of target file 'config/BATTLE/INITBTL.PRG/Makefile'.
 No need to remake target 'config/BATTLE/INITBTL.PRG/Makefile'.
 Considering target file 'config/GIM/SCREFF2.PRG/Makefile'.
  Looking for an implicit rule for 'config/GIM/SCREFF2.PRG/Makefile'.
  No implicit rule found for 'config/GIM/SCREFF2.PRG/Makefile'.
 Finished prerequisites of target file 'config/GIM/SCREFF2.PRG/Makefile'.
 No need to remake target 'config/GIM/SCREFF2.PRG/Makefile'.
 Considering target file 'config/ENDING/ENDING.PRG/Makefile'.
  Looking for an implicit rule for 'config/ENDING/ENDING.PRG/Makefile'.
  No implicit rule found for 'config/ENDING/ENDING.PRG/Makefile'.
 Finished prerequisites of target file 'config/ENDING/ENDING.PRG/Makefile'.
 No need to remake target 'config/ENDING/ENDING.PRG/Makefile'.
 Considering target file 'config/MENU/MAINMENU.PRG/Makefile'.
  Looking for an implicit rule for 'config/MENU/MAINMENU.PRG/Makefile'.
  No implicit rule found for 'config/MENU/MAINMENU.PRG/Makefile'.
 Finished prerequisites of target file 'config/MENU/MAINMENU.PRG/Makefile'.
 No need to remake target 'config/MENU/MAINMENU.PRG/Makefile'.
 Considering target file 'config/MENU/MENU0.PRG/Makefile'.
  Looking for an implicit rule for 'config/MENU/MENU0.PRG/Makefile'.
  No implicit rule found for 'config/MENU/MENU0.PRG/Makefile'.
 Finished prerequisites of target file 'config/MENU/MENU0.PRG/Makefile'.
 No need to remake target 'config/MENU/MENU0.PRG/Makefile'.
 Considering target file 'config/MENU/MENU1.PRG/Makefile'.
  Looking for an implicit rule for 'config/MENU/MENU1.PRG/Makefile'.
  No implicit rule found for 'config/MENU/MENU1.PRG/Makefile'.
 Finished prerequisites of target file 'config/MENU/MENU1.PRG/Makefile'.
 No need to remake target 'config/MENU/MENU1.PRG/Makefile'.
 Considering target file 'config/MENU/MENU2.PRG/Makefile'.
  Looking for an implicit rule for 'config/MENU/MENU2.PRG/Makefile'.
  No implicit rule found for 'config/MENU/MENU2.PRG/Makefile'.
 Finished prerequisites of target file 'config/MENU/MENU2.PRG/Makefile'.
 No need to remake target 'config/MENU/MENU2.PRG/Makefile'.
 Considering target file 'config/MENU/MENU3.PRG/Makefile'.
  Looking for an implicit rule for 'config/MENU/MENU3.PRG/Makefile'.
  No implicit rule found for 'config/MENU/MENU3.PRG/Makefile'.
 Finished prerequisites of target file 'config/MENU/MENU3.PRG/Makefile'.
 No need to remake target 'config/MENU/MENU3.PRG/Makefile'.
 Considering target file 'config/MENU/MENU4.PRG/Makefile'.
  Looking for an implicit rule for 'config/MENU/MENU4.PRG/Makefile'.
  No implicit rule found for 'config/MENU/MENU4.PRG/Makefile'.
 Finished prerequisites of target file 'config/MENU/MENU4.PRG/Makefile'.
 No need to remake target 'config/MENU/MENU4.PRG/Makefile'.
 Considering target file 'config/MENU/MENU5.PRG/Makefile'.
  Looking for an implicit rule for 'config/MENU/MENU5.PRG/Makefile'.
  No implicit rule found for 'config/MENU/MENU5.PRG/Makefile'.
 Finished prerequisites of target file 'config/MENU/MENU5.PRG/Makefile'.
 No need to remake target 'config/MENU/MENU5.PRG/Makefile'.
 Considering target file 'config/MENU/MENU7.PRG/Makefile'.
  Looking for an implicit rule for 'config/MENU/MENU7.PRG/Makefile'.
  No implicit rule found for 'config/MENU/MENU7.PRG/Makefile'.
 Finished prerequisites of target file 'config/MENU/MENU7.PRG/Makefile'.
 No need to remake target 'config/MENU/MENU7.PRG/Makefile'.
 Considering target file 'config/MENU/MENU8.PRG/Makefile'.
  Looking for an implicit rule for 'config/MENU/MENU8.PRG/Makefile'.
  No implicit rule found for 'config/MENU/MENU8.PRG/Makefile'.
 Finished prerequisites of target file 'config/MENU/MENU8.PRG/Makefile'.
 No need to remake target 'config/MENU/MENU8.PRG/Makefile'.
 Considering target file 'config/MENU/MENU9.PRG/Makefile'.
  Looking for an implicit rule for 'config/MENU/MENU9.PRG/Makefile'.
  No implicit rule found for 'config/MENU/MENU9.PRG/Makefile'.
 Finished prerequisites of target file 'config/MENU/MENU9.PRG/Makefile'.
 No need to remake target 'config/MENU/MENU9.PRG/Makefile'.
 Considering target file 'config/MENU/MENUB.PRG/Makefile'.
  Looking for an implicit rule for 'config/MENU/MENUB.PRG/Makefile'.
  No implicit rule found for 'config/MENU/MENUB.PRG/Makefile'.
 Finished prerequisites of target file 'config/MENU/MENUB.PRG/Makefile'.
 No need to remake target 'config/MENU/MENUB.PRG/Makefile'.
 Considering target file 'config/MENU/MENUC.PRG/Makefile'.
  Looking for an implicit rule for 'config/MENU/MENUC.PRG/Makefile'.
  No implicit rule found for 'config/MENU/MENUC.PRG/Makefile'.
 Finished prerequisites of target file 'config/MENU/MENUC.PRG/Makefile'.
 No need to remake target 'config/MENU/MENUC.PRG/Makefile'.
 Considering target file 'config/MENU/MENUD.PRG/Makefile'.
  Looking for an implicit rule for 'config/MENU/MENUD.PRG/Makefile'.
  No implicit rule found for 'config/MENU/MENUD.PRG/Makefile'.
 Finished prerequisites of target file 'config/MENU/MENUD.PRG/Makefile'.
 No need to remake target 'config/MENU/MENUD.PRG/Makefile'.
 Considering target file 'config/MENU/MENUE.PRG/Makefile'.
  Looking for an implicit rule for 'config/MENU/MENUE.PRG/Makefile'.
  No implicit rule found for 'config/MENU/MENUE.PRG/Makefile'.
 Finished prerequisites of target file 'config/MENU/MENUE.PRG/Makefile'.
 No need to remake target 'config/MENU/MENUE.PRG/Makefile'.
 Considering target file 'config/MENU/MENUF.PRG/Makefile'.
  Looking for an implicit rule for 'config/MENU/MENUF.PRG/Makefile'.
  No implicit rule found for 'config/MENU/MENUF.PRG/Makefile'.
 Finished prerequisites of target file 'config/MENU/MENUF.PRG/Makefile'.
 No need to remake target 'config/MENU/MENUF.PRG/Makefile'.
 Considering target file 'config/MENU/Makefile'.
  Looking for an implicit rule for 'config/MENU/Makefile'.
  No implicit rule found for 'config/MENU/Makefile'.
 Finished prerequisites of target file 'config/MENU/Makefile'.
 No need to remake target 'config/MENU/Makefile'.
 Considering target file 'config/SMALL/Makefile'.
  Looking for an implicit rule for 'config/SMALL/Makefile'.
  No implicit rule found for 'config/SMALL/Makefile'.
 Finished prerequisites of target file 'config/SMALL/Makefile'.
 No need to remake target 'config/SMALL/Makefile'.
 Considering target file 'tools/make/assemble.mk'.
  Looking for an implicit rule for 'tools/make/assemble.mk'.
  No implicit rule found for 'tools/make/assemble.mk'.
 Finished prerequisites of target file 'tools/make/assemble.mk'.
 No need to remake target 'tools/make/assemble.mk'.
 Considering target file 'tools/make/compile.mk'.
  Looking for an implicit rule for 'tools/make/compile.mk'.
  No implicit rule found for 'tools/make/compile.mk'.
 Finished prerequisites of target file 'tools/make/compile.mk'.
 No need to remake target 'tools/make/compile.mk'.
 Considering target file 'tools/make/link.mk'.
  Looking for an implicit rule for 'tools/make/link.mk'.
  No implicit rule found for 'tools/make/link.mk'.
 Finished prerequisites of target file 'tools/make/link.mk'.
 No need to remake target 'tools/make/link.mk'.
 Considering target file 'tools/make/permuter.mk'.
  Looking for an implicit rule for 'tools/make/permuter.mk'.
  No implicit rule found for 'tools/make/permuter.mk'.
 Finished prerequisites of target file 'tools/make/permuter.mk'.
 No need to remake target 'tools/make/permuter.mk'.
 Considering target file 'tools/make/python.mk'.
  Looking for an implicit rule for 'tools/make/python.mk'.
  No implicit rule found for 'tools/make/python.mk'.
 Finished prerequisites of target file 'tools/make/python.mk'.
 No need to remake target 'tools/make/python.mk'.
 Considering target file 'tools/make/shell.mk'.
  Looking for an implicit rule for 'tools/make/shell.mk'.
  No implicit rule found for 'tools/make/shell.mk'.
 Finished prerequisites of target file 'tools/make/shell.mk'.
 No need to remake target 'tools/make/shell.mk'.
 Considering target file 'tools/make/vsstring.mk'.
  Looking for an implicit rule for 'tools/make/vsstring.mk'.
  No implicit rule found for 'tools/make/vsstring.mk'.
 Finished prerequisites of target file 'tools/make/vsstring.mk'.
 No need to remake target 'tools/make/vsstring.mk'.
 Considering target file 'tools/make/compilers.mk'.
  Looking for an implicit rule for 'tools/make/compilers.mk'.
  No implicit rule found for 'tools/make/compilers.mk'.
 Finished prerequisites of target file 'tools/make/compilers.mk'.
 No need to remake target 'tools/make/compilers.mk'.
 Considering target file 'tools/make/img.mk'.
  Looking for an implicit rule for 'tools/make/img.mk'.
  No implicit rule found for 'tools/make/img.mk'.
 Finished prerequisites of target file 'tools/make/img.mk'.
 No need to remake target 'tools/make/img.mk'.
 Considering target file 'tools/make/lint.mk'.
  Looking for an implicit rule for 'tools/make/lint.mk'.
  No implicit rule found for 'tools/make/lint.mk'.
 Finished prerequisites of target file 'tools/make/lint.mk'.
 No need to remake target 'tools/make/lint.mk'.
 Considering target file 'tools/make/objdiff.mk'.
  Looking for an implicit rule for 'tools/make/objdiff.mk'.
  No implicit rule found for 'tools/make/objdiff.mk'.
 Finished prerequisites of target file 'tools/make/objdiff.mk'.
 No need to remake target 'tools/make/objdiff.mk'.
 Considering target file 'tools/make/psxiso.mk'.
  Looking for an implicit rule for 'tools/make/psxiso.mk'.
  No implicit rule found for 'tools/make/psxiso.mk'.
 Finished prerequisites of target file 'tools/make/psxiso.mk'.
 No need to remake target 'tools/make/psxiso.mk'.
 Considering target file 'tools/make/splat.mk'.
  Looking for an implicit rule for 'tools/make/splat.mk'.
  No implicit rule found for 'tools/make/splat.mk'.
 Finished prerequisites of target file 'tools/make/splat.mk'.
 No need to remake target 'tools/make/splat.mk'.
 Considering target file 'tools/make/xdelta.mk'.
  Looking for an implicit rule for 'tools/make/xdelta.mk'.
  No implicit rule found for 'tools/make/xdelta.mk'.
 Finished prerequisites of target file 'tools/make/xdelta.mk'.
 No need to remake target 'tools/make/xdelta.mk'.
 Considering target file 'build/config/SLUS_010.40/link.d'.
  Looking for an implicit rule for 'build/config/SLUS_010.40/link.d'.
   Trying pattern rule 'build/config/%/link.d: config/%/splat.yaml config/%/Makefile | $(@D)/' with stem 'SLUS_010.40'.
   Trying implicit prerequisite 'config/SLUS_010.40/splat.yaml'.
   Found 'config/SLUS_010.40/splat.yaml'.
   Trying implicit prerequisite 'config/SLUS_010.40/Makefile'.
   Found 'config/SLUS_010.40/Makefile'.
   Trying implicit prerequisite 'build/config/SLUS_010.40/'.
   Found 'build/config/SLUS_010.40/'.
  Found implicit rule 'build/config/%/link.d: config/%/splat.yaml config/%/Makefile | $(@D)/' for 'build/config/SLUS_010.40/link.d'.
  Considering target file 'config/SLUS_010.40/splat.yaml'.
   Looking for an implicit rule for 'config/SLUS_010.40/splat.yaml'.
   No implicit rule found for 'config/SLUS_010.40/splat.yaml'.
  Finished prerequisites of target file 'config/SLUS_010.40/splat.yaml'.
  No need to remake target 'config/SLUS_010.40/splat.yaml'.
  Pruning file 'config/SLUS_010.40/Makefile'.
  Considering target file 'build/config/SLUS_010.40/'.
   Looking for an implicit rule for 'build/config/SLUS_010.40/'.
    Trying pattern rule '%/:' with stem 'build/config/SLUS_010.40'.
   Found implicit rule '%/:' for 'build/config/SLUS_010.40/'.
  Finished prerequisites of target file 'build/config/SLUS_010.40/'.
  No need to remake target 'build/config/SLUS_010.40/'.
  Considering target file 'config/BATTLE/BATTLE.PRG/symbol_addrs.txt'.
   Looking for an implicit rule for 'config/BATTLE/BATTLE.PRG/symbol_addrs.txt'.
   No implicit rule found for 'config/BATTLE/BATTLE.PRG/symbol_addrs.txt'.
  Finished prerequisites of target file 'config/BATTLE/BATTLE.PRG/symbol_addrs.txt'.
  No need to remake target 'config/BATTLE/BATTLE.PRG/symbol_addrs.txt'.
  Considering target file 'config/ENDING/ENDING.PRG/symbol_addrs.txt'.
   Looking for an implicit rule for 'config/ENDING/ENDING.PRG/symbol_addrs.txt'.
   No implicit rule found for 'config/ENDING/ENDING.PRG/symbol_addrs.txt'.
  Finished prerequisites of target file 'config/ENDING/ENDING.PRG/symbol_addrs.txt'.
  No need to remake target 'config/ENDING/ENDING.PRG/symbol_addrs.txt'.
  Considering target file 'disks/SLUS-01040.xml'.
   Considering target file 'disks/SLUS-01040.bin'.
   Finished prerequisites of target file 'disks/SLUS-01040.bin'.
   No need to remake target 'disks/SLUS-01040.bin'.
   Considering target file 'tools/python'.
    Considering target file 'requirements.txt'.
     Looking for an implicit rule for 'requirements.txt'.
     No implicit rule found for 'requirements.txt'.
    Finished prerequisites of target file 'requirements.txt'.
    No need to remake target 'requirements.txt'.
    Considering target file 'tools/.sysdeps'.
    Finished prerequisites of target file 'tools/.sysdeps'.
    No need to remake target 'tools/.sysdeps'.
   Finished prerequisites of target file 'tools/python'.
    Prerequisite 'requirements.txt' is older than target 'tools/python'.
    Prerequisite 'tools/.sysdeps' is order-only for target 'tools/python'.
   No need to remake target 'tools/python'.
   Considering target file 'tools/old-gcc/2.7.2-psx/cc1'.
    Considering target file 'tools/old-gcc/2.7.2-psx/'.
     Looking for an implicit rule for 'tools/old-gcc/2.7.2-psx/'.
      Trying pattern rule '%/:' with stem 'tools/old-gcc/2.7.2-psx'.
     Found implicit rule '%/:' for 'tools/old-gcc/2.7.2-psx/'.
    Finished prerequisites of target file 'tools/old-gcc/2.7.2-psx/'.
    No need to remake target 'tools/old-gcc/2.7.2-psx/'.
    Pruning file 'tools/.sysdeps'.
   Finished prerequisites of target file 'tools/old-gcc/2.7.2-psx/cc1'.
    Prerequisite 'tools/old-gcc/2.7.2-psx/' is order-only for target 'tools/old-gcc/2.7.2-psx/cc1'.
    Prerequisite 'tools/.sysdeps' is order-only for target 'tools/old-gcc/2.7.2-psx/cc1'.
   No need to remake target 'tools/old-gcc/2.7.2-psx/cc1'.
   Considering target file 'tools/old-gcc/2.7.2-cdk/cc1'.
    Considering target file 'tools/old-gcc/2.7.2-cdk/'.
     Looking for an implicit rule for 'tools/old-gcc/2.7.2-cdk/'.
      Trying pattern rule '%/:' with stem 'tools/old-gcc/2.7.2-cdk'.
     Found implicit rule '%/:' for 'tools/old-gcc/2.7.2-cdk/'.
    Finished prerequisites of target file 'tools/old-gcc/2.7.2-cdk/'.
    No need to remake target 'tools/old-gcc/2.7.2-cdk/'.
    Pruning file 'tools/.sysdeps'.
   Finished prerequisites of target file 'tools/old-gcc/2.7.2-cdk/cc1'.
    Prerequisite 'tools/old-gcc/2.7.2-cdk/' is order-only for target 'tools/old-gcc/2.7.2-cdk/cc1'.
    Prerequisite 'tools/.sysdeps' is order-only for target 'tools/old-gcc/2.7.2-cdk/cc1'.
   No need to remake target 'tools/old-gcc/2.7.2-cdk/cc1'.
   Considering target file 'tools/old-gcc/2.8.1-psx/cc1'.
    Considering target file 'tools/old-gcc/2.8.1-psx/'.
     Looking for an implicit rule for 'tools/old-gcc/2.8.1-psx/'.
      Trying pattern rule '%/:' with stem 'tools/old-gcc/2.8.1-psx'.
     Found implicit rule '%/:' for 'tools/old-gcc/2.8.1-psx/'.
    Finished prerequisites of target file 'tools/old-gcc/2.8.1-psx/'.
    No need to remake target 'tools/old-gcc/2.8.1-psx/'.
    Pruning file 'tools/.sysdeps'.
   Finished prerequisites of target file 'tools/old-gcc/2.8.1-psx/cc1'.
    Prerequisite 'tools/old-gcc/2.8.1-psx/' is order-only for target 'tools/old-gcc/2.8.1-psx/cc1'.
    Prerequisite 'tools/.sysdeps' is order-only for target 'tools/old-gcc/2.8.1-psx/cc1'.
   No need to remake target 'tools/old-gcc/2.8.1-psx/cc1'.
   Considering target file 'tools/mkpsxiso/dumpsxiso'.
    Considering target file 'tools/mkpsxiso/'.
     Looking for an implicit rule for 'tools/mkpsxiso/'.
      Trying pattern rule '%/:' with stem 'tools/mkpsxiso'.
     Found implicit rule '%/:' for 'tools/mkpsxiso/'.
    Finished prerequisites of target file 'tools/mkpsxiso/'.
    No need to remake target 'tools/mkpsxiso/'.
    Pruning file 'tools/.sysdeps'.
   Finished prerequisites of target file 'tools/mkpsxiso/dumpsxiso'.
    Prerequisite 'tools/mkpsxiso/' is order-only for target 'tools/mkpsxiso/dumpsxiso'.
    Prerequisite 'tools/.sysdeps' is order-only for target 'tools/mkpsxiso/dumpsxiso'.
   No need to remake target 'tools/mkpsxiso/dumpsxiso'.
   Considering target file 'tools/xdelta/xdelta3'.
    Considering target file 'tools/xdelta/'.
     Looking for an implicit rule for 'tools/xdelta/'.
      Trying pattern rule '%/:' with stem 'tools/xdelta'.
     Found implicit rule '%/:' for 'tools/xdelta/'.
    Finished prerequisites of target file 'tools/xdelta/'.
    No need to remake target 'tools/xdelta/'.
    Pruning file 'tools/.sysdeps'.
   Finished prerequisites of target file 'tools/xdelta/xdelta3'.
    Prerequisite 'tools/xdelta/' is order-only for target 'tools/xdelta/xdelta3'.
    Prerequisite 'tools/.sysdeps' is order-only for target 'tools/xdelta/xdelta3'.
   No need to remake target 'tools/xdelta/xdelta3'.
  Finished prerequisites of target file 'disks/SLUS-01040.xml'.
   Prerequisite 'disks/SLUS-01040.bin' is order-only for target 'disks/SLUS-01040.xml'.
   Prerequisite 'tools/python' is order-only for target 'disks/SLUS-01040.xml'.
   Prerequisite 'tools/old-gcc/2.7.2-psx/cc1' is order-only for target 'disks/SLUS-01040.xml'.
   Prerequisite 'tools/old-gcc/2.7.2-cdk/cc1' is order-only for target 'disks/SLUS-01040.xml'.
   Prerequisite 'tools/old-gcc/2.8.1-psx/cc1' is order-only for target 'disks/SLUS-01040.xml'.
   Prerequisite 'tools/mkpsxiso/dumpsxiso' is order-only for target 'disks/SLUS-01040.xml'.
   Prerequisite 'tools/xdelta/xdelta3' is order-only for target 'disks/SLUS-01040.xml'.
  No need to remake target 'disks/SLUS-01040.xml'.
 Finished prerequisites of target file 'build/config/SLUS_010.40/link.d'.
  Prerequisite 'config/SLUS_010.40/splat.yaml' is older than target 'build/config/SLUS_010.40/link.d'.
  Prerequisite 'config/SLUS_010.40/Makefile' is older than target 'build/config/SLUS_010.40/link.d'.
  Prerequisite 'build/config/SLUS_010.40/' is order-only for target 'build/config/SLUS_010.40/link.d'.
  Prerequisite 'config/BATTLE/BATTLE.PRG/symbol_addrs.txt' is older than target 'build/config/SLUS_010.40/link.d'.
  Prerequisite 'config/ENDING/ENDING.PRG/symbol_addrs.txt' is older than target 'build/config/SLUS_010.40/link.d'.
  Prerequisite 'disks/SLUS-01040.xml' is order-only for target 'build/config/SLUS_010.40/link.d'.
 No need to remake target 'build/config/SLUS_010.40/link.d'.
 Considering target file 'build/src/SLUS_010.40/header.d'.
  File 'build/src/SLUS_010.40/header.d' does not exist.
  Looking for an implicit rule for 'build/src/SLUS_010.40/header.d'.
   Trying pattern rule 'build/%.d: %.c | $(@D)/' with stem 'src/SLUS_010.40/header'.
   Trying implicit prerequisite 'src/SLUS_010.40/header.c'.
   Not found 'src/SLUS_010.40/header.c'.
   Trying harder.
   Trying pattern rule 'build/%.d: %.c | $(@D)/' with stem 'src/SLUS_010.40/header'.
   Trying implicit prerequisite 'src/SLUS_010.40/header.c'.
   Looking for a rule with intermediate file 'src/SLUS_010.40/header.c'.
    Avoiding implicit rule recursion for rule 'build/%.d: %.c | $(@D)/'.
   No implicit rule found for 'src/SLUS_010.40/header.c'.
   Rejecting rule 'build/%.d: %.c | $(@D)/' due to impossible prerequisite 'src/SLUS_010.40/header.c'.
  No implicit rule found for 'build/src/SLUS_010.40/header.d'.
 Finished prerequisites of target file 'build/src/SLUS_010.40/header.d'.
 Must remake target 'build/src/SLUS_010.40/header.d'.
 Failed to remake target file 'build/src/SLUS_010.40/header.d'.
 Considering target file 'build/src/SLUS_010.40/overlay.d'.
  Looking for an implicit rule for 'build/src/SLUS_010.40/overlay.d'.
   Trying pattern rule 'build/%.d: %.c | $(@D)/' with stem 'src/SLUS_010.40/overlay'.
   Trying implicit prerequisite 'src/SLUS_010.40/overlay.c'.
   Found 'src/SLUS_010.40/overlay.c'.
   Trying implicit prerequisite 'build/src/SLUS_010.40/'.
   Found 'build/src/SLUS_010.40/'.
  Found implicit rule 'build/%.d: %.c | $(@D)/' for 'build/src/SLUS_010.40/overlay.d'.
  Considering target file 'src/SLUS_010.40/overlay.c'.
   Looking for an implicit rule for 'src/SLUS_010.40/overlay.c'.
   No implicit rule found for 'src/SLUS_010.40/overlay.c'.
  Finished prerequisites of target file 'src/SLUS_010.40/overlay.c'.
  No need to remake target 'src/SLUS_010.40/overlay.c'.
  Considering target file 'build/src/SLUS_010.40/'.
   Looking for an implicit rule for 'build/src/SLUS_010.40/'.
    Trying pattern rule '%/:' with stem 'build/src/SLUS_010.40'.
   Found implicit rule '%/:' for 'build/src/SLUS_010.40/'.
  Finished prerequisites of target file 'build/src/SLUS_010.40/'.
  No need to remake target 'build/src/SLUS_010.40/'.
 Finished prerequisites of target file 'build/src/SLUS_010.40/overlay.d'.
  Prerequisite 'src/SLUS_010.40/overlay.c' is older than target 'build/src/SLUS_010.40/overlay.d'.
  Prerequisite 'build/src/SLUS_010.40/' is order-only for target 'build/src/SLUS_010.40/overlay.d'.
 No need to remake target 'build/src/SLUS_010.40/overlay.d'.
 Considering target file 'build/src/SLUS_010.40/25AC.d'.
  Looking for an implicit rule for 'build/src/SLUS_010.40/25AC.d'.
   Trying pattern rule 'build/%.d: %.c | $(@D)/' with stem 'src/SLUS_010.40/25AC'.
   Trying implicit prerequisite 'src/SLUS_010.40/25AC.c'.
   Found 'src/SLUS_010.40/25AC.c'.
   Trying implicit prerequisite 'build/src/SLUS_010.40/'.
   'build/src/SLUS_010.40/' ought to exist.
  Found implicit rule 'build/%.d: %.c | $(@D)/' for 'build/src/SLUS_010.40/25AC.d'.
  Considering target file 'src/SLUS_010.40/25AC.c'.
   Looking for an implicit rule for 'src/SLUS_010.40/25AC.c'.
   No implicit rule found for 'src/SLUS_010.40/25AC.c'.
  Finished prerequisites of target file 'src/SLUS_010.40/25AC.c'.
  No need to remake target 'src/SLUS_010.40/25AC.c'.
  Pruning file 'build/src/SLUS_010.40/'.
 Finished prerequisites of target file 'build/src/SLUS_010.40/25AC.d'.
  Prerequisite 'src/SLUS_010.40/25AC.c' is older than target 'build/src/SLUS_010.40/25AC.d'.
  Prerequisite 'build/src/SLUS_010.40/' is order-only for target 'build/src/SLUS_010.40/25AC.d'.
 No need to remake target 'build/src/SLUS_010.40/25AC.d'.
 Considering target file 'build/src/SLUS_010.40/libspu/SPU.d'.
  Looking for an implicit rule for 'build/src/SLUS_010.40/libspu/SPU.d'.
   Trying pattern rule 'build/%.d: %.c | $(@D)/' with stem 'src/SLUS_010.40/libspu/SPU'.
   Trying implicit prerequisite 'src/SLUS_010.40/libspu/SPU.c'.
   Found 'src/SLUS_010.40/libspu/SPU.c'.
   Trying implicit prerequisite 'build/src/SLUS_010.40/libspu/'.
   Found 'build/src/SLUS_010.40/libspu/'.
  Found implicit rule 'build/%.d: %.c | $(@D)/' for 'build/src/SLUS_010.40/libspu/SPU.d'.
  Considering target file 'src/SLUS_010.40/libspu/SPU.c'.
   Looking for an implicit rule for 'src/SLUS_010.40/libspu/SPU.c'.
   No implicit rule found for 'src/SLUS_010.40/libspu/SPU.c'.
  Finished prerequisites of target file 'src/SLUS_010.40/libspu/SPU.c'.
  No need to remake target 'src/SLUS_010.40/libspu/SPU.c'.
  Considering target file 'build/src/SLUS_010.40/libspu/'.
   Looking for an implicit rule for 'build/src/SLUS_010.40/libspu/'.
    Trying pattern rule '%/:' with stem 'build/src/SLUS_010.40/libspu'.
   Found implicit rule '%/:' for 'build/src/SLUS_010.40/libspu/'.
  Finished prerequisites of target file 'build/src/SLUS_010.40/libspu/'.
  No need to remake target 'build/src/SLUS_010.40/libspu/'.
 Finished prerequisites of target file 'build/src/SLUS_010.40/libspu/SPU.d'.
  Prerequisite 'src/SLUS_010.40/libspu/SPU.c' is older than target 'build/src/SLUS_010.40/libspu/SPU.d'.
  Prerequisite 'build/src/SLUS_010.40/libspu/' is order-only for target 'build/src/SLUS_010.40/libspu/SPU.d'.
 No need to remake target 'build/src/SLUS_010.40/libspu/SPU.d'.
 Considering target file 'build/src/SLUS_010.40/libspu/S_SI.d'.
  Looking for an implicit rule for 'build/src/SLUS_010.40/libspu/S_SI.d'.
   Trying pattern rule 'build/%.d: %.c | $(@D)/' with stem 'src/SLUS_010.40/libspu/S_SI'.
   Trying implicit prerequisite 'src/SLUS_010.40/libspu/S_SI.c'.
   Found 'src/SLUS_010.40/libspu/S_SI.c'.
   Trying implicit prerequisite 'build/src/SLUS_010.40/libspu/'.
   'build/src/SLUS_010.40/libspu/' ought to exist.
  Found implicit rule 'build/%.d: %.c | $(@D)/' for 'build/src/SLUS_010.40/libspu/S_SI.d'.
  Considering target file 'src/SLUS_010.40/libspu/S_SI.c'.
   Looking for an implicit rule for 'src/SLUS_010.40/libspu/S_SI.c'.
   No implicit rule found for 'src/SLUS_010.40/libspu/S_SI.c'.
  Finished prerequisites of target file 'src/SLUS_010.40/libspu/S_SI.c'.
  No need to remake target 'src/SLUS_010.40/libspu/S_SI.c'.
  Pruning file 'build/src/SLUS_010.40/libspu/'.
 Finished prerequisites of target file 'build/src/SLUS_010.40/libspu/S_SI.d'.
  Prerequisite 'src/SLUS_010.40/libspu/S_SI.c' is older than target 'build/src/SLUS_010.40/libspu/S_SI.d'.
  Prerequisite 'build/src/SLUS_010.40/libspu/' is order-only for target 'build/src/SLUS_010.40/libspu/S_SI.d'.
 No need to remake target 'build/src/SLUS_010.40/libspu/S_SI.d'.
 Considering target file 'build/src/SLUS_010.40/libetc/VSYNC.d'.
  Looking for an implicit rule for 'build/src/SLUS_010.40/libetc/VSYNC.d'.
   Trying pattern rule 'build/%.d: %.c | $(@D)/' with stem 'src/SLUS_010.40/libetc/VSYNC'.
   Trying implicit prerequisite 'src/SLUS_010.40/libetc/VSYNC.c'.
   Found 'src/SLUS_010.40/libetc/VSYNC.c'.
   Trying implicit prerequisite 'build/src/SLUS_010.40/libetc/'.
   Found 'build/src/SLUS_010.40/libetc/'.
  Found implicit rule 'build/%.d: %.c | $(@D)/' for 'build/src/SLUS_010.40/libetc/VSYNC.d'.
  Considering target file 'src/SLUS_010.40/libetc/VSYNC.c'.
   Looking for an implicit rule for 'src/SLUS_010.40/libetc/VSYNC.c'.
   No implicit rule found for 'src/SLUS_010.40/libetc/VSYNC.c'.
  Finished prerequisites of target file 'src/SLUS_010.40/libetc/VSYNC.c'.
  No need to remake target 'src/SLUS_010.40/libetc/VSYNC.c'.
  Considering target file 'build/src/SLUS_010.40/libetc/'.
   Looking for an implicit rule for 'build/src/SLUS_010.40/libetc/'.
    Trying pattern rule '%/:' with stem 'build/src/SLUS_010.40/libetc'.
   Found implicit rule '%/:' for 'build/src/SLUS_010.40/libetc/'.
  Finished prerequisites of target file 'build/src/SLUS_010.40/libetc/'.
  No need to remake target 'build/src/SLUS_010.40/libetc/'.
 Finished prerequisites of target file 'build/src/SLUS_010.40/libetc/VSYNC.d'.
  Prerequisite 'src/SLUS_010.40/libetc/VSYNC.c' is older than target 'build/src/SLUS_010.40/libetc/VSYNC.d'.
  Prerequisite 'build/src/SLUS_010.40/libetc/' is order-only for target 'build/src/SLUS_010.40/libetc/VSYNC.d'.
 No need to remake target 'build/src/SLUS_010.40/libetc/VSYNC.d'.
 Considering target file 'build/src/SLUS_010.40/libetc/INTR.d'.
  Looking for an implicit rule for 'build/src/SLUS_010.40/libetc/INTR.d'.
   Trying pattern rule 'build/%.d: %.c | $(@D)/' with stem 'src/SLUS_010.40/libetc/INTR'.
   Trying implicit prerequisite 'src/SLUS_010.40/libetc/INTR.c'.
   Found 'src/SLUS_010.40/libetc/INTR.c'.
   Trying implicit prerequisite 'build/src/SLUS_010.40/libetc/'.
   'build/src/SLUS_010.40/libetc/' ought to exist.
  Found implicit rule 'build/%.d: %.c | $(@D)/' for 'build/src/SLUS_010.40/libetc/INTR.d'.
  Considering target file 'src/SLUS_010.40/libetc/INTR.c'.
   Looking for an implicit rule for 'src/SLUS_010.40/libetc/INTR.c'.
   No implicit rule found for 'src/SLUS_010.40/libetc/INTR.c'.
  Finished prerequisites of target file 'src/SLUS_010.40/libetc/INTR.c'.
  No need to remake target 'src/SLUS_010.40/libetc/INTR.c'.
  Pruning file 'build/src/SLUS_010.40/libetc/'.
 Finished prerequisites of target file 'build/src/SLUS_010.40/libetc/INTR.d'.
  Prerequisite 'src/SLUS_010.40/libetc/INTR.c' is older than target 'build/src/SLUS_010.40/libetc/INTR.d'.
  Prerequisite 'build/src/SLUS_010.40/libetc/' is order-only for target 'build/src/SLUS_010.40/libetc/INTR.d'.
 No need to remake target 'build/src/SLUS_010.40/libetc/INTR.d'.
 Considering target file 'build/src/SLUS_010.40/libetc/INTR_DMA.d'.
  Looking for an implicit rule for 'build/src/SLUS_010.40/libetc/INTR_DMA.d'.
   Trying pattern rule 'build/%.d: %.c | $(@D)/' with stem 'src/SLUS_010.40/libetc/INTR_DMA'.
   Trying implicit prerequisite 'src/SLUS_010.40/libetc/INTR_DMA.c'.
   Found 'src/SLUS_010.40/libetc/INTR_DMA.c'.
   Trying implicit prerequisite 'build/src/SLUS_010.40/libetc/'.
   'build/src/SLUS_010.40/libetc/' ought to exist.
  Found implicit rule 'build/%.d: %.c | $(@D)/' for 'build/src/SLUS_010.40/libetc/INTR_DMA.d'.
  Considering target file 'src/SLUS_010.40/libetc/INTR_DMA.c'.
   Looking for an implicit rule for 'src/SLUS_010.40/libetc/INTR_DMA.c'.
   No implicit rule found for 'src/SLUS_010.40/libetc/INTR_DMA.c'.
  Finished prerequisites of target file 'src/SLUS_010.40/libetc/INTR_DMA.c'.
  No need to remake target 'src/SLUS_010.40/libetc/INTR_DMA.c'.
  Pruning file 'build/src/SLUS_010.40/libetc/'.
 Finished prerequisites of target file 'build/src/SLUS_010.40/libetc/INTR_DMA.d'.
  Prerequisite 'src/SLUS_010.40/libetc/INTR_DMA.c' is older than target 'build/src/SLUS_010.40/libetc/INTR_DMA.d'.
  Prerequisite 'build/src/SLUS_010.40/libetc/' is order-only for target 'build/src/SLUS_010.40/libetc/INTR_DMA.d'.
 No need to remake target 'build/src/SLUS_010.40/libetc/INTR_DMA.d'.
 Considering target file 'build/src/SLUS_010.40/libcd/SYS.d'.
  Looking for an implicit rule for 'build/src/SLUS_010.40/libcd/SYS.d'.
   Trying pattern rule 'build/%.d: %.c | $(@D)/' with stem 'src/SLUS_010.40/libcd/SYS'.
   Trying implicit prerequisite 'src/SLUS_010.40/libcd/SYS.c'.
   Found 'src/SLUS_010.40/libcd/SYS.c'.
   Trying implicit prerequisite 'build/src/SLUS_010.40/libcd/'.
   Found 'build/src/SLUS_010.40/libcd/'.
  Found implicit rule 'build/%.d: %.c | $(@D)/' for 'build/src/SLUS_010.40/libcd/SYS.d'.
  Considering target file 'src/SLUS_010.40/libcd/SYS.c'.
   Looking for an implicit rule for 'src/SLUS_010.40/libcd/SYS.c'.
   No implicit rule found for 'src/SLUS_010.40/libcd/SYS.c'.
  Finished prerequisites of target file 'src/SLUS_010.40/libcd/SYS.c'.
  No need to remake target 'src/SLUS_010.40/libcd/SYS.c'.
  Considering target file 'build/src/SLUS_010.40/libcd/'.
   Looking for an implicit rule for 'build/src/SLUS_010.40/libcd/'.
    Trying pattern rule '%/:' with stem 'build/src/SLUS_010.40/libcd'.
   Found implicit rule '%/:' for 'build/src/SLUS_010.40/libcd/'.
  Finished prerequisites of target file 'build/src/SLUS_010.40/libcd/'.
  No need to remake target 'build/src/SLUS_010.40/libcd/'.
 Finished prerequisites of target file 'build/src/SLUS_010.40/libcd/SYS.d'.
  Prerequisite 'src/SLUS_010.40/libcd/SYS.c' is older than target 'build/src/SLUS_010.40/libcd/SYS.d'.
  Prerequisite 'build/src/SLUS_010.40/libcd/' is order-only for target 'build/src/SLUS_010.40/libcd/SYS.d'.
 No need to remake target 'build/src/SLUS_010.40/libcd/SYS.d'.
 Considering target file 'build/src/SLUS_010.40/libcd/BIOS.d'.
  Looking for an implicit rule for 'build/src/SLUS_010.40/libcd/BIOS.d'.
   Trying pattern rule 'build/%.d: %.c | $(@D)/' with stem 'src/SLUS_010.40/libcd/BIOS'.
   Trying implicit prerequisite 'src/SLUS_010.40/libcd/BIOS.c'.
   Found 'src/SLUS_010.40/libcd/BIOS.c'.
   Trying implicit prerequisite 'build/src/SLUS_010.40/libcd/'.
   'build/src/SLUS_010.40/libcd/' ought to exist.
  Found implicit rule 'build/%.d: %.c | $(@D)/' for 'build/src/SLUS_010.40/libcd/BIOS.d'.
  Considering target file 'src/SLUS_010.40/libcd/BIOS.c'.
   Looking for an implicit rule for 'src/SLUS_010.40/libcd/BIOS.c'.
   No implicit rule found for 'src/SLUS_010.40/libcd/BIOS.c'.
  Finished prerequisites of target file 'src/SLUS_010.40/libcd/BIOS.c'.
  No need to remake target 'src/SLUS_010.40/libcd/BIOS.c'.
  Pruning file 'build/src/SLUS_010.40/libcd/'.
 Finished prerequisites of target file 'build/src/SLUS_010.40/libcd/BIOS.d'.
  Prerequisite 'src/SLUS_010.40/libcd/BIOS.c' is older than target 'build/src/SLUS_010.40/libcd/BIOS.d'.
  Prerequisite 'build/src/SLUS_010.40/libcd/' is order-only for target 'build/src/SLUS_010.40/libcd/BIOS.d'.
 No need to remake target 'build/src/SLUS_010.40/libcd/BIOS.d'.
 Considering target file 'build/src/SLUS_010.40/libcd/C_011.d'.
  Looking for an implicit rule for 'build/src/SLUS_010.40/libcd/C_011.d'.
   Trying pattern rule 'build/%.d: %.c | $(@D)/' with stem 'src/SLUS_010.40/libcd/C_011'.
   Trying implicit prerequisite 'src/SLUS_010.40/libcd/C_011.c'.
   Found 'src/SLUS_010.40/libcd/C_011.c'.
   Trying implicit prerequisite 'build/src/SLUS_010.40/libcd/'.
   'build/src/SLUS_010.40/libcd/' ought to exist.
  Found implicit rule 'build/%.d: %.c | $(@D)/' for 'build/src/SLUS_010.40/libcd/C_011.d'.
  Considering target file 'src/SLUS_010.40/libcd/C_011.c'.
   Looking for an implicit rule for 'src/SLUS_010.40/libcd/C_011.c'.
   No implicit rule found for 'src/SLUS_010.40/libcd/C_011.c'.
  Finished prerequisites of target file 'src/SLUS_010.40/libcd/C_011.c'.
  No need to remake target 'src/SLUS_010.40/libcd/C_011.c'.
  Pruning file 'build/src/SLUS_010.40/libcd/'.
 Finished prerequisites of target file 'build/src/SLUS_010.40/libcd/C_011.d'.
  Prerequisite 'src/SLUS_010.40/libcd/C_011.c' is older than target 'build/src/SLUS_010.40/libcd/C_011.d'.
  Prerequisite 'build/src/SLUS_010.40/libcd/' is order-only for target 'build/src/SLUS_010.40/libcd/C_011.d'.
 No need to remake target 'build/src/SLUS_010.40/libcd/C_011.d'.
 Considering target file 'build/src/SLUS_010.40/libds/DSSYS_2.d'.
  Looking for an implicit rule for 'build/src/SLUS_010.40/libds/DSSYS_2.d'.
   Trying pattern rule 'build/%.d: %.c | $(@D)/' with stem 'src/SLUS_010.40/libds/DSSYS_2'.
   Trying implicit prerequisite 'src/SLUS_010.40/libds/DSSYS_2.c'.
   Found 'src/SLUS_010.40/libds/DSSYS_2.c'.
   Trying implicit prerequisite 'build/src/SLUS_010.40/libds/'.
   Found 'build/src/SLUS_010.40/libds/'.
  Found implicit rule 'build/%.d: %.c | $(@D)/' for 'build/src/SLUS_010.40/libds/DSSYS_2.d'.
  Considering target file 'src/SLUS_010.40/libds/DSSYS_2.c'.
   Looking for an implicit rule for 'src/SLUS_010.40/libds/DSSYS_2.c'.
   No implicit rule found for 'src/SLUS_010.40/libds/DSSYS_2.c'.
  Finished prerequisites of target file 'src/SLUS_010.40/libds/DSSYS_2.c'.
  No need to remake target 'src/SLUS_010.40/libds/DSSYS_2.c'.
  Considering target file 'build/src/SLUS_010.40/libds/'.
   Looking for an implicit rule for 'build/src/SLUS_010.40/libds/'.
    Trying pattern rule '%/:' with stem 'build/src/SLUS_010.40/libds'.
   Found implicit rule '%/:' for 'build/src/SLUS_010.40/libds/'.
  Finished prerequisites of target file 'build/src/SLUS_010.40/libds/'.
  No need to remake target 'build/src/SLUS_010.40/libds/'.
 Finished prerequisites of target file 'build/src/SLUS_010.40/libds/DSSYS_2.d'.
  Prerequisite 'src/SLUS_010.40/libds/DSSYS_2.c' is older than target 'build/src/SLUS_010.40/libds/DSSYS_2.d'.
  Prerequisite 'build/src/SLUS_010.40/libds/' is order-only for target 'build/src/SLUS_010.40/libds/DSSYS_2.d'.
 No need to remake target 'build/src/SLUS_010.40/libds/DSSYS_2.d'.
 Considering target file 'build/src/SLUS_010.40/libds/DSSYS_1.d'.
  Looking for an implicit rule for 'build/src/SLUS_010.40/libds/DSSYS_1.d'.
   Trying pattern rule 'build/%.d: %.c | $(@D)/' with stem 'src/SLUS_010.40/libds/DSSYS_1'.
   Trying implicit prerequisite 'src/SLUS_010.40/libds/DSSYS_1.c'.
   Found 'src/SLUS_010.40/libds/DSSYS_1.c'.
   Trying implicit prerequisite 'build/src/SLUS_010.40/libds/'.
   'build/src/SLUS_010.40/libds/' ought to exist.
  Found implicit rule 'build/%.d: %.c | $(@D)/' for 'build/src/SLUS_010.40/libds/DSSYS_1.d'.
  Considering target file 'src/SLUS_010.40/libds/DSSYS_1.c'.
   Looking for an implicit rule for 'src/SLUS_010.40/libds/DSSYS_1.c'.
   No implicit rule found for 'src/SLUS_010.40/libds/DSSYS_1.c'.
  Finished prerequisites of target file 'src/SLUS_010.40/libds/DSSYS_1.c'.
  No need to remake target 'src/SLUS_010.40/libds/DSSYS_1.c'.
  Pruning file 'build/src/SLUS_010.40/libds/'.
 Finished prerequisites of target file 'build/src/SLUS_010.40/libds/DSSYS_1.d'.
  Prerequisite 'src/SLUS_010.40/libds/DSSYS_1.c' is older than target 'build/src/SLUS_010.40/libds/DSSYS_1.d'.
  Prerequisite 'build/src/SLUS_010.40/libds/' is order-only for target 'build/src/SLUS_010.40/libds/DSSYS_1.d'.
 No need to remake target 'build/src/SLUS_010.40/libds/DSSYS_1.d'.
 Considering target file 'build/src/SLUS_010.40/libc/SPRINTF.d'.
  Looking for an implicit rule for 'build/src/SLUS_010.40/libc/SPRINTF.d'.
   Trying pattern rule 'build/%.d: %.c | $(@D)/' with stem 'src/SLUS_010.40/libc/SPRINTF'.
   Trying implicit prerequisite 'src/SLUS_010.40/libc/SPRINTF.c'.
   Found 'src/SLUS_010.40/libc/SPRINTF.c'.
   Trying implicit prerequisite 'build/src/SLUS_010.40/libc/'.
   Found 'build/src/SLUS_010.40/libc/'.
  Found implicit rule 'build/%.d: %.c | $(@D)/' for 'build/src/SLUS_010.40/libc/SPRINTF.d'.
  Considering target file 'src/SLUS_010.40/libc/SPRINTF.c'.
   Looking for an implicit rule for 'src/SLUS_010.40/libc/SPRINTF.c'.
   No implicit rule found for 'src/SLUS_010.40/libc/SPRINTF.c'.
  Finished prerequisites of target file 'src/SLUS_010.40/libc/SPRINTF.c'.
  No need to remake target 'src/SLUS_010.40/libc/SPRINTF.c'.
  Considering target file 'build/src/SLUS_010.40/libc/'.
   Looking for an implicit rule for 'build/src/SLUS_010.40/libc/'.
    Trying pattern rule '%/:' with stem 'build/src/SLUS_010.40/libc'.
   Found implicit rule '%/:' for 'build/src/SLUS_010.40/libc/'.
  Finished prerequisites of target file 'build/src/SLUS_010.40/libc/'.
  No need to remake target 'build/src/SLUS_010.40/libc/'.
 Finished prerequisites of target file 'build/src/SLUS_010.40/libc/SPRINTF.d'.
  Prerequisite 'src/SLUS_010.40/libc/SPRINTF.c' is older than target 'build/src/SLUS_010.40/libc/SPRINTF.d'.
  Prerequisite 'build/src/SLUS_010.40/libc/' is order-only for target 'build/src/SLUS_010.40/libc/SPRINTF.d'.
 No need to remake target 'build/src/SLUS_010.40/libc/SPRINTF.d'.
 Considering target file 'build/src/SLUS_010.40/libgpu/FONT.d'.
  Looking for an implicit rule for 'build/src/SLUS_010.40/libgpu/FONT.d'.
   Trying pattern rule 'build/%.d: %.c | $(@D)/' with stem 'src/SLUS_010.40/libgpu/FONT'.
   Trying implicit prerequisite 'src/SLUS_010.40/libgpu/FONT.c'.
   Found 'src/SLUS_010.40/libgpu/FONT.c'.
   Trying implicit prerequisite 'build/src/SLUS_010.40/libgpu/'.
   Found 'build/src/SLUS_010.40/libgpu/'.
  Found implicit rule 'build/%.d: %.c | $(@D)/' for 'build/src/SLUS_010.40/libgpu/FONT.d'.
  Considering target file 'src/SLUS_010.40/libgpu/FONT.c'.
   Looking for an implicit rule for 'src/SLUS_010.40/libgpu/FONT.c'.
   No implicit rule found for 'src/SLUS_010.40/libgpu/FONT.c'.
  Finished prerequisites of target file 'src/SLUS_010.40/libgpu/FONT.c'.
  No need to remake target 'src/SLUS_010.40/libgpu/FONT.c'.
  Considering target file 'build/src/SLUS_010.40/libgpu/'.
   Looking for an implicit rule for 'build/src/SLUS_010.40/libgpu/'.
    Trying pattern rule '%/:' with stem 'build/src/SLUS_010.40/libgpu'.
   Found implicit rule '%/:' for 'build/src/SLUS_010.40/libgpu/'.
  Finished prerequisites of target file 'build/src/SLUS_010.40/libgpu/'.
  No need to remake target 'build/src/SLUS_010.40/libgpu/'.
 Finished prerequisites of target file 'build/src/SLUS_010.40/libgpu/FONT.d'.
  Prerequisite 'src/SLUS_010.40/libgpu/FONT.c' is older than target 'build/src/SLUS_010.40/libgpu/FONT.d'.
  Prerequisite 'build/src/SLUS_010.40/libgpu/' is order-only for target 'build/src/SLUS_010.40/libgpu/FONT.d'.
 No need to remake target 'build/src/SLUS_010.40/libgpu/FONT.d'.
 Considering target file 'build/src/SLUS_010.40/libgpu/SYS.d'.
  Looking for an implicit rule for 'build/src/SLUS_010.40/libgpu/SYS.d'.
   Trying pattern rule 'build/%.d: %.c | $(@D)/' with stem 'src/SLUS_010.40/libgpu/SYS'.
   Trying implicit prerequisite 'src/SLUS_010.40/libgpu/SYS.c'.
   Found 'src/SLUS_010.40/libgpu/SYS.c'.
   Trying implicit prerequisite 'build/src/SLUS_010.40/libgpu/'.
   'build/src/SLUS_010.40/libgpu/' ought to exist.
  Found implicit rule 'build/%.d: %.c | $(@D)/' for 'build/src/SLUS_010.40/libgpu/SYS.d'.
  Considering target file 'src/SLUS_010.40/libgpu/SYS.c'.
   Looking for an implicit rule for 'src/SLUS_010.40/libgpu/SYS.c'.
   No implicit rule found for 'src/SLUS_010.40/libgpu/SYS.c'.
  Finished prerequisites of target file 'src/SLUS_010.40/libgpu/SYS.c'.
  No need to remake target 'src/SLUS_010.40/libgpu/SYS.c'.
  Pruning file 'build/src/SLUS_010.40/libgpu/'.
 Finished prerequisites of target file 'build/src/SLUS_010.40/libgpu/SYS.d'.
  Prerequisite 'src/SLUS_010.40/libgpu/SYS.c' is older than target 'build/src/SLUS_010.40/libgpu/SYS.d'.
  Prerequisite 'build/src/SLUS_010.40/libgpu/' is order-only for target 'build/src/SLUS_010.40/libgpu/SYS.d'.
 No need to remake target 'build/src/SLUS_010.40/libgpu/SYS.d'.
 Considering target file 'build/src/SLUS_010.40/libpad/PADENTRY.d'.
  Looking for an implicit rule for 'build/src/SLUS_010.40/libpad/PADENTRY.d'.
   Trying pattern rule 'build/%.d: %.c | $(@D)/' with stem 'src/SLUS_010.40/libpad/PADENTRY'.
   Trying implicit prerequisite 'src/SLUS_010.40/libpad/PADENTRY.c'.
   Found 'src/SLUS_010.40/libpad/PADENTRY.c'.
   Trying implicit prerequisite 'build/src/SLUS_010.40/libpad/'.
   Found 'build/src/SLUS_010.40/libpad/'.
  Found implicit rule 'build/%.d: %.c | $(@D)/' for 'build/src/SLUS_010.40/libpad/PADENTRY.d'.
  Considering target file 'src/SLUS_010.40/libpad/PADENTRY.c'.
   Looking for an implicit rule for 'src/SLUS_010.40/libpad/PADENTRY.c'.
   No implicit rule found for 'src/SLUS_010.40/libpad/PADENTRY.c'.
  Finished prerequisites of target file 'src/SLUS_010.40/libpad/PADENTRY.c'.
  No need to remake target 'src/SLUS_010.40/libpad/PADENTRY.c'.
  Considering target file 'build/src/SLUS_010.40/libpad/'.
   Looking for an implicit rule for 'build/src/SLUS_010.40/libpad/'.
    Trying pattern rule '%/:' with stem 'build/src/SLUS_010.40/libpad'.
   Found implicit rule '%/:' for 'build/src/SLUS_010.40/libpad/'.
  Finished prerequisites of target file 'build/src/SLUS_010.40/libpad/'.
  No need to remake target 'build/src/SLUS_010.40/libpad/'.
 Finished prerequisites of target file 'build/src/SLUS_010.40/libpad/PADENTRY.d'.
  Prerequisite 'src/SLUS_010.40/libpad/PADENTRY.c' is older than target 'build/src/SLUS_010.40/libpad/PADENTRY.d'.
  Prerequisite 'build/src/SLUS_010.40/libpad/' is order-only for target 'build/src/SLUS_010.40/libpad/PADENTRY.d'.
 No need to remake target 'build/src/SLUS_010.40/libpad/PADENTRY.d'.
 Considering target file 'build/src/SLUS_010.40/libgte/MTX_003.d'.
  File 'build/src/SLUS_010.40/libgte/MTX_003.d' does not exist.
  Looking for an implicit rule for 'build/src/SLUS_010.40/libgte/MTX_003.d'.
   Trying pattern rule 'build/%.d: %.c | $(@D)/' with stem 'src/SLUS_010.40/libgte/MTX_003'.
   Trying implicit prerequisite 'src/SLUS_010.40/libgte/MTX_003.c'.
   Not found 'src/SLUS_010.40/libgte/MTX_003.c'.
   Trying harder.
   Trying pattern rule 'build/%.d: %.c | $(@D)/' with stem 'src/SLUS_010.40/libgte/MTX_003'.
   Trying implicit prerequisite 'src/SLUS_010.40/libgte/MTX_003.c'.
   Looking for a rule with intermediate file 'src/SLUS_010.40/libgte/MTX_003.c'.
    Avoiding implicit rule recursion for rule 'build/%.d: %.c | $(@D)/'.
   No implicit rule found for 'src/SLUS_010.40/libgte/MTX_003.c'.
   Rejecting rule 'build/%.d: %.c | $(@D)/' due to impossible prerequisite 'src/SLUS_010.40/libgte/MTX_003.c'.
  No implicit rule found for 'build/src/SLUS_010.40/libgte/MTX_003.d'.
 Finished prerequisites of target file 'build/src/SLUS_010.40/libgte/MTX_003.d'.
 Must remake target 'build/src/SLUS_010.40/libgte/MTX_003.d'.
 Failed to remake target file 'build/src/SLUS_010.40/libgte/MTX_003.d'.
 Considering target file 'build/src/SLUS_010.40/libgte/MSC00.d'.
  File 'build/src/SLUS_010.40/libgte/MSC00.d' does not exist.
  Looking for an implicit rule for 'build/src/SLUS_010.40/libgte/MSC00.d'.
   Trying pattern rule 'build/%.d: %.c | $(@D)/' with stem 'src/SLUS_010.40/libgte/MSC00'.
   Trying implicit prerequisite 'src/SLUS_010.40/libgte/MSC00.c'.
   Not found 'src/SLUS_010.40/libgte/MSC00.c'.
   Trying harder.
   Trying pattern rule 'build/%.d: %.c | $(@D)/' with stem 'src/SLUS_010.40/libgte/MSC00'.
   Trying implicit prerequisite 'src/SLUS_010.40/libgte/MSC00.c'.
   Looking for a rule with intermediate file 'src/SLUS_010.40/libgte/MSC00.c'.
    Avoiding implicit rule recursion for rule 'build/%.d: %.c | $(@D)/'.
   No implicit rule found for 'src/SLUS_010.40/libgte/MSC00.c'.
   Rejecting rule 'build/%.d: %.c | $(@D)/' due to impossible prerequisite 'src/SLUS_010.40/libgte/MSC00.c'.
  No implicit rule found for 'build/src/SLUS_010.40/libgte/MSC00.d'.
 Finished prerequisites of target file 'build/src/SLUS_010.40/libgte/MSC00.d'.
 Must remake target 'build/src/SLUS_010.40/libgte/MSC00.d'.
 Failed to remake target file 'build/src/SLUS_010.40/libgte/MSC00.d'.
 Considering target file 'build/src/SLUS_010.40/libgte/PATCHGTE.d'.
  File 'build/src/SLUS_010.40/libgte/PATCHGTE.d' does not exist.
  Looking for an implicit rule for 'build/src/SLUS_010.40/libgte/PATCHGTE.d'.
   Trying pattern rule 'build/%.d: %.c | $(@D)/' with stem 'src/SLUS_010.40/libgte/PATCHGTE'.
   Trying implicit prerequisite 'src/SLUS_010.40/libgte/PATCHGTE.c'.
   Not found 'src/SLUS_010.40/libgte/PATCHGTE.c'.
   Trying harder.
   Trying pattern rule 'build/%.d: %.c | $(@D)/' with stem 'src/SLUS_010.40/libgte/PATCHGTE'.
   Trying implicit prerequisite 'src/SLUS_010.40/libgte/PATCHGTE.c'.
   Looking for a rule with intermediate file 'src/SLUS_010.40/libgte/PATCHGTE.c'.
    Avoiding implicit rule recursion for rule 'build/%.d: %.c | $(@D)/'.
   No implicit rule found for 'src/SLUS_010.40/libgte/PATCHGTE.c'.
   Rejecting rule 'build/%.d: %.c | $(@D)/' due to impossible prerequisite 'src/SLUS_010.40/libgte/PATCHGTE.c'.
  No implicit rule found for 'build/src/SLUS_010.40/libgte/PATCHGTE.d'.
 Finished prerequisites of target file 'build/src/SLUS_010.40/libgte/PATCHGTE.d'.
 Must remake target 'build/src/SLUS_010.40/libgte/PATCHGTE.d'.
 Failed to remake target file 'build/src/SLUS_010.40/libgte/PATCHGTE.d'.
 Considering target file 'build/src/SLUS_010.40/libspu/S_INI.d'.
  Looking for an implicit rule for 'build/src/SLUS_010.40/libspu/S_INI.d'.
   Trying pattern rule 'build/%.d: %.c | $(@D)/' with stem 'src/SLUS_010.40/libspu/S_INI'.
   Trying implicit prerequisite 'src/SLUS_010.40/libspu/S_INI.c'.
   Found 'src/SLUS_010.40/libspu/S_INI.c'.
   Trying implicit prerequisite 'build/src/SLUS_010.40/libspu/'.
   'build/src/SLUS_010.40/libspu/' ought to exist.
  Found implicit rule 'build/%.d: %.c | $(@D)/' for 'build/src/SLUS_010.40/libspu/S_INI.d'.
  Considering target file 'src/SLUS_010.40/libspu/S_INI.c'.
   Looking for an implicit rule for 'src/SLUS_010.40/libspu/S_INI.c'.
   No implicit rule found for 'src/SLUS_010.40/libspu/S_INI.c'.
  Finished prerequisites of target file 'src/SLUS_010.40/libspu/S_INI.c'.
  No need to remake target 'src/SLUS_010.40/libspu/S_INI.c'.
  Pruning file 'build/src/SLUS_010.40/libspu/'.
 Finished prerequisites of target file 'build/src/SLUS_010.40/libspu/S_INI.d'.
  Prerequisite 'src/SLUS_010.40/libspu/S_INI.c' is older than target 'build/src/SLUS_010.40/libspu/S_INI.d'.
  Prerequisite 'build/src/SLUS_010.40/libspu/' is order-only for target 'build/src/SLUS_010.40/libspu/S_INI.d'.
 No need to remake target 'build/src/SLUS_010.40/libspu/S_INI.d'.
 Considering target file 'build/src/SLUS_010.40/libspu/S_DCB.d'.
  Looking for an implicit rule for 'build/src/SLUS_010.40/libspu/S_DCB.d'.
   Trying pattern rule 'build/%.d: %.c | $(@D)/' with stem 'src/SLUS_010.40/libspu/S_DCB'.
   Trying implicit prerequisite 'src/SLUS_010.40/libspu/S_DCB.c'.
   Found 'src/SLUS_010.40/libspu/S_DCB.c'.
   Trying implicit prerequisite 'build/src/SLUS_010.40/libspu/'.
   'build/src/SLUS_010.40/libspu/' ought to exist.
  Found implicit rule 'build/%.d: %.c | $(@D)/' for 'build/src/SLUS_010.40/libspu/S_DCB.d'.
  Considering target file 'src/SLUS_010.40/libspu/S_DCB.c'.
   Looking for an implicit rule for 'src/SLUS_010.40/libspu/S_DCB.c'.
   No implicit rule found for 'src/SLUS_010.40/libspu/S_DCB.c'.
  Finished prerequisites of target file 'src/SLUS_010.40/libspu/S_DCB.c'.
  No need to remake target 'src/SLUS_010.40/libspu/S_DCB.c'.
  Pruning file 'build/src/SLUS_010.40/libspu/'.
 Finished prerequisites of target file 'build/src/SLUS_010.40/libspu/S_DCB.d'.
  Prerequisite 'src/SLUS_010.40/libspu/S_DCB.c' is older than target 'build/src/SLUS_010.40/libspu/S_DCB.d'.
  Prerequisite 'build/src/SLUS_010.40/libspu/' is order-only for target 'build/src/SLUS_010.40/libspu/S_DCB.d'.
 No need to remake target 'build/src/SLUS_010.40/libspu/S_DCB.d'.
 Considering target file 'build/src/SLUS_010.40/libsnd/UT_ROFF.d'.
  Looking for an implicit rule for 'build/src/SLUS_010.40/libsnd/UT_ROFF.d'.
   Trying pattern rule 'build/%.d: %.c | $(@D)/' with stem 'src/SLUS_010.40/libsnd/UT_ROFF'.
   Trying implicit prerequisite 'src/SLUS_010.40/libsnd/UT_ROFF.c'.
   Found 'src/SLUS_010.40/libsnd/UT_ROFF.c'.
   Trying implicit prerequisite 'build/src/SLUS_010.40/libsnd/'.
   Found 'build/src/SLUS_010.40/libsnd/'.
  Found implicit rule 'build/%.d: %.c | $(@D)/' for 'build/src/SLUS_010.40/libsnd/UT_ROFF.d'.
  Considering target file 'src/SLUS_010.40/libsnd/UT_ROFF.c'.
   Looking for an implicit rule for 'src/SLUS_010.40/libsnd/UT_ROFF.c'.
   No implicit rule found for 'src/SLUS_010.40/libsnd/UT_ROFF.c'.
  Finished prerequisites of target file 'src/SLUS_010.40/libsnd/UT_ROFF.c'.
  No need to remake target 'src/SLUS_010.40/libsnd/UT_ROFF.c'.
  Considering target file 'build/src/SLUS_010.40/libsnd/'.
   Looking for an implicit rule for 'build/src/SLUS_010.40/libsnd/'.
    Trying pattern rule '%/:' with stem 'build/src/SLUS_010.40/libsnd'.
   Found implicit rule '%/:' for 'build/src/SLUS_010.40/libsnd/'.
  Finished prerequisites of target file 'build/src/SLUS_010.40/libsnd/'.
  No need to remake target 'build/src/SLUS_010.40/libsnd/'.
 Finished prerequisites of target file 'build/src/SLUS_010.40/libsnd/UT_ROFF.d'.
  Prerequisite 'src/SLUS_010.40/libsnd/UT_ROFF.c' is older than target 'build/src/SLUS_010.40/libsnd/UT_ROFF.d'.
  Prerequisite 'build/src/SLUS_010.40/libsnd/' is order-only for target 'build/src/SLUS_010.40/libsnd/UT_ROFF.d'.
 No need to remake target 'build/src/SLUS_010.40/libsnd/UT_ROFF.d'.
 Considering target file 'build/src/SLUS_010.40/libsnd/UT_RON.d'.
  Looking for an implicit rule for 'build/src/SLUS_010.40/libsnd/UT_RON.d'.
   Trying pattern rule 'build/%.d: %.c | $(@D)/' with stem 'src/SLUS_010.40/libsnd/UT_RON'.
   Trying implicit prerequisite 'src/SLUS_010.40/libsnd/UT_RON.c'.
   Found 'src/SLUS_010.40/libsnd/UT_RON.c'.
   Trying implicit prerequisite 'build/src/SLUS_010.40/libsnd/'.
   'build/src/SLUS_010.40/libsnd/' ought to exist.
  Found implicit rule 'build/%.d: %.c | $(@D)/' for 'build/src/SLUS_010.40/libsnd/UT_RON.d'.
  Considering target file 'src/SLUS_010.40/libsnd/UT_RON.c'.
   Looking for an implicit rule for 'src/SLUS_010.40/libsnd/UT_RON.c'.
   No implicit rule found for 'src/SLUS_010.40/libsnd/UT_RON.c'.
  Finished prerequisites of target file 'src/SLUS_010.40/libsnd/UT_RON.c'.
  No need to remake target 'src/SLUS_010.40/libsnd/UT_RON.c'.
  Pruning file 'build/src/SLUS_010.40/libsnd/'.
 Finished prerequisites of target file 'build/src/SLUS_010.40/libsnd/UT_RON.d'.
  Prerequisite 'src/SLUS_010.40/libsnd/UT_RON.c' is older than target 'build/src/SLUS_010.40/libsnd/UT_RON.d'.
  Prerequisite 'build/src/SLUS_010.40/libsnd/' is order-only for target 'build/src/SLUS_010.40/libsnd/UT_RON.d'.
 No need to remake target 'build/src/SLUS_010.40/libsnd/UT_RON.d'.
 Considering target file 'build/src/SLUS_010.40/libspu/S_Q.d'.
  Looking for an implicit rule for 'build/src/SLUS_010.40/libspu/S_Q.d'.
   Trying pattern rule 'build/%.d: %.c | $(@D)/' with stem 'src/SLUS_010.40/libspu/S_Q'.
   Trying implicit prerequisite 'src/SLUS_010.40/libspu/S_Q.c'.
   Found 'src/SLUS_010.40/libspu/S_Q.c'.
   Trying implicit prerequisite 'build/src/SLUS_010.40/libspu/'.
   'build/src/SLUS_010.40/libspu/' ought to exist.
  Found implicit rule 'build/%.d: %.c | $(@D)/' for 'build/src/SLUS_010.40/libspu/S_Q.d'.
  Considering target file 'src/SLUS_010.40/libspu/S_Q.c'.
   Looking for an implicit rule for 'src/SLUS_010.40/libspu/S_Q.c'.
   No implicit rule found for 'src/SLUS_010.40/libspu/S_Q.c'.
  Finished prerequisites of target file 'src/SLUS_010.40/libspu/S_Q.c'.
  No need to remake target 'src/SLUS_010.40/libspu/S_Q.c'.
  Pruning file 'build/src/SLUS_010.40/libspu/'.
 Finished prerequisites of target file 'build/src/SLUS_010.40/libspu/S_Q.d'.
  Prerequisite 'src/SLUS_010.40/libspu/S_Q.c' is older than target 'build/src/SLUS_010.40/libspu/S_Q.d'.
  Prerequisite 'build/src/SLUS_010.40/libspu/' is order-only for target 'build/src/SLUS_010.40/libspu/S_Q.d'.
 No need to remake target 'build/src/SLUS_010.40/libspu/S_Q.d'.
 Considering target file 'build/src/SLUS_010.40/libspu/S_M_INIT.d'.
  Looking for an implicit rule for 'build/src/SLUS_010.40/libspu/S_M_INIT.d'.
   Trying pattern rule 'build/%.d: %.c | $(@D)/' with stem 'src/SLUS_010.40/libspu/S_M_INIT'.
   Trying implicit prerequisite 'src/SLUS_010.40/libspu/S_M_INIT.c'.
   Found 'src/SLUS_010.40/libspu/S_M_INIT.c'.
   Trying implicit prerequisite 'build/src/SLUS_010.40/libspu/'.
   'build/src/SLUS_010.40/libspu/' ought to exist.
  Found implicit rule 'build/%.d: %.c | $(@D)/' for 'build/src/SLUS_010.40/libspu/S_M_INIT.d'.
  Considering target file 'src/SLUS_010.40/libspu/S_M_INIT.c'.
   Looking for an implicit rule for 'src/SLUS_010.40/libspu/S_M_INIT.c'.
   No implicit rule found for 'src/SLUS_010.40/libspu/S_M_INIT.c'.
  Finished prerequisites of target file 'src/SLUS_010.40/libspu/S_M_INIT.c'.
  No need to remake target 'src/SLUS_010.40/libspu/S_M_INIT.c'.
  Pruning file 'build/src/SLUS_010.40/libspu/'.
 Finished prerequisites of target file 'build/src/SLUS_010.40/libspu/S_M_INIT.d'.
  Prerequisite 'src/SLUS_010.40/libspu/S_M_INIT.c' is older than target 'build/src/SLUS_010.40/libspu/S_M_INIT.d'.
  Prerequisite 'build/src/SLUS_010.40/libspu/' is order-only for target 'build/src/SLUS_010.40/libspu/S_M_INIT.d'.
 No need to remake target 'build/src/SLUS_010.40/libspu/S_M_INIT.d'.
 Considering target file 'build/src/SLUS_010.40/libspu/S_SNC.d'.
  Looking for an implicit rule for 'build/src/SLUS_010.40/libspu/S_SNC.d'.
   Trying pattern rule 'build/%.d: %.c | $(@D)/' with stem 'src/SLUS_010.40/libspu/S_SNC'.
   Trying implicit prerequisite 'src/SLUS_010.40/libspu/S_SNC.c'.
   Found 'src/SLUS_010.40/libspu/S_SNC.c'.
   Trying implicit prerequisite 'build/src/SLUS_010.40/libspu/'.
   'build/src/SLUS_010.40/libspu/' ought to exist.
  Found implicit rule 'build/%.d: %.c | $(@D)/' for 'build/src/SLUS_010.40/libspu/S_SNC.d'.
  Considering target file 'src/SLUS_010.40/libspu/S_SNC.c'.
   Looking for an implicit rule for 'src/SLUS_010.40/libspu/S_SNC.c'.
   No implicit rule found for 'src/SLUS_010.40/libspu/S_SNC.c'.
  Finished prerequisites of target file 'src/SLUS_010.40/libspu/S_SNC.c'.
  No need to remake target 'src/SLUS_010.40/libspu/S_SNC.c'.
  Pruning file 'build/src/SLUS_010.40/libspu/'.
 Finished prerequisites of target file 'build/src/SLUS_010.40/libspu/S_SNC.d'.
  Prerequisite 'src/SLUS_010.40/libspu/S_SNC.c' is older than target 'build/src/SLUS_010.40/libspu/S_SNC.d'.
  Prerequisite 'build/src/SLUS_010.40/libspu/' is order-only for target 'build/src/SLUS_010.40/libspu/S_SNC.d'.
 No need to remake target 'build/src/SLUS_010.40/libspu/S_SNC.d'.
 Considering target file 'build/src/SLUS_010.40/libspu/S_SR.d'.
  Looking for an implicit rule for 'build/src/SLUS_010.40/libspu/S_SR.d'.
   Trying pattern rule 'build/%.d: %.c | $(@D)/' with stem 'src/SLUS_010.40/libspu/S_SR'.
   Trying implicit prerequisite 'src/SLUS_010.40/libspu/S_SR.c'.
   Found 'src/SLUS_010.40/libspu/S_SR.c'.
   Trying implicit prerequisite 'build/src/SLUS_010.40/libspu/'.
   'build/src/SLUS_010.40/libspu/' ought to exist.
  Found implicit rule 'build/%.d: %.c | $(@D)/' for 'build/src/SLUS_010.40/libspu/S_SR.d'.
  Considering target file 'src/SLUS_010.40/libspu/S_SR.c'.
   Looking for an implicit rule for 'src/SLUS_010.40/libspu/S_SR.c'.
   No implicit rule found for 'src/SLUS_010.40/libspu/S_SR.c'.
  Finished prerequisites of target file 'src/SLUS_010.40/libspu/S_SR.c'.
  No need to remake target 'src/SLUS_010.40/libspu/S_SR.c'.
  Pruning file 'build/src/SLUS_010.40/libspu/'.
 Finished prerequisites of target file 'build/src/SLUS_010.40/libspu/S_SR.d'.
  Prerequisite 'src/SLUS_010.40/libspu/S_SR.c' is older than target 'build/src/SLUS_010.40/libspu/S_SR.d'.
  Prerequisite 'build/src/SLUS_010.40/libspu/' is order-only for target 'build/src/SLUS_010.40/libspu/S_SR.d'.
 No need to remake target 'build/src/SLUS_010.40/libspu/S_SR.d'.
 Considering target file 'build/src/SLUS_010.40/libspu/S_M_UTIL.d'.
  Looking for an implicit rule for 'build/src/SLUS_010.40/libspu/S_M_UTIL.d'.
   Trying pattern rule 'build/%.d: %.c | $(@D)/' with stem 'src/SLUS_010.40/libspu/S_M_UTIL'.
   Trying implicit prerequisite 'src/SLUS_010.40/libspu/S_M_UTIL.c'.
   Found 'src/SLUS_010.40/libspu/S_M_UTIL.c'.
   Trying implicit prerequisite 'build/src/SLUS_010.40/libspu/'.
   'build/src/SLUS_010.40/libspu/' ought to exist.
  Found implicit rule 'build/%.d: %.c | $(@D)/' for 'build/src/SLUS_010.40/libspu/S_M_UTIL.d'.
  Considering target file 'src/SLUS_010.40/libspu/S_M_UTIL.c'.
   Looking for an implicit rule for 'src/SLUS_010.40/libspu/S_M_UTIL.c'.
   No implicit rule found for 'src/SLUS_010.40/libspu/S_M_UTIL.c'.
  Finished prerequisites of target file 'src/SLUS_010.40/libspu/S_M_UTIL.c'.
  No need to remake target 'src/SLUS_010.40/libspu/S_M_UTIL.c'.
  Pruning file 'build/src/SLUS_010.40/libspu/'.
 Finished prerequisites of target file 'build/src/SLUS_010.40/libspu/S_M_UTIL.d'.
  Prerequisite 'src/SLUS_010.40/libspu/S_M_UTIL.c' is older than target 'build/src/SLUS_010.40/libspu/S_M_UTIL.d'.
  Prerequisite 'build/src/SLUS_010.40/libspu/' is order-only for target 'build/src/SLUS_010.40/libspu/S_M_UTIL.d'.
 No need to remake target 'build/src/SLUS_010.40/libspu/S_M_UTIL.d'.
 Considering target file 'build/src/SLUS_010.40/libspu/S_SIA.d'.
  Looking for an implicit rule for 'build/src/SLUS_010.40/libspu/S_SIA.d'.
   Trying pattern rule 'build/%.d: %.c | $(@D)/' with stem 'src/SLUS_010.40/libspu/S_SIA'.
   Trying implicit prerequisite 'src/SLUS_010.40/libspu/S_SIA.c'.
   Found 'src/SLUS_010.40/libspu/S_SIA.c'.
   Trying implicit prerequisite 'build/src/SLUS_010.40/libspu/'.
   'build/src/SLUS_010.40/libspu/' ought to exist.
  Found implicit rule 'build/%.d: %.c | $(@D)/' for 'build/src/SLUS_010.40/libspu/S_SIA.d'.
  Considering target file 'src/SLUS_010.40/libspu/S_SIA.c'.
   Looking for an implicit rule for 'src/SLUS_010.40/libspu/S_SIA.c'.
   No implicit rule found for 'src/SLUS_010.40/libspu/S_SIA.c'.
  Finished prerequisites of target file 'src/SLUS_010.40/libspu/S_SIA.c'.
  No need to remake target 'src/SLUS_010.40/libspu/S_SIA.c'.
  Pruning file 'build/src/SLUS_010.40/libspu/'.
 Finished prerequisites of target file 'build/src/SLUS_010.40/libspu/S_SIA.d'.
  Prerequisite 'src/SLUS_010.40/libspu/S_SIA.c' is older than target 'build/src/SLUS_010.40/libspu/S_SIA.d'.
  Prerequisite 'build/src/SLUS_010.40/libspu/' is order-only for target 'build/src/SLUS_010.40/libspu/S_SIA.d'.
 No need to remake target 'build/src/SLUS_010.40/libspu/S_SIA.d'.
 Considering target file 'build/src/SLUS_010.40/libspu/S_SIC.d'.
  Looking for an implicit rule for 'build/src/SLUS_010.40/libspu/S_SIC.d'.
   Trying pattern rule 'build/%.d: %.c | $(@D)/' with stem 'src/SLUS_010.40/libspu/S_SIC'.
   Trying implicit prerequisite 'src/SLUS_010.40/libspu/S_SIC.c'.
   Found 'src/SLUS_010.40/libspu/S_SIC.c'.
   Trying implicit prerequisite 'build/src/SLUS_010.40/libspu/'.
   'build/src/SLUS_010.40/libspu/' ought to exist.
  Found implicit rule 'build/%.d: %.c | $(@D)/' for 'build/src/SLUS_010.40/libspu/S_SIC.d'.
  Considering target file 'src/SLUS_010.40/libspu/S_SIC.c'.
   Looking for an implicit rule for 'src/SLUS_010.40/libspu/S_SIC.c'.
   No implicit rule found for 'src/SLUS_010.40/libspu/S_SIC.c'.
  Finished prerequisites of target file 'src/SLUS_010.40/libspu/S_SIC.c'.
  No need to remake target 'src/SLUS_010.40/libspu/S_SIC.c'.
  Pruning file 'build/src/SLUS_010.40/libspu/'.
 Finished prerequisites of target file 'build/src/SLUS_010.40/libspu/S_SIC.d'.
  Prerequisite 'src/SLUS_010.40/libspu/S_SIC.c' is older than target 'build/src/SLUS_010.40/libspu/S_SIC.d'.
  Prerequisite 'build/src/SLUS_010.40/libspu/' is order-only for target 'build/src/SLUS_010.40/libspu/S_SIC.d'.
 No need to remake target 'build/src/SLUS_010.40/libspu/S_SIC.d'.
 Considering target file 'build/src/SLUS_010.40/libspu/S_CB.d'.
  Looking for an implicit rule for 'build/src/SLUS_010.40/libspu/S_CB.d'.
   Trying pattern rule 'build/%.d: %.c | $(@D)/' with stem 'src/SLUS_010.40/libspu/S_CB'.
   Trying implicit prerequisite 'src/SLUS_010.40/libspu/S_CB.c'.
   Found 'src/SLUS_010.40/libspu/S_CB.c'.
   Trying implicit prerequisite 'build/src/SLUS_010.40/libspu/'.
   'build/src/SLUS_010.40/libspu/' ought to exist.
  Found implicit rule 'build/%.d: %.c | $(@D)/' for 'build/src/SLUS_010.40/libspu/S_CB.d'.
  Considering target file 'src/SLUS_010.40/libspu/S_CB.c'.
   Looking for an implicit rule for 'src/SLUS_010.40/libspu/S_CB.c'.
   No implicit rule found for 'src/SLUS_010.40/libspu/S_CB.c'.
  Finished prerequisites of target file 'src/SLUS_010.40/libspu/S_CB.c'.
  No need to remake target 'src/SLUS_010.40/libspu/S_CB.c'.
  Pruning file 'build/src/SLUS_010.40/libspu/'.
 Finished prerequisites of target file 'build/src/SLUS_010.40/libspu/S_CB.d'.
  Prerequisite 'src/SLUS_010.40/libspu/S_CB.c' is older than target 'build/src/SLUS_010.40/libspu/S_CB.d'.
  Prerequisite 'build/src/SLUS_010.40/libspu/' is order-only for target 'build/src/SLUS_010.40/libspu/S_CB.d'.
 No need to remake target 'build/src/SLUS_010.40/libspu/S_CB.d'.
 Considering target file 'build/src/SLUS_010.40/libspu/S_R.d'.
  Looking for an implicit rule for 'build/src/SLUS_010.40/libspu/S_R.d'.
   Trying pattern rule 'build/%.d: %.c | $(@D)/' with stem 'src/SLUS_010.40/libspu/S_R'.
   Trying implicit prerequisite 'src/SLUS_010.40/libspu/S_R.c'.
   Found 'src/SLUS_010.40/libspu/S_R.c'.
   Trying implicit prerequisite 'build/src/SLUS_010.40/libspu/'.
   'build/src/SLUS_010.40/libspu/' ought to exist.
  Found implicit rule 'build/%.d: %.c | $(@D)/' for 'build/src/SLUS_010.40/libspu/S_R.d'.
  Considering target file 'src/SLUS_010.40/libspu/S_R.c'.
   Looking for an implicit rule for 'src/SLUS_010.40/libspu/S_R.c'.
   No implicit rule found for 'src/SLUS_010.40/libspu/S_R.c'.
  Finished prerequisites of target file 'src/SLUS_010.40/libspu/S_R.c'.
  No need to remake target 'src/SLUS_010.40/libspu/S_R.c'.
  Pruning file 'build/src/SLUS_010.40/libspu/'.
 Finished prerequisites of target file 'build/src/SLUS_010.40/libspu/S_R.d'.
  Prerequisite 'src/SLUS_010.40/libspu/S_R.c' is older than target 'build/src/SLUS_010.40/libspu/S_R.d'.
  Prerequisite 'build/src/SLUS_010.40/libspu/' is order-only for target 'build/src/SLUS_010.40/libspu/S_R.d'.
 No need to remake target 'build/src/SLUS_010.40/libspu/S_R.d'.
 Considering target file 'build/src/SLUS_010.40/libspu/S_W.d'.
  Looking for an implicit rule for 'build/src/SLUS_010.40/libspu/S_W.d'.
   Trying pattern rule 'build/%.d: %.c | $(@D)/' with stem 'src/SLUS_010.40/libspu/S_W'.
   Trying implicit prerequisite 'src/SLUS_010.40/libspu/S_W.c'.
   Found 'src/SLUS_010.40/libspu/S_W.c'.
   Trying implicit prerequisite 'build/src/SLUS_010.40/libspu/'.
   'build/src/SLUS_010.40/libspu/' ought to exist.
  Found implicit rule 'build/%.d: %.c | $(@D)/' for 'build/src/SLUS_010.40/libspu/S_W.d'.
  Considering target file 'src/SLUS_010.40/libspu/S_W.c'.
   Looking for an implicit rule for 'src/SLUS_010.40/libspu/S_W.c'.
   No implicit rule found for 'src/SLUS_010.40/libspu/S_W.c'.
  Finished prerequisites of target file 'src/SLUS_010.40/libspu/S_W.c'.
  No need to remake target 'src/SLUS_010.40/libspu/S_W.c'.
  Pruning file 'build/src/SLUS_010.40/libspu/'.
 Finished prerequisites of target file 'build/src/SLUS_010.40/libspu/S_W.d'.
  Prerequisite 'src/SLUS_010.40/libspu/S_W.c' is older than target 'build/src/SLUS_010.40/libspu/S_W.d'.
  Prerequisite 'build/src/SLUS_010.40/libspu/' is order-only for target 'build/src/SLUS_010.40/libspu/S_W.d'.
 No need to remake target 'build/src/SLUS_010.40/libspu/S_W.d'.
 Considering target file 'build/src/SLUS_010.40/libspu/S_STSA.d'.
  Looking for an implicit rule for 'build/src/SLUS_010.40/libspu/S_STSA.d'.
   Trying pattern rule 'build/%.d: %.c | $(@D)/' with stem 'src/SLUS_010.40/libspu/S_STSA'.
   Trying implicit prerequisite 'src/SLUS_010.40/libspu/S_STSA.c'.
   Found 'src/SLUS_010.40/libspu/S_STSA.c'.
   Trying implicit prerequisite 'build/src/SLUS_010.40/libspu/'.
   'build/src/SLUS_010.40/libspu/' ought to exist.
  Found implicit rule 'build/%.d: %.c | $(@D)/' for 'build/src/SLUS_010.40/libspu/S_STSA.d'.
  Considering target file 'src/SLUS_010.40/libspu/S_STSA.c'.
   Looking for an implicit rule for 'src/SLUS_010.40/libspu/S_STSA.c'.
   No implicit rule found for 'src/SLUS_010.40/libspu/S_STSA.c'.
  Finished prerequisites of target file 'src/SLUS_010.40/libspu/S_STSA.c'.
  No need to remake target 'src/SLUS_010.40/libspu/S_STSA.c'.
  Pruning file 'build/src/SLUS_010.40/libspu/'.
 Finished prerequisites of target file 'build/src/SLUS_010.40/libspu/S_STSA.d'.
  Prerequisite 'src/SLUS_010.40/libspu/S_STSA.c' is older than target 'build/src/SLUS_010.40/libspu/S_STSA.d'.
  Prerequisite 'build/src/SLUS_010.40/libspu/' is order-only for target 'build/src/SLUS_010.40/libspu/S_STSA.d'.
 No need to remake target 'build/src/SLUS_010.40/libspu/S_STSA.d'.
 Considering target file 'build/src/SLUS_010.40/libspu/S_STM.d'.
  Looking for an implicit rule for 'build/src/SLUS_010.40/libspu/S_STM.d'.
   Trying pattern rule 'build/%.d: %.c | $(@D)/' with stem 'src/SLUS_010.40/libspu/S_STM'.
   Trying implicit prerequisite 'src/SLUS_010.40/libspu/S_STM.c'.
   Found 'src/SLUS_010.40/libspu/S_STM.c'.
   Trying implicit prerequisite 'build/src/SLUS_010.40/libspu/'.
   'build/src/SLUS_010.40/libspu/' ought to exist.
  Found implicit rule 'build/%.d: %.c | $(@D)/' for 'build/src/SLUS_010.40/libspu/S_STM.d'.
  Considering target file 'src/SLUS_010.40/libspu/S_STM.c'.
   Looking for an implicit rule for 'src/SLUS_010.40/libspu/S_STM.c'.
   No implicit rule found for 'src/SLUS_010.40/libspu/S_STM.c'.
  Finished prerequisites of target file 'src/SLUS_010.40/libspu/S_STM.c'.
  No need to remake target 'src/SLUS_010.40/libspu/S_STM.c'.
  Pruning file 'build/src/SLUS_010.40/libspu/'.
 Finished prerequisites of target file 'build/src/SLUS_010.40/libspu/S_STM.d'.
  Prerequisite 'src/SLUS_010.40/libspu/S_STM.c' is older than target 'build/src/SLUS_010.40/libspu/S_STM.d'.
  Prerequisite 'build/src/SLUS_010.40/libspu/' is order-only for target 'build/src/SLUS_010.40/libspu/S_STM.d'.
 No need to remake target 'build/src/SLUS_010.40/libspu/S_STM.d'.
 Considering target file 'build/src/SLUS_010.40/libspu/S_STC.d'.
  Looking for an implicit rule for 'build/src/SLUS_010.40/libspu/S_STC.d'.
   Trying pattern rule 'build/%.d: %.c | $(@D)/' with stem 'src/SLUS_010.40/libspu/S_STC'.
   Trying implicit prerequisite 'src/SLUS_010.40/libspu/S_STC.c'.
   Found 'src/SLUS_010.40/libspu/S_STC.c'.
   Trying implicit prerequisite 'build/src/SLUS_010.40/libspu/'.
   'build/src/SLUS_010.40/libspu/' ought to exist.
  Found implicit rule 'build/%.d: %.c | $(@D)/' for 'build/src/SLUS_010.40/libspu/S_STC.d'.
  Considering target file 'src/SLUS_010.40/libspu/S_STC.c'.
   Looking for an implicit rule for 'src/SLUS_010.40/libspu/S_STC.c'.
   No implicit rule found for 'src/SLUS_010.40/libspu/S_STC.c'.
  Finished prerequisites of target file 'src/SLUS_010.40/libspu/S_STC.c'.
  No need to remake target 'src/SLUS_010.40/libspu/S_STC.c'.
  Pruning file 'build/src/SLUS_010.40/libspu/'.
 Finished prerequisites of target file 'build/src/SLUS_010.40/libspu/S_STC.d'.
  Prerequisite 'src/SLUS_010.40/libspu/S_STC.c' is older than target 'build/src/SLUS_010.40/libspu/S_STC.d'.
  Prerequisite 'build/src/SLUS_010.40/libspu/' is order-only for target 'build/src/SLUS_010.40/libspu/S_STC.d'.
 No need to remake target 'build/src/SLUS_010.40/libspu/S_STC.d'.
 Considering target file 'build/src/SLUS_010.40/libspu/S_GVEA.d'.
  Looking for an implicit rule for 'build/src/SLUS_010.40/libspu/S_GVEA.d'.
   Trying pattern rule 'build/%.d: %.c | $(@D)/' with stem 'src/SLUS_010.40/libspu/S_GVEA'.
   Trying implicit prerequisite 'src/SLUS_010.40/libspu/S_GVEA.c'.
   Found 'src/SLUS_010.40/libspu/S_GVEA.c'.
   Trying implicit prerequisite 'build/src/SLUS_010.40/libspu/'.
   'build/src/SLUS_010.40/libspu/' ought to exist.
  Found implicit rule 'build/%.d: %.c | $(@D)/' for 'build/src/SLUS_010.40/libspu/S_GVEA.d'.
  Considering target file 'src/SLUS_010.40/libspu/S_GVEA.c'.
   Looking for an implicit rule for 'src/SLUS_010.40/libspu/S_GVEA.c'.
   No implicit rule found for 'src/SLUS_010.40/libspu/S_GVEA.c'.
  Finished prerequisites of target file 'src/SLUS_010.40/libspu/S_GVEA.c'.
  No need to remake target 'src/SLUS_010.40/libspu/S_GVEA.c'.
  Pruning file 'build/src/SLUS_010.40/libspu/'.
 Finished prerequisites of target file 'build/src/SLUS_010.40/libspu/S_GVEA.d'.
  Prerequisite 'src/SLUS_010.40/libspu/S_GVEA.c' is older than target 'build/src/SLUS_010.40/libspu/S_GVEA.d'.
  Prerequisite 'build/src/SLUS_010.40/libspu/' is order-only for target 'build/src/SLUS_010.40/libspu/S_GVEA.d'.
 No need to remake target 'build/src/SLUS_010.40/libspu/S_GVEA.d'.
 Considering target file 'build/src/SLUS_010.40/libspu/S_SCMV.d'.
  Looking for an implicit rule for 'build/src/SLUS_010.40/libspu/S_SCMV.d'.
   Trying pattern rule 'build/%.d: %.c | $(@D)/' with stem 'src/SLUS_010.40/libspu/S_SCMV'.
   Trying implicit prerequisite 'src/SLUS_010.40/libspu/S_SCMV.c'.
   Found 'src/SLUS_010.40/libspu/S_SCMV.c'.
   Trying implicit prerequisite 'build/src/SLUS_010.40/libspu/'.
   'build/src/SLUS_010.40/libspu/' ought to exist.
  Found implicit rule 'build/%.d: %.c | $(@D)/' for 'build/src/SLUS_010.40/libspu/S_SCMV.d'.
  Considering target file 'src/SLUS_010.40/libspu/S_SCMV.c'.
   Looking for an implicit rule for 'src/SLUS_010.40/libspu/S_SCMV.c'.
   No implicit rule found for 'src/SLUS_010.40/libspu/S_SCMV.c'.
  Finished prerequisites of target file 'src/SLUS_010.40/libspu/S_SCMV.c'.
  No need to remake target 'src/SLUS_010.40/libspu/S_SCMV.c'.
  Pruning file 'build/src/SLUS_010.40/libspu/'.
 Finished prerequisites of target file 'build/src/SLUS_010.40/libspu/S_SCMV.d'.
  Prerequisite 'src/SLUS_010.40/libspu/S_SCMV.c' is older than target 'build/src/SLUS_010.40/libspu/S_SCMV.d'.
  Prerequisite 'build/src/SLUS_010.40/libspu/' is order-only for target 'build/src/SLUS_010.40/libspu/S_SCMV.d'.
 No need to remake target 'build/src/SLUS_010.40/libspu/S_SCMV.d'.
 Considering target file 'build/src/SLUS_010.40/libspu/S_SRMT.d'.
  Looking for an implicit rule for 'build/src/SLUS_010.40/libspu/S_SRMT.d'.
   Trying pattern rule 'build/%.d: %.c | $(@D)/' with stem 'src/SLUS_010.40/libspu/S_SRMT'.
   Trying implicit prerequisite 'src/SLUS_010.40/libspu/S_SRMT.c'.
   Found 'src/SLUS_010.40/libspu/S_SRMT.c'.
   Trying implicit prerequisite 'build/src/SLUS_010.40/libspu/'.
   'build/src/SLUS_010.40/libspu/' ought to exist.
  Found implicit rule 'build/%.d: %.c | $(@D)/' for 'build/src/SLUS_010.40/libspu/S_SRMT.d'.
  Considering target file 'src/SLUS_010.40/libspu/S_SRMT.c'.
   Looking for an implicit rule for 'src/SLUS_010.40/libspu/S_SRMT.c'.
   No implicit rule found for 'src/SLUS_010.40/libspu/S_SRMT.c'.
  Finished prerequisites of target file 'src/SLUS_010.40/libspu/S_SRMT.c'.
  No need to remake target 'src/SLUS_010.40/libspu/S_SRMT.c'.
  Pruning file 'build/src/SLUS_010.40/libspu/'.
 Finished prerequisites of target file 'build/src/SLUS_010.40/libspu/S_SRMT.d'.
  Prerequisite 'src/SLUS_010.40/libspu/S_SRMT.c' is older than target 'build/src/SLUS_010.40/libspu/S_SRMT.d'.
  Prerequisite 'build/src/SLUS_010.40/libspu/' is order-only for target 'build/src/SLUS_010.40/libspu/S_SRMT.d'.
 No need to remake target 'build/src/SLUS_010.40/libspu/S_SRMT.d'.
 Considering target file 'build/src/SLUS_010.40/libspu/S_SRA.d'.
  Looking for an implicit rule for 'build/src/SLUS_010.40/libspu/S_SRA.d'.
   Trying pattern rule 'build/%.d: %.c | $(@D)/' with stem 'src/SLUS_010.40/libspu/S_SRA'.
   Trying implicit prerequisite 'src/SLUS_010.40/libspu/S_SRA.c'.
   Found 'src/SLUS_010.40/libspu/S_SRA.c'.
   Trying implicit prerequisite 'build/src/SLUS_010.40/libspu/'.
   'build/src/SLUS_010.40/libspu/' ought to exist.
  Found implicit rule 'build/%.d: %.c | $(@D)/' for 'build/src/SLUS_010.40/libspu/S_SRA.d'.
  Considering target file 'src/SLUS_010.40/libspu/S_SRA.c'.
   Looking for an implicit rule for 'src/SLUS_010.40/libspu/S_SRA.c'.
   No implicit rule found for 'src/SLUS_010.40/libspu/S_SRA.c'.
  Finished prerequisites of target file 'src/SLUS_010.40/libspu/S_SRA.c'.
  No need to remake target 'src/SLUS_010.40/libspu/S_SRA.c'.
  Pruning file 'build/src/SLUS_010.40/libspu/'.
 Finished prerequisites of target file 'build/src/SLUS_010.40/libspu/S_SRA.d'.
  Prerequisite 'src/SLUS_010.40/libspu/S_SRA.c' is older than target 'build/src/SLUS_010.40/libspu/S_SRA.d'.
  Prerequisite 'build/src/SLUS_010.40/libspu/' is order-only for target 'build/src/SLUS_010.40/libspu/S_SRA.d'.
 No need to remake target 'build/src/SLUS_010.40/libspu/S_SRA.d'.
 Considering target file 'build/src/SLUS_010.40/libspu/S_CRWA.d'.
  Looking for an implicit rule for 'build/src/SLUS_010.40/libspu/S_CRWA.d'.
   Trying pattern rule 'build/%.d: %.c | $(@D)/' with stem 'src/SLUS_010.40/libspu/S_CRWA'.
   Trying implicit prerequisite 'src/SLUS_010.40/libspu/S_CRWA.c'.
   Found 'src/SLUS_010.40/libspu/S_CRWA.c'.
   Trying implicit prerequisite 'build/src/SLUS_010.40/libspu/'.
   'build/src/SLUS_010.40/libspu/' ought to exist.
  Found implicit rule 'build/%.d: %.c | $(@D)/' for 'build/src/SLUS_010.40/libspu/S_CRWA.d'.
  Considering target file 'src/SLUS_010.40/libspu/S_CRWA.c'.
   Looking for an implicit rule for 'src/SLUS_010.40/libspu/S_CRWA.c'.
   No implicit rule found for 'src/SLUS_010.40/libspu/S_CRWA.c'.
  Finished prerequisites of target file 'src/SLUS_010.40/libspu/S_CRWA.c'.
  No need to remake target 'src/SLUS_010.40/libspu/S_CRWA.c'.
  Pruning file 'build/src/SLUS_010.40/libspu/'.
 Finished prerequisites of target file 'build/src/SLUS_010.40/libspu/S_CRWA.d'.
  Prerequisite 'src/SLUS_010.40/libspu/S_CRWA.c' is older than target 'build/src/SLUS_010.40/libspu/S_CRWA.d'.
  Prerequisite 'build/src/SLUS_010.40/libspu/' is order-only for target 'build/src/SLUS_010.40/libspu/S_CRWA.d'.
 No need to remake target 'build/src/SLUS_010.40/libspu/S_CRWA.d'.
 Considering target file 'build/src/SLUS_010.40/libspu/S_SRMD.d'.
  Looking for an implicit rule for 'build/src/SLUS_010.40/libspu/S_SRMD.d'.
   Trying pattern rule 'build/%.d: %.c | $(@D)/' with stem 'src/SLUS_010.40/libspu/S_SRMD'.
   Trying implicit prerequisite 'src/SLUS_010.40/libspu/S_SRMD.c'.
   Found 'src/SLUS_010.40/libspu/S_SRMD.c'.
   Trying implicit prerequisite 'build/src/SLUS_010.40/libspu/'.
   'build/src/SLUS_010.40/libspu/' ought to exist.
  Found implicit rule 'build/%.d: %.c | $(@D)/' for 'build/src/SLUS_010.40/libspu/S_SRMD.d'.
  Considering target file 'src/SLUS_010.40/libspu/S_SRMD.c'.
   Looking for an implicit rule for 'src/SLUS_010.40/libspu/S_SRMD.c'.
   No implicit rule found for 'src/SLUS_010.40/libspu/S_SRMD.c'.
  Finished prerequisites of target file 'src/SLUS_010.40/libspu/S_SRMD.c'.
  No need to remake target 'src/SLUS_010.40/libspu/S_SRMD.c'.
  Pruning file 'build/src/SLUS_010.40/libspu/'.
 Finished prerequisites of target file 'build/src/SLUS_010.40/libspu/S_SRMD.d'.
  Prerequisite 'src/SLUS_010.40/libspu/S_SRMD.c' is older than target 'build/src/SLUS_010.40/libspu/S_SRMD.d'.
  Prerequisite 'build/src/SLUS_010.40/libspu/' is order-only for target 'build/src/SLUS_010.40/libspu/S_SRMD.d'.
 No need to remake target 'build/src/SLUS_010.40/libspu/S_SRMD.d'.
 Considering target file 'build/src/SLUS_010.40/libspu/S_GRMT.d'.
  Looking for an implicit rule for 'build/src/SLUS_010.40/libspu/S_GRMT.d'.
   Trying pattern rule 'build/%.d: %.c | $(@D)/' with stem 'src/SLUS_010.40/libspu/S_GRMT'.
   Trying implicit prerequisite 'src/SLUS_010.40/libspu/S_GRMT.c'.
   Found 'src/SLUS_010.40/libspu/S_GRMT.c'.
   Trying implicit prerequisite 'build/src/SLUS_010.40/libspu/'.
   'build/src/SLUS_010.40/libspu/' ought to exist.
  Found implicit rule 'build/%.d: %.c | $(@D)/' for 'build/src/SLUS_010.40/libspu/S_GRMT.d'.
  Considering target file 'src/SLUS_010.40/libspu/S_GRMT.c'.
   Looking for an implicit rule for 'src/SLUS_010.40/libspu/S_GRMT.c'.
   No implicit rule found for 'src/SLUS_010.40/libspu/S_GRMT.c'.
  Finished prerequisites of target file 'src/SLUS_010.40/libspu/S_GRMT.c'.
  No need to remake target 'src/SLUS_010.40/libspu/S_GRMT.c'.
  Pruning file 'build/src/SLUS_010.40/libspu/'.
 Finished prerequisites of target file 'build/src/SLUS_010.40/libspu/S_GRMT.d'.
  Prerequisite 'src/SLUS_010.40/libspu/S_GRMT.c' is older than target 'build/src/SLUS_010.40/libspu/S_GRMT.d'.
  Prerequisite 'build/src/SLUS_010.40/libspu/' is order-only for target 'build/src/SLUS_010.40/libspu/S_GRMT.d'.
 No need to remake target 'build/src/SLUS_010.40/libspu/S_GRMT.d'.
 Considering target file 'build/src/SLUS_010.40/libsn/SNMAIN.d'.
  Looking for an implicit rule for 'build/src/SLUS_010.40/libsn/SNMAIN.d'.
   Trying pattern rule 'build/%.d: %.c | $(@D)/' with stem 'src/SLUS_010.40/libsn/SNMAIN'.
   Trying implicit prerequisite 'src/SLUS_010.40/libsn/SNMAIN.c'.
   Found 'src/SLUS_010.40/libsn/SNMAIN.c'.
   Trying implicit prerequisite 'build/src/SLUS_010.40/libsn/'.
   Found 'build/src/SLUS_010.40/libsn/'.
  Found implicit rule 'build/%.d: %.c | $(@D)/' for 'build/src/SLUS_010.40/libsn/SNMAIN.d'.
  Considering target file 'src/SLUS_010.40/libsn/SNMAIN.c'.
   Looking for an implicit rule for 'src/SLUS_010.40/libsn/SNMAIN.c'.
   No implicit rule found for 'src/SLUS_010.40/libsn/SNMAIN.c'.
  Finished prerequisites of target file 'src/SLUS_010.40/libsn/SNMAIN.c'.
  No need to remake target 'src/SLUS_010.40/libsn/SNMAIN.c'.
  Considering target file 'build/src/SLUS_010.40/libsn/'.
   Looking for an implicit rule for 'build/src/SLUS_010.40/libsn/'.
    Trying pattern rule '%/:' with stem 'build/src/SLUS_010.40/libsn'.
   Found implicit rule '%/:' for 'build/src/SLUS_010.40/libsn/'.
  Finished prerequisites of target file 'build/src/SLUS_010.40/libsn/'.
  No need to remake target 'build/src/SLUS_010.40/libsn/'.
 Finished prerequisites of target file 'build/src/SLUS_010.40/libsn/SNMAIN.d'.
  Prerequisite 'src/SLUS_010.40/libsn/SNMAIN.c' is older than target 'build/src/SLUS_010.40/libsn/SNMAIN.d'.
  Prerequisite 'build/src/SLUS_010.40/libsn/' is order-only for target 'build/src/SLUS_010.40/libsn/SNMAIN.d'.
 No need to remake target 'build/src/SLUS_010.40/libsn/SNMAIN.d'.
 Considering target file 'build/src/SLUS_010.40/libetc/INTR_VB.d'.
  Looking for an implicit rule for 'build/src/SLUS_010.40/libetc/INTR_VB.d'.
   Trying pattern rule 'build/%.d: %.c | $(@D)/' with stem 'src/SLUS_010.40/libetc/INTR_VB'.
   Trying implicit prerequisite 'src/SLUS_010.40/libetc/INTR_VB.c'.
   Found 'src/SLUS_010.40/libetc/INTR_VB.c'.
   Trying implicit prerequisite 'build/src/SLUS_010.40/libetc/'.
   'build/src/SLUS_010.40/libetc/' ought to exist.
  Found implicit rule 'build/%.d: %.c | $(@D)/' for 'build/src/SLUS_010.40/libetc/INTR_VB.d'.
  Considering target file 'src/SLUS_010.40/libetc/INTR_VB.c'.
   Looking for an implicit rule for 'src/SLUS_010.40/libetc/INTR_VB.c'.
   No implicit rule found for 'src/SLUS_010.40/libetc/INTR_VB.c'.
  Finished prerequisites of target file 'src/SLUS_010.40/libetc/INTR_VB.c'.
  No need to remake target 'src/SLUS_010.40/libetc/INTR_VB.c'.
  Pruning file 'build/src/SLUS_010.40/libetc/'.
 Finished prerequisites of target file 'build/src/SLUS_010.40/libetc/INTR_VB.d'.
  Prerequisite 'src/SLUS_010.40/libetc/INTR_VB.c' is older than target 'build/src/SLUS_010.40/libetc/INTR_VB.d'.
  Prerequisite 'build/src/SLUS_010.40/libetc/' is order-only for target 'build/src/SLUS_010.40/libetc/INTR_VB.d'.
 No need to remake target 'build/src/SLUS_010.40/libetc/INTR_VB.d'.
 Considering target file 'build/src/SLUS_010.40/libetc/VMODE.d'.
  Looking for an implicit rule for 'build/src/SLUS_010.40/libetc/VMODE.d'.
   Trying pattern rule 'build/%.d: %.c | $(@D)/' with stem 'src/SLUS_010.40/libetc/VMODE'.
   Trying implicit prerequisite 'src/SLUS_010.40/libetc/VMODE.c'.
   Found 'src/SLUS_010.40/libetc/VMODE.c'.
   Trying implicit prerequisite 'build/src/SLUS_010.40/libetc/'.
   'build/src/SLUS_010.40/libetc/' ought to exist.
  Found implicit rule 'build/%.d: %.c | $(@D)/' for 'build/src/SLUS_010.40/libetc/VMODE.d'.
  Considering target file 'src/SLUS_010.40/libetc/VMODE.c'.
   Looking for an implicit rule for 'src/SLUS_010.40/libetc/VMODE.c'.
   No implicit rule found for 'src/SLUS_010.40/libetc/VMODE.c'.
  Finished prerequisites of target file 'src/SLUS_010.40/libetc/VMODE.c'.
  No need to remake target 'src/SLUS_010.40/libetc/VMODE.c'.
  Pruning file 'build/src/SLUS_010.40/libetc/'.
 Finished prerequisites of target file 'build/src/SLUS_010.40/libetc/VMODE.d'.
  Prerequisite 'src/SLUS_010.40/libetc/VMODE.c' is older than target 'build/src/SLUS_010.40/libetc/VMODE.d'.
  Prerequisite 'build/src/SLUS_010.40/libetc/' is order-only for target 'build/src/SLUS_010.40/libetc/VMODE.d'.
 No need to remake target 'build/src/SLUS_010.40/libetc/VMODE.d'.
 Considering target file 'build/src/SLUS_010.40/libcd/CDROM.d'.
  Looking for an implicit rule for 'build/src/SLUS_010.40/libcd/CDROM.d'.
   Trying pattern rule 'build/%.d: %.c | $(@D)/' with stem 'src/SLUS_010.40/libcd/CDROM'.
   Trying implicit prerequisite 'src/SLUS_010.40/libcd/CDROM.c'.
   Found 'src/SLUS_010.40/libcd/CDROM.c'.
   Trying implicit prerequisite 'build/src/SLUS_010.40/libcd/'.
   'build/src/SLUS_010.40/libcd/' ought to exist.
  Found implicit rule 'build/%.d: %.c | $(@D)/' for 'build/src/SLUS_010.40/libcd/CDROM.d'.
  Considering target file 'src/SLUS_010.40/libcd/CDROM.c'.
   Looking for an implicit rule for 'src/SLUS_010.40/libcd/CDROM.c'.
   No implicit rule found for 'src/SLUS_010.40/libcd/CDROM.c'.
  Finished prerequisites of target file 'src/SLUS_010.40/libcd/CDROM.c'.
  No need to remake target 'src/SLUS_010.40/libcd/CDROM.c'.
  Pruning file 'build/src/SLUS_010.40/libcd/'.
 Finished prerequisites of target file 'build/src/SLUS_010.40/libcd/CDROM.d'.
  Prerequisite 'src/SLUS_010.40/libcd/CDROM.c' is older than target 'build/src/SLUS_010.40/libcd/CDROM.d'.
  Prerequisite 'build/src/SLUS_010.40/libcd/' is order-only for target 'build/src/SLUS_010.40/libcd/CDROM.d'.
 No need to remake target 'build/src/SLUS_010.40/libcd/CDROM.d'.
 Considering target file 'build/src/SLUS_010.40/libcd/C_002.d'.
  Looking for an implicit rule for 'build/src/SLUS_010.40/libcd/C_002.d'.
   Trying pattern rule 'build/%.d: %.c | $(@D)/' with stem 'src/SLUS_010.40/libcd/C_002'.
   Trying implicit prerequisite 'src/SLUS_010.40/libcd/C_002.c'.
   Found 'src/SLUS_010.40/libcd/C_002.c'.
   Trying implicit prerequisite 'build/src/SLUS_010.40/libcd/'.
   'build/src/SLUS_010.40/libcd/' ought to exist.
  Found implicit rule 'build/%.d: %.c | $(@D)/' for 'build/src/SLUS_010.40/libcd/C_002.d'.
  Considering target file 'src/SLUS_010.40/libcd/C_002.c'.
   Looking for an implicit rule for 'src/SLUS_010.40/libcd/C_002.c'.
   No implicit rule found for 'src/SLUS_010.40/libcd/C_002.c'.
  Finished prerequisites of target file 'src/SLUS_010.40/libcd/C_002.c'.
  No need to remake target 'src/SLUS_010.40/libcd/C_002.c'.
  Pruning file 'build/src/SLUS_010.40/libcd/'.
 Finished prerequisites of target file 'build/src/SLUS_010.40/libcd/C_002.d'.
  Prerequisite 'src/SLUS_010.40/libcd/C_002.c' is older than target 'build/src/SLUS_010.40/libcd/C_002.d'.
  Prerequisite 'build/src/SLUS_010.40/libcd/' is order-only for target 'build/src/SLUS_010.40/libcd/C_002.d'.
 No need to remake target 'build/src/SLUS_010.40/libcd/C_002.d'.
 Considering target file 'build/src/SLUS_010.40/libcd/C_003.d'.
  Looking for an implicit rule for 'build/src/SLUS_010.40/libcd/C_003.d'.
   Trying pattern rule 'build/%.d: %.c | $(@D)/' with stem 'src/SLUS_010.40/libcd/C_003'.
   Trying implicit prerequisite 'src/SLUS_010.40/libcd/C_003.c'.
   Found 'src/SLUS_010.40/libcd/C_003.c'.
   Trying implicit prerequisite 'build/src/SLUS_010.40/libcd/'.
   'build/src/SLUS_010.40/libcd/' ought to exist.
  Found implicit rule 'build/%.d: %.c | $(@D)/' for 'build/src/SLUS_010.40/libcd/C_003.d'.
  Considering target file 'src/SLUS_010.40/libcd/C_003.c'.
   Looking for an implicit rule for 'src/SLUS_010.40/libcd/C_003.c'.
   No implicit rule found for 'src/SLUS_010.40/libcd/C_003.c'.
  Finished prerequisites of target file 'src/SLUS_010.40/libcd/C_003.c'.
  No need to remake target 'src/SLUS_010.40/libcd/C_003.c'.
  Pruning file 'build/src/SLUS_010.40/libcd/'.
 Finished prerequisites of target file 'build/src/SLUS_010.40/libcd/C_003.d'.
  Prerequisite 'src/SLUS_010.40/libcd/C_003.c' is older than target 'build/src/SLUS_010.40/libcd/C_003.d'.
  Prerequisite 'build/src/SLUS_010.40/libcd/' is order-only for target 'build/src/SLUS_010.40/libcd/C_003.d'.
 No need to remake target 'build/src/SLUS_010.40/libcd/C_003.d'.
 Considering target file 'build/src/SLUS_010.40/libcd/C_004.d'.
  Looking for an implicit rule for 'build/src/SLUS_010.40/libcd/C_004.d'.
   Trying pattern rule 'build/%.d: %.c | $(@D)/' with stem 'src/SLUS_010.40/libcd/C_004'.
   Trying implicit prerequisite 'src/SLUS_010.40/libcd/C_004.c'.
   Found 'src/SLUS_010.40/libcd/C_004.c'.
   Trying implicit prerequisite 'build/src/SLUS_010.40/libcd/'.
   'build/src/SLUS_010.40/libcd/' ought to exist.
  Found implicit rule 'build/%.d: %.c | $(@D)/' for 'build/src/SLUS_010.40/libcd/C_004.d'.
  Considering target file 'src/SLUS_010.40/libcd/C_004.c'.
   Looking for an implicit rule for 'src/SLUS_010.40/libcd/C_004.c'.
   No implicit rule found for 'src/SLUS_010.40/libcd/C_004.c'.
  Finished prerequisites of target file 'src/SLUS_010.40/libcd/C_004.c'.
  No need to remake target 'src/SLUS_010.40/libcd/C_004.c'.
  Pruning file 'build/src/SLUS_010.40/libcd/'.
 Finished prerequisites of target file 'build/src/SLUS_010.40/libcd/C_004.d'.
  Prerequisite 'src/SLUS_010.40/libcd/C_004.c' is older than target 'build/src/SLUS_010.40/libcd/C_004.d'.
  Prerequisite 'build/src/SLUS_010.40/libcd/' is order-only for target 'build/src/SLUS_010.40/libcd/C_004.d'.
 No need to remake target 'build/src/SLUS_010.40/libcd/C_004.d'.
 Considering target file 'build/src/SLUS_010.40/libcd/C_005.d'.
  Looking for an implicit rule for 'build/src/SLUS_010.40/libcd/C_005.d'.
   Trying pattern rule 'build/%.d: %.c | $(@D)/' with stem 'src/SLUS_010.40/libcd/C_005'.
   Trying implicit prerequisite 'src/SLUS_010.40/libcd/C_005.c'.
   Found 'src/SLUS_010.40/libcd/C_005.c'.
   Trying implicit prerequisite 'build/src/SLUS_010.40/libcd/'.
   'build/src/SLUS_010.40/libcd/' ought to exist.
  Found implicit rule 'build/%.d: %.c | $(@D)/' for 'build/src/SLUS_010.40/libcd/C_005.d'.
  Considering target file 'src/SLUS_010.40/libcd/C_005.c'.
   Looking for an implicit rule for 'src/SLUS_010.40/libcd/C_005.c'.
   No implicit rule found for 'src/SLUS_010.40/libcd/C_005.c'.
  Finished prerequisites of target file 'src/SLUS_010.40/libcd/C_005.c'.
  No need to remake target 'src/SLUS_010.40/libcd/C_005.c'.
  Pruning file 'build/src/SLUS_010.40/libcd/'.
 Finished prerequisites of target file 'build/src/SLUS_010.40/libcd/C_005.d'.
  Prerequisite 'src/SLUS_010.40/libcd/C_005.c' is older than target 'build/src/SLUS_010.40/libcd/C_005.d'.
  Prerequisite 'build/src/SLUS_010.40/libcd/' is order-only for target 'build/src/SLUS_010.40/libcd/C_005.d'.
 No need to remake target 'build/src/SLUS_010.40/libcd/C_005.d'.
 Considering target file 'build/src/SLUS_010.40/libcd/C_007.d'.
  Looking for an implicit rule for 'build/src/SLUS_010.40/libcd/C_007.d'.
   Trying pattern rule 'build/%.d: %.c | $(@D)/' with stem 'src/SLUS_010.40/libcd/C_007'.
   Trying implicit prerequisite 'src/SLUS_010.40/libcd/C_007.c'.
   Found 'src/SLUS_010.40/libcd/C_007.c'.
   Trying implicit prerequisite 'build/src/SLUS_010.40/libcd/'.
   'build/src/SLUS_010.40/libcd/' ought to exist.
  Found implicit rule 'build/%.d: %.c | $(@D)/' for 'build/src/SLUS_010.40/libcd/C_007.d'.
  Considering target file 'src/SLUS_010.40/libcd/C_007.c'.
   Looking for an implicit rule for 'src/SLUS_010.40/libcd/C_007.c'.
   No implicit rule found for 'src/SLUS_010.40/libcd/C_007.c'.
  Finished prerequisites of target file 'src/SLUS_010.40/libcd/C_007.c'.
  No need to remake target 'src/SLUS_010.40/libcd/C_007.c'.
  Pruning file 'build/src/SLUS_010.40/libcd/'.
 Finished prerequisites of target file 'build/src/SLUS_010.40/libcd/C_007.d'.
  Prerequisite 'src/SLUS_010.40/libcd/C_007.c' is older than target 'build/src/SLUS_010.40/libcd/C_007.d'.
  Prerequisite 'build/src/SLUS_010.40/libcd/' is order-only for target 'build/src/SLUS_010.40/libcd/C_007.d'.
 No need to remake target 'build/src/SLUS_010.40/libcd/C_007.d'.
 Considering target file 'build/src/SLUS_010.40/libcd/C_008.d'.
  Looking for an implicit rule for 'build/src/SLUS_010.40/libcd/C_008.d'.
   Trying pattern rule 'build/%.d: %.c | $(@D)/' with stem 'src/SLUS_010.40/libcd/C_008'.
   Trying implicit prerequisite 'src/SLUS_010.40/libcd/C_008.c'.
   Found 'src/SLUS_010.40/libcd/C_008.c'.
   Trying implicit prerequisite 'build/src/SLUS_010.40/libcd/'.
   'build/src/SLUS_010.40/libcd/' ought to exist.
  Found implicit rule 'build/%.d: %.c | $(@D)/' for 'build/src/SLUS_010.40/libcd/C_008.d'.
  Considering target file 'src/SLUS_010.40/libcd/C_008.c'.
   Looking for an implicit rule for 'src/SLUS_010.40/libcd/C_008.c'.
   No implicit rule found for 'src/SLUS_010.40/libcd/C_008.c'.
  Finished prerequisites of target file 'src/SLUS_010.40/libcd/C_008.c'.
  No need to remake target 'src/SLUS_010.40/libcd/C_008.c'.
  Pruning file 'build/src/SLUS_010.40/libcd/'.
 Finished prerequisites of target file 'build/src/SLUS_010.40/libcd/C_008.d'.
  Prerequisite 'src/SLUS_010.40/libcd/C_008.c' is older than target 'build/src/SLUS_010.40/libcd/C_008.d'.
  Prerequisite 'build/src/SLUS_010.40/libcd/' is order-only for target 'build/src/SLUS_010.40/libcd/C_008.d'.
 No need to remake target 'build/src/SLUS_010.40/libcd/C_008.d'.
 Considering target file 'build/src/SLUS_010.40/libcd/C_009.d'.
  Looking for an implicit rule for 'build/src/SLUS_010.40/libcd/C_009.d'.
   Trying pattern rule 'build/%.d: %.c | $(@D)/' with stem 'src/SLUS_010.40/libcd/C_009'.
   Trying implicit prerequisite 'src/SLUS_010.40/libcd/C_009.c'.
   Found 'src/SLUS_010.40/libcd/C_009.c'.
   Trying implicit prerequisite 'build/src/SLUS_010.40/libcd/'.
   'build/src/SLUS_010.40/libcd/' ought to exist.
  Found implicit rule 'build/%.d: %.c | $(@D)/' for 'build/src/SLUS_010.40/libcd/C_009.d'.
  Considering target file 'src/SLUS_010.40/libcd/C_009.c'.
   Looking for an implicit rule for 'src/SLUS_010.40/libcd/C_009.c'.
   No implicit rule found for 'src/SLUS_010.40/libcd/C_009.c'.
  Finished prerequisites of target file 'src/SLUS_010.40/libcd/C_009.c'.
  No need to remake target 'src/SLUS_010.40/libcd/C_009.c'.
  Pruning file 'build/src/SLUS_010.40/libcd/'.
 Finished prerequisites of target file 'build/src/SLUS_010.40/libcd/C_009.d'.
  Prerequisite 'src/SLUS_010.40/libcd/C_009.c' is older than target 'build/src/SLUS_010.40/libcd/C_009.d'.
  Prerequisite 'build/src/SLUS_010.40/libcd/' is order-only for target 'build/src/SLUS_010.40/libcd/C_009.d'.
 No need to remake target 'build/src/SLUS_010.40/libcd/C_009.d'.
 Considering target file 'build/src/SLUS_010.40/libcd/C_010.d'.
  Looking for an implicit rule for 'build/src/SLUS_010.40/libcd/C_010.d'.
   Trying pattern rule 'build/%.d: %.c | $(@D)/' with stem 'src/SLUS_010.40/libcd/C_010'.
   Trying implicit prerequisite 'src/SLUS_010.40/libcd/C_010.c'.
   Found 'src/SLUS_010.40/libcd/C_010.c'.
   Trying implicit prerequisite 'build/src/SLUS_010.40/libcd/'.
   'build/src/SLUS_010.40/libcd/' ought to exist.
  Found implicit rule 'build/%.d: %.c | $(@D)/' for 'build/src/SLUS_010.40/libcd/C_010.d'.
  Considering target file 'src/SLUS_010.40/libcd/C_010.c'.
   Looking for an implicit rule for 'src/SLUS_010.40/libcd/C_010.c'.
   No implicit rule found for 'src/SLUS_010.40/libcd/C_010.c'.
  Finished prerequisites of target file 'src/SLUS_010.40/libcd/C_010.c'.
  No need to remake target 'src/SLUS_010.40/libcd/C_010.c'.
  Pruning file 'build/src/SLUS_010.40/libcd/'.
 Finished prerequisites of target file 'build/src/SLUS_010.40/libcd/C_010.d'.
  Prerequisite 'src/SLUS_010.40/libcd/C_010.c' is older than target 'build/src/SLUS_010.40/libcd/C_010.d'.
  Prerequisite 'build/src/SLUS_010.40/libcd/' is order-only for target 'build/src/SLUS_010.40/libcd/C_010.d'.
 No need to remake target 'build/src/SLUS_010.40/libcd/C_010.d'.
 Considering target file 'build/src/SLUS_010.40/libds/DSSYS_3.d'.
  Looking for an implicit rule for 'build/src/SLUS_010.40/libds/DSSYS_3.d'.
   Trying pattern rule 'build/%.d: %.c | $(@D)/' with stem 'src/SLUS_010.40/libds/DSSYS_3'.
   Trying implicit prerequisite 'src/SLUS_010.40/libds/DSSYS_3.c'.
   Found 'src/SLUS_010.40/libds/DSSYS_3.c'.
   Trying implicit prerequisite 'build/src/SLUS_010.40/libds/'.
   'build/src/SLUS_010.40/libds/' ought to exist.
  Found implicit rule 'build/%.d: %.c | $(@D)/' for 'build/src/SLUS_010.40/libds/DSSYS_3.d'.
  Considering target file 'src/SLUS_010.40/libds/DSSYS_3.c'.
   Looking for an implicit rule for 'src/SLUS_010.40/libds/DSSYS_3.c'.
   No implicit rule found for 'src/SLUS_010.40/libds/DSSYS_3.c'.
  Finished prerequisites of target file 'src/SLUS_010.40/libds/DSSYS_3.c'.
  No need to remake target 'src/SLUS_010.40/libds/DSSYS_3.c'.
  Pruning file 'build/src/SLUS_010.40/libds/'.
 Finished prerequisites of target file 'build/src/SLUS_010.40/libds/DSSYS_3.d'.
  Prerequisite 'src/SLUS_010.40/libds/DSSYS_3.c' is older than target 'build/src/SLUS_010.40/libds/DSSYS_3.d'.
  Prerequisite 'build/src/SLUS_010.40/libds/' is order-only for target 'build/src/SLUS_010.40/libds/DSSYS_3.d'.
 No need to remake target 'build/src/SLUS_010.40/libds/DSSYS_3.d'.
 Considering target file 'build/src/SLUS_010.40/libds/DSSYS_4.d'.
  Looking for an implicit rule for 'build/src/SLUS_010.40/libds/DSSYS_4.d'.
   Trying pattern rule 'build/%.d: %.c | $(@D)/' with stem 'src/SLUS_010.40/libds/DSSYS_4'.
   Trying implicit prerequisite 'src/SLUS_010.40/libds/DSSYS_4.c'.
   Found 'src/SLUS_010.40/libds/DSSYS_4.c'.
   Trying implicit prerequisite 'build/src/SLUS_010.40/libds/'.
   'build/src/SLUS_010.40/libds/' ought to exist.
  Found implicit rule 'build/%.d: %.c | $(@D)/' for 'build/src/SLUS_010.40/libds/DSSYS_4.d'.
  Considering target file 'src/SLUS_010.40/libds/DSSYS_4.c'.
   Looking for an implicit rule for 'src/SLUS_010.40/libds/DSSYS_4.c'.
   No implicit rule found for 'src/SLUS_010.40/libds/DSSYS_4.c'.
  Finished prerequisites of target file 'src/SLUS_010.40/libds/DSSYS_4.c'.
  No need to remake target 'src/SLUS_010.40/libds/DSSYS_4.c'.
  Pruning file 'build/src/SLUS_010.40/libds/'.
 Finished prerequisites of target file 'build/src/SLUS_010.40/libds/DSSYS_4.d'.
  Prerequisite 'src/SLUS_010.40/libds/DSSYS_4.c' is older than target 'build/src/SLUS_010.40/libds/DSSYS_4.d'.
  Prerequisite 'build/src/SLUS_010.40/libds/' is order-only for target 'build/src/SLUS_010.40/libds/DSSYS_4.d'.
 No need to remake target 'build/src/SLUS_010.40/libds/DSSYS_4.d'.
 Considering target file 'build/src/SLUS_010.40/libds/DSREAD.d'.
  Looking for an implicit rule for 'build/src/SLUS_010.40/libds/DSREAD.d'.
   Trying pattern rule 'build/%.d: %.c | $(@D)/' with stem 'src/SLUS_010.40/libds/DSREAD'.
   Trying implicit prerequisite 'src/SLUS_010.40/libds/DSREAD.c'.
   Found 'src/SLUS_010.40/libds/DSREAD.c'.
   Trying implicit prerequisite 'build/src/SLUS_010.40/libds/'.
   'build/src/SLUS_010.40/libds/' ought to exist.
  Found implicit rule 'build/%.d: %.c | $(@D)/' for 'build/src/SLUS_010.40/libds/DSREAD.d'.
  Considering target file 'src/SLUS_010.40/libds/DSREAD.c'.
   Looking for an implicit rule for 'src/SLUS_010.40/libds/DSREAD.c'.
   No implicit rule found for 'src/SLUS_010.40/libds/DSREAD.c'.
  Finished prerequisites of target file 'src/SLUS_010.40/libds/DSREAD.c'.
  No need to remake target 'src/SLUS_010.40/libds/DSREAD.c'.
  Pruning file 'build/src/SLUS_010.40/libds/'.
 Finished prerequisites of target file 'build/src/SLUS_010.40/libds/DSREAD.d'.
  Prerequisite 'src/SLUS_010.40/libds/DSREAD.c' is older than target 'build/src/SLUS_010.40/libds/DSREAD.d'.
  Prerequisite 'build/src/SLUS_010.40/libds/' is order-only for target 'build/src/SLUS_010.40/libds/DSREAD.d'.
 No need to remake target 'build/src/SLUS_010.40/libds/DSREAD.d'.
 Considering target file 'build/src/SLUS_010.40/libds/DSREAD2.d'.
  Looking for an implicit rule for 'build/src/SLUS_010.40/libds/DSREAD2.d'.
   Trying pattern rule 'build/%.d: %.c | $(@D)/' with stem 'src/SLUS_010.40/libds/DSREAD2'.
   Trying implicit prerequisite 'src/SLUS_010.40/libds/DSREAD2.c'.
   Found 'src/SLUS_010.40/libds/DSREAD2.c'.
   Trying implicit prerequisite 'build/src/SLUS_010.40/libds/'.
   'build/src/SLUS_010.40/libds/' ought to exist.
  Found implicit rule 'build/%.d: %.c | $(@D)/' for 'build/src/SLUS_010.40/libds/DSREAD2.d'.
  Considering target file 'src/SLUS_010.40/libds/DSREAD2.c'.
   Looking for an implicit rule for 'src/SLUS_010.40/libds/DSREAD2.c'.
   No implicit rule found for 'src/SLUS_010.40/libds/DSREAD2.c'.
  Finished prerequisites of target file 'src/SLUS_010.40/libds/DSREAD2.c'.
  No need to remake target 'src/SLUS_010.40/libds/DSREAD2.c'.
  Pruning file 'build/src/SLUS_010.40/libds/'.
 Finished prerequisites of target file 'build/src/SLUS_010.40/libds/DSREAD2.d'.
  Prerequisite 'src/SLUS_010.40/libds/DSREAD2.c' is older than target 'build/src/SLUS_010.40/libds/DSREAD2.d'.
  Prerequisite 'build/src/SLUS_010.40/libds/' is order-only for target 'build/src/SLUS_010.40/libds/DSREAD2.d'.
 No need to remake target 'build/src/SLUS_010.40/libds/DSREAD2.d'.
 Considering target file 'build/src/SLUS_010.40/libds/DSREADY.d'.
  Looking for an implicit rule for 'build/src/SLUS_010.40/libds/DSREADY.d'.
   Trying pattern rule 'build/%.d: %.c | $(@D)/' with stem 'src/SLUS_010.40/libds/DSREADY'.
   Trying implicit prerequisite 'src/SLUS_010.40/libds/DSREADY.c'.
   Found 'src/SLUS_010.40/libds/DSREADY.c'.
   Trying implicit prerequisite 'build/src/SLUS_010.40/libds/'.
   'build/src/SLUS_010.40/libds/' ought to exist.
  Found implicit rule 'build/%.d: %.c | $(@D)/' for 'build/src/SLUS_010.40/libds/DSREADY.d'.
  Considering target file 'src/SLUS_010.40/libds/DSREADY.c'.
   Looking for an implicit rule for 'src/SLUS_010.40/libds/DSREADY.c'.
   No implicit rule found for 'src/SLUS_010.40/libds/DSREADY.c'.
  Finished prerequisites of target file 'src/SLUS_010.40/libds/DSREADY.c'.
  No need to remake target 'src/SLUS_010.40/libds/DSREADY.c'.
  Pruning file 'build/src/SLUS_010.40/libds/'.
 Finished prerequisites of target file 'build/src/SLUS_010.40/libds/DSREADY.d'.
  Prerequisite 'src/SLUS_010.40/libds/DSREADY.c' is older than target 'build/src/SLUS_010.40/libds/DSREADY.d'.
  Prerequisite 'build/src/SLUS_010.40/libds/' is order-only for target 'build/src/SLUS_010.40/libds/DSREADY.d'.
 No need to remake target 'build/src/SLUS_010.40/libds/DSREADY.d'.
 Considering target file 'build/src/SLUS_010.40/libds/DSCB.d'.
  Looking for an implicit rule for 'build/src/SLUS_010.40/libds/DSCB.d'.
   Trying pattern rule 'build/%.d: %.c | $(@D)/' with stem 'src/SLUS_010.40/libds/DSCB'.
   Trying implicit prerequisite 'src/SLUS_010.40/libds/DSCB.c'.
   Found 'src/SLUS_010.40/libds/DSCB.c'.
   Trying implicit prerequisite 'build/src/SLUS_010.40/libds/'.
   'build/src/SLUS_010.40/libds/' ought to exist.
  Found implicit rule 'build/%.d: %.c | $(@D)/' for 'build/src/SLUS_010.40/libds/DSCB.d'.
  Considering target file 'src/SLUS_010.40/libds/DSCB.c'.
   Looking for an implicit rule for 'src/SLUS_010.40/libds/DSCB.c'.
   No implicit rule found for 'src/SLUS_010.40/libds/DSCB.c'.
  Finished prerequisites of target file 'src/SLUS_010.40/libds/DSCB.c'.
  No need to remake target 'src/SLUS_010.40/libds/DSCB.c'.
  Pruning file 'build/src/SLUS_010.40/libds/'.
 Finished prerequisites of target file 'build/src/SLUS_010.40/libds/DSCB.d'.
  Prerequisite 'src/SLUS_010.40/libds/DSCB.c' is older than target 'build/src/SLUS_010.40/libds/DSCB.d'.
  Prerequisite 'build/src/SLUS_010.40/libds/' is order-only for target 'build/src/SLUS_010.40/libds/DSCB.d'.
 No need to remake target 'build/src/SLUS_010.40/libds/DSCB.d'.
 Considering target file 'build/src/SLUS_010.40/libapi/C57.d'.
  Looking for an implicit rule for 'build/src/SLUS_010.40/libapi/C57.d'.
   Trying pattern rule 'build/%.d: %.c | $(@D)/' with stem 'src/SLUS_010.40/libapi/C57'.
   Trying implicit prerequisite 'src/SLUS_010.40/libapi/C57.c'.
   Found 'src/SLUS_010.40/libapi/C57.c'.
   Trying implicit prerequisite 'build/src/SLUS_010.40/libapi/'.
   Found 'build/src/SLUS_010.40/libapi/'.
  Found implicit rule 'build/%.d: %.c | $(@D)/' for 'build/src/SLUS_010.40/libapi/C57.d'.
  Considering target file 'src/SLUS_010.40/libapi/C57.c'.
   Looking for an implicit rule for 'src/SLUS_010.40/libapi/C57.c'.
   No implicit rule found for 'src/SLUS_010.40/libapi/C57.c'.
  Finished prerequisites of target file 'src/SLUS_010.40/libapi/C57.c'.
  No need to remake target 'src/SLUS_010.40/libapi/C57.c'.
  Considering target file 'build/src/SLUS_010.40/libapi/'.
   Looking for an implicit rule for 'build/src/SLUS_010.40/libapi/'.
    Trying pattern rule '%/:' with stem 'build/src/SLUS_010.40/libapi'.
   Found implicit rule '%/:' for 'build/src/SLUS_010.40/libapi/'.
  Finished prerequisites of target file 'build/src/SLUS_010.40/libapi/'.
  No need to remake target 'build/src/SLUS_010.40/libapi/'.
 Finished prerequisites of target file 'build/src/SLUS_010.40/libapi/C57.d'.
  Prerequisite 'src/SLUS_010.40/libapi/C57.c' is older than target 'build/src/SLUS_010.40/libapi/C57.d'.
  Prerequisite 'build/src/SLUS_010.40/libapi/' is order-only for target 'build/src/SLUS_010.40/libapi/C57.d'.
 No need to remake target 'build/src/SLUS_010.40/libapi/C57.d'.
 Considering target file 'build/src/SLUS_010.40/libapi/C68.d'.
  Looking for an implicit rule for 'build/src/SLUS_010.40/libapi/C68.d'.
   Trying pattern rule 'build/%.d: %.c | $(@D)/' with stem 'src/SLUS_010.40/libapi/C68'.
   Trying implicit prerequisite 'src/SLUS_010.40/libapi/C68.c'.
   Found 'src/SLUS_010.40/libapi/C68.c'.
   Trying implicit prerequisite 'build/src/SLUS_010.40/libapi/'.
   'build/src/SLUS_010.40/libapi/' ought to exist.
  Found implicit rule 'build/%.d: %.c | $(@D)/' for 'build/src/SLUS_010.40/libapi/C68.d'.
  Considering target file 'src/SLUS_010.40/libapi/C68.c'.
   Looking for an implicit rule for 'src/SLUS_010.40/libapi/C68.c'.
   No implicit rule found for 'src/SLUS_010.40/libapi/C68.c'.
  Finished prerequisites of target file 'src/SLUS_010.40/libapi/C68.c'.
  No need to remake target 'src/SLUS_010.40/libapi/C68.c'.
  Pruning file 'build/src/SLUS_010.40/libapi/'.
 Finished prerequisites of target file 'build/src/SLUS_010.40/libapi/C68.d'.
  Prerequisite 'src/SLUS_010.40/libapi/C68.c' is older than target 'build/src/SLUS_010.40/libapi/C68.d'.
  Prerequisite 'build/src/SLUS_010.40/libapi/' is order-only for target 'build/src/SLUS_010.40/libapi/C68.d'.
 No need to remake target 'build/src/SLUS_010.40/libapi/C68.d'.
 Considering target file 'build/src/SLUS_010.40/libapi/C112.d'.
  Looking for an implicit rule for 'build/src/SLUS_010.40/libapi/C112.d'.
   Trying pattern rule 'build/%.d: %.c | $(@D)/' with stem 'src/SLUS_010.40/libapi/C112'.
   Trying implicit prerequisite 'src/SLUS_010.40/libapi/C112.c'.
   Found 'src/SLUS_010.40/libapi/C112.c'.
   Trying implicit prerequisite 'build/src/SLUS_010.40/libapi/'.
   'build/src/SLUS_010.40/libapi/' ought to exist.
  Found implicit rule 'build/%.d: %.c | $(@D)/' for 'build/src/SLUS_010.40/libapi/C112.d'.
  Considering target file 'src/SLUS_010.40/libapi/C112.c'.
   Looking for an implicit rule for 'src/SLUS_010.40/libapi/C112.c'.
   No implicit rule found for 'src/SLUS_010.40/libapi/C112.c'.
  Finished prerequisites of target file 'src/SLUS_010.40/libapi/C112.c'.
  No need to remake target 'src/SLUS_010.40/libapi/C112.c'.
  Pruning file 'build/src/SLUS_010.40/libapi/'.
 Finished prerequisites of target file 'build/src/SLUS_010.40/libapi/C112.d'.
  Prerequisite 'src/SLUS_010.40/libapi/C112.c' is older than target 'build/src/SLUS_010.40/libapi/C112.d'.
  Prerequisite 'build/src/SLUS_010.40/libapi/' is order-only for target 'build/src/SLUS_010.40/libapi/C112.d'.
 No need to remake target 'build/src/SLUS_010.40/libapi/C112.d'.
 Considering target file 'build/src/SLUS_010.40/libapi/C114.d'.
  Looking for an implicit rule for 'build/src/SLUS_010.40/libapi/C114.d'.
   Trying pattern rule 'build/%.d: %.c | $(@D)/' with stem 'src/SLUS_010.40/libapi/C114'.
   Trying implicit prerequisite 'src/SLUS_010.40/libapi/C114.c'.
   Found 'src/SLUS_010.40/libapi/C114.c'.
   Trying implicit prerequisite 'build/src/SLUS_010.40/libapi/'.
   'build/src/SLUS_010.40/libapi/' ought to exist.
  Found implicit rule 'build/%.d: %.c | $(@D)/' for 'build/src/SLUS_010.40/libapi/C114.d'.
  Considering target file 'src/SLUS_010.40/libapi/C114.c'.
   Looking for an implicit rule for 'src/SLUS_010.40/libapi/C114.c'.
   No implicit rule found for 'src/SLUS_010.40/libapi/C114.c'.
  Finished prerequisites of target file 'src/SLUS_010.40/libapi/C114.c'.
  No need to remake target 'src/SLUS_010.40/libapi/C114.c'.
  Pruning file 'build/src/SLUS_010.40/libapi/'.
 Finished prerequisites of target file 'build/src/SLUS_010.40/libapi/C114.d'.
  Prerequisite 'src/SLUS_010.40/libapi/C114.c' is older than target 'build/src/SLUS_010.40/libapi/C114.d'.
  Prerequisite 'build/src/SLUS_010.40/libapi/' is order-only for target 'build/src/SLUS_010.40/libapi/C114.d'.
 No need to remake target 'build/src/SLUS_010.40/libapi/C114.d'.
 Considering target file 'build/src/SLUS_010.40/libapi/C161.d'.
  Looking for an implicit rule for 'build/src/SLUS_010.40/libapi/C161.d'.
   Trying pattern rule 'build/%.d: %.c | $(@D)/' with stem 'src/SLUS_010.40/libapi/C161'.
   Trying implicit prerequisite 'src/SLUS_010.40/libapi/C161.c'.
   Found 'src/SLUS_010.40/libapi/C161.c'.
   Trying implicit prerequisite 'build/src/SLUS_010.40/libapi/'.
   'build/src/SLUS_010.40/libapi/' ought to exist.
  Found implicit rule 'build/%.d: %.c | $(@D)/' for 'build/src/SLUS_010.40/libapi/C161.d'.
  Considering target file 'src/SLUS_010.40/libapi/C161.c'.
   Looking for an implicit rule for 'src/SLUS_010.40/libapi/C161.c'.
   No implicit rule found for 'src/SLUS_010.40/libapi/C161.c'.
  Finished prerequisites of target file 'src/SLUS_010.40/libapi/C161.c'.
  No need to remake target 'src/SLUS_010.40/libapi/C161.c'.
  Pruning file 'build/src/SLUS_010.40/libapi/'.
 Finished prerequisites of target file 'build/src/SLUS_010.40/libapi/C161.d'.
  Prerequisite 'src/SLUS_010.40/libapi/C161.c' is older than target 'build/src/SLUS_010.40/libapi/C161.d'.
  Prerequisite 'build/src/SLUS_010.40/libapi/' is order-only for target 'build/src/SLUS_010.40/libapi/C161.d'.
 No need to remake target 'build/src/SLUS_010.40/libapi/C161.d'.
 Considering target file 'build/src/SLUS_010.40/libapi/A07.d'.
  Looking for an implicit rule for 'build/src/SLUS_010.40/libapi/A07.d'.
   Trying pattern rule 'build/%.d: %.c | $(@D)/' with stem 'src/SLUS_010.40/libapi/A07'.
   Trying implicit prerequisite 'src/SLUS_010.40/libapi/A07.c'.
   Found 'src/SLUS_010.40/libapi/A07.c'.
   Trying implicit prerequisite 'build/src/SLUS_010.40/libapi/'.
   'build/src/SLUS_010.40/libapi/' ought to exist.
  Found implicit rule 'build/%.d: %.c | $(@D)/' for 'build/src/SLUS_010.40/libapi/A07.d'.
  Considering target file 'src/SLUS_010.40/libapi/A07.c'.
   Looking for an implicit rule for 'src/SLUS_010.40/libapi/A07.c'.
   No implicit rule found for 'src/SLUS_010.40/libapi/A07.c'.
  Finished prerequisites of target file 'src/SLUS_010.40/libapi/A07.c'.
  No need to remake target 'src/SLUS_010.40/libapi/A07.c'.
  Pruning file 'build/src/SLUS_010.40/libapi/'.
 Finished prerequisites of target file 'build/src/SLUS_010.40/libapi/A07.d'.
  Prerequisite 'src/SLUS_010.40/libapi/A07.c' is older than target 'build/src/SLUS_010.40/libapi/A07.d'.
  Prerequisite 'build/src/SLUS_010.40/libapi/' is order-only for target 'build/src/SLUS_010.40/libapi/A07.d'.
 No need to remake target 'build/src/SLUS_010.40/libapi/A07.d'.
 Considering target file 'build/src/SLUS_010.40/libapi/A08.d'.
  Looking for an implicit rule for 'build/src/SLUS_010.40/libapi/A08.d'.
   Trying pattern rule 'build/%.d: %.c | $(@D)/' with stem 'src/SLUS_010.40/libapi/A08'.
   Trying implicit prerequisite 'src/SLUS_010.40/libapi/A08.c'.
   Found 'src/SLUS_010.40/libapi/A08.c'.
   Trying implicit prerequisite 'build/src/SLUS_010.40/libapi/'.
   'build/src/SLUS_010.40/libapi/' ought to exist.
  Found implicit rule 'build/%.d: %.c | $(@D)/' for 'build/src/SLUS_010.40/libapi/A08.d'.
  Considering target file 'src/SLUS_010.40/libapi/A08.c'.
   Looking for an implicit rule for 'src/SLUS_010.40/libapi/A08.c'.
   No implicit rule found for 'src/SLUS_010.40/libapi/A08.c'.
  Finished prerequisites of target file 'src/SLUS_010.40/libapi/A08.c'.
  No need to remake target 'src/SLUS_010.40/libapi/A08.c'.
  Pruning file 'build/src/SLUS_010.40/libapi/'.
 Finished prerequisites of target file 'build/src/SLUS_010.40/libapi/A08.d'.
  Prerequisite 'src/SLUS_010.40/libapi/A08.c' is older than target 'build/src/SLUS_010.40/libapi/A08.d'.
  Prerequisite 'build/src/SLUS_010.40/libapi/' is order-only for target 'build/src/SLUS_010.40/libapi/A08.d'.
 No need to remake target 'build/src/SLUS_010.40/libapi/A08.d'.
 Considering target file 'build/src/SLUS_010.40/libapi/A09.d'.
  Looking for an implicit rule for 'build/src/SLUS_010.40/libapi/A09.d'.
   Trying pattern rule 'build/%.d: %.c | $(@D)/' with stem 'src/SLUS_010.40/libapi/A09'.
   Trying implicit prerequisite 'src/SLUS_010.40/libapi/A09.c'.
   Found 'src/SLUS_010.40/libapi/A09.c'.
   Trying implicit prerequisite 'build/src/SLUS_010.40/libapi/'.
   'build/src/SLUS_010.40/libapi/' ought to exist.
  Found implicit rule 'build/%.d: %.c | $(@D)/' for 'build/src/SLUS_010.40/libapi/A09.d'.
  Considering target file 'src/SLUS_010.40/libapi/A09.c'.
   Looking for an implicit rule for 'src/SLUS_010.40/libapi/A09.c'.
   No implicit rule found for 'src/SLUS_010.40/libapi/A09.c'.
  Finished prerequisites of target file 'src/SLUS_010.40/libapi/A09.c'.
  No need to remake target 'src/SLUS_010.40/libapi/A09.c'.
  Pruning file 'build/src/SLUS_010.40/libapi/'.
 Finished prerequisites of target file 'build/src/SLUS_010.40/libapi/A09.d'.
  Prerequisite 'src/SLUS_010.40/libapi/A09.c' is older than target 'build/src/SLUS_010.40/libapi/A09.d'.
  Prerequisite 'build/src/SLUS_010.40/libapi/' is order-only for target 'build/src/SLUS_010.40/libapi/A09.d'.
 No need to remake target 'build/src/SLUS_010.40/libapi/A09.d'.
 Considering target file 'build/src/SLUS_010.40/libapi/A10.d'.
  Looking for an implicit rule for 'build/src/SLUS_010.40/libapi/A10.d'.
   Trying pattern rule 'build/%.d: %.c | $(@D)/' with stem 'src/SLUS_010.40/libapi/A10'.
   Trying implicit prerequisite 'src/SLUS_010.40/libapi/A10.c'.
   Found 'src/SLUS_010.40/libapi/A10.c'.
   Trying implicit prerequisite 'build/src/SLUS_010.40/libapi/'.
   'build/src/SLUS_010.40/libapi/' ought to exist.
  Found implicit rule 'build/%.d: %.c | $(@D)/' for 'build/src/SLUS_010.40/libapi/A10.d'.
  Considering target file 'src/SLUS_010.40/libapi/A10.c'.
   Looking for an implicit rule for 'src/SLUS_010.40/libapi/A10.c'.
   No implicit rule found for 'src/SLUS_010.40/libapi/A10.c'.
  Finished prerequisites of target file 'src/SLUS_010.40/libapi/A10.c'.
  No need to remake target 'src/SLUS_010.40/libapi/A10.c'.
  Pruning file 'build/src/SLUS_010.40/libapi/'.
 Finished prerequisites of target file 'build/src/SLUS_010.40/libapi/A10.d'.
  Prerequisite 'src/SLUS_010.40/libapi/A10.c' is older than target 'build/src/SLUS_010.40/libapi/A10.d'.
  Prerequisite 'build/src/SLUS_010.40/libapi/' is order-only for target 'build/src/SLUS_010.40/libapi/A10.d'.
 No need to remake target 'build/src/SLUS_010.40/libapi/A10.d'.
 Considering target file 'build/src/SLUS_010.40/libapi/A11.d'.
  Looking for an implicit rule for 'build/src/SLUS_010.40/libapi/A11.d'.
   Trying pattern rule 'build/%.d: %.c | $(@D)/' with stem 'src/SLUS_010.40/libapi/A11'.
   Trying implicit prerequisite 'src/SLUS_010.40/libapi/A11.c'.
   Found 'src/SLUS_010.40/libapi/A11.c'.
   Trying implicit prerequisite 'build/src/SLUS_010.40/libapi/'.
   'build/src/SLUS_010.40/libapi/' ought to exist.
  Found implicit rule 'build/%.d: %.c | $(@D)/' for 'build/src/SLUS_010.40/libapi/A11.d'.
  Considering target file 'src/SLUS_010.40/libapi/A11.c'.
   Looking for an implicit rule for 'src/SLUS_010.40/libapi/A11.c'.
   No implicit rule found for 'src/SLUS_010.40/libapi/A11.c'.
  Finished prerequisites of target file 'src/SLUS_010.40/libapi/A11.c'.
  No need to remake target 'src/SLUS_010.40/libapi/A11.c'.
  Pruning file 'build/src/SLUS_010.40/libapi/'.
 Finished prerequisites of target file 'build/src/SLUS_010.40/libapi/A11.d'.
  Prerequisite 'src/SLUS_010.40/libapi/A11.c' is older than target 'build/src/SLUS_010.40/libapi/A11.d'.
  Prerequisite 'build/src/SLUS_010.40/libapi/' is order-only for target 'build/src/SLUS_010.40/libapi/A11.d'.
 No need to remake target 'build/src/SLUS_010.40/libapi/A11.d'.
 Considering target file 'build/src/SLUS_010.40/libapi/A12.d'.
  Looking for an implicit rule for 'build/src/SLUS_010.40/libapi/A12.d'.
   Trying pattern rule 'build/%.d: %.c | $(@D)/' with stem 'src/SLUS_010.40/libapi/A12'.
   Trying implicit prerequisite 'src/SLUS_010.40/libapi/A12.c'.
   Found 'src/SLUS_010.40/libapi/A12.c'.
   Trying implicit prerequisite 'build/src/SLUS_010.40/libapi/'.
   'build/src/SLUS_010.40/libapi/' ought to exist.
  Found implicit rule 'build/%.d: %.c | $(@D)/' for 'build/src/SLUS_010.40/libapi/A12.d'.
  Considering target file 'src/SLUS_010.40/libapi/A12.c'.
   Looking for an implicit rule for 'src/SLUS_010.40/libapi/A12.c'.
   No implicit rule found for 'src/SLUS_010.40/libapi/A12.c'.
  Finished prerequisites of target file 'src/SLUS_010.40/libapi/A12.c'.
  No need to remake target 'src/SLUS_010.40/libapi/A12.c'.
  Pruning file 'build/src/SLUS_010.40/libapi/'.
 Finished prerequisites of target file 'build/src/SLUS_010.40/libapi/A12.d'.
  Prerequisite 'src/SLUS_010.40/libapi/A12.c' is older than target 'build/src/SLUS_010.40/libapi/A12.d'.
  Prerequisite 'build/src/SLUS_010.40/libapi/' is order-only for target 'build/src/SLUS_010.40/libapi/A12.d'.
 No need to remake target 'build/src/SLUS_010.40/libapi/A12.d'.
 Considering target file 'build/src/SLUS_010.40/libapi/A13.d'.
  Looking for an implicit rule for 'build/src/SLUS_010.40/libapi/A13.d'.
   Trying pattern rule 'build/%.d: %.c | $(@D)/' with stem 'src/SLUS_010.40/libapi/A13'.
   Trying implicit prerequisite 'src/SLUS_010.40/libapi/A13.c'.
   Found 'src/SLUS_010.40/libapi/A13.c'.
   Trying implicit prerequisite 'build/src/SLUS_010.40/libapi/'.
   'build/src/SLUS_010.40/libapi/' ought to exist.
  Found implicit rule 'build/%.d: %.c | $(@D)/' for 'build/src/SLUS_010.40/libapi/A13.d'.
  Considering target file 'src/SLUS_010.40/libapi/A13.c'.
   Looking for an implicit rule for 'src/SLUS_010.40/libapi/A13.c'.
   No implicit rule found for 'src/SLUS_010.40/libapi/A13.c'.
  Finished prerequisites of target file 'src/SLUS_010.40/libapi/A13.c'.
  No need to remake target 'src/SLUS_010.40/libapi/A13.c'.
  Pruning file 'build/src/SLUS_010.40/libapi/'.
 Finished prerequisites of target file 'build/src/SLUS_010.40/libapi/A13.d'.
  Prerequisite 'src/SLUS_010.40/libapi/A13.c' is older than target 'build/src/SLUS_010.40/libapi/A13.d'.
  Prerequisite 'build/src/SLUS_010.40/libapi/' is order-only for target 'build/src/SLUS_010.40/libapi/A13.d'.
 No need to remake target 'build/src/SLUS_010.40/libapi/A13.d'.
 Considering target file 'build/src/SLUS_010.40/libapi/A23.d'.
  Looking for an implicit rule for 'build/src/SLUS_010.40/libapi/A23.d'.
   Trying pattern rule 'build/%.d: %.c | $(@D)/' with stem 'src/SLUS_010.40/libapi/A23'.
   Trying implicit prerequisite 'src/SLUS_010.40/libapi/A23.c'.
   Found 'src/SLUS_010.40/libapi/A23.c'.
   Trying implicit prerequisite 'build/src/SLUS_010.40/libapi/'.
   'build/src/SLUS_010.40/libapi/' ought to exist.
  Found implicit rule 'build/%.d: %.c | $(@D)/' for 'build/src/SLUS_010.40/libapi/A23.d'.
  Considering target file 'src/SLUS_010.40/libapi/A23.c'.
   Looking for an implicit rule for 'src/SLUS_010.40/libapi/A23.c'.
   No implicit rule found for 'src/SLUS_010.40/libapi/A23.c'.
  Finished prerequisites of target file 'src/SLUS_010.40/libapi/A23.c'.
  No need to remake target 'src/SLUS_010.40/libapi/A23.c'.
  Pruning file 'build/src/SLUS_010.40/libapi/'.
 Finished prerequisites of target file 'build/src/SLUS_010.40/libapi/A23.d'.
  Prerequisite 'src/SLUS_010.40/libapi/A23.c' is older than target 'build/src/SLUS_010.40/libapi/A23.d'.
  Prerequisite 'build/src/SLUS_010.40/libapi/' is order-only for target 'build/src/SLUS_010.40/libapi/A23.d'.
 No need to remake target 'build/src/SLUS_010.40/libapi/A23.d'.
 Considering target file 'build/src/SLUS_010.40/libapi/A24.d'.
  Looking for an implicit rule for 'build/src/SLUS_010.40/libapi/A24.d'.
   Trying pattern rule 'build/%.d: %.c | $(@D)/' with stem 'src/SLUS_010.40/libapi/A24'.
   Trying implicit prerequisite 'src/SLUS_010.40/libapi/A24.c'.
   Found 'src/SLUS_010.40/libapi/A24.c'.
   Trying implicit prerequisite 'build/src/SLUS_010.40/libapi/'.
   'build/src/SLUS_010.40/libapi/' ought to exist.
  Found implicit rule 'build/%.d: %.c | $(@D)/' for 'build/src/SLUS_010.40/libapi/A24.d'.
  Considering target file 'src/SLUS_010.40/libapi/A24.c'.
   Looking for an implicit rule for 'src/SLUS_010.40/libapi/A24.c'.
   No implicit rule found for 'src/SLUS_010.40/libapi/A24.c'.
  Finished prerequisites of target file 'src/SLUS_010.40/libapi/A24.c'.
  No need to remake target 'src/SLUS_010.40/libapi/A24.c'.
  Pruning file 'build/src/SLUS_010.40/libapi/'.
 Finished prerequisites of target file 'build/src/SLUS_010.40/libapi/A24.d'.
  Prerequisite 'src/SLUS_010.40/libapi/A24.c' is older than target 'build/src/SLUS_010.40/libapi/A24.d'.
  Prerequisite 'build/src/SLUS_010.40/libapi/' is order-only for target 'build/src/SLUS_010.40/libapi/A24.d'.
 No need to remake target 'build/src/SLUS_010.40/libapi/A24.d'.
 Considering target file 'build/src/SLUS_010.40/libapi/A25.d'.
  Looking for an implicit rule for 'build/src/SLUS_010.40/libapi/A25.d'.
   Trying pattern rule 'build/%.d: %.c | $(@D)/' with stem 'src/SLUS_010.40/libapi/A25'.
   Trying implicit prerequisite 'src/SLUS_010.40/libapi/A25.c'.
   Found 'src/SLUS_010.40/libapi/A25.c'.
   Trying implicit prerequisite 'build/src/SLUS_010.40/libapi/'.
   'build/src/SLUS_010.40/libapi/' ought to exist.
  Found implicit rule 'build/%.d: %.c | $(@D)/' for 'build/src/SLUS_010.40/libapi/A25.d'.
  Considering target file 'src/SLUS_010.40/libapi/A25.c'.
   Looking for an implicit rule for 'src/SLUS_010.40/libapi/A25.c'.
   No implicit rule found for 'src/SLUS_010.40/libapi/A25.c'.
  Finished prerequisites of target file 'src/SLUS_010.40/libapi/A25.c'.
  No need to remake target 'src/SLUS_010.40/libapi/A25.c'.
  Pruning file 'build/src/SLUS_010.40/libapi/'.
 Finished prerequisites of target file 'build/src/SLUS_010.40/libapi/A25.d'.
  Prerequisite 'src/SLUS_010.40/libapi/A25.c' is older than target 'build/src/SLUS_010.40/libapi/A25.d'.
  Prerequisite 'build/src/SLUS_010.40/libapi/' is order-only for target 'build/src/SLUS_010.40/libapi/A25.d'.
 No need to remake target 'build/src/SLUS_010.40/libapi/A25.d'.
 Considering target file 'build/src/SLUS_010.40/libapi/A32.d'.
  Looking for an implicit rule for 'build/src/SLUS_010.40/libapi/A32.d'.
   Trying pattern rule 'build/%.d: %.c | $(@D)/' with stem 'src/SLUS_010.40/libapi/A32'.
   Trying implicit prerequisite 'src/SLUS_010.40/libapi/A32.c'.
   Found 'src/SLUS_010.40/libapi/A32.c'.
   Trying implicit prerequisite 'build/src/SLUS_010.40/libapi/'.
   'build/src/SLUS_010.40/libapi/' ought to exist.
  Found implicit rule 'build/%.d: %.c | $(@D)/' for 'build/src/SLUS_010.40/libapi/A32.d'.
  Considering target file 'src/SLUS_010.40/libapi/A32.c'.
   Looking for an implicit rule for 'src/SLUS_010.40/libapi/A32.c'.
   No implicit rule found for 'src/SLUS_010.40/libapi/A32.c'.
  Finished prerequisites of target file 'src/SLUS_010.40/libapi/A32.c'.
  No need to remake target 'src/SLUS_010.40/libapi/A32.c'.
  Pruning file 'build/src/SLUS_010.40/libapi/'.
 Finished prerequisites of target file 'build/src/SLUS_010.40/libapi/A32.d'.
  Prerequisite 'src/SLUS_010.40/libapi/A32.c' is older than target 'build/src/SLUS_010.40/libapi/A32.d'.
  Prerequisite 'build/src/SLUS_010.40/libapi/' is order-only for target 'build/src/SLUS_010.40/libapi/A32.d'.
 No need to remake target 'build/src/SLUS_010.40/libapi/A32.d'.
 Considering target file 'build/src/SLUS_010.40/libapi/A36.d'.
  Looking for an implicit rule for 'build/src/SLUS_010.40/libapi/A36.d'.
   Trying pattern rule 'build/%.d: %.c | $(@D)/' with stem 'src/SLUS_010.40/libapi/A36'.
   Trying implicit prerequisite 'src/SLUS_010.40/libapi/A36.c'.
   Found 'src/SLUS_010.40/libapi/A36.c'.
   Trying implicit prerequisite 'build/src/SLUS_010.40/libapi/'.
   'build/src/SLUS_010.40/libapi/' ought to exist.
  Found implicit rule 'build/%.d: %.c | $(@D)/' for 'build/src/SLUS_010.40/libapi/A36.d'.
  Considering target file 'src/SLUS_010.40/libapi/A36.c'.
   Looking for an implicit rule for 'src/SLUS_010.40/libapi/A36.c'.
   No implicit rule found for 'src/SLUS_010.40/libapi/A36.c'.
  Finished prerequisites of target file 'src/SLUS_010.40/libapi/A36.c'.
  No need to remake target 'src/SLUS_010.40/libapi/A36.c'.
  Pruning file 'build/src/SLUS_010.40/libapi/'.
 Finished prerequisites of target file 'build/src/SLUS_010.40/libapi/A36.d'.
  Prerequisite 'src/SLUS_010.40/libapi/A36.c' is older than target 'build/src/SLUS_010.40/libapi/A36.d'.
  Prerequisite 'build/src/SLUS_010.40/libapi/' is order-only for target 'build/src/SLUS_010.40/libapi/A36.d'.
 No need to remake target 'build/src/SLUS_010.40/libapi/A36.d'.
 Considering target file 'build/src/SLUS_010.40/libapi/A37.d'.
  Looking for an implicit rule for 'build/src/SLUS_010.40/libapi/A37.d'.
   Trying pattern rule 'build/%.d: %.c | $(@D)/' with stem 'src/SLUS_010.40/libapi/A37'.
   Trying implicit prerequisite 'src/SLUS_010.40/libapi/A37.c'.
   Found 'src/SLUS_010.40/libapi/A37.c'.
   Trying implicit prerequisite 'build/src/SLUS_010.40/libapi/'.
   'build/src/SLUS_010.40/libapi/' ought to exist.
  Found implicit rule 'build/%.d: %.c | $(@D)/' for 'build/src/SLUS_010.40/libapi/A37.d'.
  Considering target file 'src/SLUS_010.40/libapi/A37.c'.
   Looking for an implicit rule for 'src/SLUS_010.40/libapi/A37.c'.
   No implicit rule found for 'src/SLUS_010.40/libapi/A37.c'.
  Finished prerequisites of target file 'src/SLUS_010.40/libapi/A37.c'.
  No need to remake target 'src/SLUS_010.40/libapi/A37.c'.
  Pruning file 'build/src/SLUS_010.40/libapi/'.
 Finished prerequisites of target file 'build/src/SLUS_010.40/libapi/A37.d'.
  Prerequisite 'src/SLUS_010.40/libapi/A37.c' is older than target 'build/src/SLUS_010.40/libapi/A37.d'.
  Prerequisite 'build/src/SLUS_010.40/libapi/' is order-only for target 'build/src/SLUS_010.40/libapi/A37.d'.
 No need to remake target 'build/src/SLUS_010.40/libapi/A37.d'.
 Considering target file 'build/src/SLUS_010.40/libapi/A50.d'.
  Looking for an implicit rule for 'build/src/SLUS_010.40/libapi/A50.d'.
   Trying pattern rule 'build/%.d: %.c | $(@D)/' with stem 'src/SLUS_010.40/libapi/A50'.
   Trying implicit prerequisite 'src/SLUS_010.40/libapi/A50.c'.
   Found 'src/SLUS_010.40/libapi/A50.c'.
   Trying implicit prerequisite 'build/src/SLUS_010.40/libapi/'.
   'build/src/SLUS_010.40/libapi/' ought to exist.
  Found implicit rule 'build/%.d: %.c | $(@D)/' for 'build/src/SLUS_010.40/libapi/A50.d'.
  Considering target file 'src/SLUS_010.40/libapi/A50.c'.
   Looking for an implicit rule for 'src/SLUS_010.40/libapi/A50.c'.
   No implicit rule found for 'src/SLUS_010.40/libapi/A50.c'.
  Finished prerequisites of target file 'src/SLUS_010.40/libapi/A50.c'.
  No need to remake target 'src/SLUS_010.40/libapi/A50.c'.
  Pruning file 'build/src/SLUS_010.40/libapi/'.
 Finished prerequisites of target file 'build/src/SLUS_010.40/libapi/A50.d'.
  Prerequisite 'src/SLUS_010.40/libapi/A50.c' is older than target 'build/src/SLUS_010.40/libapi/A50.d'.
  Prerequisite 'build/src/SLUS_010.40/libapi/' is order-only for target 'build/src/SLUS_010.40/libapi/A50.d'.
 No need to remake target 'build/src/SLUS_010.40/libapi/A50.d'.
 Considering target file 'build/src/SLUS_010.40/libapi/A52.d'.
  Looking for an implicit rule for 'build/src/SLUS_010.40/libapi/A52.d'.
   Trying pattern rule 'build/%.d: %.c | $(@D)/' with stem 'src/SLUS_010.40/libapi/A52'.
   Trying implicit prerequisite 'src/SLUS_010.40/libapi/A52.c'.
   Found 'src/SLUS_010.40/libapi/A52.c'.
   Trying implicit prerequisite 'build/src/SLUS_010.40/libapi/'.
   'build/src/SLUS_010.40/libapi/' ought to exist.
  Found implicit rule 'build/%.d: %.c | $(@D)/' for 'build/src/SLUS_010.40/libapi/A52.d'.
  Considering target file 'src/SLUS_010.40/libapi/A52.c'.
   Looking for an implicit rule for 'src/SLUS_010.40/libapi/A52.c'.
   No implicit rule found for 'src/SLUS_010.40/libapi/A52.c'.
  Finished prerequisites of target file 'src/SLUS_010.40/libapi/A52.c'.
  No need to remake target 'src/SLUS_010.40/libapi/A52.c'.
  Pruning file 'build/src/SLUS_010.40/libapi/'.
 Finished prerequisites of target file 'build/src/SLUS_010.40/libapi/A52.d'.
  Prerequisite 'src/SLUS_010.40/libapi/A52.c' is older than target 'build/src/SLUS_010.40/libapi/A52.d'.
  Prerequisite 'build/src/SLUS_010.40/libapi/' is order-only for target 'build/src/SLUS_010.40/libapi/A52.d'.
 No need to remake target 'build/src/SLUS_010.40/libapi/A52.d'.
 Considering target file 'build/src/SLUS_010.40/libapi/A53.d'.
  Looking for an implicit rule for 'build/src/SLUS_010.40/libapi/A53.d'.
   Trying pattern rule 'build/%.d: %.c | $(@D)/' with stem 'src/SLUS_010.40/libapi/A53'.
   Trying implicit prerequisite 'src/SLUS_010.40/libapi/A53.c'.
   Found 'src/SLUS_010.40/libapi/A53.c'.
   Trying implicit prerequisite 'build/src/SLUS_010.40/libapi/'.
   'build/src/SLUS_010.40/libapi/' ought to exist.
  Found implicit rule 'build/%.d: %.c | $(@D)/' for 'build/src/SLUS_010.40/libapi/A53.d'.
  Considering target file 'src/SLUS_010.40/libapi/A53.c'.
   Looking for an implicit rule for 'src/SLUS_010.40/libapi/A53.c'.
   No implicit rule found for 'src/SLUS_010.40/libapi/A53.c'.
  Finished prerequisites of target file 'src/SLUS_010.40/libapi/A53.c'.
  No need to remake target 'src/SLUS_010.40/libapi/A53.c'.
  Pruning file 'build/src/SLUS_010.40/libapi/'.
 Finished prerequisites of target file 'build/src/SLUS_010.40/libapi/A53.d'.
  Prerequisite 'src/SLUS_010.40/libapi/A53.c' is older than target 'build/src/SLUS_010.40/libapi/A53.d'.
  Prerequisite 'build/src/SLUS_010.40/libapi/' is order-only for target 'build/src/SLUS_010.40/libapi/A53.d'.
 No need to remake target 'build/src/SLUS_010.40/libapi/A53.d'.
 Considering target file 'build/src/SLUS_010.40/libapi/A54.d'.
  Looking for an implicit rule for 'build/src/SLUS_010.40/libapi/A54.d'.
   Trying pattern rule 'build/%.d: %.c | $(@D)/' with stem 'src/SLUS_010.40/libapi/A54'.
   Trying implicit prerequisite 'src/SLUS_010.40/libapi/A54.c'.
   Found 'src/SLUS_010.40/libapi/A54.c'.
   Trying implicit prerequisite 'build/src/SLUS_010.40/libapi/'.
   'build/src/SLUS_010.40/libapi/' ought to exist.
  Found implicit rule 'build/%.d: %.c | $(@D)/' for 'build/src/SLUS_010.40/libapi/A54.d'.
  Considering target file 'src/SLUS_010.40/libapi/A54.c'.
   Looking for an implicit rule for 'src/SLUS_010.40/libapi/A54.c'.
   No implicit rule found for 'src/SLUS_010.40/libapi/A54.c'.
  Finished prerequisites of target file 'src/SLUS_010.40/libapi/A54.c'.
  No need to remake target 'src/SLUS_010.40/libapi/A54.c'.
  Pruning file 'build/src/SLUS_010.40/libapi/'.
 Finished prerequisites of target file 'build/src/SLUS_010.40/libapi/A54.d'.
  Prerequisite 'src/SLUS_010.40/libapi/A54.c' is older than target 'build/src/SLUS_010.40/libapi/A54.d'.
  Prerequisite 'build/src/SLUS_010.40/libapi/' is order-only for target 'build/src/SLUS_010.40/libapi/A54.d'.
 No need to remake target 'build/src/SLUS_010.40/libapi/A54.d'.
 Considering target file 'build/src/SLUS_010.40/libapi/A67.d'.
  Looking for an implicit rule for 'build/src/SLUS_010.40/libapi/A67.d'.
   Trying pattern rule 'build/%.d: %.c | $(@D)/' with stem 'src/SLUS_010.40/libapi/A67'.
   Trying implicit prerequisite 'src/SLUS_010.40/libapi/A67.c'.
   Found 'src/SLUS_010.40/libapi/A67.c'.
   Trying implicit prerequisite 'build/src/SLUS_010.40/libapi/'.
   'build/src/SLUS_010.40/libapi/' ought to exist.
  Found implicit rule 'build/%.d: %.c | $(@D)/' for 'build/src/SLUS_010.40/libapi/A67.d'.
  Considering target file 'src/SLUS_010.40/libapi/A67.c'.
   Looking for an implicit rule for 'src/SLUS_010.40/libapi/A67.c'.
   No implicit rule found for 'src/SLUS_010.40/libapi/A67.c'.
  Finished prerequisites of target file 'src/SLUS_010.40/libapi/A67.c'.
  No need to remake target 'src/SLUS_010.40/libapi/A67.c'.
  Pruning file 'build/src/SLUS_010.40/libapi/'.
 Finished prerequisites of target file 'build/src/SLUS_010.40/libapi/A67.d'.
  Prerequisite 'src/SLUS_010.40/libapi/A67.c' is older than target 'build/src/SLUS_010.40/libapi/A67.d'.
  Prerequisite 'build/src/SLUS_010.40/libapi/' is order-only for target 'build/src/SLUS_010.40/libapi/A67.d'.
 No need to remake target 'build/src/SLUS_010.40/libapi/A67.d'.
 Considering target file 'build/src/SLUS_010.40/libapi/A68.d'.
  Looking for an implicit rule for 'build/src/SLUS_010.40/libapi/A68.d'.
   Trying pattern rule 'build/%.d: %.c | $(@D)/' with stem 'src/SLUS_010.40/libapi/A68'.
   Trying implicit prerequisite 'src/SLUS_010.40/libapi/A68.c'.
   Found 'src/SLUS_010.40/libapi/A68.c'.
   Trying implicit prerequisite 'build/src/SLUS_010.40/libapi/'.
   'build/src/SLUS_010.40/libapi/' ought to exist.
  Found implicit rule 'build/%.d: %.c | $(@D)/' for 'build/src/SLUS_010.40/libapi/A68.d'.
  Considering target file 'src/SLUS_010.40/libapi/A68.c'.
   Looking for an implicit rule for 'src/SLUS_010.40/libapi/A68.c'.
   No implicit rule found for 'src/SLUS_010.40/libapi/A68.c'.
  Finished prerequisites of target file 'src/SLUS_010.40/libapi/A68.c'.
  No need to remake target 'src/SLUS_010.40/libapi/A68.c'.
  Pruning file 'build/src/SLUS_010.40/libapi/'.
 Finished prerequisites of target file 'build/src/SLUS_010.40/libapi/A68.d'.
  Prerequisite 'src/SLUS_010.40/libapi/A68.c' is older than target 'build/src/SLUS_010.40/libapi/A68.d'.
  Prerequisite 'build/src/SLUS_010.40/libapi/' is order-only for target 'build/src/SLUS_010.40/libapi/A68.d'.
 No need to remake target 'build/src/SLUS_010.40/libapi/A68.d'.
 Considering target file 'build/src/SLUS_010.40/libapi/A69.d'.
  Looking for an implicit rule for 'build/src/SLUS_010.40/libapi/A69.d'.
   Trying pattern rule 'build/%.d: %.c | $(@D)/' with stem 'src/SLUS_010.40/libapi/A69'.
   Trying implicit prerequisite 'src/SLUS_010.40/libapi/A69.c'.
   Found 'src/SLUS_010.40/libapi/A69.c'.
   Trying implicit prerequisite 'build/src/SLUS_010.40/libapi/'.
   'build/src/SLUS_010.40/libapi/' ought to exist.
  Found implicit rule 'build/%.d: %.c | $(@D)/' for 'build/src/SLUS_010.40/libapi/A69.d'.
  Considering target file 'src/SLUS_010.40/libapi/A69.c'.
   Looking for an implicit rule for 'src/SLUS_010.40/libapi/A69.c'.
   No implicit rule found for 'src/SLUS_010.40/libapi/A69.c'.
  Finished prerequisites of target file 'src/SLUS_010.40/libapi/A69.c'.
  No need to remake target 'src/SLUS_010.40/libapi/A69.c'.
  Pruning file 'build/src/SLUS_010.40/libapi/'.
 Finished prerequisites of target file 'build/src/SLUS_010.40/libapi/A69.d'.
  Prerequisite 'src/SLUS_010.40/libapi/A69.c' is older than target 'build/src/SLUS_010.40/libapi/A69.d'.
  Prerequisite 'build/src/SLUS_010.40/libapi/' is order-only for target 'build/src/SLUS_010.40/libapi/A69.d'.
 No need to remake target 'build/src/SLUS_010.40/libapi/A69.d'.
 Considering target file 'build/src/SLUS_010.40/libapi/A91.d'.
  Looking for an implicit rule for 'build/src/SLUS_010.40/libapi/A91.d'.
   Trying pattern rule 'build/%.d: %.c | $(@D)/' with stem 'src/SLUS_010.40/libapi/A91'.
   Trying implicit prerequisite 'src/SLUS_010.40/libapi/A91.c'.
   Found 'src/SLUS_010.40/libapi/A91.c'.
   Trying implicit prerequisite 'build/src/SLUS_010.40/libapi/'.
   'build/src/SLUS_010.40/libapi/' ought to exist.
  Found implicit rule 'build/%.d: %.c | $(@D)/' for 'build/src/SLUS_010.40/libapi/A91.d'.
  Considering target file 'src/SLUS_010.40/libapi/A91.c'.
   Looking for an implicit rule for 'src/SLUS_010.40/libapi/A91.c'.
   No implicit rule found for 'src/SLUS_010.40/libapi/A91.c'.
  Finished prerequisites of target file 'src/SLUS_010.40/libapi/A91.c'.
  No need to remake target 'src/SLUS_010.40/libapi/A91.c'.
  Pruning file 'build/src/SLUS_010.40/libapi/'.
 Finished prerequisites of target file 'build/src/SLUS_010.40/libapi/A91.d'.
  Prerequisite 'src/SLUS_010.40/libapi/A91.c' is older than target 'build/src/SLUS_010.40/libapi/A91.d'.
  Prerequisite 'build/src/SLUS_010.40/libapi/' is order-only for target 'build/src/SLUS_010.40/libapi/A91.d'.
 No need to remake target 'build/src/SLUS_010.40/libapi/A91.d'.
 Considering target file 'build/src/SLUS_010.40/libapi/L10.d'.
  Looking for an implicit rule for 'build/src/SLUS_010.40/libapi/L10.d'.
   Trying pattern rule 'build/%.d: %.c | $(@D)/' with stem 'src/SLUS_010.40/libapi/L10'.
   Trying implicit prerequisite 'src/SLUS_010.40/libapi/L10.c'.
   Found 'src/SLUS_010.40/libapi/L10.c'.
   Trying implicit prerequisite 'build/src/SLUS_010.40/libapi/'.
   'build/src/SLUS_010.40/libapi/' ought to exist.
  Found implicit rule 'build/%.d: %.c | $(@D)/' for 'build/src/SLUS_010.40/libapi/L10.d'.
  Considering target file 'src/SLUS_010.40/libapi/L10.c'.
   Looking for an implicit rule for 'src/SLUS_010.40/libapi/L10.c'.
   No implicit rule found for 'src/SLUS_010.40/libapi/L10.c'.
  Finished prerequisites of target file 'src/SLUS_010.40/libapi/L10.c'.
  No need to remake target 'src/SLUS_010.40/libapi/L10.c'.
  Pruning file 'build/src/SLUS_010.40/libapi/'.
 Finished prerequisites of target file 'build/src/SLUS_010.40/libapi/L10.d'.
  Prerequisite 'src/SLUS_010.40/libapi/L10.c' is older than target 'build/src/SLUS_010.40/libapi/L10.d'.
  Prerequisite 'build/src/SLUS_010.40/libapi/' is order-only for target 'build/src/SLUS_010.40/libapi/L10.d'.
 No need to remake target 'build/src/SLUS_010.40/libapi/L10.d'.
 Considering target file 'build/src/SLUS_010.40/libapi/COUNTER.d'.
  Looking for an implicit rule for 'build/src/SLUS_010.40/libapi/COUNTER.d'.
   Trying pattern rule 'build/%.d: %.c | $(@D)/' with stem 'src/SLUS_010.40/libapi/COUNTER'.
   Trying implicit prerequisite 'src/SLUS_010.40/libapi/COUNTER.c'.
   Found 'src/SLUS_010.40/libapi/COUNTER.c'.
   Trying implicit prerequisite 'build/src/SLUS_010.40/libapi/'.
   'build/src/SLUS_010.40/libapi/' ought to exist.
  Found implicit rule 'build/%.d: %.c | $(@D)/' for 'build/src/SLUS_010.40/libapi/COUNTER.d'.
  Considering target file 'src/SLUS_010.40/libapi/COUNTER.c'.
   Looking for an implicit rule for 'src/SLUS_010.40/libapi/COUNTER.c'.
   No implicit rule found for 'src/SLUS_010.40/libapi/COUNTER.c'.
  Finished prerequisites of target file 'src/SLUS_010.40/libapi/COUNTER.c'.
  No need to remake target 'src/SLUS_010.40/libapi/COUNTER.c'.
  Pruning file 'build/src/SLUS_010.40/libapi/'.
 Finished prerequisites of target file 'build/src/SLUS_010.40/libapi/COUNTER.d'.
  Prerequisite 'src/SLUS_010.40/libapi/COUNTER.c' is older than target 'build/src/SLUS_010.40/libapi/COUNTER.d'.
  Prerequisite 'build/src/SLUS_010.40/libapi/' is order-only for target 'build/src/SLUS_010.40/libapi/COUNTER.d'.
 No need to remake target 'build/src/SLUS_010.40/libapi/COUNTER.d'.
 Considering target file 'build/src/SLUS_010.40/libapi/FIRST.d'.
  Looking for an implicit rule for 'build/src/SLUS_010.40/libapi/FIRST.d'.
   Trying pattern rule 'build/%.d: %.c | $(@D)/' with stem 'src/SLUS_010.40/libapi/FIRST'.
   Trying implicit prerequisite 'src/SLUS_010.40/libapi/FIRST.c'.
   Found 'src/SLUS_010.40/libapi/FIRST.c'.
   Trying implicit prerequisite 'build/src/SLUS_010.40/libapi/'.
   'build/src/SLUS_010.40/libapi/' ought to exist.
  Found implicit rule 'build/%.d: %.c | $(@D)/' for 'build/src/SLUS_010.40/libapi/FIRST.d'.
  Considering target file 'src/SLUS_010.40/libapi/FIRST.c'.
   Looking for an implicit rule for 'src/SLUS_010.40/libapi/FIRST.c'.
   No implicit rule found for 'src/SLUS_010.40/libapi/FIRST.c'.
  Finished prerequisites of target file 'src/SLUS_010.40/libapi/FIRST.c'.
  No need to remake target 'src/SLUS_010.40/libapi/FIRST.c'.
  Pruning file 'build/src/SLUS_010.40/libapi/'.
 Finished prerequisites of target file 'build/src/SLUS_010.40/libapi/FIRST.d'.
  Prerequisite 'src/SLUS_010.40/libapi/FIRST.c' is older than target 'build/src/SLUS_010.40/libapi/FIRST.d'.
  Prerequisite 'build/src/SLUS_010.40/libapi/' is order-only for target 'build/src/SLUS_010.40/libapi/FIRST.d'.
 No need to remake target 'build/src/SLUS_010.40/libapi/FIRST.d'.
 Considering target file 'build/src/SLUS_010.40/libapi/A66.d'.
  Looking for an implicit rule for 'build/src/SLUS_010.40/libapi/A66.d'.
   Trying pattern rule 'build/%.d: %.c | $(@D)/' with stem 'src/SLUS_010.40/libapi/A66'.
   Trying implicit prerequisite 'src/SLUS_010.40/libapi/A66.c'.
   Found 'src/SLUS_010.40/libapi/A66.c'.
   Trying implicit prerequisite 'build/src/SLUS_010.40/libapi/'.
   'build/src/SLUS_010.40/libapi/' ought to exist.
  Found implicit rule 'build/%.d: %.c | $(@D)/' for 'build/src/SLUS_010.40/libapi/A66.d'.
  Considering target file 'src/SLUS_010.40/libapi/A66.c'.
   Looking for an implicit rule for 'src/SLUS_010.40/libapi/A66.c'.
   No implicit rule found for 'src/SLUS_010.40/libapi/A66.c'.
  Finished prerequisites of target file 'src/SLUS_010.40/libapi/A66.c'.
  No need to remake target 'src/SLUS_010.40/libapi/A66.c'.
  Pruning file 'build/src/SLUS_010.40/libapi/'.
 Finished prerequisites of target file 'build/src/SLUS_010.40/libapi/A66.d'.
  Prerequisite 'src/SLUS_010.40/libapi/A66.c' is older than target 'build/src/SLUS_010.40/libapi/A66.d'.
  Prerequisite 'build/src/SLUS_010.40/libapi/' is order-only for target 'build/src/SLUS_010.40/libapi/A66.d'.
 No need to remake target 'build/src/SLUS_010.40/libapi/A66.d'.
 Considering target file 'build/src/SLUS_010.40/libc/A63.d'.
  Looking for an implicit rule for 'build/src/SLUS_010.40/libc/A63.d'.
   Trying pattern rule 'build/%.d: %.c | $(@D)/' with stem 'src/SLUS_010.40/libc/A63'.
   Trying implicit prerequisite 'src/SLUS_010.40/libc/A63.c'.
   Found 'src/SLUS_010.40/libc/A63.c'.
   Trying implicit prerequisite 'build/src/SLUS_010.40/libc/'.
   'build/src/SLUS_010.40/libc/' ought to exist.
  Found implicit rule 'build/%.d: %.c | $(@D)/' for 'build/src/SLUS_010.40/libc/A63.d'.
  Considering target file 'src/SLUS_010.40/libc/A63.c'.
   Looking for an implicit rule for 'src/SLUS_010.40/libc/A63.c'.
   No implicit rule found for 'src/SLUS_010.40/libc/A63.c'.
  Finished prerequisites of target file 'src/SLUS_010.40/libc/A63.c'.
  No need to remake target 'src/SLUS_010.40/libc/A63.c'.
  Pruning file 'build/src/SLUS_010.40/libc/'.
 Finished prerequisites of target file 'build/src/SLUS_010.40/libc/A63.d'.
  Prerequisite 'src/SLUS_010.40/libc/A63.c' is older than target 'build/src/SLUS_010.40/libc/A63.d'.
  Prerequisite 'build/src/SLUS_010.40/libc/' is order-only for target 'build/src/SLUS_010.40/libc/A63.d'.
 No need to remake target 'build/src/SLUS_010.40/libc/A63.d'.
 Considering target file 'build/src/SLUS_010.40/libc/C19.d'.
  Looking for an implicit rule for 'build/src/SLUS_010.40/libc/C19.d'.
   Trying pattern rule 'build/%.d: %.c | $(@D)/' with stem 'src/SLUS_010.40/libc/C19'.
   Trying implicit prerequisite 'src/SLUS_010.40/libc/C19.c'.
   Found 'src/SLUS_010.40/libc/C19.c'.
   Trying implicit prerequisite 'build/src/SLUS_010.40/libc/'.
   'build/src/SLUS_010.40/libc/' ought to exist.
  Found implicit rule 'build/%.d: %.c | $(@D)/' for 'build/src/SLUS_010.40/libc/C19.d'.
  Considering target file 'src/SLUS_010.40/libc/C19.c'.
   Looking for an implicit rule for 'src/SLUS_010.40/libc/C19.c'.
   No implicit rule found for 'src/SLUS_010.40/libc/C19.c'.
  Finished prerequisites of target file 'src/SLUS_010.40/libc/C19.c'.
  No need to remake target 'src/SLUS_010.40/libc/C19.c'.
  Pruning file 'build/src/SLUS_010.40/libc/'.
 Finished prerequisites of target file 'build/src/SLUS_010.40/libc/C19.d'.
  Prerequisite 'src/SLUS_010.40/libc/C19.c' is older than target 'build/src/SLUS_010.40/libc/C19.d'.
  Prerequisite 'build/src/SLUS_010.40/libc/' is order-only for target 'build/src/SLUS_010.40/libc/C19.d'.
 No need to remake target 'build/src/SLUS_010.40/libc/C19.d'.
 Considering target file 'build/src/SLUS_010.40/libc/C23.d'.
  Looking for an implicit rule for 'build/src/SLUS_010.40/libc/C23.d'.
   Trying pattern rule 'build/%.d: %.c | $(@D)/' with stem 'src/SLUS_010.40/libc/C23'.
   Trying implicit prerequisite 'src/SLUS_010.40/libc/C23.c'.
   Found 'src/SLUS_010.40/libc/C23.c'.
   Trying implicit prerequisite 'build/src/SLUS_010.40/libc/'.
   'build/src/SLUS_010.40/libc/' ought to exist.
  Found implicit rule 'build/%.d: %.c | $(@D)/' for 'build/src/SLUS_010.40/libc/C23.d'.
  Considering target file 'src/SLUS_010.40/libc/C23.c'.
   Looking for an implicit rule for 'src/SLUS_010.40/libc/C23.c'.
   No implicit rule found for 'src/SLUS_010.40/libc/C23.c'.
  Finished prerequisites of target file 'src/SLUS_010.40/libc/C23.c'.
  No need to remake target 'src/SLUS_010.40/libc/C23.c'.
  Pruning file 'build/src/SLUS_010.40/libc/'.
 Finished prerequisites of target file 'build/src/SLUS_010.40/libc/C23.d'.
  Prerequisite 'src/SLUS_010.40/libc/C23.c' is older than target 'build/src/SLUS_010.40/libc/C23.d'.
  Prerequisite 'build/src/SLUS_010.40/libc/' is order-only for target 'build/src/SLUS_010.40/libc/C23.d'.
 No need to remake target 'build/src/SLUS_010.40/libc/C23.d'.
 Considering target file 'build/src/SLUS_010.40/libc/C25.d'.
  Looking for an implicit rule for 'build/src/SLUS_010.40/libc/C25.d'.
   Trying pattern rule 'build/%.d: %.c | $(@D)/' with stem 'src/SLUS_010.40/libc/C25'.
   Trying implicit prerequisite 'src/SLUS_010.40/libc/C25.c'.
   Found 'src/SLUS_010.40/libc/C25.c'.
   Trying implicit prerequisite 'build/src/SLUS_010.40/libc/'.
   'build/src/SLUS_010.40/libc/' ought to exist.
  Found implicit rule 'build/%.d: %.c | $(@D)/' for 'build/src/SLUS_010.40/libc/C25.d'.
  Considering target file 'src/SLUS_010.40/libc/C25.c'.
   Looking for an implicit rule for 'src/SLUS_010.40/libc/C25.c'.
   No implicit rule found for 'src/SLUS_010.40/libc/C25.c'.
  Finished prerequisites of target file 'src/SLUS_010.40/libc/C25.c'.
  No need to remake target 'src/SLUS_010.40/libc/C25.c'.
  Pruning file 'build/src/SLUS_010.40/libc/'.
 Finished prerequisites of target file 'build/src/SLUS_010.40/libc/C25.d'.
  Prerequisite 'src/SLUS_010.40/libc/C25.c' is older than target 'build/src/SLUS_010.40/libc/C25.d'.
  Prerequisite 'build/src/SLUS_010.40/libc/' is order-only for target 'build/src/SLUS_010.40/libc/C25.d'.
 No need to remake target 'build/src/SLUS_010.40/libc/C25.d'.
 Considering target file 'build/src/SLUS_010.40/libc/C27.d'.
  Looking for an implicit rule for 'build/src/SLUS_010.40/libc/C27.d'.
   Trying pattern rule 'build/%.d: %.c | $(@D)/' with stem 'src/SLUS_010.40/libc/C27'.
   Trying implicit prerequisite 'src/SLUS_010.40/libc/C27.c'.
   Found 'src/SLUS_010.40/libc/C27.c'.
   Trying implicit prerequisite 'build/src/SLUS_010.40/libc/'.
   'build/src/SLUS_010.40/libc/' ought to exist.
  Found implicit rule 'build/%.d: %.c | $(@D)/' for 'build/src/SLUS_010.40/libc/C27.d'.
  Considering target file 'src/SLUS_010.40/libc/C27.c'.
   Looking for an implicit rule for 'src/SLUS_010.40/libc/C27.c'.
   No implicit rule found for 'src/SLUS_010.40/libc/C27.c'.
  Finished prerequisites of target file 'src/SLUS_010.40/libc/C27.c'.
  No need to remake target 'src/SLUS_010.40/libc/C27.c'.
  Pruning file 'build/src/SLUS_010.40/libc/'.
 Finished prerequisites of target file 'build/src/SLUS_010.40/libc/C27.d'.
  Prerequisite 'src/SLUS_010.40/libc/C27.c' is older than target 'build/src/SLUS_010.40/libc/C27.d'.
  Prerequisite 'build/src/SLUS_010.40/libc/' is order-only for target 'build/src/SLUS_010.40/libc/C27.d'.
 No need to remake target 'build/src/SLUS_010.40/libc/C27.d'.
 Considering target file 'build/src/SLUS_010.40/libc/C42.d'.
  Looking for an implicit rule for 'build/src/SLUS_010.40/libc/C42.d'.
   Trying pattern rule 'build/%.d: %.c | $(@D)/' with stem 'src/SLUS_010.40/libc/C42'.
   Trying implicit prerequisite 'src/SLUS_010.40/libc/C42.c'.
   Found 'src/SLUS_010.40/libc/C42.c'.
   Trying implicit prerequisite 'build/src/SLUS_010.40/libc/'.
   'build/src/SLUS_010.40/libc/' ought to exist.
  Found implicit rule 'build/%.d: %.c | $(@D)/' for 'build/src/SLUS_010.40/libc/C42.d'.
  Considering target file 'src/SLUS_010.40/libc/C42.c'.
   Looking for an implicit rule for 'src/SLUS_010.40/libc/C42.c'.
   No implicit rule found for 'src/SLUS_010.40/libc/C42.c'.
  Finished prerequisites of target file 'src/SLUS_010.40/libc/C42.c'.
  No need to remake target 'src/SLUS_010.40/libc/C42.c'.
  Pruning file 'build/src/SLUS_010.40/libc/'.
 Finished prerequisites of target file 'build/src/SLUS_010.40/libc/C42.d'.
  Prerequisite 'src/SLUS_010.40/libc/C42.c' is older than target 'build/src/SLUS_010.40/libc/C42.d'.
  Prerequisite 'build/src/SLUS_010.40/libc/' is order-only for target 'build/src/SLUS_010.40/libc/C42.d'.
 No need to remake target 'build/src/SLUS_010.40/libc/C42.d'.
 Considering target file 'build/src/SLUS_010.40/libc/C43.d'.
  Looking for an implicit rule for 'build/src/SLUS_010.40/libc/C43.d'.
   Trying pattern rule 'build/%.d: %.c | $(@D)/' with stem 'src/SLUS_010.40/libc/C43'.
   Trying implicit prerequisite 'src/SLUS_010.40/libc/C43.c'.
   Found 'src/SLUS_010.40/libc/C43.c'.
   Trying implicit prerequisite 'build/src/SLUS_010.40/libc/'.
   'build/src/SLUS_010.40/libc/' ought to exist.
  Found implicit rule 'build/%.d: %.c | $(@D)/' for 'build/src/SLUS_010.40/libc/C43.d'.
  Considering target file 'src/SLUS_010.40/libc/C43.c'.
   Looking for an implicit rule for 'src/SLUS_010.40/libc/C43.c'.
   No implicit rule found for 'src/SLUS_010.40/libc/C43.c'.
  Finished prerequisites of target file 'src/SLUS_010.40/libc/C43.c'.
  No need to remake target 'src/SLUS_010.40/libc/C43.c'.
  Pruning file 'build/src/SLUS_010.40/libc/'.
 Finished prerequisites of target file 'build/src/SLUS_010.40/libc/C43.d'.
  Prerequisite 'src/SLUS_010.40/libc/C43.c' is older than target 'build/src/SLUS_010.40/libc/C43.d'.
  Prerequisite 'build/src/SLUS_010.40/libc/' is order-only for target 'build/src/SLUS_010.40/libc/C43.d'.
 No need to remake target 'build/src/SLUS_010.40/libc/C43.d'.
 Considering target file 'build/src/SLUS_010.40/libc/C47.d'.
  Looking for an implicit rule for 'build/src/SLUS_010.40/libc/C47.d'.
   Trying pattern rule 'build/%.d: %.c | $(@D)/' with stem 'src/SLUS_010.40/libc/C47'.
   Trying implicit prerequisite 'src/SLUS_010.40/libc/C47.c'.
   Found 'src/SLUS_010.40/libc/C47.c'.
   Trying implicit prerequisite 'build/src/SLUS_010.40/libc/'.
   'build/src/SLUS_010.40/libc/' ought to exist.
  Found implicit rule 'build/%.d: %.c | $(@D)/' for 'build/src/SLUS_010.40/libc/C47.d'.
  Considering target file 'src/SLUS_010.40/libc/C47.c'.
   Looking for an implicit rule for 'src/SLUS_010.40/libc/C47.c'.
   No implicit rule found for 'src/SLUS_010.40/libc/C47.c'.
  Finished prerequisites of target file 'src/SLUS_010.40/libc/C47.c'.
  No need to remake target 'src/SLUS_010.40/libc/C47.c'.
  Pruning file 'build/src/SLUS_010.40/libc/'.
 Finished prerequisites of target file 'build/src/SLUS_010.40/libc/C47.d'.
  Prerequisite 'src/SLUS_010.40/libc/C47.c' is older than target 'build/src/SLUS_010.40/libc/C47.d'.
  Prerequisite 'build/src/SLUS_010.40/libc/' is order-only for target 'build/src/SLUS_010.40/libc/C47.d'.
 No need to remake target 'build/src/SLUS_010.40/libc/C47.d'.
 Considering target file 'build/src/SLUS_010.40/libc/C48.d'.
  Looking for an implicit rule for 'build/src/SLUS_010.40/libc/C48.d'.
   Trying pattern rule 'build/%.d: %.c | $(@D)/' with stem 'src/SLUS_010.40/libc/C48'.
   Trying implicit prerequisite 'src/SLUS_010.40/libc/C48.c'.
   Found 'src/SLUS_010.40/libc/C48.c'.
   Trying implicit prerequisite 'build/src/SLUS_010.40/libc/'.
   'build/src/SLUS_010.40/libc/' ought to exist.
  Found implicit rule 'build/%.d: %.c | $(@D)/' for 'build/src/SLUS_010.40/libc/C48.d'.
  Considering target file 'src/SLUS_010.40/libc/C48.c'.
   Looking for an implicit rule for 'src/SLUS_010.40/libc/C48.c'.
   No implicit rule found for 'src/SLUS_010.40/libc/C48.c'.
  Finished prerequisites of target file 'src/SLUS_010.40/libc/C48.c'.
  No need to remake target 'src/SLUS_010.40/libc/C48.c'.
  Pruning file 'build/src/SLUS_010.40/libc/'.
 Finished prerequisites of target file 'build/src/SLUS_010.40/libc/C48.d'.
  Prerequisite 'src/SLUS_010.40/libc/C48.c' is older than target 'build/src/SLUS_010.40/libc/C48.d'.
  Prerequisite 'build/src/SLUS_010.40/libc/' is order-only for target 'build/src/SLUS_010.40/libc/C48.d'.
 No need to remake target 'build/src/SLUS_010.40/libc/C48.d'.
 Considering target file 'build/src/SLUS_010.40/libc/C63.d'.
  Looking for an implicit rule for 'build/src/SLUS_010.40/libc/C63.d'.
   Trying pattern rule 'build/%.d: %.c | $(@D)/' with stem 'src/SLUS_010.40/libc/C63'.
   Trying implicit prerequisite 'src/SLUS_010.40/libc/C63.c'.
   Found 'src/SLUS_010.40/libc/C63.c'.
   Trying implicit prerequisite 'build/src/SLUS_010.40/libc/'.
   'build/src/SLUS_010.40/libc/' ought to exist.
  Found implicit rule 'build/%.d: %.c | $(@D)/' for 'build/src/SLUS_010.40/libc/C63.d'.
  Considering target file 'src/SLUS_010.40/libc/C63.c'.
   Looking for an implicit rule for 'src/SLUS_010.40/libc/C63.c'.
   No implicit rule found for 'src/SLUS_010.40/libc/C63.c'.
  Finished prerequisites of target file 'src/SLUS_010.40/libc/C63.c'.
  No need to remake target 'src/SLUS_010.40/libc/C63.c'.
  Pruning file 'build/src/SLUS_010.40/libc/'.
 Finished prerequisites of target file 'build/src/SLUS_010.40/libc/C63.d'.
  Prerequisite 'src/SLUS_010.40/libc/C63.c' is older than target 'build/src/SLUS_010.40/libc/C63.d'.
  Prerequisite 'build/src/SLUS_010.40/libc/' is order-only for target 'build/src/SLUS_010.40/libc/C63.d'.
 No need to remake target 'build/src/SLUS_010.40/libc/C63.d'.
 Considering target file 'build/src/SLUS_010.40/libc/C46.d'.
  Looking for an implicit rule for 'build/src/SLUS_010.40/libc/C46.d'.
   Trying pattern rule 'build/%.d: %.c | $(@D)/' with stem 'src/SLUS_010.40/libc/C46'.
   Trying implicit prerequisite 'src/SLUS_010.40/libc/C46.c'.
   Found 'src/SLUS_010.40/libc/C46.c'.
   Trying implicit prerequisite 'build/src/SLUS_010.40/libc/'.
   'build/src/SLUS_010.40/libc/' ought to exist.
  Found implicit rule 'build/%.d: %.c | $(@D)/' for 'build/src/SLUS_010.40/libc/C46.d'.
  Considering target file 'src/SLUS_010.40/libc/C46.c'.
   Looking for an implicit rule for 'src/SLUS_010.40/libc/C46.c'.
   No implicit rule found for 'src/SLUS_010.40/libc/C46.c'.
  Finished prerequisites of target file 'src/SLUS_010.40/libc/C46.c'.
  No need to remake target 'src/SLUS_010.40/libc/C46.c'.
  Pruning file 'build/src/SLUS_010.40/libc/'.
 Finished prerequisites of target file 'build/src/SLUS_010.40/libc/C46.d'.
  Prerequisite 'src/SLUS_010.40/libc/C46.c' is older than target 'build/src/SLUS_010.40/libc/C46.d'.
  Prerequisite 'build/src/SLUS_010.40/libc/' is order-only for target 'build/src/SLUS_010.40/libc/C46.d'.
 No need to remake target 'build/src/SLUS_010.40/libc/C46.d'.
 Considering target file 'build/src/SLUS_010.40/libc/MEMMOVE.d'.
  Looking for an implicit rule for 'build/src/SLUS_010.40/libc/MEMMOVE.d'.
   Trying pattern rule 'build/%.d: %.c | $(@D)/' with stem 'src/SLUS_010.40/libc/MEMMOVE'.
   Trying implicit prerequisite 'src/SLUS_010.40/libc/MEMMOVE.c'.
   Found 'src/SLUS_010.40/libc/MEMMOVE.c'.
   Trying implicit prerequisite 'build/src/SLUS_010.40/libc/'.
   'build/src/SLUS_010.40/libc/' ought to exist.
  Found implicit rule 'build/%.d: %.c | $(@D)/' for 'build/src/SLUS_010.40/libc/MEMMOVE.d'.
  Considering target file 'src/SLUS_010.40/libc/MEMMOVE.c'.
   Looking for an implicit rule for 'src/SLUS_010.40/libc/MEMMOVE.c'.
   No implicit rule found for 'src/SLUS_010.40/libc/MEMMOVE.c'.
  Finished prerequisites of target file 'src/SLUS_010.40/libc/MEMMOVE.c'.
  No need to remake target 'src/SLUS_010.40/libc/MEMMOVE.c'.
  Pruning file 'build/src/SLUS_010.40/libc/'.
 Finished prerequisites of target file 'build/src/SLUS_010.40/libc/MEMMOVE.d'.
  Prerequisite 'src/SLUS_010.40/libc/MEMMOVE.c' is older than target 'build/src/SLUS_010.40/libc/MEMMOVE.d'.
  Prerequisite 'build/src/SLUS_010.40/libc/' is order-only for target 'build/src/SLUS_010.40/libc/MEMMOVE.d'.
 No need to remake target 'build/src/SLUS_010.40/libc/MEMMOVE.d'.
 Considering target file 'build/src/SLUS_010.40/libc/MEMCMP.d'.
  Looking for an implicit rule for 'build/src/SLUS_010.40/libc/MEMCMP.d'.
   Trying pattern rule 'build/%.d: %.c | $(@D)/' with stem 'src/SLUS_010.40/libc/MEMCMP'.
   Trying implicit prerequisite 'src/SLUS_010.40/libc/MEMCMP.c'.
   Found 'src/SLUS_010.40/libc/MEMCMP.c'.
   Trying implicit prerequisite 'build/src/SLUS_010.40/libc/'.
   'build/src/SLUS_010.40/libc/' ought to exist.
  Found implicit rule 'build/%.d: %.c | $(@D)/' for 'build/src/SLUS_010.40/libc/MEMCMP.d'.
  Considering target file 'src/SLUS_010.40/libc/MEMCMP.c'.
   Looking for an implicit rule for 'src/SLUS_010.40/libc/MEMCMP.c'.
   No implicit rule found for 'src/SLUS_010.40/libc/MEMCMP.c'.
  Finished prerequisites of target file 'src/SLUS_010.40/libc/MEMCMP.c'.
  No need to remake target 'src/SLUS_010.40/libc/MEMCMP.c'.
  Pruning file 'build/src/SLUS_010.40/libc/'.
 Finished prerequisites of target file 'build/src/SLUS_010.40/libc/MEMCMP.d'.
  Prerequisite 'src/SLUS_010.40/libc/MEMCMP.c' is older than target 'build/src/SLUS_010.40/libc/MEMCMP.d'.
  Prerequisite 'build/src/SLUS_010.40/libc/' is order-only for target 'build/src/SLUS_010.40/libc/MEMCMP.d'.
 No need to remake target 'build/src/SLUS_010.40/libc/MEMCMP.d'.
 Considering target file 'build/src/SLUS_010.40/libgpu/C73.d'.
  Looking for an implicit rule for 'build/src/SLUS_010.40/libgpu/C73.d'.
   Trying pattern rule 'build/%.d: %.c | $(@D)/' with stem 'src/SLUS_010.40/libgpu/C73'.
   Trying implicit prerequisite 'src/SLUS_010.40/libgpu/C73.c'.
   Found 'src/SLUS_010.40/libgpu/C73.c'.
   Trying implicit prerequisite 'build/src/SLUS_010.40/libgpu/'.
   'build/src/SLUS_010.40/libgpu/' ought to exist.
  Found implicit rule 'build/%.d: %.c | $(@D)/' for 'build/src/SLUS_010.40/libgpu/C73.d'.
  Considering target file 'src/SLUS_010.40/libgpu/C73.c'.
   Looking for an implicit rule for 'src/SLUS_010.40/libgpu/C73.c'.
   No implicit rule found for 'src/SLUS_010.40/libgpu/C73.c'.
  Finished prerequisites of target file 'src/SLUS_010.40/libgpu/C73.c'.
  No need to remake target 'src/SLUS_010.40/libgpu/C73.c'.
  Pruning file 'build/src/SLUS_010.40/libgpu/'.
 Finished prerequisites of target file 'build/src/SLUS_010.40/libgpu/C73.d'.
  Prerequisite 'src/SLUS_010.40/libgpu/C73.c' is older than target 'build/src/SLUS_010.40/libgpu/C73.d'.
  Prerequisite 'build/src/SLUS_010.40/libgpu/' is order-only for target 'build/src/SLUS_010.40/libgpu/C73.d'.
 No need to remake target 'build/src/SLUS_010.40/libgpu/C73.d'.
 Considering target file 'build/src/SLUS_010.40/libgpu/E00.d'.
  Looking for an implicit rule for 'build/src/SLUS_010.40/libgpu/E00.d'.
   Trying pattern rule 'build/%.d: %.c | $(@D)/' with stem 'src/SLUS_010.40/libgpu/E00'.
   Trying implicit prerequisite 'src/SLUS_010.40/libgpu/E00.c'.
   Found 'src/SLUS_010.40/libgpu/E00.c'.
   Trying implicit prerequisite 'build/src/SLUS_010.40/libgpu/'.
   'build/src/SLUS_010.40/libgpu/' ought to exist.
  Found implicit rule 'build/%.d: %.c | $(@D)/' for 'build/src/SLUS_010.40/libgpu/E00.d'.
  Considering target file 'src/SLUS_010.40/libgpu/E00.c'.
   Looking for an implicit rule for 'src/SLUS_010.40/libgpu/E00.c'.
   No implicit rule found for 'src/SLUS_010.40/libgpu/E00.c'.
  Finished prerequisites of target file 'src/SLUS_010.40/libgpu/E00.c'.
  No need to remake target 'src/SLUS_010.40/libgpu/E00.c'.
  Pruning file 'build/src/SLUS_010.40/libgpu/'.
 Finished prerequisites of target file 'build/src/SLUS_010.40/libgpu/E00.d'.
  Prerequisite 'src/SLUS_010.40/libgpu/E00.c' is older than target 'build/src/SLUS_010.40/libgpu/E00.d'.
  Prerequisite 'build/src/SLUS_010.40/libgpu/' is order-only for target 'build/src/SLUS_010.40/libgpu/E00.d'.
 No need to remake target 'build/src/SLUS_010.40/libgpu/E00.d'.
 Considering target file 'build/src/SLUS_010.40/libgpu/E02.d'.
  Looking for an implicit rule for 'build/src/SLUS_010.40/libgpu/E02.d'.
   Trying pattern rule 'build/%.d: %.c | $(@D)/' with stem 'src/SLUS_010.40/libgpu/E02'.
   Trying implicit prerequisite 'src/SLUS_010.40/libgpu/E02.c'.
   Found 'src/SLUS_010.40/libgpu/E02.c'.
   Trying implicit prerequisite 'build/src/SLUS_010.40/libgpu/'.
   'build/src/SLUS_010.40/libgpu/' ought to exist.
  Found implicit rule 'build/%.d: %.c | $(@D)/' for 'build/src/SLUS_010.40/libgpu/E02.d'.
  Considering target file 'src/SLUS_010.40/libgpu/E02.c'.
   Looking for an implicit rule for 'src/SLUS_010.40/libgpu/E02.c'.
   No implicit rule found for 'src/SLUS_010.40/libgpu/E02.c'.
  Finished prerequisites of target file 'src/SLUS_010.40/libgpu/E02.c'.
  No need to remake target 'src/SLUS_010.40/libgpu/E02.c'.
  Pruning file 'build/src/SLUS_010.40/libgpu/'.
 Finished prerequisites of target file 'build/src/SLUS_010.40/libgpu/E02.d'.
  Prerequisite 'src/SLUS_010.40/libgpu/E02.c' is older than target 'build/src/SLUS_010.40/libgpu/E02.d'.
  Prerequisite 'build/src/SLUS_010.40/libgpu/' is order-only for target 'build/src/SLUS_010.40/libgpu/E02.d'.
 No need to remake target 'build/src/SLUS_010.40/libgpu/E02.d'.
 Considering target file 'build/src/SLUS_010.40/libgpu/E03.d'.
  Looking for an implicit rule for 'build/src/SLUS_010.40/libgpu/E03.d'.
   Trying pattern rule 'build/%.d: %.c | $(@D)/' with stem 'src/SLUS_010.40/libgpu/E03'.
   Trying implicit prerequisite 'src/SLUS_010.40/libgpu/E03.c'.
   Found 'src/SLUS_010.40/libgpu/E03.c'.
   Trying implicit prerequisite 'build/src/SLUS_010.40/libgpu/'.
   'build/src/SLUS_010.40/libgpu/' ought to exist.
  Found implicit rule 'build/%.d: %.c | $(@D)/' for 'build/src/SLUS_010.40/libgpu/E03.d'.
  Considering target file 'src/SLUS_010.40/libgpu/E03.c'.
   Looking for an implicit rule for 'src/SLUS_010.40/libgpu/E03.c'.
   No implicit rule found for 'src/SLUS_010.40/libgpu/E03.c'.
  Finished prerequisites of target file 'src/SLUS_010.40/libgpu/E03.c'.
  No need to remake target 'src/SLUS_010.40/libgpu/E03.c'.
  Pruning file 'build/src/SLUS_010.40/libgpu/'.
 Finished prerequisites of target file 'build/src/SLUS_010.40/libgpu/E03.d'.
  Prerequisite 'src/SLUS_010.40/libgpu/E03.c' is older than target 'build/src/SLUS_010.40/libgpu/E03.d'.
  Prerequisite 'build/src/SLUS_010.40/libgpu/' is order-only for target 'build/src/SLUS_010.40/libgpu/E03.d'.
 No need to remake target 'build/src/SLUS_010.40/libgpu/E03.d'.
 Considering target file 'build/src/SLUS_010.40/libgpu/E04.d'.
  Looking for an implicit rule for 'build/src/SLUS_010.40/libgpu/E04.d'.
   Trying pattern rule 'build/%.d: %.c | $(@D)/' with stem 'src/SLUS_010.40/libgpu/E04'.
   Trying implicit prerequisite 'src/SLUS_010.40/libgpu/E04.c'.
   Found 'src/SLUS_010.40/libgpu/E04.c'.
   Trying implicit prerequisite 'build/src/SLUS_010.40/libgpu/'.
   'build/src/SLUS_010.40/libgpu/' ought to exist.
  Found implicit rule 'build/%.d: %.c | $(@D)/' for 'build/src/SLUS_010.40/libgpu/E04.d'.
  Considering target file 'src/SLUS_010.40/libgpu/E04.c'.
   Looking for an implicit rule for 'src/SLUS_010.40/libgpu/E04.c'.
   No implicit rule found for 'src/SLUS_010.40/libgpu/E04.c'.
  Finished prerequisites of target file 'src/SLUS_010.40/libgpu/E04.c'.
  No need to remake target 'src/SLUS_010.40/libgpu/E04.c'.
  Pruning file 'build/src/SLUS_010.40/libgpu/'.
 Finished prerequisites of target file 'build/src/SLUS_010.40/libgpu/E04.d'.
  Prerequisite 'src/SLUS_010.40/libgpu/E04.c' is older than target 'build/src/SLUS_010.40/libgpu/E04.d'.
  Prerequisite 'build/src/SLUS_010.40/libgpu/' is order-only for target 'build/src/SLUS_010.40/libgpu/E04.d'.
 No need to remake target 'build/src/SLUS_010.40/libgpu/E04.d'.
 Considering target file 'build/src/SLUS_010.40/libgpu/P00.d'.
  Looking for an implicit rule for 'build/src/SLUS_010.40/libgpu/P00.d'.
   Trying pattern rule 'build/%.d: %.c | $(@D)/' with stem 'src/SLUS_010.40/libgpu/P00'.
   Trying implicit prerequisite 'src/SLUS_010.40/libgpu/P00.c'.
   Found 'src/SLUS_010.40/libgpu/P00.c'.
   Trying implicit prerequisite 'build/src/SLUS_010.40/libgpu/'.
   'build/src/SLUS_010.40/libgpu/' ought to exist.
  Found implicit rule 'build/%.d: %.c | $(@D)/' for 'build/src/SLUS_010.40/libgpu/P00.d'.
  Considering target file 'src/SLUS_010.40/libgpu/P00.c'.
   Looking for an implicit rule for 'src/SLUS_010.40/libgpu/P00.c'.
   No implicit rule found for 'src/SLUS_010.40/libgpu/P00.c'.
  Finished prerequisites of target file 'src/SLUS_010.40/libgpu/P00.c'.
  No need to remake target 'src/SLUS_010.40/libgpu/P00.c'.
  Pruning file 'build/src/SLUS_010.40/libgpu/'.
 Finished prerequisites of target file 'build/src/SLUS_010.40/libgpu/P00.d'.
  Prerequisite 'src/SLUS_010.40/libgpu/P00.c' is older than target 'build/src/SLUS_010.40/libgpu/P00.d'.
  Prerequisite 'build/src/SLUS_010.40/libgpu/' is order-only for target 'build/src/SLUS_010.40/libgpu/P00.d'.
 No need to remake target 'build/src/SLUS_010.40/libgpu/P00.d'.
 Considering target file 'build/src/SLUS_010.40/libgpu/P01.d'.
  Looking for an implicit rule for 'build/src/SLUS_010.40/libgpu/P01.d'.
   Trying pattern rule 'build/%.d: %.c | $(@D)/' with stem 'src/SLUS_010.40/libgpu/P01'.
   Trying implicit prerequisite 'src/SLUS_010.40/libgpu/P01.c'.
   Found 'src/SLUS_010.40/libgpu/P01.c'.
   Trying implicit prerequisite 'build/src/SLUS_010.40/libgpu/'.
   'build/src/SLUS_010.40/libgpu/' ought to exist.
  Found implicit rule 'build/%.d: %.c | $(@D)/' for 'build/src/SLUS_010.40/libgpu/P01.d'.
  Considering target file 'src/SLUS_010.40/libgpu/P01.c'.
   Looking for an implicit rule for 'src/SLUS_010.40/libgpu/P01.c'.
   No implicit rule found for 'src/SLUS_010.40/libgpu/P01.c'.
  Finished prerequisites of target file 'src/SLUS_010.40/libgpu/P01.c'.
  No need to remake target 'src/SLUS_010.40/libgpu/P01.c'.
  Pruning file 'build/src/SLUS_010.40/libgpu/'.
 Finished prerequisites of target file 'build/src/SLUS_010.40/libgpu/P01.d'.
  Prerequisite 'src/SLUS_010.40/libgpu/P01.c' is older than target 'build/src/SLUS_010.40/libgpu/P01.d'.
  Prerequisite 'build/src/SLUS_010.40/libgpu/' is order-only for target 'build/src/SLUS_010.40/libgpu/P01.d'.
 No need to remake target 'build/src/SLUS_010.40/libgpu/P01.d'.
 Considering target file 'build/src/SLUS_010.40/libgpu/P06.d'.
  Looking for an implicit rule for 'build/src/SLUS_010.40/libgpu/P06.d'.
   Trying pattern rule 'build/%.d: %.c | $(@D)/' with stem 'src/SLUS_010.40/libgpu/P06'.
   Trying implicit prerequisite 'src/SLUS_010.40/libgpu/P06.c'.
   Found 'src/SLUS_010.40/libgpu/P06.c'.
   Trying implicit prerequisite 'build/src/SLUS_010.40/libgpu/'.
   'build/src/SLUS_010.40/libgpu/' ought to exist.
  Found implicit rule 'build/%.d: %.c | $(@D)/' for 'build/src/SLUS_010.40/libgpu/P06.d'.
  Considering target file 'src/SLUS_010.40/libgpu/P06.c'.
   Looking for an implicit rule for 'src/SLUS_010.40/libgpu/P06.c'.
   No implicit rule found for 'src/SLUS_010.40/libgpu/P06.c'.
  Finished prerequisites of target file 'src/SLUS_010.40/libgpu/P06.c'.
  No need to remake target 'src/SLUS_010.40/libgpu/P06.c'.
  Pruning file 'build/src/SLUS_010.40/libgpu/'.
 Finished prerequisites of target file 'build/src/SLUS_010.40/libgpu/P06.d'.
  Prerequisite 'src/SLUS_010.40/libgpu/P06.c' is older than target 'build/src/SLUS_010.40/libgpu/P06.d'.
  Prerequisite 'build/src/SLUS_010.40/libgpu/' is order-only for target 'build/src/SLUS_010.40/libgpu/P06.d'.
 No need to remake target 'build/src/SLUS_010.40/libgpu/P06.d'.
 Considering target file 'build/src/SLUS_010.40/libgpu/P07.d'.
  Looking for an implicit rule for 'build/src/SLUS_010.40/libgpu/P07.d'.
   Trying pattern rule 'build/%.d: %.c | $(@D)/' with stem 'src/SLUS_010.40/libgpu/P07'.
   Trying implicit prerequisite 'src/SLUS_010.40/libgpu/P07.c'.
   Found 'src/SLUS_010.40/libgpu/P07.c'.
   Trying implicit prerequisite 'build/src/SLUS_010.40/libgpu/'.
   'build/src/SLUS_010.40/libgpu/' ought to exist.
  Found implicit rule 'build/%.d: %.c | $(@D)/' for 'build/src/SLUS_010.40/libgpu/P07.d'.
  Considering target file 'src/SLUS_010.40/libgpu/P07.c'.
   Looking for an implicit rule for 'src/SLUS_010.40/libgpu/P07.c'.
   No implicit rule found for 'src/SLUS_010.40/libgpu/P07.c'.
  Finished prerequisites of target file 'src/SLUS_010.40/libgpu/P07.c'.
  No need to remake target 'src/SLUS_010.40/libgpu/P07.c'.
  Pruning file 'build/src/SLUS_010.40/libgpu/'.
 Finished prerequisites of target file 'build/src/SLUS_010.40/libgpu/P07.d'.
  Prerequisite 'src/SLUS_010.40/libgpu/P07.c' is older than target 'build/src/SLUS_010.40/libgpu/P07.d'.
  Prerequisite 'build/src/SLUS_010.40/libgpu/' is order-only for target 'build/src/SLUS_010.40/libgpu/P07.d'.
 No need to remake target 'build/src/SLUS_010.40/libgpu/P07.d'.
 Considering target file 'build/src/SLUS_010.40/libgpu/P09.d'.
  Looking for an implicit rule for 'build/src/SLUS_010.40/libgpu/P09.d'.
   Trying pattern rule 'build/%.d: %.c | $(@D)/' with stem 'src/SLUS_010.40/libgpu/P09'.
   Trying implicit prerequisite 'src/SLUS_010.40/libgpu/P09.c'.
   Found 'src/SLUS_010.40/libgpu/P09.c'.
   Trying implicit prerequisite 'build/src/SLUS_010.40/libgpu/'.
   'build/src/SLUS_010.40/libgpu/' ought to exist.
  Found implicit rule 'build/%.d: %.c | $(@D)/' for 'build/src/SLUS_010.40/libgpu/P09.d'.
  Considering target file 'src/SLUS_010.40/libgpu/P09.c'.
   Looking for an implicit rule for 'src/SLUS_010.40/libgpu/P09.c'.
   No implicit rule found for 'src/SLUS_010.40/libgpu/P09.c'.
  Finished prerequisites of target file 'src/SLUS_010.40/libgpu/P09.c'.
  No need to remake target 'src/SLUS_010.40/libgpu/P09.c'.
  Pruning file 'build/src/SLUS_010.40/libgpu/'.
 Finished prerequisites of target file 'build/src/SLUS_010.40/libgpu/P09.d'.
  Prerequisite 'src/SLUS_010.40/libgpu/P09.c' is older than target 'build/src/SLUS_010.40/libgpu/P09.d'.
  Prerequisite 'build/src/SLUS_010.40/libgpu/' is order-only for target 'build/src/SLUS_010.40/libgpu/P09.d'.
 No need to remake target 'build/src/SLUS_010.40/libgpu/P09.d'.
 Considering target file 'build/src/SLUS_010.40/libgpu/P10.d'.
  Looking for an implicit rule for 'build/src/SLUS_010.40/libgpu/P10.d'.
   Trying pattern rule 'build/%.d: %.c | $(@D)/' with stem 'src/SLUS_010.40/libgpu/P10'.
   Trying implicit prerequisite 'src/SLUS_010.40/libgpu/P10.c'.
   Found 'src/SLUS_010.40/libgpu/P10.c'.
   Trying implicit prerequisite 'build/src/SLUS_010.40/libgpu/'.
   'build/src/SLUS_010.40/libgpu/' ought to exist.
  Found implicit rule 'build/%.d: %.c | $(@D)/' for 'build/src/SLUS_010.40/libgpu/P10.d'.
  Considering target file 'src/SLUS_010.40/libgpu/P10.c'.
   Looking for an implicit rule for 'src/SLUS_010.40/libgpu/P10.c'.
   No implicit rule found for 'src/SLUS_010.40/libgpu/P10.c'.
  Finished prerequisites of target file 'src/SLUS_010.40/libgpu/P10.c'.
  No need to remake target 'src/SLUS_010.40/libgpu/P10.c'.
  Pruning file 'build/src/SLUS_010.40/libgpu/'.
 Finished prerequisites of target file 'build/src/SLUS_010.40/libgpu/P10.d'.
  Prerequisite 'src/SLUS_010.40/libgpu/P10.c' is older than target 'build/src/SLUS_010.40/libgpu/P10.d'.
  Prerequisite 'build/src/SLUS_010.40/libgpu/' is order-only for target 'build/src/SLUS_010.40/libgpu/P10.d'.
 No need to remake target 'build/src/SLUS_010.40/libgpu/P10.d'.
 Considering target file 'build/src/SLUS_010.40/libgpu/P16.d'.
  Looking for an implicit rule for 'build/src/SLUS_010.40/libgpu/P16.d'.
   Trying pattern rule 'build/%.d: %.c | $(@D)/' with stem 'src/SLUS_010.40/libgpu/P16'.
   Trying implicit prerequisite 'src/SLUS_010.40/libgpu/P16.c'.
   Found 'src/SLUS_010.40/libgpu/P16.c'.
   Trying implicit prerequisite 'build/src/SLUS_010.40/libgpu/'.
   'build/src/SLUS_010.40/libgpu/' ought to exist.
  Found implicit rule 'build/%.d: %.c | $(@D)/' for 'build/src/SLUS_010.40/libgpu/P16.d'.
  Considering target file 'src/SLUS_010.40/libgpu/P16.c'.
   Looking for an implicit rule for 'src/SLUS_010.40/libgpu/P16.c'.
   No implicit rule found for 'src/SLUS_010.40/libgpu/P16.c'.
  Finished prerequisites of target file 'src/SLUS_010.40/libgpu/P16.c'.
  No need to remake target 'src/SLUS_010.40/libgpu/P16.c'.
  Pruning file 'build/src/SLUS_010.40/libgpu/'.
 Finished prerequisites of target file 'build/src/SLUS_010.40/libgpu/P16.d'.
  Prerequisite 'src/SLUS_010.40/libgpu/P16.c' is older than target 'build/src/SLUS_010.40/libgpu/P16.d'.
  Prerequisite 'build/src/SLUS_010.40/libgpu/' is order-only for target 'build/src/SLUS_010.40/libgpu/P16.d'.
 No need to remake target 'build/src/SLUS_010.40/libgpu/P16.d'.
 Considering target file 'build/src/SLUS_010.40/libgpu/P17.d'.
  Looking for an implicit rule for 'build/src/SLUS_010.40/libgpu/P17.d'.
   Trying pattern rule 'build/%.d: %.c | $(@D)/' with stem 'src/SLUS_010.40/libgpu/P17'.
   Trying implicit prerequisite 'src/SLUS_010.40/libgpu/P17.c'.
   Found 'src/SLUS_010.40/libgpu/P17.c'.
   Trying implicit prerequisite 'build/src/SLUS_010.40/libgpu/'.
   'build/src/SLUS_010.40/libgpu/' ought to exist.
  Found implicit rule 'build/%.d: %.c | $(@D)/' for 'build/src/SLUS_010.40/libgpu/P17.d'.
  Considering target file 'src/SLUS_010.40/libgpu/P17.c'.
   Looking for an implicit rule for 'src/SLUS_010.40/libgpu/P17.c'.
   No implicit rule found for 'src/SLUS_010.40/libgpu/P17.c'.
  Finished prerequisites of target file 'src/SLUS_010.40/libgpu/P17.c'.
  No need to remake target 'src/SLUS_010.40/libgpu/P17.c'.
  Pruning file 'build/src/SLUS_010.40/libgpu/'.
 Finished prerequisites of target file 'build/src/SLUS_010.40/libgpu/P17.d'.
  Prerequisite 'src/SLUS_010.40/libgpu/P17.c' is older than target 'build/src/SLUS_010.40/libgpu/P17.d'.
  Prerequisite 'build/src/SLUS_010.40/libgpu/' is order-only for target 'build/src/SLUS_010.40/libgpu/P17.d'.
 No need to remake target 'build/src/SLUS_010.40/libgpu/P17.d'.
 Considering target file 'build/src/SLUS_010.40/libgpu/P18.d'.
  Looking for an implicit rule for 'build/src/SLUS_010.40/libgpu/P18.d'.
   Trying pattern rule 'build/%.d: %.c | $(@D)/' with stem 'src/SLUS_010.40/libgpu/P18'.
   Trying implicit prerequisite 'src/SLUS_010.40/libgpu/P18.c'.
   Found 'src/SLUS_010.40/libgpu/P18.c'.
   Trying implicit prerequisite 'build/src/SLUS_010.40/libgpu/'.
   'build/src/SLUS_010.40/libgpu/' ought to exist.
  Found implicit rule 'build/%.d: %.c | $(@D)/' for 'build/src/SLUS_010.40/libgpu/P18.d'.
  Considering target file 'src/SLUS_010.40/libgpu/P18.c'.
   Looking for an implicit rule for 'src/SLUS_010.40/libgpu/P18.c'.
   No implicit rule found for 'src/SLUS_010.40/libgpu/P18.c'.
  Finished prerequisites of target file 'src/SLUS_010.40/libgpu/P18.c'.
  No need to remake target 'src/SLUS_010.40/libgpu/P18.c'.
  Pruning file 'build/src/SLUS_010.40/libgpu/'.
 Finished prerequisites of target file 'build/src/SLUS_010.40/libgpu/P18.d'.
  Prerequisite 'src/SLUS_010.40/libgpu/P18.c' is older than target 'build/src/SLUS_010.40/libgpu/P18.d'.
  Prerequisite 'build/src/SLUS_010.40/libgpu/' is order-only for target 'build/src/SLUS_010.40/libgpu/P18.d'.
 No need to remake target 'build/src/SLUS_010.40/libgpu/P18.d'.
 Considering target file 'build/src/SLUS_010.40/libgpu/P20.d'.
  Looking for an implicit rule for 'build/src/SLUS_010.40/libgpu/P20.d'.
   Trying pattern rule 'build/%.d: %.c | $(@D)/' with stem 'src/SLUS_010.40/libgpu/P20'.
   Trying implicit prerequisite 'src/SLUS_010.40/libgpu/P20.c'.
   Found 'src/SLUS_010.40/libgpu/P20.c'.
   Trying implicit prerequisite 'build/src/SLUS_010.40/libgpu/'.
   'build/src/SLUS_010.40/libgpu/' ought to exist.
  Found implicit rule 'build/%.d: %.c | $(@D)/' for 'build/src/SLUS_010.40/libgpu/P20.d'.
  Considering target file 'src/SLUS_010.40/libgpu/P20.c'.
   Looking for an implicit rule for 'src/SLUS_010.40/libgpu/P20.c'.
   No implicit rule found for 'src/SLUS_010.40/libgpu/P20.c'.
  Finished prerequisites of target file 'src/SLUS_010.40/libgpu/P20.c'.
  No need to remake target 'src/SLUS_010.40/libgpu/P20.c'.
  Pruning file 'build/src/SLUS_010.40/libgpu/'.
 Finished prerequisites of target file 'build/src/SLUS_010.40/libgpu/P20.d'.
  Prerequisite 'src/SLUS_010.40/libgpu/P20.c' is older than target 'build/src/SLUS_010.40/libgpu/P20.d'.
  Prerequisite 'build/src/SLUS_010.40/libgpu/' is order-only for target 'build/src/SLUS_010.40/libgpu/P20.d'.
 No need to remake target 'build/src/SLUS_010.40/libgpu/P20.d'.
 Considering target file 'build/src/SLUS_010.40/libgpu/P22.d'.
  Looking for an implicit rule for 'build/src/SLUS_010.40/libgpu/P22.d'.
   Trying pattern rule 'build/%.d: %.c | $(@D)/' with stem 'src/SLUS_010.40/libgpu/P22'.
   Trying implicit prerequisite 'src/SLUS_010.40/libgpu/P22.c'.
   Found 'src/SLUS_010.40/libgpu/P22.c'.
   Trying implicit prerequisite 'build/src/SLUS_010.40/libgpu/'.
   'build/src/SLUS_010.40/libgpu/' ought to exist.
  Found implicit rule 'build/%.d: %.c | $(@D)/' for 'build/src/SLUS_010.40/libgpu/P22.d'.
  Considering target file 'src/SLUS_010.40/libgpu/P22.c'.
   Looking for an implicit rule for 'src/SLUS_010.40/libgpu/P22.c'.
   No implicit rule found for 'src/SLUS_010.40/libgpu/P22.c'.
  Finished prerequisites of target file 'src/SLUS_010.40/libgpu/P22.c'.
  No need to remake target 'src/SLUS_010.40/libgpu/P22.c'.
  Pruning file 'build/src/SLUS_010.40/libgpu/'.
 Finished prerequisites of target file 'build/src/SLUS_010.40/libgpu/P22.d'.
  Prerequisite 'src/SLUS_010.40/libgpu/P22.c' is older than target 'build/src/SLUS_010.40/libgpu/P22.d'.
  Prerequisite 'build/src/SLUS_010.40/libgpu/' is order-only for target 'build/src/SLUS_010.40/libgpu/P22.d'.
 No need to remake target 'build/src/SLUS_010.40/libgpu/P22.d'.
 Considering target file 'build/src/SLUS_010.40/libgpu/P26.d'.
  Looking for an implicit rule for 'build/src/SLUS_010.40/libgpu/P26.d'.
   Trying pattern rule 'build/%.d: %.c | $(@D)/' with stem 'src/SLUS_010.40/libgpu/P26'.
   Trying implicit prerequisite 'src/SLUS_010.40/libgpu/P26.c'.
   Found 'src/SLUS_010.40/libgpu/P26.c'.
   Trying implicit prerequisite 'build/src/SLUS_010.40/libgpu/'.
   'build/src/SLUS_010.40/libgpu/' ought to exist.
  Found implicit rule 'build/%.d: %.c | $(@D)/' for 'build/src/SLUS_010.40/libgpu/P26.d'.
  Considering target file 'src/SLUS_010.40/libgpu/P26.c'.
   Looking for an implicit rule for 'src/SLUS_010.40/libgpu/P26.c'.
   No implicit rule found for 'src/SLUS_010.40/libgpu/P26.c'.
  Finished prerequisites of target file 'src/SLUS_010.40/libgpu/P26.c'.
  No need to remake target 'src/SLUS_010.40/libgpu/P26.c'.
  Pruning file 'build/src/SLUS_010.40/libgpu/'.
 Finished prerequisites of target file 'build/src/SLUS_010.40/libgpu/P26.d'.
  Prerequisite 'src/SLUS_010.40/libgpu/P26.c' is older than target 'build/src/SLUS_010.40/libgpu/P26.d'.
  Prerequisite 'build/src/SLUS_010.40/libgpu/' is order-only for target 'build/src/SLUS_010.40/libgpu/P26.d'.
 No need to remake target 'build/src/SLUS_010.40/libgpu/P26.d'.
 Considering target file 'build/src/SLUS_010.40/libgpu/P27.d'.
  Looking for an implicit rule for 'build/src/SLUS_010.40/libgpu/P27.d'.
   Trying pattern rule 'build/%.d: %.c | $(@D)/' with stem 'src/SLUS_010.40/libgpu/P27'.
   Trying implicit prerequisite 'src/SLUS_010.40/libgpu/P27.c'.
   Found 'src/SLUS_010.40/libgpu/P27.c'.
   Trying implicit prerequisite 'build/src/SLUS_010.40/libgpu/'.
   'build/src/SLUS_010.40/libgpu/' ought to exist.
  Found implicit rule 'build/%.d: %.c | $(@D)/' for 'build/src/SLUS_010.40/libgpu/P27.d'.
  Considering target file 'src/SLUS_010.40/libgpu/P27.c'.
   Looking for an implicit rule for 'src/SLUS_010.40/libgpu/P27.c'.
   No implicit rule found for 'src/SLUS_010.40/libgpu/P27.c'.
  Finished prerequisites of target file 'src/SLUS_010.40/libgpu/P27.c'.
  No need to remake target 'src/SLUS_010.40/libgpu/P27.c'.
  Pruning file 'build/src/SLUS_010.40/libgpu/'.
 Finished prerequisites of target file 'build/src/SLUS_010.40/libgpu/P27.d'.
  Prerequisite 'src/SLUS_010.40/libgpu/P27.c' is older than target 'build/src/SLUS_010.40/libgpu/P27.d'.
  Prerequisite 'build/src/SLUS_010.40/libgpu/' is order-only for target 'build/src/SLUS_010.40/libgpu/P27.d'.
 No need to remake target 'build/src/SLUS_010.40/libgpu/P27.d'.
 Considering target file 'build/src/SLUS_010.40/libgpu/P33.d'.
  Looking for an implicit rule for 'build/src/SLUS_010.40/libgpu/P33.d'.
   Trying pattern rule 'build/%.d: %.c | $(@D)/' with stem 'src/SLUS_010.40/libgpu/P33'.
   Trying implicit prerequisite 'src/SLUS_010.40/libgpu/P33.c'.
   Found 'src/SLUS_010.40/libgpu/P33.c'.
   Trying implicit prerequisite 'build/src/SLUS_010.40/libgpu/'.
   'build/src/SLUS_010.40/libgpu/' ought to exist.
  Found implicit rule 'build/%.d: %.c | $(@D)/' for 'build/src/SLUS_010.40/libgpu/P33.d'.
  Considering target file 'src/SLUS_010.40/libgpu/P33.c'.
   Looking for an implicit rule for 'src/SLUS_010.40/libgpu/P33.c'.
   No implicit rule found for 'src/SLUS_010.40/libgpu/P33.c'.
  Finished prerequisites of target file 'src/SLUS_010.40/libgpu/P33.c'.
  No need to remake target 'src/SLUS_010.40/libgpu/P33.c'.
  Pruning file 'build/src/SLUS_010.40/libgpu/'.
 Finished prerequisites of target file 'build/src/SLUS_010.40/libgpu/P33.d'.
  Prerequisite 'src/SLUS_010.40/libgpu/P33.c' is older than target 'build/src/SLUS_010.40/libgpu/P33.d'.
  Prerequisite 'build/src/SLUS_010.40/libgpu/' is order-only for target 'build/src/SLUS_010.40/libgpu/P33.d'.
 No need to remake target 'build/src/SLUS_010.40/libgpu/P33.d'.
 Considering target file 'build/src/SLUS_010.40/libgpu/P34.d'.
  Looking for an implicit rule for 'build/src/SLUS_010.40/libgpu/P34.d'.
   Trying pattern rule 'build/%.d: %.c | $(@D)/' with stem 'src/SLUS_010.40/libgpu/P34'.
   Trying implicit prerequisite 'src/SLUS_010.40/libgpu/P34.c'.
   Found 'src/SLUS_010.40/libgpu/P34.c'.
   Trying implicit prerequisite 'build/src/SLUS_010.40/libgpu/'.
   'build/src/SLUS_010.40/libgpu/' ought to exist.
  Found implicit rule 'build/%.d: %.c | $(@D)/' for 'build/src/SLUS_010.40/libgpu/P34.d'.
  Considering target file 'src/SLUS_010.40/libgpu/P34.c'.
   Looking for an implicit rule for 'src/SLUS_010.40/libgpu/P34.c'.
   No implicit rule found for 'src/SLUS_010.40/libgpu/P34.c'.
  Finished prerequisites of target file 'src/SLUS_010.40/libgpu/P34.c'.
  No need to remake target 'src/SLUS_010.40/libgpu/P34.c'.
  Pruning file 'build/src/SLUS_010.40/libgpu/'.
 Finished prerequisites of target file 'build/src/SLUS_010.40/libgpu/P34.d'.
  Prerequisite 'src/SLUS_010.40/libgpu/P34.c' is older than target 'build/src/SLUS_010.40/libgpu/P34.d'.
  Prerequisite 'build/src/SLUS_010.40/libgpu/' is order-only for target 'build/src/SLUS_010.40/libgpu/P34.d'.
 No need to remake target 'build/src/SLUS_010.40/libgpu/P34.d'.
 Considering target file 'build/src/SLUS_010.40/libgpu/P41.d'.
  Looking for an implicit rule for 'build/src/SLUS_010.40/libgpu/P41.d'.
   Trying pattern rule 'build/%.d: %.c | $(@D)/' with stem 'src/SLUS_010.40/libgpu/P41'.
   Trying implicit prerequisite 'src/SLUS_010.40/libgpu/P41.c'.
   Found 'src/SLUS_010.40/libgpu/P41.c'.
   Trying implicit prerequisite 'build/src/SLUS_010.40/libgpu/'.
   'build/src/SLUS_010.40/libgpu/' ought to exist.
  Found implicit rule 'build/%.d: %.c | $(@D)/' for 'build/src/SLUS_010.40/libgpu/P41.d'.
  Considering target file 'src/SLUS_010.40/libgpu/P41.c'.
   Looking for an implicit rule for 'src/SLUS_010.40/libgpu/P41.c'.
   No implicit rule found for 'src/SLUS_010.40/libgpu/P41.c'.
  Finished prerequisites of target file 'src/SLUS_010.40/libgpu/P41.c'.
  No need to remake target 'src/SLUS_010.40/libgpu/P41.c'.
  Pruning file 'build/src/SLUS_010.40/libgpu/'.
 Finished prerequisites of target file 'build/src/SLUS_010.40/libgpu/P41.d'.
  Prerequisite 'src/SLUS_010.40/libgpu/P41.c' is older than target 'build/src/SLUS_010.40/libgpu/P41.d'.
  Prerequisite 'build/src/SLUS_010.40/libgpu/' is order-only for target 'build/src/SLUS_010.40/libgpu/P41.d'.
 No need to remake target 'build/src/SLUS_010.40/libgpu/P41.d'.
 Considering target file 'build/src/SLUS_010.40/libpad/PADMAIN.d'.
  Looking for an implicit rule for 'build/src/SLUS_010.40/libpad/PADMAIN.d'.
   Trying pattern rule 'build/%.d: %.c | $(@D)/' with stem 'src/SLUS_010.40/libpad/PADMAIN'.
   Trying implicit prerequisite 'src/SLUS_010.40/libpad/PADMAIN.c'.
   Found 'src/SLUS_010.40/libpad/PADMAIN.c'.
   Trying implicit prerequisite 'build/src/SLUS_010.40/libpad/'.
   'build/src/SLUS_010.40/libpad/' ought to exist.
  Found implicit rule 'build/%.d: %.c | $(@D)/' for 'build/src/SLUS_010.40/libpad/PADMAIN.d'.
  Considering target file 'src/SLUS_010.40/libpad/PADMAIN.c'.
   Looking for an implicit rule for 'src/SLUS_010.40/libpad/PADMAIN.c'.
   No implicit rule found for 'src/SLUS_010.40/libpad/PADMAIN.c'.
  Finished prerequisites of target file 'src/SLUS_010.40/libpad/PADMAIN.c'.
  No need to remake target 'src/SLUS_010.40/libpad/PADMAIN.c'.
  Pruning file 'build/src/SLUS_010.40/libpad/'.
 Finished prerequisites of target file 'build/src/SLUS_010.40/libpad/PADMAIN.d'.
  Prerequisite 'src/SLUS_010.40/libpad/PADMAIN.c' is older than target 'build/src/SLUS_010.40/libpad/PADMAIN.d'.
  Prerequisite 'build/src/SLUS_010.40/libpad/' is order-only for target 'build/src/SLUS_010.40/libpad/PADMAIN.d'.
 No need to remake target 'build/src/SLUS_010.40/libpad/PADMAIN.d'.
 Considering target file 'build/src/SLUS_010.40/libapi/L02.d'.
  Looking for an implicit rule for 'build/src/SLUS_010.40/libapi/L02.d'.
   Trying pattern rule 'build/%.d: %.c | $(@D)/' with stem 'src/SLUS_010.40/libapi/L02'.
   Trying implicit prerequisite 'src/SLUS_010.40/libapi/L02.c'.
   Found 'src/SLUS_010.40/libapi/L02.c'.
   Trying implicit prerequisite 'build/src/SLUS_010.40/libapi/'.
   'build/src/SLUS_010.40/libapi/' ought to exist.
  Found implicit rule 'build/%.d: %.c | $(@D)/' for 'build/src/SLUS_010.40/libapi/L02.d'.
  Considering target file 'src/SLUS_010.40/libapi/L02.c'.
   Looking for an implicit rule for 'src/SLUS_010.40/libapi/L02.c'.
   No implicit rule found for 'src/SLUS_010.40/libapi/L02.c'.
  Finished prerequisites of target file 'src/SLUS_010.40/libapi/L02.c'.
  No need to remake target 'src/SLUS_010.40/libapi/L02.c'.
  Pruning file 'build/src/SLUS_010.40/libapi/'.
 Finished prerequisites of target file 'build/src/SLUS_010.40/libapi/L02.d'.
  Prerequisite 'src/SLUS_010.40/libapi/L02.c' is older than target 'build/src/SLUS_010.40/libapi/L02.d'.
  Prerequisite 'build/src/SLUS_010.40/libapi/' is order-only for target 'build/src/SLUS_010.40/libapi/L02.d'.
 No need to remake target 'build/src/SLUS_010.40/libapi/L02.d'.
 Considering target file 'build/src/SLUS_010.40/libapi/L03.d'.
  Looking for an implicit rule for 'build/src/SLUS_010.40/libapi/L03.d'.
   Trying pattern rule 'build/%.d: %.c | $(@D)/' with stem 'src/SLUS_010.40/libapi/L03'.
   Trying implicit prerequisite 'src/SLUS_010.40/libapi/L03.c'.
   Found 'src/SLUS_010.40/libapi/L03.c'.
   Trying implicit prerequisite 'build/src/SLUS_010.40/libapi/'.
   'build/src/SLUS_010.40/libapi/' ought to exist.
  Found implicit rule 'build/%.d: %.c | $(@D)/' for 'build/src/SLUS_010.40/libapi/L03.d'.
  Considering target file 'src/SLUS_010.40/libapi/L03.c'.
   Looking for an implicit rule for 'src/SLUS_010.40/libapi/L03.c'.
   No implicit rule found for 'src/SLUS_010.40/libapi/L03.c'.
  Finished prerequisites of target file 'src/SLUS_010.40/libapi/L03.c'.
  No need to remake target 'src/SLUS_010.40/libapi/L03.c'.
  Pruning file 'build/src/SLUS_010.40/libapi/'.
 Finished prerequisites of target file 'build/src/SLUS_010.40/libapi/L03.d'.
  Prerequisite 'src/SLUS_010.40/libapi/L03.c' is older than target 'build/src/SLUS_010.40/libapi/L03.d'.
  Prerequisite 'build/src/SLUS_010.40/libapi/' is order-only for target 'build/src/SLUS_010.40/libapi/L03.d'.
 No need to remake target 'build/src/SLUS_010.40/libapi/L03.d'.
 Considering target file 'build/src/SLUS_010.40/libpad/PADCMD.d'.
  Looking for an implicit rule for 'build/src/SLUS_010.40/libpad/PADCMD.d'.
   Trying pattern rule 'build/%.d: %.c | $(@D)/' with stem 'src/SLUS_010.40/libpad/PADCMD'.
   Trying implicit prerequisite 'src/SLUS_010.40/libpad/PADCMD.c'.
   Found 'src/SLUS_010.40/libpad/PADCMD.c'.
   Trying implicit prerequisite 'build/src/SLUS_010.40/libpad/'.
   'build/src/SLUS_010.40/libpad/' ought to exist.
  Found implicit rule 'build/%.d: %.c | $(@D)/' for 'build/src/SLUS_010.40/libpad/PADCMD.d'.
  Considering target file 'src/SLUS_010.40/libpad/PADCMD.c'.
   Looking for an implicit rule for 'src/SLUS_010.40/libpad/PADCMD.c'.
   No implicit rule found for 'src/SLUS_010.40/libpad/PADCMD.c'.
  Finished prerequisites of target file 'src/SLUS_010.40/libpad/PADCMD.c'.
  No need to remake target 'src/SLUS_010.40/libpad/PADCMD.c'.
  Pruning file 'build/src/SLUS_010.40/libpad/'.
 Finished prerequisites of target file 'build/src/SLUS_010.40/libpad/PADCMD.d'.
  Prerequisite 'src/SLUS_010.40/libpad/PADCMD.c' is older than target 'build/src/SLUS_010.40/libpad/PADCMD.d'.
  Prerequisite 'build/src/SLUS_010.40/libpad/' is order-only for target 'build/src/SLUS_010.40/libpad/PADCMD.d'.
 No need to remake target 'build/src/SLUS_010.40/libpad/PADCMD.d'.
 Considering target file 'build/src/SLUS_010.40/libpad/PADIF.d'.
  Looking for an implicit rule for 'build/src/SLUS_010.40/libpad/PADIF.d'.
   Trying pattern rule 'build/%.d: %.c | $(@D)/' with stem 'src/SLUS_010.40/libpad/PADIF'.
   Trying implicit prerequisite 'src/SLUS_010.40/libpad/PADIF.c'.
   Found 'src/SLUS_010.40/libpad/PADIF.c'.
   Trying implicit prerequisite 'build/src/SLUS_010.40/libpad/'.
   'build/src/SLUS_010.40/libpad/' ought to exist.
  Found implicit rule 'build/%.d: %.c | $(@D)/' for 'build/src/SLUS_010.40/libpad/PADIF.d'.
  Considering target file 'src/SLUS_010.40/libpad/PADIF.c'.
   Looking for an implicit rule for 'src/SLUS_010.40/libpad/PADIF.c'.
   No implicit rule found for 'src/SLUS_010.40/libpad/PADIF.c'.
  Finished prerequisites of target file 'src/SLUS_010.40/libpad/PADIF.c'.
  No need to remake target 'src/SLUS_010.40/libpad/PADIF.c'.
  Pruning file 'build/src/SLUS_010.40/libpad/'.
 Finished prerequisites of target file 'build/src/SLUS_010.40/libpad/PADIF.d'.
  Prerequisite 'src/SLUS_010.40/libpad/PADIF.c' is older than target 'build/src/SLUS_010.40/libpad/PADIF.d'.
  Prerequisite 'build/src/SLUS_010.40/libpad/' is order-only for target 'build/src/SLUS_010.40/libpad/PADIF.d'.
 No need to remake target 'build/src/SLUS_010.40/libpad/PADIF.d'.
 Considering target file 'build/src/SLUS_010.40/libpad/PADPORTD.d'.
  Looking for an implicit rule for 'build/src/SLUS_010.40/libpad/PADPORTD.d'.
   Trying pattern rule 'build/%.d: %.c | $(@D)/' with stem 'src/SLUS_010.40/libpad/PADPORTD'.
   Trying implicit prerequisite 'src/SLUS_010.40/libpad/PADPORTD.c'.
   Found 'src/SLUS_010.40/libpad/PADPORTD.c'.
   Trying implicit prerequisite 'build/src/SLUS_010.40/libpad/'.
   'build/src/SLUS_010.40/libpad/' ought to exist.
  Found implicit rule 'build/%.d: %.c | $(@D)/' for 'build/src/SLUS_010.40/libpad/PADPORTD.d'.
  Considering target file 'src/SLUS_010.40/libpad/PADPORTD.c'.
   Looking for an implicit rule for 'src/SLUS_010.40/libpad/PADPORTD.c'.
   No implicit rule found for 'src/SLUS_010.40/libpad/PADPORTD.c'.
  Finished prerequisites of target file 'src/SLUS_010.40/libpad/PADPORTD.c'.
  No need to remake target 'src/SLUS_010.40/libpad/PADPORTD.c'.
  Pruning file 'build/src/SLUS_010.40/libpad/'.
 Finished prerequisites of target file 'build/src/SLUS_010.40/libpad/PADPORTD.d'.
  Prerequisite 'src/SLUS_010.40/libpad/PADPORTD.c' is older than target 'build/src/SLUS_010.40/libpad/PADPORTD.d'.
  Prerequisite 'build/src/SLUS_010.40/libpad/' is order-only for target 'build/src/SLUS_010.40/libpad/PADPORTD.d'.
 No need to remake target 'build/src/SLUS_010.40/libpad/PADPORTD.d'.
 Considering target file 'build/src/SLUS_010.40/libc/C40.d'.
  Looking for an implicit rule for 'build/src/SLUS_010.40/libc/C40.d'.
   Trying pattern rule 'build/%.d: %.c | $(@D)/' with stem 'src/SLUS_010.40/libc/C40'.
   Trying implicit prerequisite 'src/SLUS_010.40/libc/C40.c'.
   Found 'src/SLUS_010.40/libc/C40.c'.
   Trying implicit prerequisite 'build/src/SLUS_010.40/libc/'.
   'build/src/SLUS_010.40/libc/' ought to exist.
  Found implicit rule 'build/%.d: %.c | $(@D)/' for 'build/src/SLUS_010.40/libc/C40.d'.
  Considering target file 'src/SLUS_010.40/libc/C40.c'.
   Looking for an implicit rule for 'src/SLUS_010.40/libc/C40.c'.
   No implicit rule found for 'src/SLUS_010.40/libc/C40.c'.
  Finished prerequisites of target file 'src/SLUS_010.40/libc/C40.c'.
  No need to remake target 'src/SLUS_010.40/libc/C40.c'.
  Pruning file 'build/src/SLUS_010.40/libc/'.
 Finished prerequisites of target file 'build/src/SLUS_010.40/libc/C40.d'.
  Prerequisite 'src/SLUS_010.40/libc/C40.c' is older than target 'build/src/SLUS_010.40/libc/C40.d'.
  Prerequisite 'build/src/SLUS_010.40/libc/' is order-only for target 'build/src/SLUS_010.40/libc/C40.d'.
 No need to remake target 'build/src/SLUS_010.40/libc/C40.d'.
 Considering target file 'build/src/SLUS_010.40/libpad/PADSEQD.d'.
  Looking for an implicit rule for 'build/src/SLUS_010.40/libpad/PADSEQD.d'.
   Trying pattern rule 'build/%.d: %.c | $(@D)/' with stem 'src/SLUS_010.40/libpad/PADSEQD'.
   Trying implicit prerequisite 'src/SLUS_010.40/libpad/PADSEQD.c'.
   Found 'src/SLUS_010.40/libpad/PADSEQD.c'.
   Trying implicit prerequisite 'build/src/SLUS_010.40/libpad/'.
   'build/src/SLUS_010.40/libpad/' ought to exist.
  Found implicit rule 'build/%.d: %.c | $(@D)/' for 'build/src/SLUS_010.40/libpad/PADSEQD.d'.
  Considering target file 'src/SLUS_010.40/libpad/PADSEQD.c'.
   Looking for an implicit rule for 'src/SLUS_010.40/libpad/PADSEQD.c'.
   No implicit rule found for 'src/SLUS_010.40/libpad/PADSEQD.c'.
  Finished prerequisites of target file 'src/SLUS_010.40/libpad/PADSEQD.c'.
  No need to remake target 'src/SLUS_010.40/libpad/PADSEQD.c'.
  Pruning file 'build/src/SLUS_010.40/libpad/'.
 Finished prerequisites of target file 'build/src/SLUS_010.40/libpad/PADSEQD.d'.
  Prerequisite 'src/SLUS_010.40/libpad/PADSEQD.c' is older than target 'build/src/SLUS_010.40/libpad/PADSEQD.d'.
  Prerequisite 'build/src/SLUS_010.40/libpad/' is order-only for target 'build/src/SLUS_010.40/libpad/PADSEQD.d'.
 No need to remake target 'build/src/SLUS_010.40/libpad/PADSEQD.d'.
 Considering target file 'build/src/SLUS_010.40/libpad/WAITRC2.d'.
  Looking for an implicit rule for 'build/src/SLUS_010.40/libpad/WAITRC2.d'.
   Trying pattern rule 'build/%.d: %.c | $(@D)/' with stem 'src/SLUS_010.40/libpad/WAITRC2'.
   Trying implicit prerequisite 'src/SLUS_010.40/libpad/WAITRC2.c'.
   Found 'src/SLUS_010.40/libpad/WAITRC2.c'.
   Trying implicit prerequisite 'build/src/SLUS_010.40/libpad/'.
   'build/src/SLUS_010.40/libpad/' ought to exist.
  Found implicit rule 'build/%.d: %.c | $(@D)/' for 'build/src/SLUS_010.40/libpad/WAITRC2.d'.
  Considering target file 'src/SLUS_010.40/libpad/WAITRC2.c'.
   Looking for an implicit rule for 'src/SLUS_010.40/libpad/WAITRC2.c'.
   No implicit rule found for 'src/SLUS_010.40/libpad/WAITRC2.c'.
  Finished prerequisites of target file 'src/SLUS_010.40/libpad/WAITRC2.c'.
  No need to remake target 'src/SLUS_010.40/libpad/WAITRC2.c'.
  Pruning file 'build/src/SLUS_010.40/libpad/'.
 Finished prerequisites of target file 'build/src/SLUS_010.40/libpad/WAITRC2.d'.
  Prerequisite 'src/SLUS_010.40/libpad/WAITRC2.c' is older than target 'build/src/SLUS_010.40/libpad/WAITRC2.d'.
  Prerequisite 'build/src/SLUS_010.40/libpad/' is order-only for target 'build/src/SLUS_010.40/libpad/WAITRC2.d'.
 No need to remake target 'build/src/SLUS_010.40/libpad/WAITRC2.d'.
 Considering target file 'build/src/SLUS_010.40/libcard/C171.d'.
  Looking for an implicit rule for 'build/src/SLUS_010.40/libcard/C171.d'.
   Trying pattern rule 'build/%.d: %.c | $(@D)/' with stem 'src/SLUS_010.40/libcard/C171'.
   Trying implicit prerequisite 'src/SLUS_010.40/libcard/C171.c'.
   Found 'src/SLUS_010.40/libcard/C171.c'.
   Trying implicit prerequisite 'build/src/SLUS_010.40/libcard/'.
   Found 'build/src/SLUS_010.40/libcard/'.
  Found implicit rule 'build/%.d: %.c | $(@D)/' for 'build/src/SLUS_010.40/libcard/C171.d'.
  Considering target file 'src/SLUS_010.40/libcard/C171.c'.
   Looking for an implicit rule for 'src/SLUS_010.40/libcard/C171.c'.
   No implicit rule found for 'src/SLUS_010.40/libcard/C171.c'.
  Finished prerequisites of target file 'src/SLUS_010.40/libcard/C171.c'.
  No need to remake target 'src/SLUS_010.40/libcard/C171.c'.
  Considering target file 'build/src/SLUS_010.40/libcard/'.
   Looking for an implicit rule for 'build/src/SLUS_010.40/libcard/'.
    Trying pattern rule '%/:' with stem 'build/src/SLUS_010.40/libcard'.
   Found implicit rule '%/:' for 'build/src/SLUS_010.40/libcard/'.
  Finished prerequisites of target file 'build/src/SLUS_010.40/libcard/'.
  No need to remake target 'build/src/SLUS_010.40/libcard/'.
 Finished prerequisites of target file 'build/src/SLUS_010.40/libcard/C171.d'.
  Prerequisite 'src/SLUS_010.40/libcard/C171.c' is older than target 'build/src/SLUS_010.40/libcard/C171.d'.
  Prerequisite 'build/src/SLUS_010.40/libcard/' is order-only for target 'build/src/SLUS_010.40/libcard/C171.d'.
 No need to remake target 'build/src/SLUS_010.40/libcard/C171.d'.
 Considering target file 'build/src/SLUS_010.40/libcard/C172.d'.
  Looking for an implicit rule for 'build/src/SLUS_010.40/libcard/C172.d'.
   Trying pattern rule 'build/%.d: %.c | $(@D)/' with stem 'src/SLUS_010.40/libcard/C172'.
   Trying implicit prerequisite 'src/SLUS_010.40/libcard/C172.c'.
   Found 'src/SLUS_010.40/libcard/C172.c'.
   Trying implicit prerequisite 'build/src/SLUS_010.40/libcard/'.
   'build/src/SLUS_010.40/libcard/' ought to exist.
  Found implicit rule 'build/%.d: %.c | $(@D)/' for 'build/src/SLUS_010.40/libcard/C172.d'.
  Considering target file 'src/SLUS_010.40/libcard/C172.c'.
   Looking for an implicit rule for 'src/SLUS_010.40/libcard/C172.c'.
   No implicit rule found for 'src/SLUS_010.40/libcard/C172.c'.
  Finished prerequisites of target file 'src/SLUS_010.40/libcard/C172.c'.
  No need to remake target 'src/SLUS_010.40/libcard/C172.c'.
  Pruning file 'build/src/SLUS_010.40/libcard/'.
 Finished prerequisites of target file 'build/src/SLUS_010.40/libcard/C172.d'.
  Prerequisite 'src/SLUS_010.40/libcard/C172.c' is older than target 'build/src/SLUS_010.40/libcard/C172.d'.
  Prerequisite 'build/src/SLUS_010.40/libcard/' is order-only for target 'build/src/SLUS_010.40/libcard/C172.d'.
 No need to remake target 'build/src/SLUS_010.40/libcard/C172.d'.
 Considering target file 'build/src/SLUS_010.40/libcard/CARD.d'.
  Looking for an implicit rule for 'build/src/SLUS_010.40/libcard/CARD.d'.
   Trying pattern rule 'build/%.d: %.c | $(@D)/' with stem 'src/SLUS_010.40/libcard/CARD'.
   Trying implicit prerequisite 'src/SLUS_010.40/libcard/CARD.c'.
   Found 'src/SLUS_010.40/libcard/CARD.c'.
   Trying implicit prerequisite 'build/src/SLUS_010.40/libcard/'.
   'build/src/SLUS_010.40/libcard/' ought to exist.
  Found implicit rule 'build/%.d: %.c | $(@D)/' for 'build/src/SLUS_010.40/libcard/CARD.d'.
  Considering target file 'src/SLUS_010.40/libcard/CARD.c'.
   Looking for an implicit rule for 'src/SLUS_010.40/libcard/CARD.c'.
   No implicit rule found for 'src/SLUS_010.40/libcard/CARD.c'.
  Finished prerequisites of target file 'src/SLUS_010.40/libcard/CARD.c'.
  No need to remake target 'src/SLUS_010.40/libcard/CARD.c'.
  Pruning file 'build/src/SLUS_010.40/libcard/'.
 Finished prerequisites of target file 'build/src/SLUS_010.40/libcard/CARD.d'.
  Prerequisite 'src/SLUS_010.40/libcard/CARD.c' is older than target 'build/src/SLUS_010.40/libcard/CARD.d'.
  Prerequisite 'build/src/SLUS_010.40/libcard/' is order-only for target 'build/src/SLUS_010.40/libcard/CARD.d'.
 No need to remake target 'build/src/SLUS_010.40/libcard/CARD.d'.
 Considering target file 'build/src/SLUS_010.40/libcard/A78.d'.
  Looking for an implicit rule for 'build/src/SLUS_010.40/libcard/A78.d'.
   Trying pattern rule 'build/%.d: %.c | $(@D)/' with stem 'src/SLUS_010.40/libcard/A78'.
   Trying implicit prerequisite 'src/SLUS_010.40/libcard/A78.c'.
   Found 'src/SLUS_010.40/libcard/A78.c'.
   Trying implicit prerequisite 'build/src/SLUS_010.40/libcard/'.
   'build/src/SLUS_010.40/libcard/' ought to exist.
  Found implicit rule 'build/%.d: %.c | $(@D)/' for 'build/src/SLUS_010.40/libcard/A78.d'.
  Considering target file 'src/SLUS_010.40/libcard/A78.c'.
   Looking for an implicit rule for 'src/SLUS_010.40/libcard/A78.c'.
   No implicit rule found for 'src/SLUS_010.40/libcard/A78.c'.
  Finished prerequisites of target file 'src/SLUS_010.40/libcard/A78.c'.
  No need to remake target 'src/SLUS_010.40/libcard/A78.c'.
  Pruning file 'build/src/SLUS_010.40/libcard/'.
 Finished prerequisites of target file 'build/src/SLUS_010.40/libcard/A78.d'.
  Prerequisite 'src/SLUS_010.40/libcard/A78.c' is older than target 'build/src/SLUS_010.40/libcard/A78.d'.
  Prerequisite 'build/src/SLUS_010.40/libcard/' is order-only for target 'build/src/SLUS_010.40/libcard/A78.d'.
 No need to remake target 'build/src/SLUS_010.40/libcard/A78.d'.
 Considering target file 'build/src/SLUS_010.40/libcard/A80.d'.
  Looking for an implicit rule for 'build/src/SLUS_010.40/libcard/A80.d'.
   Trying pattern rule 'build/%.d: %.c | $(@D)/' with stem 'src/SLUS_010.40/libcard/A80'.
   Trying implicit prerequisite 'src/SLUS_010.40/libcard/A80.c'.
   Found 'src/SLUS_010.40/libcard/A80.c'.
   Trying implicit prerequisite 'build/src/SLUS_010.40/libcard/'.
   'build/src/SLUS_010.40/libcard/' ought to exist.
  Found implicit rule 'build/%.d: %.c | $(@D)/' for 'build/src/SLUS_010.40/libcard/A80.d'.
  Considering target file 'src/SLUS_010.40/libcard/A80.c'.
   Looking for an implicit rule for 'src/SLUS_010.40/libcard/A80.c'.
   No implicit rule found for 'src/SLUS_010.40/libcard/A80.c'.
  Finished prerequisites of target file 'src/SLUS_010.40/libcard/A80.c'.
  No need to remake target 'src/SLUS_010.40/libcard/A80.c'.
  Pruning file 'build/src/SLUS_010.40/libcard/'.
 Finished prerequisites of target file 'build/src/SLUS_010.40/libcard/A80.d'.
  Prerequisite 'src/SLUS_010.40/libcard/A80.c' is older than target 'build/src/SLUS_010.40/libcard/A80.d'.
  Prerequisite 'build/src/SLUS_010.40/libcard/' is order-only for target 'build/src/SLUS_010.40/libcard/A80.d'.
 No need to remake target 'build/src/SLUS_010.40/libcard/A80.d'.
 Considering target file 'build/src/SLUS_010.40/libcard/INIT.d'.
  Looking for an implicit rule for 'build/src/SLUS_010.40/libcard/INIT.d'.
   Trying pattern rule 'build/%.d: %.c | $(@D)/' with stem 'src/SLUS_010.40/libcard/INIT'.
   Trying implicit prerequisite 'src/SLUS_010.40/libcard/INIT.c'.
   Found 'src/SLUS_010.40/libcard/INIT.c'.
   Trying implicit prerequisite 'build/src/SLUS_010.40/libcard/'.
   'build/src/SLUS_010.40/libcard/' ought to exist.
  Found implicit rule 'build/%.d: %.c | $(@D)/' for 'build/src/SLUS_010.40/libcard/INIT.d'.
  Considering target file 'src/SLUS_010.40/libcard/INIT.c'.
   Looking for an implicit rule for 'src/SLUS_010.40/libcard/INIT.c'.
   No implicit rule found for 'src/SLUS_010.40/libcard/INIT.c'.
  Finished prerequisites of target file 'src/SLUS_010.40/libcard/INIT.c'.
  No need to remake target 'src/SLUS_010.40/libcard/INIT.c'.
  Pruning file 'build/src/SLUS_010.40/libcard/'.
 Finished prerequisites of target file 'build/src/SLUS_010.40/libcard/INIT.d'.
  Prerequisite 'src/SLUS_010.40/libcard/INIT.c' is older than target 'build/src/SLUS_010.40/libcard/INIT.d'.
  Prerequisite 'build/src/SLUS_010.40/libcard/' is order-only for target 'build/src/SLUS_010.40/libcard/INIT.d'.
 No need to remake target 'build/src/SLUS_010.40/libcard/INIT.d'.
 Considering target file 'build/src/SLUS_010.40/libapi/PAD.d'.
  Looking for an implicit rule for 'build/src/SLUS_010.40/libapi/PAD.d'.
   Trying pattern rule 'build/%.d: %.c | $(@D)/' with stem 'src/SLUS_010.40/libapi/PAD'.
   Trying implicit prerequisite 'src/SLUS_010.40/libapi/PAD.c'.
   Found 'src/SLUS_010.40/libapi/PAD.c'.
   Trying implicit prerequisite 'build/src/SLUS_010.40/libapi/'.
   'build/src/SLUS_010.40/libapi/' ought to exist.
  Found implicit rule 'build/%.d: %.c | $(@D)/' for 'build/src/SLUS_010.40/libapi/PAD.d'.
  Considering target file 'src/SLUS_010.40/libapi/PAD.c'.
   Looking for an implicit rule for 'src/SLUS_010.40/libapi/PAD.c'.
   No implicit rule found for 'src/SLUS_010.40/libapi/PAD.c'.
  Finished prerequisites of target file 'src/SLUS_010.40/libapi/PAD.c'.
  No need to remake target 'src/SLUS_010.40/libapi/PAD.c'.
  Pruning file 'build/src/SLUS_010.40/libapi/'.
 Finished prerequisites of target file 'build/src/SLUS_010.40/libapi/PAD.d'.
  Prerequisite 'src/SLUS_010.40/libapi/PAD.c' is older than target 'build/src/SLUS_010.40/libapi/PAD.d'.
  Prerequisite 'build/src/SLUS_010.40/libapi/' is order-only for target 'build/src/SLUS_010.40/libapi/PAD.d'.
 No need to remake target 'build/src/SLUS_010.40/libapi/PAD.d'.
 Considering target file 'build/src/SLUS_010.40/libapi/A18.d'.
  Looking for an implicit rule for 'build/src/SLUS_010.40/libapi/A18.d'.
   Trying pattern rule 'build/%.d: %.c | $(@D)/' with stem 'src/SLUS_010.40/libapi/A18'.
   Trying implicit prerequisite 'src/SLUS_010.40/libapi/A18.c'.
   Found 'src/SLUS_010.40/libapi/A18.c'.
   Trying implicit prerequisite 'build/src/SLUS_010.40/libapi/'.
   'build/src/SLUS_010.40/libapi/' ought to exist.
  Found implicit rule 'build/%.d: %.c | $(@D)/' for 'build/src/SLUS_010.40/libapi/A18.d'.
  Considering target file 'src/SLUS_010.40/libapi/A18.c'.
   Looking for an implicit rule for 'src/SLUS_010.40/libapi/A18.c'.
   No implicit rule found for 'src/SLUS_010.40/libapi/A18.c'.
  Finished prerequisites of target file 'src/SLUS_010.40/libapi/A18.c'.
  No need to remake target 'src/SLUS_010.40/libapi/A18.c'.
  Pruning file 'build/src/SLUS_010.40/libapi/'.
 Finished prerequisites of target file 'build/src/SLUS_010.40/libapi/A18.d'.
  Prerequisite 'src/SLUS_010.40/libapi/A18.c' is older than target 'build/src/SLUS_010.40/libapi/A18.d'.
  Prerequisite 'build/src/SLUS_010.40/libapi/' is order-only for target 'build/src/SLUS_010.40/libapi/A18.d'.
 No need to remake target 'build/src/SLUS_010.40/libapi/A18.d'.
 Considering target file 'build/src/SLUS_010.40/libapi/A19.d'.
  Looking for an implicit rule for 'build/src/SLUS_010.40/libapi/A19.d'.
   Trying pattern rule 'build/%.d: %.c | $(@D)/' with stem 'src/SLUS_010.40/libapi/A19'.
   Trying implicit prerequisite 'src/SLUS_010.40/libapi/A19.c'.
   Found 'src/SLUS_010.40/libapi/A19.c'.
   Trying implicit prerequisite 'build/src/SLUS_010.40/libapi/'.
   'build/src/SLUS_010.40/libapi/' ought to exist.
  Found implicit rule 'build/%.d: %.c | $(@D)/' for 'build/src/SLUS_010.40/libapi/A19.d'.
  Considering target file 'src/SLUS_010.40/libapi/A19.c'.
   Looking for an implicit rule for 'src/SLUS_010.40/libapi/A19.c'.
   No implicit rule found for 'src/SLUS_010.40/libapi/A19.c'.
  Finished prerequisites of target file 'src/SLUS_010.40/libapi/A19.c'.
  No need to remake target 'src/SLUS_010.40/libapi/A19.c'.
  Pruning file 'build/src/SLUS_010.40/libapi/'.
 Finished prerequisites of target file 'build/src/SLUS_010.40/libapi/A19.d'.
  Prerequisite 'src/SLUS_010.40/libapi/A19.c' is older than target 'build/src/SLUS_010.40/libapi/A19.d'.
  Prerequisite 'build/src/SLUS_010.40/libapi/' is order-only for target 'build/src/SLUS_010.40/libapi/A19.d'.
 No need to remake target 'build/src/SLUS_010.40/libapi/A19.d'.
 Considering target file 'build/src/SLUS_010.40/libapi/A20.d'.
  Looking for an implicit rule for 'build/src/SLUS_010.40/libapi/A20.d'.
   Trying pattern rule 'build/%.d: %.c | $(@D)/' with stem 'src/SLUS_010.40/libapi/A20'.
   Trying implicit prerequisite 'src/SLUS_010.40/libapi/A20.c'.
   Found 'src/SLUS_010.40/libapi/A20.c'.
   Trying implicit prerequisite 'build/src/SLUS_010.40/libapi/'.
   'build/src/SLUS_010.40/libapi/' ought to exist.
  Found implicit rule 'build/%.d: %.c | $(@D)/' for 'build/src/SLUS_010.40/libapi/A20.d'.
  Considering target file 'src/SLUS_010.40/libapi/A20.c'.
   Looking for an implicit rule for 'src/SLUS_010.40/libapi/A20.c'.
   No implicit rule found for 'src/SLUS_010.40/libapi/A20.c'.
  Finished prerequisites of target file 'src/SLUS_010.40/libapi/A20.c'.
  No need to remake target 'src/SLUS_010.40/libapi/A20.c'.
  Pruning file 'build/src/SLUS_010.40/libapi/'.
 Finished prerequisites of target file 'build/src/SLUS_010.40/libapi/A20.d'.
  Prerequisite 'src/SLUS_010.40/libapi/A20.c' is older than target 'build/src/SLUS_010.40/libapi/A20.d'.
  Prerequisite 'build/src/SLUS_010.40/libapi/' is order-only for target 'build/src/SLUS_010.40/libapi/A20.d'.
 No need to remake target 'build/src/SLUS_010.40/libapi/A20.d'.
 Considering target file 'build/src/SLUS_010.40/libapi/A21.d'.
  Looking for an implicit rule for 'build/src/SLUS_010.40/libapi/A21.d'.
   Trying pattern rule 'build/%.d: %.c | $(@D)/' with stem 'src/SLUS_010.40/libapi/A21'.
   Trying implicit prerequisite 'src/SLUS_010.40/libapi/A21.c'.
   Found 'src/SLUS_010.40/libapi/A21.c'.
   Trying implicit prerequisite 'build/src/SLUS_010.40/libapi/'.
   'build/src/SLUS_010.40/libapi/' ought to exist.
  Found implicit rule 'build/%.d: %.c | $(@D)/' for 'build/src/SLUS_010.40/libapi/A21.d'.
  Considering target file 'src/SLUS_010.40/libapi/A21.c'.
   Looking for an implicit rule for 'src/SLUS_010.40/libapi/A21.c'.
   No implicit rule found for 'src/SLUS_010.40/libapi/A21.c'.
  Finished prerequisites of target file 'src/SLUS_010.40/libapi/A21.c'.
  No need to remake target 'src/SLUS_010.40/libapi/A21.c'.
  Pruning file 'build/src/SLUS_010.40/libapi/'.
 Finished prerequisites of target file 'build/src/SLUS_010.40/libapi/A21.d'.
  Prerequisite 'src/SLUS_010.40/libapi/A21.c' is older than target 'build/src/SLUS_010.40/libapi/A21.d'.
  Prerequisite 'build/src/SLUS_010.40/libapi/' is order-only for target 'build/src/SLUS_010.40/libapi/A21.d'.
 No need to remake target 'build/src/SLUS_010.40/libapi/A21.d'.
 Considering target file 'build/src/SLUS_010.40/libapi/PATCH.d'.
  Looking for an implicit rule for 'build/src/SLUS_010.40/libapi/PATCH.d'.
   Trying pattern rule 'build/%.d: %.c | $(@D)/' with stem 'src/SLUS_010.40/libapi/PATCH'.
   Trying implicit prerequisite 'src/SLUS_010.40/libapi/PATCH.c'.
   Found 'src/SLUS_010.40/libapi/PATCH.c'.
   Trying implicit prerequisite 'build/src/SLUS_010.40/libapi/'.
   'build/src/SLUS_010.40/libapi/' ought to exist.
  Found implicit rule 'build/%.d: %.c | $(@D)/' for 'build/src/SLUS_010.40/libapi/PATCH.d'.
  Considering target file 'src/SLUS_010.40/libapi/PATCH.c'.
   Looking for an implicit rule for 'src/SLUS_010.40/libapi/PATCH.c'.
   No implicit rule found for 'src/SLUS_010.40/libapi/PATCH.c'.
  Finished prerequisites of target file 'src/SLUS_010.40/libapi/PATCH.c'.
  No need to remake target 'src/SLUS_010.40/libapi/PATCH.c'.
  Pruning file 'build/src/SLUS_010.40/libapi/'.
 Finished prerequisites of target file 'build/src/SLUS_010.40/libapi/PATCH.d'.
  Prerequisite 'src/SLUS_010.40/libapi/PATCH.c' is older than target 'build/src/SLUS_010.40/libapi/PATCH.d'.
  Prerequisite 'build/src/SLUS_010.40/libapi/' is order-only for target 'build/src/SLUS_010.40/libapi/PATCH.d'.
 No need to remake target 'build/src/SLUS_010.40/libapi/PATCH.d'.
 Considering target file 'build/src/SLUS_010.40/libapi/CHCLRPAD.d'.
  File 'build/src/SLUS_010.40/libapi/CHCLRPAD.d' does not exist.
  Looking for an implicit rule for 'build/src/SLUS_010.40/libapi/CHCLRPAD.d'.
   Trying pattern rule 'build/%.d: %.c | $(@D)/' with stem 'src/SLUS_010.40/libapi/CHCLRPAD'.
   Trying implicit prerequisite 'src/SLUS_010.40/libapi/CHCLRPAD.c'.
   Not found 'src/SLUS_010.40/libapi/CHCLRPAD.c'.
   Trying harder.
   Trying pattern rule 'build/%.d: %.c | $(@D)/' with stem 'src/SLUS_010.40/libapi/CHCLRPAD'.
   Trying implicit prerequisite 'src/SLUS_010.40/libapi/CHCLRPAD.c'.
   Looking for a rule with intermediate file 'src/SLUS_010.40/libapi/CHCLRPAD.c'.
    Avoiding implicit rule recursion for rule 'build/%.d: %.c | $(@D)/'.
   No implicit rule found for 'src/SLUS_010.40/libapi/CHCLRPAD.c'.
   Rejecting rule 'build/%.d: %.c | $(@D)/' due to impossible prerequisite 'src/SLUS_010.40/libapi/CHCLRPAD.c'.
  No implicit rule found for 'build/src/SLUS_010.40/libapi/CHCLRPAD.d'.
 Finished prerequisites of target file 'build/src/SLUS_010.40/libapi/CHCLRPAD.d'.
 Must remake target 'build/src/SLUS_010.40/libapi/CHCLRPAD.d'.
 Failed to remake target file 'build/src/SLUS_010.40/libapi/CHCLRPAD.d'.
 Considering target file 'build/src/SLUS_010.40/libcard/A74.d'.
  Looking for an implicit rule for 'build/src/SLUS_010.40/libcard/A74.d'.
   Trying pattern rule 'build/%.d: %.c | $(@D)/' with stem 'src/SLUS_010.40/libcard/A74'.
   Trying implicit prerequisite 'src/SLUS_010.40/libcard/A74.c'.
   Found 'src/SLUS_010.40/libcard/A74.c'.
   Trying implicit prerequisite 'build/src/SLUS_010.40/libcard/'.
   'build/src/SLUS_010.40/libcard/' ought to exist.
  Found implicit rule 'build/%.d: %.c | $(@D)/' for 'build/src/SLUS_010.40/libcard/A74.d'.
  Considering target file 'src/SLUS_010.40/libcard/A74.c'.
   Looking for an implicit rule for 'src/SLUS_010.40/libcard/A74.c'.
   No implicit rule found for 'src/SLUS_010.40/libcard/A74.c'.
  Finished prerequisites of target file 'src/SLUS_010.40/libcard/A74.c'.
  No need to remake target 'src/SLUS_010.40/libcard/A74.c'.
  Pruning file 'build/src/SLUS_010.40/libcard/'.
 Finished prerequisites of target file 'build/src/SLUS_010.40/libcard/A74.d'.
  Prerequisite 'src/SLUS_010.40/libcard/A74.c' is older than target 'build/src/SLUS_010.40/libcard/A74.d'.
  Prerequisite 'build/src/SLUS_010.40/libcard/' is order-only for target 'build/src/SLUS_010.40/libcard/A74.d'.
 No need to remake target 'build/src/SLUS_010.40/libcard/A74.d'.
 Considering target file 'build/src/SLUS_010.40/libcard/A75.d'.
  Looking for an implicit rule for 'build/src/SLUS_010.40/libcard/A75.d'.
   Trying pattern rule 'build/%.d: %.c | $(@D)/' with stem 'src/SLUS_010.40/libcard/A75'.
   Trying implicit prerequisite 'src/SLUS_010.40/libcard/A75.c'.
   Found 'src/SLUS_010.40/libcard/A75.c'.
   Trying implicit prerequisite 'build/src/SLUS_010.40/libcard/'.
   'build/src/SLUS_010.40/libcard/' ought to exist.
  Found implicit rule 'build/%.d: %.c | $(@D)/' for 'build/src/SLUS_010.40/libcard/A75.d'.
  Considering target file 'src/SLUS_010.40/libcard/A75.c'.
   Looking for an implicit rule for 'src/SLUS_010.40/libcard/A75.c'.
   No implicit rule found for 'src/SLUS_010.40/libcard/A75.c'.
  Finished prerequisites of target file 'src/SLUS_010.40/libcard/A75.c'.
  No need to remake target 'src/SLUS_010.40/libcard/A75.c'.
  Pruning file 'build/src/SLUS_010.40/libcard/'.
 Finished prerequisites of target file 'build/src/SLUS_010.40/libcard/A75.d'.
  Prerequisite 'src/SLUS_010.40/libcard/A75.c' is older than target 'build/src/SLUS_010.40/libcard/A75.d'.
  Prerequisite 'build/src/SLUS_010.40/libcard/' is order-only for target 'build/src/SLUS_010.40/libcard/A75.d'.
 No need to remake target 'build/src/SLUS_010.40/libcard/A75.d'.
 Considering target file 'build/src/SLUS_010.40/libcard/A76.d'.
  Looking for an implicit rule for 'build/src/SLUS_010.40/libcard/A76.d'.
   Trying pattern rule 'build/%.d: %.c | $(@D)/' with stem 'src/SLUS_010.40/libcard/A76'.
   Trying implicit prerequisite 'src/SLUS_010.40/libcard/A76.c'.
   Found 'src/SLUS_010.40/libcard/A76.c'.
   Trying implicit prerequisite 'build/src/SLUS_010.40/libcard/'.
   'build/src/SLUS_010.40/libcard/' ought to exist.
  Found implicit rule 'build/%.d: %.c | $(@D)/' for 'build/src/SLUS_010.40/libcard/A76.d'.
  Considering target file 'src/SLUS_010.40/libcard/A76.c'.
   Looking for an implicit rule for 'src/SLUS_010.40/libcard/A76.c'.
   No implicit rule found for 'src/SLUS_010.40/libcard/A76.c'.
  Finished prerequisites of target file 'src/SLUS_010.40/libcard/A76.c'.
  No need to remake target 'src/SLUS_010.40/libcard/A76.c'.
  Pruning file 'build/src/SLUS_010.40/libcard/'.
 Finished prerequisites of target file 'build/src/SLUS_010.40/libcard/A76.d'.
  Prerequisite 'src/SLUS_010.40/libcard/A76.c' is older than target 'build/src/SLUS_010.40/libcard/A76.d'.
  Prerequisite 'build/src/SLUS_010.40/libcard/' is order-only for target 'build/src/SLUS_010.40/libcard/A76.d'.
 No need to remake target 'build/src/SLUS_010.40/libcard/A76.d'.
 Considering target file 'build/src/SLUS_010.40/libcard/PATCH.d'.
  Looking for an implicit rule for 'build/src/SLUS_010.40/libcard/PATCH.d'.
   Trying pattern rule 'build/%.d: %.c | $(@D)/' with stem 'src/SLUS_010.40/libcard/PATCH'.
   Trying implicit prerequisite 'src/SLUS_010.40/libcard/PATCH.c'.
   Found 'src/SLUS_010.40/libcard/PATCH.c'.
   Trying implicit prerequisite 'build/src/SLUS_010.40/libcard/'.
   'build/src/SLUS_010.40/libcard/' ought to exist.
  Found implicit rule 'build/%.d: %.c | $(@D)/' for 'build/src/SLUS_010.40/libcard/PATCH.d'.
  Considering target file 'src/SLUS_010.40/libcard/PATCH.c'.
   Looking for an implicit rule for 'src/SLUS_010.40/libcard/PATCH.c'.
   No implicit rule found for 'src/SLUS_010.40/libcard/PATCH.c'.
  Finished prerequisites of target file 'src/SLUS_010.40/libcard/PATCH.c'.
  No need to remake target 'src/SLUS_010.40/libcard/PATCH.c'.
  Pruning file 'build/src/SLUS_010.40/libcard/'.
 Finished prerequisites of target file 'build/src/SLUS_010.40/libcard/PATCH.d'.
  Prerequisite 'src/SLUS_010.40/libcard/PATCH.c' is older than target 'build/src/SLUS_010.40/libcard/PATCH.d'.
  Prerequisite 'build/src/SLUS_010.40/libcard/' is order-only for target 'build/src/SLUS_010.40/libcard/PATCH.d'.
 No need to remake target 'build/src/SLUS_010.40/libcard/PATCH.d'.
 Considering target file 'build/src/SLUS_010.40/libcard/END.d'.
  Looking for an implicit rule for 'build/src/SLUS_010.40/libcard/END.d'.
   Trying pattern rule 'build/%.d: %.c | $(@D)/' with stem 'src/SLUS_010.40/libcard/END'.
   Trying implicit prerequisite 'src/SLUS_010.40/libcard/END.c'.
   Found 'src/SLUS_010.40/libcard/END.c'.
   Trying implicit prerequisite 'build/src/SLUS_010.40/libcard/'.
   'build/src/SLUS_010.40/libcard/' ought to exist.
  Found implicit rule 'build/%.d: %.c | $(@D)/' for 'build/src/SLUS_010.40/libcard/END.d'.
  Considering target file 'src/SLUS_010.40/libcard/END.c'.
   Looking for an implicit rule for 'src/SLUS_010.40/libcard/END.c'.
   No implicit rule found for 'src/SLUS_010.40/libcard/END.c'.
  Finished prerequisites of target file 'src/SLUS_010.40/libcard/END.c'.
  No need to remake target 'src/SLUS_010.40/libcard/END.c'.
  Pruning file 'build/src/SLUS_010.40/libcard/'.
 Finished prerequisites of target file 'build/src/SLUS_010.40/libcard/END.d'.
  Prerequisite 'src/SLUS_010.40/libcard/END.c' is older than target 'build/src/SLUS_010.40/libcard/END.d'.
  Prerequisite 'build/src/SLUS_010.40/libcard/' is order-only for target 'build/src/SLUS_010.40/libcard/END.d'.
 No need to remake target 'build/src/SLUS_010.40/libcard/END.d'.
 Considering target file 'build/src/SLUS_010.40/libcard/FORMAT.d'.
  Looking for an implicit rule for 'build/src/SLUS_010.40/libcard/FORMAT.d'.
   Trying pattern rule 'build/%.d: %.c | $(@D)/' with stem 'src/SLUS_010.40/libcard/FORMAT'.
   Trying implicit prerequisite 'src/SLUS_010.40/libcard/FORMAT.c'.
   Found 'src/SLUS_010.40/libcard/FORMAT.c'.
   Trying implicit prerequisite 'build/src/SLUS_010.40/libcard/'.
   'build/src/SLUS_010.40/libcard/' ought to exist.
  Found implicit rule 'build/%.d: %.c | $(@D)/' for 'build/src/SLUS_010.40/libcard/FORMAT.d'.
  Considering target file 'src/SLUS_010.40/libcard/FORMAT.c'.
   Looking for an implicit rule for 'src/SLUS_010.40/libcard/FORMAT.c'.
   No implicit rule found for 'src/SLUS_010.40/libcard/FORMAT.c'.
  Finished prerequisites of target file 'src/SLUS_010.40/libcard/FORMAT.c'.
  No need to remake target 'src/SLUS_010.40/libcard/FORMAT.c'.
  Pruning file 'build/src/SLUS_010.40/libcard/'.
 Finished prerequisites of target file 'build/src/SLUS_010.40/libcard/FORMAT.d'.
  Prerequisite 'src/SLUS_010.40/libcard/FORMAT.c' is older than target 'build/src/SLUS_010.40/libcard/FORMAT.d'.
  Prerequisite 'build/src/SLUS_010.40/libcard/' is order-only for target 'build/src/SLUS_010.40/libcard/FORMAT.d'.
 No need to remake target 'build/src/SLUS_010.40/libcard/FORMAT.d'.
 Considering target file 'build/src/SLUS_010.40/libcard/A79.d'.
  Looking for an implicit rule for 'build/src/SLUS_010.40/libcard/A79.d'.
   Trying pattern rule 'build/%.d: %.c | $(@D)/' with stem 'src/SLUS_010.40/libcard/A79'.
   Trying implicit prerequisite 'src/SLUS_010.40/libcard/A79.c'.
   Found 'src/SLUS_010.40/libcard/A79.c'.
   Trying implicit prerequisite 'build/src/SLUS_010.40/libcard/'.
   'build/src/SLUS_010.40/libcard/' ought to exist.
  Found implicit rule 'build/%.d: %.c | $(@D)/' for 'build/src/SLUS_010.40/libcard/A79.d'.
  Considering target file 'src/SLUS_010.40/libcard/A79.c'.
   Looking for an implicit rule for 'src/SLUS_010.40/libcard/A79.c'.
   No implicit rule found for 'src/SLUS_010.40/libcard/A79.c'.
  Finished prerequisites of target file 'src/SLUS_010.40/libcard/A79.c'.
  No need to remake target 'src/SLUS_010.40/libcard/A79.c'.
  Pruning file 'build/src/SLUS_010.40/libcard/'.
 Finished prerequisites of target file 'build/src/SLUS_010.40/libcard/A79.d'.
  Prerequisite 'src/SLUS_010.40/libcard/A79.c' is older than target 'build/src/SLUS_010.40/libcard/A79.d'.
  Prerequisite 'build/src/SLUS_010.40/libcard/' is order-only for target 'build/src/SLUS_010.40/libcard/A79.d'.
 No need to remake target 'build/src/SLUS_010.40/libcard/A79.d'.
 Considering target file 'build/src/SLUS_010.40/libcard/A92.d'.
  Looking for an implicit rule for 'build/src/SLUS_010.40/libcard/A92.d'.
   Trying pattern rule 'build/%.d: %.c | $(@D)/' with stem 'src/SLUS_010.40/libcard/A92'.
   Trying implicit prerequisite 'src/SLUS_010.40/libcard/A92.c'.
   Found 'src/SLUS_010.40/libcard/A92.c'.
   Trying implicit prerequisite 'build/src/SLUS_010.40/libcard/'.
   'build/src/SLUS_010.40/libcard/' ought to exist.
  Found implicit rule 'build/%.d: %.c | $(@D)/' for 'build/src/SLUS_010.40/libcard/A92.d'.
  Considering target file 'src/SLUS_010.40/libcard/A92.c'.
   Looking for an implicit rule for 'src/SLUS_010.40/libcard/A92.c'.
   No implicit rule found for 'src/SLUS_010.40/libcard/A92.c'.
  Finished prerequisites of target file 'src/SLUS_010.40/libcard/A92.c'.
  No need to remake target 'src/SLUS_010.40/libcard/A92.c'.
  Pruning file 'build/src/SLUS_010.40/libcard/'.
 Finished prerequisites of target file 'build/src/SLUS_010.40/libcard/A92.d'.
  Prerequisite 'src/SLUS_010.40/libcard/A92.c' is older than target 'build/src/SLUS_010.40/libcard/A92.d'.
  Prerequisite 'build/src/SLUS_010.40/libcard/' is order-only for target 'build/src/SLUS_010.40/libcard/A92.d'.
 No need to remake target 'build/src/SLUS_010.40/libcard/A92.d'.
 Considering target file 'build/src/SLUS_010.40/1FD44.data.d'.
  File 'build/src/SLUS_010.40/1FD44.data.d' does not exist.
  Looking for an implicit rule for 'build/src/SLUS_010.40/1FD44.data.d'.
   Trying pattern rule 'build/%.d: %.c | $(@D)/' with stem 'src/SLUS_010.40/1FD44.data'.
   Trying implicit prerequisite 'src/SLUS_010.40/1FD44.data.c'.
   Not found 'src/SLUS_010.40/1FD44.data.c'.
   Trying harder.
   Trying pattern rule 'build/%.d: %.c | $(@D)/' with stem 'src/SLUS_010.40/1FD44.data'.
   Trying implicit prerequisite 'src/SLUS_010.40/1FD44.data.c'.
   Looking for a rule with intermediate file 'src/SLUS_010.40/1FD44.data.c'.
    Avoiding implicit rule recursion for rule 'build/%.d: %.c | $(@D)/'.
   No implicit rule found for 'src/SLUS_010.40/1FD44.data.c'.
   Rejecting rule 'build/%.d: %.c | $(@D)/' due to impossible prerequisite 'src/SLUS_010.40/1FD44.data.c'.
  No implicit rule found for 'build/src/SLUS_010.40/1FD44.data.d'.
 Finished prerequisites of target file 'build/src/SLUS_010.40/1FD44.data.d'.
 Must remake target 'build/src/SLUS_010.40/1FD44.data.d'.
 Failed to remake target file 'build/src/SLUS_010.40/1FD44.data.d'.
 Considering target file 'build/src/SLUS_010.40/217DC.data.d'.
  File 'build/src/SLUS_010.40/217DC.data.d' does not exist.
  Looking for an implicit rule for 'build/src/SLUS_010.40/217DC.data.d'.
   Trying pattern rule 'build/%.d: %.c | $(@D)/' with stem 'src/SLUS_010.40/217DC.data'.
   Trying implicit prerequisite 'src/SLUS_010.40/217DC.data.c'.
   Not found 'src/SLUS_010.40/217DC.data.c'.
   Trying harder.
   Trying pattern rule 'build/%.d: %.c | $(@D)/' with stem 'src/SLUS_010.40/217DC.data'.
   Trying implicit prerequisite 'src/SLUS_010.40/217DC.data.c'.
   Looking for a rule with intermediate file 'src/SLUS_010.40/217DC.data.c'.
    Avoiding implicit rule recursion for rule 'build/%.d: %.c | $(@D)/'.
   No implicit rule found for 'src/SLUS_010.40/217DC.data.c'.
   Rejecting rule 'build/%.d: %.c | $(@D)/' due to impossible prerequisite 'src/SLUS_010.40/217DC.data.c'.
  No implicit rule found for 'build/src/SLUS_010.40/217DC.data.d'.
 Finished prerequisites of target file 'build/src/SLUS_010.40/217DC.data.d'.
 Must remake target 'build/src/SLUS_010.40/217DC.data.d'.
 Failed to remake target file 'build/src/SLUS_010.40/217DC.data.d'.
 Considering target file 'build/src/SLUS_010.40/23054.data.d'.
  File 'build/src/SLUS_010.40/23054.data.d' does not exist.
  Looking for an implicit rule for 'build/src/SLUS_010.40/23054.data.d'.
   Trying pattern rule 'build/%.d: %.c | $(@D)/' with stem 'src/SLUS_010.40/23054.data'.
   Trying implicit prerequisite 'src/SLUS_010.40/23054.data.c'.
   Not found 'src/SLUS_010.40/23054.data.c'.
   Trying harder.
   Trying pattern rule 'build/%.d: %.c | $(@D)/' with stem 'src/SLUS_010.40/23054.data'.
   Trying implicit prerequisite 'src/SLUS_010.40/23054.data.c'.
   Looking for a rule with intermediate file 'src/SLUS_010.40/23054.data.c'.
    Avoiding implicit rule recursion for rule 'build/%.d: %.c | $(@D)/'.
   No implicit rule found for 'src/SLUS_010.40/23054.data.c'.
   Rejecting rule 'build/%.d: %.c | $(@D)/' due to impossible prerequisite 'src/SLUS_010.40/23054.data.c'.
  No implicit rule found for 'build/src/SLUS_010.40/23054.data.d'.
 Finished prerequisites of target file 'build/src/SLUS_010.40/23054.data.d'.
 Must remake target 'build/src/SLUS_010.40/23054.data.d'.
 Failed to remake target file 'build/src/SLUS_010.40/23054.data.d'.
 Considering target file 'build/src/SLUS_010.40/23E90.bss.d'.
  File 'build/src/SLUS_010.40/23E90.bss.d' does not exist.
  Looking for an implicit rule for 'build/src/SLUS_010.40/23E90.bss.d'.
   Trying pattern rule 'build/%.d: %.c | $(@D)/' with stem 'src/SLUS_010.40/23E90.bss'.
   Trying implicit prerequisite 'src/SLUS_010.40/23E90.bss.c'.
   Not found 'src/SLUS_010.40/23E90.bss.c'.
   Trying harder.
   Trying pattern rule 'build/%.d: %.c | $(@D)/' with stem 'src/SLUS_010.40/23E90.bss'.
   Trying implicit prerequisite 'src/SLUS_010.40/23E90.bss.c'.
   Looking for a rule with intermediate file 'src/SLUS_010.40/23E90.bss.c'.
    Avoiding implicit rule recursion for rule 'build/%.d: %.c | $(@D)/'.
   No implicit rule found for 'src/SLUS_010.40/23E90.bss.c'.
   Rejecting rule 'build/%.d: %.c | $(@D)/' due to impossible prerequisite 'src/SLUS_010.40/23E90.bss.c'.
  No implicit rule found for 'build/src/SLUS_010.40/23E90.bss.d'.
 Finished prerequisites of target file 'build/src/SLUS_010.40/23E90.bss.d'.
 Must remake target 'build/src/SLUS_010.40/23E90.bss.d'.
 Failed to remake target file 'build/src/SLUS_010.40/23E90.bss.d'.
 Considering target file 'build/src/SLUS_010.40/2A6A0.bss.d'.
  File 'build/src/SLUS_010.40/2A6A0.bss.d' does not exist.
  Looking for an implicit rule for 'build/src/SLUS_010.40/2A6A0.bss.d'.
   Trying pattern rule 'build/%.d: %.c | $(@D)/' with stem 'src/SLUS_010.40/2A6A0.bss'.
   Trying implicit prerequisite 'src/SLUS_010.40/2A6A0.bss.c'.
   Not found 'src/SLUS_010.40/2A6A0.bss.c'.
   Trying harder.
   Trying pattern rule 'build/%.d: %.c | $(@D)/' with stem 'src/SLUS_010.40/2A6A0.bss'.
   Trying implicit prerequisite 'src/SLUS_010.40/2A6A0.bss.c'.
   Looking for a rule with intermediate file 'src/SLUS_010.40/2A6A0.bss.c'.
    Avoiding implicit rule recursion for rule 'build/%.d: %.c | $(@D)/'.
   No implicit rule found for 'src/SLUS_010.40/2A6A0.bss.c'.
   Rejecting rule 'build/%.d: %.c | $(@D)/' due to impossible prerequisite 'src/SLUS_010.40/2A6A0.bss.c'.
  No implicit rule found for 'build/src/SLUS_010.40/2A6A0.bss.d'.
 Finished prerequisites of target file 'build/src/SLUS_010.40/2A6A0.bss.d'.
 Must remake target 'build/src/SLUS_010.40/2A6A0.bss.d'.
 Failed to remake target file 'build/src/SLUS_010.40/2A6A0.bss.d'.
 Considering target file 'build/src/SLUS_010.40/306D8.bss.d'.
  File 'build/src/SLUS_010.40/306D8.bss.d' does not exist.
  Looking for an implicit rule for 'build/src/SLUS_010.40/306D8.bss.d'.
   Trying pattern rule 'build/%.d: %.c | $(@D)/' with stem 'src/SLUS_010.40/306D8.bss'.
   Trying implicit prerequisite 'src/SLUS_010.40/306D8.bss.c'.
   Not found 'src/SLUS_010.40/306D8.bss.c'.
   Trying harder.
   Trying pattern rule 'build/%.d: %.c | $(@D)/' with stem 'src/SLUS_010.40/306D8.bss'.
   Trying implicit prerequisite 'src/SLUS_010.40/306D8.bss.c'.
   Looking for a rule with intermediate file 'src/SLUS_010.40/306D8.bss.c'.
    Avoiding implicit rule recursion for rule 'build/%.d: %.c | $(@D)/'.
   No implicit rule found for 'src/SLUS_010.40/306D8.bss.c'.
   Rejecting rule 'build/%.d: %.c | $(@D)/' due to impossible prerequisite 'src/SLUS_010.40/306D8.bss.c'.
  No implicit rule found for 'build/src/SLUS_010.40/306D8.bss.d'.
 Finished prerequisites of target file 'build/src/SLUS_010.40/306D8.bss.d'.
 Must remake target 'build/src/SLUS_010.40/306D8.bss.d'.
 Failed to remake target file 'build/src/SLUS_010.40/306D8.bss.d'.
 Considering target file 'build/src/SLUS_010.40/31724.d'.
  Looking for an implicit rule for 'build/src/SLUS_010.40/31724.d'.
   Trying pattern rule 'build/%.d: %.c | $(@D)/' with stem 'src/SLUS_010.40/31724'.
   Trying implicit prerequisite 'src/SLUS_010.40/31724.c'.
   Found 'src/SLUS_010.40/31724.c'.
   Trying implicit prerequisite 'build/src/SLUS_010.40/'.
   'build/src/SLUS_010.40/' ought to exist.
  Found implicit rule 'build/%.d: %.c | $(@D)/' for 'build/src/SLUS_010.40/31724.d'.
  Considering target file 'src/SLUS_010.40/31724.c'.
   Looking for an implicit rule for 'src/SLUS_010.40/31724.c'.
   No implicit rule found for 'src/SLUS_010.40/31724.c'.
  Finished prerequisites of target file 'src/SLUS_010.40/31724.c'.
  No need to remake target 'src/SLUS_010.40/31724.c'.
  Pruning file 'build/src/SLUS_010.40/'.
 Finished prerequisites of target file 'build/src/SLUS_010.40/31724.d'.
  Prerequisite 'src/SLUS_010.40/31724.c' is older than target 'build/src/SLUS_010.40/31724.d'.
  Prerequisite 'build/src/SLUS_010.40/' is order-only for target 'build/src/SLUS_010.40/31724.d'.
 No need to remake target 'build/src/SLUS_010.40/31724.d'.
 Considering target file 'build/src/SLUS_010.40/32154.rodata.d'.
  File 'build/src/SLUS_010.40/32154.rodata.d' does not exist.
  Looking for an implicit rule for 'build/src/SLUS_010.40/32154.rodata.d'.
   Trying pattern rule 'build/%.d: %.c | $(@D)/' with stem 'src/SLUS_010.40/32154.rodata'.
   Trying implicit prerequisite 'src/SLUS_010.40/32154.rodata.c'.
   Not found 'src/SLUS_010.40/32154.rodata.c'.
   Trying harder.
   Trying pattern rule 'build/%.d: %.c | $(@D)/' with stem 'src/SLUS_010.40/32154.rodata'.
   Trying implicit prerequisite 'src/SLUS_010.40/32154.rodata.c'.
   Looking for a rule with intermediate file 'src/SLUS_010.40/32154.rodata.c'.
    Avoiding implicit rule recursion for rule 'build/%.d: %.c | $(@D)/'.
   No implicit rule found for 'src/SLUS_010.40/32154.rodata.c'.
   Rejecting rule 'build/%.d: %.c | $(@D)/' due to impossible prerequisite 'src/SLUS_010.40/32154.rodata.c'.
  No implicit rule found for 'build/src/SLUS_010.40/32154.rodata.d'.
 Finished prerequisites of target file 'build/src/SLUS_010.40/32154.rodata.d'.
 Must remake target 'build/src/SLUS_010.40/32154.rodata.d'.
 Failed to remake target file 'build/src/SLUS_010.40/32154.rodata.d'.
 Considering target file 'build/src/SLUS_010.40/libgte/MTX_005.d'.
  Looking for an implicit rule for 'build/src/SLUS_010.40/libgte/MTX_005.d'.
   Trying pattern rule 'build/%.d: %.c | $(@D)/' with stem 'src/SLUS_010.40/libgte/MTX_005'.
   Trying implicit prerequisite 'src/SLUS_010.40/libgte/MTX_005.c'.
   Found 'src/SLUS_010.40/libgte/MTX_005.c'.
   Trying implicit prerequisite 'build/src/SLUS_010.40/libgte/'.
   Found 'build/src/SLUS_010.40/libgte/'.
  Found implicit rule 'build/%.d: %.c | $(@D)/' for 'build/src/SLUS_010.40/libgte/MTX_005.d'.
  Considering target file 'src/SLUS_010.40/libgte/MTX_005.c'.
   Looking for an implicit rule for 'src/SLUS_010.40/libgte/MTX_005.c'.
   No implicit rule found for 'src/SLUS_010.40/libgte/MTX_005.c'.
  Finished prerequisites of target file 'src/SLUS_010.40/libgte/MTX_005.c'.
  No need to remake target 'src/SLUS_010.40/libgte/MTX_005.c'.
  Considering target file 'build/src/SLUS_010.40/libgte/'.
   Looking for an implicit rule for 'build/src/SLUS_010.40/libgte/'.
    Trying pattern rule '%/:' with stem 'build/src/SLUS_010.40/libgte'.
   Found implicit rule '%/:' for 'build/src/SLUS_010.40/libgte/'.
  Finished prerequisites of target file 'build/src/SLUS_010.40/libgte/'.
  No need to remake target 'build/src/SLUS_010.40/libgte/'.
 Finished prerequisites of target file 'build/src/SLUS_010.40/libgte/MTX_005.d'.
  Prerequisite 'src/SLUS_010.40/libgte/MTX_005.c' is older than target 'build/src/SLUS_010.40/libgte/MTX_005.d'.
  Prerequisite 'build/src/SLUS_010.40/libgte/' is order-only for target 'build/src/SLUS_010.40/libgte/MTX_005.d'.
 No need to remake target 'build/src/SLUS_010.40/libgte/MTX_005.d'.
 Considering target file 'build/src/SLUS_010.40/libgte/REG13.d'.
  Looking for an implicit rule for 'build/src/SLUS_010.40/libgte/REG13.d'.
   Trying pattern rule 'build/%.d: %.c | $(@D)/' with stem 'src/SLUS_010.40/libgte/REG13'.
   Trying implicit prerequisite 'src/SLUS_010.40/libgte/REG13.c'.
   Found 'src/SLUS_010.40/libgte/REG13.c'.
   Trying implicit prerequisite 'build/src/SLUS_010.40/libgte/'.
   'build/src/SLUS_010.40/libgte/' ought to exist.
  Found implicit rule 'build/%.d: %.c | $(@D)/' for 'build/src/SLUS_010.40/libgte/REG13.d'.
  Considering target file 'src/SLUS_010.40/libgte/REG13.c'.
   Looking for an implicit rule for 'src/SLUS_010.40/libgte/REG13.c'.
   No implicit rule found for 'src/SLUS_010.40/libgte/REG13.c'.
  Finished prerequisites of target file 'src/SLUS_010.40/libgte/REG13.c'.
  No need to remake target 'src/SLUS_010.40/libgte/REG13.c'.
  Pruning file 'build/src/SLUS_010.40/libgte/'.
 Finished prerequisites of target file 'build/src/SLUS_010.40/libgte/REG13.d'.
  Prerequisite 'src/SLUS_010.40/libgte/REG13.c' is older than target 'build/src/SLUS_010.40/libgte/REG13.d'.
  Prerequisite 'build/src/SLUS_010.40/libgte/' is order-only for target 'build/src/SLUS_010.40/libgte/REG13.d'.
 No need to remake target 'build/src/SLUS_010.40/libgte/REG13.d'.
 Considering target file 'build/src/SLUS_010.40/libgte/REG12.d'.
  Looking for an implicit rule for 'build/src/SLUS_010.40/libgte/REG12.d'.
   Trying pattern rule 'build/%.d: %.c | $(@D)/' with stem 'src/SLUS_010.40/libgte/REG12'.
   Trying implicit prerequisite 'src/SLUS_010.40/libgte/REG12.c'.
   Found 'src/SLUS_010.40/libgte/REG12.c'.
   Trying implicit prerequisite 'build/src/SLUS_010.40/libgte/'.
   'build/src/SLUS_010.40/libgte/' ought to exist.
  Found implicit rule 'build/%.d: %.c | $(@D)/' for 'build/src/SLUS_010.40/libgte/REG12.d'.
  Considering target file 'src/SLUS_010.40/libgte/REG12.c'.
   Looking for an implicit rule for 'src/SLUS_010.40/libgte/REG12.c'.
   No implicit rule found for 'src/SLUS_010.40/libgte/REG12.c'.
  Finished prerequisites of target file 'src/SLUS_010.40/libgte/REG12.c'.
  No need to remake target 'src/SLUS_010.40/libgte/REG12.c'.
  Pruning file 'build/src/SLUS_010.40/libgte/'.
 Finished prerequisites of target file 'build/src/SLUS_010.40/libgte/REG12.d'.
  Prerequisite 'src/SLUS_010.40/libgte/REG12.c' is older than target 'build/src/SLUS_010.40/libgte/REG12.d'.
  Prerequisite 'build/src/SLUS_010.40/libgte/' is order-only for target 'build/src/SLUS_010.40/libgte/REG12.d'.
 No need to remake target 'build/src/SLUS_010.40/libgte/REG12.d'.
 Considering target file 'build/src/SLUS_010.40/libgte/REG11.d'.
  Looking for an implicit rule for 'build/src/SLUS_010.40/libgte/REG11.d'.
   Trying pattern rule 'build/%.d: %.c | $(@D)/' with stem 'src/SLUS_010.40/libgte/REG11'.
   Trying implicit prerequisite 'src/SLUS_010.40/libgte/REG11.c'.
   Found 'src/SLUS_010.40/libgte/REG11.c'.
   Trying implicit prerequisite 'build/src/SLUS_010.40/libgte/'.
   'build/src/SLUS_010.40/libgte/' ought to exist.
  Found implicit rule 'build/%.d: %.c | $(@D)/' for 'build/src/SLUS_010.40/libgte/REG11.d'.
  Considering target file 'src/SLUS_010.40/libgte/REG11.c'.
   Looking for an implicit rule for 'src/SLUS_010.40/libgte/REG11.c'.
   No implicit rule found for 'src/SLUS_010.40/libgte/REG11.c'.
  Finished prerequisites of target file 'src/SLUS_010.40/libgte/REG11.c'.
  No need to remake target 'src/SLUS_010.40/libgte/REG11.c'.
  Pruning file 'build/src/SLUS_010.40/libgte/'.
 Finished prerequisites of target file 'build/src/SLUS_010.40/libgte/REG11.d'.
  Prerequisite 'src/SLUS_010.40/libgte/REG11.c' is older than target 'build/src/SLUS_010.40/libgte/REG11.d'.
  Prerequisite 'build/src/SLUS_010.40/libgte/' is order-only for target 'build/src/SLUS_010.40/libgte/REG11.d'.
 No need to remake target 'build/src/SLUS_010.40/libgte/REG11.d'.
 Considering target file 'build/src/SLUS_010.40/libgte/MTX_12.d'.
  Looking for an implicit rule for 'build/src/SLUS_010.40/libgte/MTX_12.d'.
   Trying pattern rule 'build/%.d: %.c | $(@D)/' with stem 'src/SLUS_010.40/libgte/MTX_12'.
   Trying implicit prerequisite 'src/SLUS_010.40/libgte/MTX_12.c'.
   Found 'src/SLUS_010.40/libgte/MTX_12.c'.
   Trying implicit prerequisite 'build/src/SLUS_010.40/libgte/'.
   'build/src/SLUS_010.40/libgte/' ought to exist.
  Found implicit rule 'build/%.d: %.c | $(@D)/' for 'build/src/SLUS_010.40/libgte/MTX_12.d'.
  Considering target file 'src/SLUS_010.40/libgte/MTX_12.c'.
   Looking for an implicit rule for 'src/SLUS_010.40/libgte/MTX_12.c'.
   No implicit rule found for 'src/SLUS_010.40/libgte/MTX_12.c'.
  Finished prerequisites of target file 'src/SLUS_010.40/libgte/MTX_12.c'.
  No need to remake target 'src/SLUS_010.40/libgte/MTX_12.c'.
  Pruning file 'build/src/SLUS_010.40/libgte/'.
 Finished prerequisites of target file 'build/src/SLUS_010.40/libgte/MTX_12.d'.
  Prerequisite 'src/SLUS_010.40/libgte/MTX_12.c' is older than target 'build/src/SLUS_010.40/libgte/MTX_12.d'.
  Prerequisite 'build/src/SLUS_010.40/libgte/' is order-only for target 'build/src/SLUS_010.40/libgte/MTX_12.d'.
 No need to remake target 'build/src/SLUS_010.40/libgte/MTX_12.d'.
 Considering target file 'build/src/SLUS_010.40/libgte/MTX_09.d'.
  Looking for an implicit rule for 'build/src/SLUS_010.40/libgte/MTX_09.d'.
   Trying pattern rule 'build/%.d: %.c | $(@D)/' with stem 'src/SLUS_010.40/libgte/MTX_09'.
   Trying implicit prerequisite 'src/SLUS_010.40/libgte/MTX_09.c'.
   Found 'src/SLUS_010.40/libgte/MTX_09.c'.
   Trying implicit prerequisite 'build/src/SLUS_010.40/libgte/'.
   'build/src/SLUS_010.40/libgte/' ought to exist.
  Found implicit rule 'build/%.d: %.c | $(@D)/' for 'build/src/SLUS_010.40/libgte/MTX_09.d'.
  Considering target file 'src/SLUS_010.40/libgte/MTX_09.c'.
   Looking for an implicit rule for 'src/SLUS_010.40/libgte/MTX_09.c'.
   No implicit rule found for 'src/SLUS_010.40/libgte/MTX_09.c'.
  Finished prerequisites of target file 'src/SLUS_010.40/libgte/MTX_09.c'.
  No need to remake target 'src/SLUS_010.40/libgte/MTX_09.c'.
  Pruning file 'build/src/SLUS_010.40/libgte/'.
 Finished prerequisites of target file 'build/src/SLUS_010.40/libgte/MTX_09.d'.
  Prerequisite 'src/SLUS_010.40/libgte/MTX_09.c' is older than target 'build/src/SLUS_010.40/libgte/MTX_09.d'.
  Prerequisite 'build/src/SLUS_010.40/libgte/' is order-only for target 'build/src/SLUS_010.40/libgte/MTX_09.d'.
 No need to remake target 'build/src/SLUS_010.40/libgte/MTX_09.d'.
 Considering target file 'build/src/SLUS_010.40/libgte/MTX_004.d'.
  Looking for an implicit rule for 'build/src/SLUS_010.40/libgte/MTX_004.d'.
   Trying pattern rule 'build/%.d: %.c | $(@D)/' with stem 'src/SLUS_010.40/libgte/MTX_004'.
   Trying implicit prerequisite 'src/SLUS_010.40/libgte/MTX_004.c'.
   Found 'src/SLUS_010.40/libgte/MTX_004.c'.
   Trying implicit prerequisite 'build/src/SLUS_010.40/libgte/'.
   'build/src/SLUS_010.40/libgte/' ought to exist.
  Found implicit rule 'build/%.d: %.c | $(@D)/' for 'build/src/SLUS_010.40/libgte/MTX_004.d'.
  Considering target file 'src/SLUS_010.40/libgte/MTX_004.c'.
   Looking for an implicit rule for 'src/SLUS_010.40/libgte/MTX_004.c'.
   No implicit rule found for 'src/SLUS_010.40/libgte/MTX_004.c'.
  Finished prerequisites of target file 'src/SLUS_010.40/libgte/MTX_004.c'.
  No need to remake target 'src/SLUS_010.40/libgte/MTX_004.c'.
  Pruning file 'build/src/SLUS_010.40/libgte/'.
 Finished prerequisites of target file 'build/src/SLUS_010.40/libgte/MTX_004.d'.
  Prerequisite 'src/SLUS_010.40/libgte/MTX_004.c' is older than target 'build/src/SLUS_010.40/libgte/MTX_004.d'.
  Prerequisite 'build/src/SLUS_010.40/libgte/' is order-only for target 'build/src/SLUS_010.40/libgte/MTX_004.d'.
 No need to remake target 'build/src/SLUS_010.40/libgte/MTX_004.d'.
 Considering target file 'build/src/SLUS_010.40/libgte/MTX_06.d'.
  Looking for an implicit rule for 'build/src/SLUS_010.40/libgte/MTX_06.d'.
   Trying pattern rule 'build/%.d: %.c | $(@D)/' with stem 'src/SLUS_010.40/libgte/MTX_06'.
   Trying implicit prerequisite 'src/SLUS_010.40/libgte/MTX_06.c'.
   Found 'src/SLUS_010.40/libgte/MTX_06.c'.
   Trying implicit prerequisite 'build/src/SLUS_010.40/libgte/'.
   'build/src/SLUS_010.40/libgte/' ought to exist.
  Found implicit rule 'build/%.d: %.c | $(@D)/' for 'build/src/SLUS_010.40/libgte/MTX_06.d'.
  Considering target file 'src/SLUS_010.40/libgte/MTX_06.c'.
   Looking for an implicit rule for 'src/SLUS_010.40/libgte/MTX_06.c'.
   No implicit rule found for 'src/SLUS_010.40/libgte/MTX_06.c'.
  Finished prerequisites of target file 'src/SLUS_010.40/libgte/MTX_06.c'.
  No need to remake target 'src/SLUS_010.40/libgte/MTX_06.c'.
  Pruning file 'build/src/SLUS_010.40/libgte/'.
 Finished prerequisites of target file 'build/src/SLUS_010.40/libgte/MTX_06.d'.
  Prerequisite 'src/SLUS_010.40/libgte/MTX_06.c' is older than target 'build/src/SLUS_010.40/libgte/MTX_06.d'.
  Prerequisite 'build/src/SLUS_010.40/libgte/' is order-only for target 'build/src/SLUS_010.40/libgte/MTX_06.d'.
 No need to remake target 'build/src/SLUS_010.40/libgte/MTX_06.d'.
 Considering target file 'build/src/SLUS_010.40/libgte/MTX_05.d'.
  Looking for an implicit rule for 'build/src/SLUS_010.40/libgte/MTX_05.d'.
   Trying pattern rule 'build/%.d: %.c | $(@D)/' with stem 'src/SLUS_010.40/libgte/MTX_05'.
   Trying implicit prerequisite 'src/SLUS_010.40/libgte/MTX_05.c'.
   Found 'src/SLUS_010.40/libgte/MTX_05.c'.
   Trying implicit prerequisite 'build/src/SLUS_010.40/libgte/'.
   'build/src/SLUS_010.40/libgte/' ought to exist.
  Found implicit rule 'build/%.d: %.c | $(@D)/' for 'build/src/SLUS_010.40/libgte/MTX_05.d'.
  Considering target file 'src/SLUS_010.40/libgte/MTX_05.c'.
   Looking for an implicit rule for 'src/SLUS_010.40/libgte/MTX_05.c'.
   No implicit rule found for 'src/SLUS_010.40/libgte/MTX_05.c'.
  Finished prerequisites of target file 'src/SLUS_010.40/libgte/MTX_05.c'.
  No need to remake target 'src/SLUS_010.40/libgte/MTX_05.c'.
  Pruning file 'build/src/SLUS_010.40/libgte/'.
 Finished prerequisites of target file 'build/src/SLUS_010.40/libgte/MTX_05.d'.
  Prerequisite 'src/SLUS_010.40/libgte/MTX_05.c' is older than target 'build/src/SLUS_010.40/libgte/MTX_05.d'.
  Prerequisite 'build/src/SLUS_010.40/libgte/' is order-only for target 'build/src/SLUS_010.40/libgte/MTX_05.d'.
 No need to remake target 'build/src/SLUS_010.40/libgte/MTX_05.d'.
 Considering target file 'build/src/SLUS_010.40/libgte/SMP_05.d'.
  Looking for an implicit rule for 'build/src/SLUS_010.40/libgte/SMP_05.d'.
   Trying pattern rule 'build/%.d: %.c | $(@D)/' with stem 'src/SLUS_010.40/libgte/SMP_05'.
   Trying implicit prerequisite 'src/SLUS_010.40/libgte/SMP_05.c'.
   Found 'src/SLUS_010.40/libgte/SMP_05.c'.
   Trying implicit prerequisite 'build/src/SLUS_010.40/libgte/'.
   'build/src/SLUS_010.40/libgte/' ought to exist.
  Found implicit rule 'build/%.d: %.c | $(@D)/' for 'build/src/SLUS_010.40/libgte/SMP_05.d'.
  Considering target file 'src/SLUS_010.40/libgte/SMP_05.c'.
   Looking for an implicit rule for 'src/SLUS_010.40/libgte/SMP_05.c'.
   No implicit rule found for 'src/SLUS_010.40/libgte/SMP_05.c'.
  Finished prerequisites of target file 'src/SLUS_010.40/libgte/SMP_05.c'.
  No need to remake target 'src/SLUS_010.40/libgte/SMP_05.c'.
  Pruning file 'build/src/SLUS_010.40/libgte/'.
 Finished prerequisites of target file 'build/src/SLUS_010.40/libgte/SMP_05.d'.
  Prerequisite 'src/SLUS_010.40/libgte/SMP_05.c' is older than target 'build/src/SLUS_010.40/libgte/SMP_05.d'.
  Prerequisite 'build/src/SLUS_010.40/libgte/' is order-only for target 'build/src/SLUS_010.40/libgte/SMP_05.d'.
 No need to remake target 'build/src/SLUS_010.40/libgte/SMP_05.d'.
 Considering target file 'build/src/SLUS_010.40/libgte/SMP_04.d'.
  Looking for an implicit rule for 'build/src/SLUS_010.40/libgte/SMP_04.d'.
   Trying pattern rule 'build/%.d: %.c | $(@D)/' with stem 'src/SLUS_010.40/libgte/SMP_04'.
   Trying implicit prerequisite 'src/SLUS_010.40/libgte/SMP_04.c'.
   Found 'src/SLUS_010.40/libgte/SMP_04.c'.
   Trying implicit prerequisite 'build/src/SLUS_010.40/libgte/'.
   'build/src/SLUS_010.40/libgte/' ought to exist.
  Found implicit rule 'build/%.d: %.c | $(@D)/' for 'build/src/SLUS_010.40/libgte/SMP_04.d'.
  Considering target file 'src/SLUS_010.40/libgte/SMP_04.c'.
   Looking for an implicit rule for 'src/SLUS_010.40/libgte/SMP_04.c'.
   No implicit rule found for 'src/SLUS_010.40/libgte/SMP_04.c'.
  Finished prerequisites of target file 'src/SLUS_010.40/libgte/SMP_04.c'.
  No need to remake target 'src/SLUS_010.40/libgte/SMP_04.c'.
  Pruning file 'build/src/SLUS_010.40/libgte/'.
 Finished prerequisites of target file 'build/src/SLUS_010.40/libgte/SMP_04.d'.
  Prerequisite 'src/SLUS_010.40/libgte/SMP_04.c' is older than target 'build/src/SLUS_010.40/libgte/SMP_04.d'.
  Prerequisite 'build/src/SLUS_010.40/libgte/' is order-only for target 'build/src/SLUS_010.40/libgte/SMP_04.d'.
 No need to remake target 'build/src/SLUS_010.40/libgte/SMP_04.d'.
 Considering target file 'build/src/SLUS_010.40/libgte/SMP_02.d'.
  Looking for an implicit rule for 'build/src/SLUS_010.40/libgte/SMP_02.d'.
   Trying pattern rule 'build/%.d: %.c | $(@D)/' with stem 'src/SLUS_010.40/libgte/SMP_02'.
   Trying implicit prerequisite 'src/SLUS_010.40/libgte/SMP_02.c'.
   Found 'src/SLUS_010.40/libgte/SMP_02.c'.
   Trying implicit prerequisite 'build/src/SLUS_010.40/libgte/'.
   'build/src/SLUS_010.40/libgte/' ought to exist.
  Found implicit rule 'build/%.d: %.c | $(@D)/' for 'build/src/SLUS_010.40/libgte/SMP_02.d'.
  Considering target file 'src/SLUS_010.40/libgte/SMP_02.c'.
   Looking for an implicit rule for 'src/SLUS_010.40/libgte/SMP_02.c'.
   No implicit rule found for 'src/SLUS_010.40/libgte/SMP_02.c'.
  Finished prerequisites of target file 'src/SLUS_010.40/libgte/SMP_02.c'.
  No need to remake target 'src/SLUS_010.40/libgte/SMP_02.c'.
  Pruning file 'build/src/SLUS_010.40/libgte/'.
 Finished prerequisites of target file 'build/src/SLUS_010.40/libgte/SMP_02.d'.
  Prerequisite 'src/SLUS_010.40/libgte/SMP_02.c' is older than target 'build/src/SLUS_010.40/libgte/SMP_02.d'.
  Prerequisite 'build/src/SLUS_010.40/libgte/' is order-only for target 'build/src/SLUS_010.40/libgte/SMP_02.d'.
 No need to remake target 'build/src/SLUS_010.40/libgte/SMP_02.d'.
 Considering target file 'build/src/SLUS_010.40/libgte/CMB_02.d'.
  Looking for an implicit rule for 'build/src/SLUS_010.40/libgte/CMB_02.d'.
   Trying pattern rule 'build/%.d: %.c | $(@D)/' with stem 'src/SLUS_010.40/libgte/CMB_02'.
   Trying implicit prerequisite 'src/SLUS_010.40/libgte/CMB_02.c'.
   Found 'src/SLUS_010.40/libgte/CMB_02.c'.
   Trying implicit prerequisite 'build/src/SLUS_010.40/libgte/'.
   'build/src/SLUS_010.40/libgte/' ought to exist.
  Found implicit rule 'build/%.d: %.c | $(@D)/' for 'build/src/SLUS_010.40/libgte/CMB_02.d'.
  Considering target file 'src/SLUS_010.40/libgte/CMB_02.c'.
   Looking for an implicit rule for 'src/SLUS_010.40/libgte/CMB_02.c'.
   No implicit rule found for 'src/SLUS_010.40/libgte/CMB_02.c'.
  Finished prerequisites of target file 'src/SLUS_010.40/libgte/CMB_02.c'.
  No need to remake target 'src/SLUS_010.40/libgte/CMB_02.c'.
  Pruning file 'build/src/SLUS_010.40/libgte/'.
 Finished prerequisites of target file 'build/src/SLUS_010.40/libgte/CMB_02.d'.
  Prerequisite 'src/SLUS_010.40/libgte/CMB_02.c' is older than target 'build/src/SLUS_010.40/libgte/CMB_02.d'.
  Prerequisite 'build/src/SLUS_010.40/libgte/' is order-only for target 'build/src/SLUS_010.40/libgte/CMB_02.d'.
 No need to remake target 'build/src/SLUS_010.40/libgte/CMB_02.d'.
 Considering target file 'build/src/SLUS_010.40/libgte/MTX_07.d'.
  Looking for an implicit rule for 'build/src/SLUS_010.40/libgte/MTX_07.d'.
   Trying pattern rule 'build/%.d: %.c | $(@D)/' with stem 'src/SLUS_010.40/libgte/MTX_07'.
   Trying implicit prerequisite 'src/SLUS_010.40/libgte/MTX_07.c'.
   Found 'src/SLUS_010.40/libgte/MTX_07.c'.
   Trying implicit prerequisite 'build/src/SLUS_010.40/libgte/'.
   'build/src/SLUS_010.40/libgte/' ought to exist.
  Found implicit rule 'build/%.d: %.c | $(@D)/' for 'build/src/SLUS_010.40/libgte/MTX_07.d'.
  Considering target file 'src/SLUS_010.40/libgte/MTX_07.c'.
   Looking for an implicit rule for 'src/SLUS_010.40/libgte/MTX_07.c'.
   No implicit rule found for 'src/SLUS_010.40/libgte/MTX_07.c'.
  Finished prerequisites of target file 'src/SLUS_010.40/libgte/MTX_07.c'.
  No need to remake target 'src/SLUS_010.40/libgte/MTX_07.c'.
  Pruning file 'build/src/SLUS_010.40/libgte/'.
 Finished prerequisites of target file 'build/src/SLUS_010.40/libgte/MTX_07.d'.
  Prerequisite 'src/SLUS_010.40/libgte/MTX_07.c' is older than target 'build/src/SLUS_010.40/libgte/MTX_07.d'.
  Prerequisite 'build/src/SLUS_010.40/libgte/' is order-only for target 'build/src/SLUS_010.40/libgte/MTX_07.d'.
 No need to remake target 'build/src/SLUS_010.40/libgte/MTX_07.d'.
 Considering target file 'build/src/SLUS_010.40/libgte/CMB_00.d'.
  Looking for an implicit rule for 'build/src/SLUS_010.40/libgte/CMB_00.d'.
   Trying pattern rule 'build/%.d: %.c | $(@D)/' with stem 'src/SLUS_010.40/libgte/CMB_00'.
   Trying implicit prerequisite 'src/SLUS_010.40/libgte/CMB_00.c'.
   Found 'src/SLUS_010.40/libgte/CMB_00.c'.
   Trying implicit prerequisite 'build/src/SLUS_010.40/libgte/'.
   'build/src/SLUS_010.40/libgte/' ought to exist.
  Found implicit rule 'build/%.d: %.c | $(@D)/' for 'build/src/SLUS_010.40/libgte/CMB_00.d'.
  Considering target file 'src/SLUS_010.40/libgte/CMB_00.c'.
   Looking for an implicit rule for 'src/SLUS_010.40/libgte/CMB_00.c'.
   No implicit rule found for 'src/SLUS_010.40/libgte/CMB_00.c'.
  Finished prerequisites of target file 'src/SLUS_010.40/libgte/CMB_00.c'.
  No need to remake target 'src/SLUS_010.40/libgte/CMB_00.c'.
  Pruning file 'build/src/SLUS_010.40/libgte/'.
 Finished prerequisites of target file 'build/src/SLUS_010.40/libgte/CMB_00.d'.
  Prerequisite 'src/SLUS_010.40/libgte/CMB_00.c' is older than target 'build/src/SLUS_010.40/libgte/CMB_00.d'.
  Prerequisite 'build/src/SLUS_010.40/libgte/' is order-only for target 'build/src/SLUS_010.40/libgte/CMB_00.d'.
 No need to remake target 'build/src/SLUS_010.40/libgte/CMB_00.d'.
 Considering target file 'build/src/SLUS_010.40/32154.d'.
  File 'build/src/SLUS_010.40/32154.d' does not exist.
  Looking for an implicit rule for 'build/src/SLUS_010.40/32154.d'.
   Trying pattern rule 'build/%.d: %.c | $(@D)/' with stem 'src/SLUS_010.40/32154'.
   Trying implicit prerequisite 'src/SLUS_010.40/32154.c'.
   Not found 'src/SLUS_010.40/32154.c'.
   Trying harder.
   Trying pattern rule 'build/%.d: %.c | $(@D)/' with stem 'src/SLUS_010.40/32154'.
   Trying implicit prerequisite 'src/SLUS_010.40/32154.c'.
   Looking for a rule with intermediate file 'src/SLUS_010.40/32154.c'.
    Avoiding implicit rule recursion for rule 'build/%.d: %.c | $(@D)/'.
   No implicit rule found for 'src/SLUS_010.40/32154.c'.
   Rejecting rule 'build/%.d: %.c | $(@D)/' due to impossible prerequisite 'src/SLUS_010.40/32154.c'.
  No implicit rule found for 'build/src/SLUS_010.40/32154.d'.
 Finished prerequisites of target file 'build/src/SLUS_010.40/32154.d'.
 Must remake target 'build/src/SLUS_010.40/32154.d'.
 Failed to remake target file 'build/src/SLUS_010.40/32154.d'.
 Considering target file 'build/src/SLUS_010.40/main.d'.
  Looking for an implicit rule for 'build/src/SLUS_010.40/main.d'.
   Trying pattern rule 'build/%.d: %.c | $(@D)/' with stem 'src/SLUS_010.40/main'.
   Trying implicit prerequisite 'src/SLUS_010.40/main.c'.
   Found 'src/SLUS_010.40/main.c'.
   Trying implicit prerequisite 'build/src/SLUS_010.40/'.
   'build/src/SLUS_010.40/' ought to exist.
  Found implicit rule 'build/%.d: %.c | $(@D)/' for 'build/src/SLUS_010.40/main.d'.
  Considering target file 'src/SLUS_010.40/main.c'.
   Looking for an implicit rule for 'src/SLUS_010.40/main.c'.
   No implicit rule found for 'src/SLUS_010.40/main.c'.
  Finished prerequisites of target file 'src/SLUS_010.40/main.c'.
  No need to remake target 'src/SLUS_010.40/main.c'.
  Pruning file 'build/src/SLUS_010.40/'.
 Finished prerequisites of target file 'build/src/SLUS_010.40/main.d'.
  Prerequisite 'src/SLUS_010.40/main.c' is older than target 'build/src/SLUS_010.40/main.d'.
  Prerequisite 'build/src/SLUS_010.40/' is order-only for target 'build/src/SLUS_010.40/main.d'.
 No need to remake target 'build/src/SLUS_010.40/main.d'.
 Considering target file 'build/src/SLUS_010.40/2MBYTE.OBJ.d'.
  Looking for an implicit rule for 'build/src/SLUS_010.40/2MBYTE.OBJ.d'.
   Trying pattern rule 'build/%.d: %.c | $(@D)/' with stem 'src/SLUS_010.40/2MBYTE.OBJ'.
   Trying implicit prerequisite 'src/SLUS_010.40/2MBYTE.OBJ.c'.
   Found 'src/SLUS_010.40/2MBYTE.OBJ.c'.
   Trying implicit prerequisite 'build/src/SLUS_010.40/'.
   'build/src/SLUS_010.40/' ought to exist.
  Found implicit rule 'build/%.d: %.c | $(@D)/' for 'build/src/SLUS_010.40/2MBYTE.OBJ.d'.
  Considering target file 'src/SLUS_010.40/2MBYTE.OBJ.c'.
   Looking for an implicit rule for 'src/SLUS_010.40/2MBYTE.OBJ.c'.
   No implicit rule found for 'src/SLUS_010.40/2MBYTE.OBJ.c'.
  Finished prerequisites of target file 'src/SLUS_010.40/2MBYTE.OBJ.c'.
  No need to remake target 'src/SLUS_010.40/2MBYTE.OBJ.c'.
  Pruning file 'build/src/SLUS_010.40/'.
 Finished prerequisites of target file 'build/src/SLUS_010.40/2MBYTE.OBJ.d'.
  Prerequisite 'src/SLUS_010.40/2MBYTE.OBJ.c' is older than target 'build/src/SLUS_010.40/2MBYTE.OBJ.d'.
  Prerequisite 'build/src/SLUS_010.40/' is order-only for target 'build/src/SLUS_010.40/2MBYTE.OBJ.d'.
 No need to remake target 'build/src/SLUS_010.40/2MBYTE.OBJ.d'.
 Considering target file 'build/assets/SLUS_010.40/_nowLoading.rgba16Header.img.d'.
  File 'build/assets/SLUS_010.40/_nowLoading.rgba16Header.img.d' does not exist.
  Looking for an implicit rule for 'build/assets/SLUS_010.40/_nowLoading.rgba16Header.img.d'.
   Trying pattern rule 'build/%.d: %.c | $(@D)/' with stem 'assets/SLUS_010.40/_nowLoading.rgba16Header.img'.
   Trying implicit prerequisite 'assets/SLUS_010.40/_nowLoading.rgba16Header.img.c'.
   Not found 'assets/SLUS_010.40/_nowLoading.rgba16Header.img.c'.
   Trying harder.
   Trying pattern rule 'build/%.d: %.c | $(@D)/' with stem 'assets/SLUS_010.40/_nowLoading.rgba16Header.img'.
   Trying implicit prerequisite 'assets/SLUS_010.40/_nowLoading.rgba16Header.img.c'.
   Looking for a rule with intermediate file 'assets/SLUS_010.40/_nowLoading.rgba16Header.img.c'.
    Avoiding implicit rule recursion for rule 'build/%.d: %.c | $(@D)/'.
   No implicit rule found for 'assets/SLUS_010.40/_nowLoading.rgba16Header.img.c'.
   Rejecting rule 'build/%.d: %.c | $(@D)/' due to impossible prerequisite 'assets/SLUS_010.40/_nowLoading.rgba16Header.img.c'.
  No implicit rule found for 'build/assets/SLUS_010.40/_nowLoading.rgba16Header.img.d'.
 Finished prerequisites of target file 'build/assets/SLUS_010.40/_nowLoading.rgba16Header.img.d'.
 Must remake target 'build/assets/SLUS_010.40/_nowLoading.rgba16Header.img.d'.
 Failed to remake target file 'build/assets/SLUS_010.40/_nowLoading.rgba16Header.img.d'.
 Considering target file 'build/src/SLUS_010.40/3C1DC.data.d'.
  File 'build/src/SLUS_010.40/3C1DC.data.d' does not exist.
  Looking for an implicit rule for 'build/src/SLUS_010.40/3C1DC.data.d'.
   Trying pattern rule 'build/%.d: %.c | $(@D)/' with stem 'src/SLUS_010.40/3C1DC.data'.
   Trying implicit prerequisite 'src/SLUS_010.40/3C1DC.data.c'.
   Not found 'src/SLUS_010.40/3C1DC.data.c'.
   Trying harder.
   Trying pattern rule 'build/%.d: %.c | $(@D)/' with stem 'src/SLUS_010.40/3C1DC.data'.
   Trying implicit prerequisite 'src/SLUS_010.40/3C1DC.data.c'.
   Looking for a rule with intermediate file 'src/SLUS_010.40/3C1DC.data.c'.
    Avoiding implicit rule recursion for rule 'build/%.d: %.c | $(@D)/'.
   No implicit rule found for 'src/SLUS_010.40/3C1DC.data.c'.
   Rejecting rule 'build/%.d: %.c | $(@D)/' due to impossible prerequisite 'src/SLUS_010.40/3C1DC.data.c'.
  No implicit rule found for 'build/src/SLUS_010.40/3C1DC.data.d'.
 Finished prerequisites of target file 'build/src/SLUS_010.40/3C1DC.data.d'.
 Must remake target 'build/src/SLUS_010.40/3C1DC.data.d'.
 Failed to remake target file 'build/src/SLUS_010.40/3C1DC.data.d'.
 Considering target file 'build/src/SLUS_010.40/zndFiles.d'.
  Looking for an implicit rule for 'build/src/SLUS_010.40/zndFiles.d'.
   Trying pattern rule 'build/%.d: %.c | $(@D)/' with stem 'src/SLUS_010.40/zndFiles'.
   Trying implicit prerequisite 'src/SLUS_010.40/zndFiles.c'.
   Found 'src/SLUS_010.40/zndFiles.c'.
   Trying implicit prerequisite 'build/src/SLUS_010.40/'.
   'build/src/SLUS_010.40/' ought to exist.
  Found implicit rule 'build/%.d: %.c | $(@D)/' for 'build/src/SLUS_010.40/zndFiles.d'.
  Considering target file 'src/SLUS_010.40/zndFiles.c'.
   Looking for an implicit rule for 'src/SLUS_010.40/zndFiles.c'.
   No implicit rule found for 'src/SLUS_010.40/zndFiles.c'.
  Finished prerequisites of target file 'src/SLUS_010.40/zndFiles.c'.
  No need to remake target 'src/SLUS_010.40/zndFiles.c'.
  Pruning file 'build/src/SLUS_010.40/'.
 Finished prerequisites of target file 'build/src/SLUS_010.40/zndFiles.d'.
  Prerequisite 'src/SLUS_010.40/zndFiles.c' is older than target 'build/src/SLUS_010.40/zndFiles.d'.
  Prerequisite 'build/src/SLUS_010.40/' is order-only for target 'build/src/SLUS_010.40/zndFiles.d'.
 No need to remake target 'build/src/SLUS_010.40/zndFiles.d'.
 Considering target file 'build/src/SLUS_010.40/404CC.data.d'.
  File 'build/src/SLUS_010.40/404CC.data.d' does not exist.
  Looking for an implicit rule for 'build/src/SLUS_010.40/404CC.data.d'.
   Trying pattern rule 'build/%.d: %.c | $(@D)/' with stem 'src/SLUS_010.40/404CC.data'.
   Trying implicit prerequisite 'src/SLUS_010.40/404CC.data.c'.
   Not found 'src/SLUS_010.40/404CC.data.c'.
   Trying harder.
   Trying pattern rule 'build/%.d: %.c | $(@D)/' with stem 'src/SLUS_010.40/404CC.data'.
   Trying implicit prerequisite 'src/SLUS_010.40/404CC.data.c'.
   Looking for a rule with intermediate file 'src/SLUS_010.40/404CC.data.c'.
    Avoiding implicit rule recursion for rule 'build/%.d: %.c | $(@D)/'.
   No implicit rule found for 'src/SLUS_010.40/404CC.data.c'.
   Rejecting rule 'build/%.d: %.c | $(@D)/' due to impossible prerequisite 'src/SLUS_010.40/404CC.data.c'.
  No implicit rule found for 'build/src/SLUS_010.40/404CC.data.d'.
 Finished prerequisites of target file 'build/src/SLUS_010.40/404CC.data.d'.
 Must remake target 'build/src/SLUS_010.40/404CC.data.d'.
 Failed to remake target file 'build/src/SLUS_010.40/404CC.data.d'.
 Considering target file 'build/src/SLUS_010.40/main.bss.d'.
  File 'build/src/SLUS_010.40/main.bss.d' does not exist.
  Looking for an implicit rule for 'build/src/SLUS_010.40/main.bss.d'.
   Trying pattern rule 'build/%.d: %.c | $(@D)/' with stem 'src/SLUS_010.40/main.bss'.
   Trying implicit prerequisite 'src/SLUS_010.40/main.bss.c'.
   Not found 'src/SLUS_010.40/main.bss.c'.
   Trying harder.
   Trying pattern rule 'build/%.d: %.c | $(@D)/' with stem 'src/SLUS_010.40/main.bss'.
   Trying implicit prerequisite 'src/SLUS_010.40/main.bss.c'.
   Looking for a rule with intermediate file 'src/SLUS_010.40/main.bss.c'.
    Avoiding implicit rule recursion for rule 'build/%.d: %.c | $(@D)/'.
   No implicit rule found for 'src/SLUS_010.40/main.bss.c'.
   Rejecting rule 'build/%.d: %.c | $(@D)/' due to impossible prerequisite 'src/SLUS_010.40/main.bss.c'.
  No implicit rule found for 'build/src/SLUS_010.40/main.bss.d'.
 Finished prerequisites of target file 'build/src/SLUS_010.40/main.bss.d'.
 Must remake target 'build/src/SLUS_010.40/main.bss.d'.
 Failed to remake target file 'build/src/SLUS_010.40/main.bss.d'.
 Considering target file 'build/config/TITLE/TITLE.PRG/link.d'.
  Looking for an implicit rule for 'build/config/TITLE/TITLE.PRG/link.d'.
   Trying pattern rule 'build/config/%/link.d: config/%/splat.yaml config/%/Makefile | $(@D)/' with stem 'TITLE/TITLE.PRG'.
   Trying implicit prerequisite 'config/TITLE/TITLE.PRG/splat.yaml'.
   Found 'config/TITLE/TITLE.PRG/splat.yaml'.
   Trying implicit prerequisite 'config/TITLE/TITLE.PRG/Makefile'.
   Found 'config/TITLE/TITLE.PRG/Makefile'.
   Trying implicit prerequisite 'build/config/TITLE/TITLE.PRG/'.
   Found 'build/config/TITLE/TITLE.PRG/'.
  Found implicit rule 'build/config/%/link.d: config/%/splat.yaml config/%/Makefile | $(@D)/' for 'build/config/TITLE/TITLE.PRG/link.d'.
  Considering target file 'config/TITLE/TITLE.PRG/splat.yaml'.
   Looking for an implicit rule for 'config/TITLE/TITLE.PRG/splat.yaml'.
   No implicit rule found for 'config/TITLE/TITLE.PRG/splat.yaml'.
  Finished prerequisites of target file 'config/TITLE/TITLE.PRG/splat.yaml'.
  No need to remake target 'config/TITLE/TITLE.PRG/splat.yaml'.
  Pruning file 'config/TITLE/TITLE.PRG/Makefile'.
  Considering target file 'build/config/TITLE/TITLE.PRG/'.
   Looking for an implicit rule for 'build/config/TITLE/TITLE.PRG/'.
    Trying pattern rule '%/:' with stem 'build/config/TITLE/TITLE.PRG'.
   Found implicit rule '%/:' for 'build/config/TITLE/TITLE.PRG/'.
  Finished prerequisites of target file 'build/config/TITLE/TITLE.PRG/'.
  No need to remake target 'build/config/TITLE/TITLE.PRG/'.
  Considering target file 'config/SLUS_010.40/symbol_addrs.txt'.
   Looking for an implicit rule for 'config/SLUS_010.40/symbol_addrs.txt'.
   No implicit rule found for 'config/SLUS_010.40/symbol_addrs.txt'.
  Finished prerequisites of target file 'config/SLUS_010.40/symbol_addrs.txt'.
  No need to remake target 'config/SLUS_010.40/symbol_addrs.txt'.
  Pruning file 'disks/SLUS-01040.xml'.
 Finished prerequisites of target file 'build/config/TITLE/TITLE.PRG/link.d'.
  Prerequisite 'config/TITLE/TITLE.PRG/splat.yaml' is older than target 'build/config/TITLE/TITLE.PRG/link.d'.
  Prerequisite 'config/TITLE/TITLE.PRG/Makefile' is older than target 'build/config/TITLE/TITLE.PRG/link.d'.
  Prerequisite 'build/config/TITLE/TITLE.PRG/' is order-only for target 'build/config/TITLE/TITLE.PRG/link.d'.
  Prerequisite 'config/SLUS_010.40/symbol_addrs.txt' is older than target 'build/config/TITLE/TITLE.PRG/link.d'.
  Prerequisite 'disks/SLUS-01040.xml' is order-only for target 'build/config/TITLE/TITLE.PRG/link.d'.
 No need to remake target 'build/config/TITLE/TITLE.PRG/link.d'.
 Considering target file 'build/src/TITLE/TITLE.PRG/22C.d'.
  Looking for an implicit rule for 'build/src/TITLE/TITLE.PRG/22C.d'.
   Trying pattern rule 'build/%.d: %.c | $(@D)/' with stem 'src/TITLE/TITLE.PRG/22C'.
   Trying implicit prerequisite 'src/TITLE/TITLE.PRG/22C.c'.
   Found 'src/TITLE/TITLE.PRG/22C.c'.
   Trying implicit prerequisite 'build/src/TITLE/TITLE.PRG/'.
   Found 'build/src/TITLE/TITLE.PRG/'.
  Found implicit rule 'build/%.d: %.c | $(@D)/' for 'build/src/TITLE/TITLE.PRG/22C.d'.
  Considering target file 'src/TITLE/TITLE.PRG/22C.c'.
   Looking for an implicit rule for 'src/TITLE/TITLE.PRG/22C.c'.
   No implicit rule found for 'src/TITLE/TITLE.PRG/22C.c'.
  Finished prerequisites of target file 'src/TITLE/TITLE.PRG/22C.c'.
  No need to remake target 'src/TITLE/TITLE.PRG/22C.c'.
  Considering target file 'build/src/TITLE/TITLE.PRG/'.
   Looking for an implicit rule for 'build/src/TITLE/TITLE.PRG/'.
    Trying pattern rule '%/:' with stem 'build/src/TITLE/TITLE.PRG'.
   Found implicit rule '%/:' for 'build/src/TITLE/TITLE.PRG/'.
  Finished prerequisites of target file 'build/src/TITLE/TITLE.PRG/'.
  No need to remake target 'build/src/TITLE/TITLE.PRG/'.
 Finished prerequisites of target file 'build/src/TITLE/TITLE.PRG/22C.d'.
  Prerequisite 'src/TITLE/TITLE.PRG/22C.c' is older than target 'build/src/TITLE/TITLE.PRG/22C.d'.
  Prerequisite 'build/src/TITLE/TITLE.PRG/' is order-only for target 'build/src/TITLE/TITLE.PRG/22C.d'.
 No need to remake target 'build/src/TITLE/TITLE.PRG/22C.d'.
 Considering target file 'build/src/TITLE/TITLE.PRG/libpress/LIBPRESS.d'.
  Looking for an implicit rule for 'build/src/TITLE/TITLE.PRG/libpress/LIBPRESS.d'.
   Trying pattern rule 'build/%.d: %.c | $(@D)/' with stem 'src/TITLE/TITLE.PRG/libpress/LIBPRESS'.
   Trying implicit prerequisite 'src/TITLE/TITLE.PRG/libpress/LIBPRESS.c'.
   Found 'src/TITLE/TITLE.PRG/libpress/LIBPRESS.c'.
   Trying implicit prerequisite 'build/src/TITLE/TITLE.PRG/libpress/'.
   Found 'build/src/TITLE/TITLE.PRG/libpress/'.
  Found implicit rule 'build/%.d: %.c | $(@D)/' for 'build/src/TITLE/TITLE.PRG/libpress/LIBPRESS.d'.
  Considering target file 'src/TITLE/TITLE.PRG/libpress/LIBPRESS.c'.
   Looking for an implicit rule for 'src/TITLE/TITLE.PRG/libpress/LIBPRESS.c'.
   No implicit rule found for 'src/TITLE/TITLE.PRG/libpress/LIBPRESS.c'.
  Finished prerequisites of target file 'src/TITLE/TITLE.PRG/libpress/LIBPRESS.c'.
  No need to remake target 'src/TITLE/TITLE.PRG/libpress/LIBPRESS.c'.
  Considering target file 'build/src/TITLE/TITLE.PRG/libpress/'.
   Looking for an implicit rule for 'build/src/TITLE/TITLE.PRG/libpress/'.
    Trying pattern rule '%/:' with stem 'build/src/TITLE/TITLE.PRG/libpress'.
   Found implicit rule '%/:' for 'build/src/TITLE/TITLE.PRG/libpress/'.
  Finished prerequisites of target file 'build/src/TITLE/TITLE.PRG/libpress/'.
  No need to remake target 'build/src/TITLE/TITLE.PRG/libpress/'.
 Finished prerequisites of target file 'build/src/TITLE/TITLE.PRG/libpress/LIBPRESS.d'.
  Prerequisite 'src/TITLE/TITLE.PRG/libpress/LIBPRESS.c' is older than target 'build/src/TITLE/TITLE.PRG/libpress/LIBPRESS.d'.
  Prerequisite 'build/src/TITLE/TITLE.PRG/libpress/' is order-only for target 'build/src/TITLE/TITLE.PRG/libpress/LIBPRESS.d'.
 No need to remake target 'build/src/TITLE/TITLE.PRG/libpress/LIBPRESS.d'.
 Considering target file 'build/src/TITLE/TITLE.PRG/libpress/VLC_C.d'.
  File 'build/src/TITLE/TITLE.PRG/libpress/VLC_C.d' does not exist.
  Looking for an implicit rule for 'build/src/TITLE/TITLE.PRG/libpress/VLC_C.d'.
   Trying pattern rule 'build/%.d: %.c | $(@D)/' with stem 'src/TITLE/TITLE.PRG/libpress/VLC_C'.
   Trying implicit prerequisite 'src/TITLE/TITLE.PRG/libpress/VLC_C.c'.
   Not found 'src/TITLE/TITLE.PRG/libpress/VLC_C.c'.
   Trying harder.
   Trying pattern rule 'build/%.d: %.c | $(@D)/' with stem 'src/TITLE/TITLE.PRG/libpress/VLC_C'.
   Trying implicit prerequisite 'src/TITLE/TITLE.PRG/libpress/VLC_C.c'.
   Looking for a rule with intermediate file 'src/TITLE/TITLE.PRG/libpress/VLC_C.c'.
    Avoiding implicit rule recursion for rule 'build/%.d: %.c | $(@D)/'.
   No implicit rule found for 'src/TITLE/TITLE.PRG/libpress/VLC_C.c'.
   Rejecting rule 'build/%.d: %.c | $(@D)/' due to impossible prerequisite 'src/TITLE/TITLE.PRG/libpress/VLC_C.c'.
  No implicit rule found for 'build/src/TITLE/TITLE.PRG/libpress/VLC_C.d'.
 Finished prerequisites of target file 'build/src/TITLE/TITLE.PRG/libpress/VLC_C.d'.
 Must remake target 'build/src/TITLE/TITLE.PRG/libpress/VLC_C.d'.
 Failed to remake target file 'build/src/TITLE/TITLE.PRG/libpress/VLC_C.d'.
 Considering target file 'build/src/TITLE/TITLE.PRG/libpress/BUILD.d'.
  Looking for an implicit rule for 'build/src/TITLE/TITLE.PRG/libpress/BUILD.d'.
   Trying pattern rule 'build/%.d: %.c | $(@D)/' with stem 'src/TITLE/TITLE.PRG/libpress/BUILD'.
   Trying implicit prerequisite 'src/TITLE/TITLE.PRG/libpress/BUILD.c'.
   Found 'src/TITLE/TITLE.PRG/libpress/BUILD.c'.
   Trying implicit prerequisite 'build/src/TITLE/TITLE.PRG/libpress/'.
   'build/src/TITLE/TITLE.PRG/libpress/' ought to exist.
  Found implicit rule 'build/%.d: %.c | $(@D)/' for 'build/src/TITLE/TITLE.PRG/libpress/BUILD.d'.
  Considering target file 'src/TITLE/TITLE.PRG/libpress/BUILD.c'.
   Looking for an implicit rule for 'src/TITLE/TITLE.PRG/libpress/BUILD.c'.
   No implicit rule found for 'src/TITLE/TITLE.PRG/libpress/BUILD.c'.
  Finished prerequisites of target file 'src/TITLE/TITLE.PRG/libpress/BUILD.c'.
  No need to remake target 'src/TITLE/TITLE.PRG/libpress/BUILD.c'.
  Pruning file 'build/src/TITLE/TITLE.PRG/libpress/'.
 Finished prerequisites of target file 'build/src/TITLE/TITLE.PRG/libpress/BUILD.d'.
  Prerequisite 'src/TITLE/TITLE.PRG/libpress/BUILD.c' is older than target 'build/src/TITLE/TITLE.PRG/libpress/BUILD.d'.
  Prerequisite 'build/src/TITLE/TITLE.PRG/libpress/' is order-only for target 'build/src/TITLE/TITLE.PRG/libpress/BUILD.d'.
 No need to remake target 'build/src/TITLE/TITLE.PRG/libpress/BUILD.d'.
 Considering target file 'build/assets/TITLE/TITLE.PRG/_titleScreenBg.rgba16Compressed.img.d'.
  File 'build/assets/TITLE/TITLE.PRG/_titleScreenBg.rgba16Compressed.img.d' does not exist.
  Looking for an implicit rule for 'build/assets/TITLE/TITLE.PRG/_titleScreenBg.rgba16Compressed.img.d'.
   Trying pattern rule 'build/%.d: %.c | $(@D)/' with stem 'assets/TITLE/TITLE.PRG/_titleScreenBg.rgba16Compressed.img'.
   Trying implicit prerequisite 'assets/TITLE/TITLE.PRG/_titleScreenBg.rgba16Compressed.img.c'.
   Not found 'assets/TITLE/TITLE.PRG/_titleScreenBg.rgba16Compressed.img.c'.
   Trying harder.
   Trying pattern rule 'build/%.d: %.c | $(@D)/' with stem 'assets/TITLE/TITLE.PRG/_titleScreenBg.rgba16Compressed.img'.
   Trying implicit prerequisite 'assets/TITLE/TITLE.PRG/_titleScreenBg.rgba16Compressed.img.c'.
   Looking for a rule with intermediate file 'assets/TITLE/TITLE.PRG/_titleScreenBg.rgba16Compressed.img.c'.
    Avoiding implicit rule recursion for rule 'build/%.d: %.c | $(@D)/'.
   No implicit rule found for 'assets/TITLE/TITLE.PRG/_titleScreenBg.rgba16Compressed.img.c'.
   Rejecting rule 'build/%.d: %.c | $(@D)/' due to impossible prerequisite 'assets/TITLE/TITLE.PRG/_titleScreenBg.rgba16Compressed.img.c'.
  No implicit rule found for 'build/assets/TITLE/TITLE.PRG/_titleScreenBg.rgba16Compressed.img.d'.
 Finished prerequisites of target file 'build/assets/TITLE/TITLE.PRG/_titleScreenBg.rgba16Compressed.img.d'.
 Must remake target 'build/assets/TITLE/TITLE.PRG/_titleScreenBg.rgba16Compressed.img.d'.
 Failed to remake target file 'build/assets/TITLE/TITLE.PRG/_titleScreenBg.rgba16Compressed.img.d'.
 Considering target file 'build/assets/TITLE/TITLE.PRG/_menuCopyright.rgba16.img.d'.
  File 'build/assets/TITLE/TITLE.PRG/_menuCopyright.rgba16.img.d' does not exist.
  Looking for an implicit rule for 'build/assets/TITLE/TITLE.PRG/_menuCopyright.rgba16.img.d'.
   Trying pattern rule 'build/%.d: %.c | $(@D)/' with stem 'assets/TITLE/TITLE.PRG/_menuCopyright.rgba16.img'.
Directory assets/TITLE/TITLE.PRG cache invalidated (count 0 != command 1)
   Trying implicit prerequisite 'assets/TITLE/TITLE.PRG/_menuCopyright.rgba16.img.c'.
   Not found 'assets/TITLE/TITLE.PRG/_menuCopyright.rgba16.img.c'.
   Trying harder.
   Trying pattern rule 'build/%.d: %.c | $(@D)/' with stem 'assets/TITLE/TITLE.PRG/_menuCopyright.rgba16.img'.
   Trying implicit prerequisite 'assets/TITLE/TITLE.PRG/_menuCopyright.rgba16.img.c'.
   Looking for a rule with intermediate file 'assets/TITLE/TITLE.PRG/_menuCopyright.rgba16.img.c'.
    Avoiding implicit rule recursion for rule 'build/%.d: %.c | $(@D)/'.
   No implicit rule found for 'assets/TITLE/TITLE.PRG/_menuCopyright.rgba16.img.c'.
   Rejecting rule 'build/%.d: %.c | $(@D)/' due to impossible prerequisite 'assets/TITLE/TITLE.PRG/_menuCopyright.rgba16.img.c'.
  No implicit rule found for 'build/assets/TITLE/TITLE.PRG/_menuCopyright.rgba16.img.d'.
 Finished prerequisites of target file 'build/assets/TITLE/TITLE.PRG/_menuCopyright.rgba16.img.d'.
 Must remake target 'build/assets/TITLE/TITLE.PRG/_menuCopyright.rgba16.img.d'.
 Failed to remake target file 'build/assets/TITLE/TITLE.PRG/_menuCopyright.rgba16.img.d'.
 Considering target file 'build/assets/TITLE/TITLE.PRG/_fontTable.rgbClut.img.d'.
  File 'build/assets/TITLE/TITLE.PRG/_fontTable.rgbClut.img.d' does not exist.
  Looking for an implicit rule for 'build/assets/TITLE/TITLE.PRG/_fontTable.rgbClut.img.d'.
   Trying pattern rule 'build/%.d: %.c | $(@D)/' with stem 'assets/TITLE/TITLE.PRG/_fontTable.rgbClut.img'.
Directory assets/TITLE/TITLE.PRG cache invalidated (count 0 != command 1)
   Trying implicit prerequisite 'assets/TITLE/TITLE.PRG/_fontTable.rgbClut.img.c'.
   Not found 'assets/TITLE/TITLE.PRG/_fontTable.rgbClut.img.c'.
   Trying harder.
   Trying pattern rule 'build/%.d: %.c | $(@D)/' with stem 'assets/TITLE/TITLE.PRG/_fontTable.rgbClut.img'.
   Trying implicit prerequisite 'assets/TITLE/TITLE.PRG/_fontTable.rgbClut.img.c'.
   Looking for a rule with intermediate file 'assets/TITLE/TITLE.PRG/_fontTable.rgbClut.img.c'.
    Avoiding implicit rule recursion for rule 'build/%.d: %.c | $(@D)/'.
   No implicit rule found for 'assets/TITLE/TITLE.PRG/_fontTable.rgbClut.img.c'.
   Rejecting rule 'build/%.d: %.c | $(@D)/' due to impossible prerequisite 'assets/TITLE/TITLE.PRG/_fontTable.rgbClut.img.c'.
  No implicit rule found for 'build/assets/TITLE/TITLE.PRG/_fontTable.rgbClut.img.d'.
 Finished prerequisites of target file 'build/assets/TITLE/TITLE.PRG/_fontTable.rgbClut.img.d'.
 Must remake target 'build/assets/TITLE/TITLE.PRG/_fontTable.rgbClut.img.d'.
 Failed to remake target file 'build/assets/TITLE/TITLE.PRG/_fontTable.rgbClut.img.d'.
 Considering target file 'build/assets/TITLE/TITLE.PRG/_fontTable1.rgbClut.img.d'.
  File 'build/assets/TITLE/TITLE.PRG/_fontTable1.rgbClut.img.d' does not exist.
  Looking for an implicit rule for 'build/assets/TITLE/TITLE.PRG/_fontTable1.rgbClut.img.d'.
   Trying pattern rule 'build/%.d: %.c | $(@D)/' with stem 'assets/TITLE/TITLE.PRG/_fontTable1.rgbClut.img'.
Directory assets/TITLE/TITLE.PRG cache invalidated (count 0 != command 1)
   Trying implicit prerequisite 'assets/TITLE/TITLE.PRG/_fontTable1.rgbClut.img.c'.
   Not found 'assets/TITLE/TITLE.PRG/_fontTable1.rgbClut.img.c'.
   Trying harder.
   Trying pattern rule 'build/%.d: %.c | $(@D)/' with stem 'assets/TITLE/TITLE.PRG/_fontTable1.rgbClut.img'.
   Trying implicit prerequisite 'assets/TITLE/TITLE.PRG/_fontTable1.rgbClut.img.c'.
   Looking for a rule with intermediate file 'assets/TITLE/TITLE.PRG/_fontTable1.rgbClut.img.c'.
    Avoiding implicit rule recursion for rule 'build/%.d: %.c | $(@D)/'.
   No implicit rule found for 'assets/TITLE/TITLE.PRG/_fontTable1.rgbClut.img.c'.
   Rejecting rule 'build/%.d: %.c | $(@D)/' due to impossible prerequisite 'assets/TITLE/TITLE.PRG/_fontTable1.rgbClut.img.c'.
  No implicit rule found for 'build/assets/TITLE/TITLE.PRG/_fontTable1.rgbClut.img.d'.
 Finished prerequisites of target file 'build/assets/TITLE/TITLE.PRG/_fontTable1.rgbClut.img.d'.
 Must remake target 'build/assets/TITLE/TITLE.PRG/_fontTable1.rgbClut.img.d'.
 Failed to remake target file 'build/assets/TITLE/TITLE.PRG/_fontTable1.rgbClut.img.d'.
 Considering target file 'build/assets/TITLE/TITLE.PRG/_debugFont.rgbClut.img.d'.
  File 'build/assets/TITLE/TITLE.PRG/_debugFont.rgbClut.img.d' does not exist.
  Looking for an implicit rule for 'build/assets/TITLE/TITLE.PRG/_debugFont.rgbClut.img.d'.
   Trying pattern rule 'build/%.d: %.c | $(@D)/' with stem 'assets/TITLE/TITLE.PRG/_debugFont.rgbClut.img'.
Directory assets/TITLE/TITLE.PRG cache invalidated (count 0 != command 1)
   Trying implicit prerequisite 'assets/TITLE/TITLE.PRG/_debugFont.rgbClut.img.c'.
   Not found 'assets/TITLE/TITLE.PRG/_debugFont.rgbClut.img.c'.
   Trying harder.
   Trying pattern rule 'build/%.d: %.c | $(@D)/' with stem 'assets/TITLE/TITLE.PRG/_debugFont.rgbClut.img'.
   Trying implicit prerequisite 'assets/TITLE/TITLE.PRG/_debugFont.rgbClut.img.c'.
   Looking for a rule with intermediate file 'assets/TITLE/TITLE.PRG/_debugFont.rgbClut.img.c'.
    Avoiding implicit rule recursion for rule 'build/%.d: %.c | $(@D)/'.
   No implicit rule found for 'assets/TITLE/TITLE.PRG/_debugFont.rgbClut.img.c'.
   Rejecting rule 'build/%.d: %.c | $(@D)/' due to impossible prerequisite 'assets/TITLE/TITLE.PRG/_debugFont.rgbClut.img.c'.
  No implicit rule found for 'build/assets/TITLE/TITLE.PRG/_debugFont.rgbClut.img.d'.
 Finished prerequisites of target file 'build/assets/TITLE/TITLE.PRG/_debugFont.rgbClut.img.d'.
 Must remake target 'build/assets/TITLE/TITLE.PRG/_debugFont.rgbClut.img.d'.
 Failed to remake target file 'build/assets/TITLE/TITLE.PRG/_debugFont.rgbClut.img.d'.
 Considering target file 'build/assets/TITLE/TITLE.PRG/_uiTable.rgbClut.img.d'.
  File 'build/assets/TITLE/TITLE.PRG/_uiTable.rgbClut.img.d' does not exist.
  Looking for an implicit rule for 'build/assets/TITLE/TITLE.PRG/_uiTable.rgbClut.img.d'.
   Trying pattern rule 'build/%.d: %.c | $(@D)/' with stem 'assets/TITLE/TITLE.PRG/_uiTable.rgbClut.img'.
Directory assets/TITLE/TITLE.PRG cache invalidated (count 0 != command 1)
   Trying implicit prerequisite 'assets/TITLE/TITLE.PRG/_uiTable.rgbClut.img.c'.
   Not found 'assets/TITLE/TITLE.PRG/_uiTable.rgbClut.img.c'.
   Trying harder.
   Trying pattern rule 'build/%.d: %.c | $(@D)/' with stem 'assets/TITLE/TITLE.PRG/_uiTable.rgbClut.img'.
   Trying implicit prerequisite 'assets/TITLE/TITLE.PRG/_uiTable.rgbClut.img.c'.
   Looking for a rule with intermediate file 'assets/TITLE/TITLE.PRG/_uiTable.rgbClut.img.c'.
    Avoiding implicit rule recursion for rule 'build/%.d: %.c | $(@D)/'.
   No implicit rule found for 'assets/TITLE/TITLE.PRG/_uiTable.rgbClut.img.c'.
   Rejecting rule 'build/%.d: %.c | $(@D)/' due to impossible prerequisite 'assets/TITLE/TITLE.PRG/_uiTable.rgbClut.img.c'.
  No implicit rule found for 'build/assets/TITLE/TITLE.PRG/_uiTable.rgbClut.img.d'.
 Finished prerequisites of target file 'build/assets/TITLE/TITLE.PRG/_uiTable.rgbClut.img.d'.
 Must remake target 'build/assets/TITLE/TITLE.PRG/_uiTable.rgbClut.img.d'.
 Failed to remake target file 'build/assets/TITLE/TITLE.PRG/_uiTable.rgbClut.img.d'.
 Considering target file 'build/assets/TITLE/TITLE.PRG/_saveMenuBg.rgbClut.img.d'.
  File 'build/assets/TITLE/TITLE.PRG/_saveMenuBg.rgbClut.img.d' does not exist.
  Looking for an implicit rule for 'build/assets/TITLE/TITLE.PRG/_saveMenuBg.rgbClut.img.d'.
   Trying pattern rule 'build/%.d: %.c | $(@D)/' with stem 'assets/TITLE/TITLE.PRG/_saveMenuBg.rgbClut.img'.
Directory assets/TITLE/TITLE.PRG cache invalidated (count 0 != command 1)
   Trying implicit prerequisite 'assets/TITLE/TITLE.PRG/_saveMenuBg.rgbClut.img.c'.
   Not found 'assets/TITLE/TITLE.PRG/_saveMenuBg.rgbClut.img.c'.
   Trying harder.
   Trying pattern rule 'build/%.d: %.c | $(@D)/' with stem 'assets/TITLE/TITLE.PRG/_saveMenuBg.rgbClut.img'.
   Trying implicit prerequisite 'assets/TITLE/TITLE.PRG/_saveMenuBg.rgbClut.img.c'.
   Looking for a rule with intermediate file 'assets/TITLE/TITLE.PRG/_saveMenuBg.rgbClut.img.c'.
    Avoiding implicit rule recursion for rule 'build/%.d: %.c | $(@D)/'.
   No implicit rule found for 'assets/TITLE/TITLE.PRG/_saveMenuBg.rgbClut.img.c'.
   Rejecting rule 'build/%.d: %.c | $(@D)/' due to impossible prerequisite 'assets/TITLE/TITLE.PRG/_saveMenuBg.rgbClut.img.c'.
  No implicit rule found for 'build/assets/TITLE/TITLE.PRG/_saveMenuBg.rgbClut.img.d'.
 Finished prerequisites of target file 'build/assets/TITLE/TITLE.PRG/_saveMenuBg.rgbClut.img.d'.
 Must remake target 'build/assets/TITLE/TITLE.PRG/_saveMenuBg.rgbClut.img.d'.
 Failed to remake target file 'build/assets/TITLE/TITLE.PRG/_saveMenuBg.rgbClut.img.d'.
 Considering target file 'build/config/BATTLE/BATTLE.PRG/link.d'.
  Looking for an implicit rule for 'build/config/BATTLE/BATTLE.PRG/link.d'.
   Trying pattern rule 'build/config/%/link.d: config/%/splat.yaml config/%/Makefile | $(@D)/' with stem 'BATTLE/BATTLE.PRG'.
   Trying implicit prerequisite 'config/BATTLE/BATTLE.PRG/splat.yaml'.
   Found 'config/BATTLE/BATTLE.PRG/splat.yaml'.
   Trying implicit prerequisite 'config/BATTLE/BATTLE.PRG/Makefile'.
   Found 'config/BATTLE/BATTLE.PRG/Makefile'.
   Trying implicit prerequisite 'build/config/BATTLE/BATTLE.PRG/'.
   Found 'build/config/BATTLE/BATTLE.PRG/'.
  Found implicit rule 'build/config/%/link.d: config/%/splat.yaml config/%/Makefile | $(@D)/' for 'build/config/BATTLE/BATTLE.PRG/link.d'.
  Considering target file 'config/BATTLE/BATTLE.PRG/splat.yaml'.
   Looking for an implicit rule for 'config/BATTLE/BATTLE.PRG/splat.yaml'.
   No implicit rule found for 'config/BATTLE/BATTLE.PRG/splat.yaml'.
  Finished prerequisites of target file 'config/BATTLE/BATTLE.PRG/splat.yaml'.
  No need to remake target 'config/BATTLE/BATTLE.PRG/splat.yaml'.
  Pruning file 'config/BATTLE/BATTLE.PRG/Makefile'.
  Considering target file 'build/config/BATTLE/BATTLE.PRG/'.
   Looking for an implicit rule for 'build/config/BATTLE/BATTLE.PRG/'.
    Trying pattern rule '%/:' with stem 'build/config/BATTLE/BATTLE.PRG'.
   Found implicit rule '%/:' for 'build/config/BATTLE/BATTLE.PRG/'.
  Finished prerequisites of target file 'build/config/BATTLE/BATTLE.PRG/'.
  No need to remake target 'build/config/BATTLE/BATTLE.PRG/'.
  Pruning file 'config/SLUS_010.40/symbol_addrs.txt'.
  Considering target file 'config/MENU/MAINMENU.PRG/symbol_addrs.txt'.
   Looking for an implicit rule for 'config/MENU/MAINMENU.PRG/symbol_addrs.txt'.
   No implicit rule found for 'config/MENU/MAINMENU.PRG/symbol_addrs.txt'.
  Finished prerequisites of target file 'config/MENU/MAINMENU.PRG/symbol_addrs.txt'.
  No need to remake target 'config/MENU/MAINMENU.PRG/symbol_addrs.txt'.
  Pruning file 'disks/SLUS-01040.xml'.
 Finished prerequisites of target file 'build/config/BATTLE/BATTLE.PRG/link.d'.
  Prerequisite 'config/BATTLE/BATTLE.PRG/splat.yaml' is older than target 'build/config/BATTLE/BATTLE.PRG/link.d'.
  Prerequisite 'config/BATTLE/BATTLE.PRG/Makefile' is older than target 'build/config/BATTLE/BATTLE.PRG/link.d'.
  Prerequisite 'build/config/BATTLE/BATTLE.PRG/' is order-only for target 'build/config/BATTLE/BATTLE.PRG/link.d'.
  Prerequisite 'config/SLUS_010.40/symbol_addrs.txt' is older than target 'build/config/BATTLE/BATTLE.PRG/link.d'.
  Prerequisite 'config/MENU/MAINMENU.PRG/symbol_addrs.txt' is older than target 'build/config/BATTLE/BATTLE.PRG/link.d'.
  Prerequisite 'disks/SLUS-01040.xml' is order-only for target 'build/config/BATTLE/BATTLE.PRG/link.d'.
 No need to remake target 'build/config/BATTLE/BATTLE.PRG/link.d'.
 Considering target file 'build/src/BATTLE/BATTLE.PRG/146C.d'.
  Looking for an implicit rule for 'build/src/BATTLE/BATTLE.PRG/146C.d'.
   Trying pattern rule 'build/%.d: %.c | $(@D)/' with stem 'src/BATTLE/BATTLE.PRG/146C'.
   Trying implicit prerequisite 'src/BATTLE/BATTLE.PRG/146C.c'.
   Found 'src/BATTLE/BATTLE.PRG/146C.c'.
   Trying implicit prerequisite 'build/src/BATTLE/BATTLE.PRG/'.
   Found 'build/src/BATTLE/BATTLE.PRG/'.
  Found implicit rule 'build/%.d: %.c | $(@D)/' for 'build/src/BATTLE/BATTLE.PRG/146C.d'.
  Considering target file 'src/BATTLE/BATTLE.PRG/146C.c'.
   Looking for an implicit rule for 'src/BATTLE/BATTLE.PRG/146C.c'.
   No implicit rule found for 'src/BATTLE/BATTLE.PRG/146C.c'.
  Finished prerequisites of target file 'src/BATTLE/BATTLE.PRG/146C.c'.
  No need to remake target 'src/BATTLE/BATTLE.PRG/146C.c'.
  Considering target file 'build/src/BATTLE/BATTLE.PRG/'.
   Looking for an implicit rule for 'build/src/BATTLE/BATTLE.PRG/'.
    Trying pattern rule '%/:' with stem 'build/src/BATTLE/BATTLE.PRG'.
   Found implicit rule '%/:' for 'build/src/BATTLE/BATTLE.PRG/'.
  Finished prerequisites of target file 'build/src/BATTLE/BATTLE.PRG/'.
  No need to remake target 'build/src/BATTLE/BATTLE.PRG/'.
 Finished prerequisites of target file 'build/src/BATTLE/BATTLE.PRG/146C.d'.
  Prerequisite 'src/BATTLE/BATTLE.PRG/146C.c' is older than target 'build/src/BATTLE/BATTLE.PRG/146C.d'.
  Prerequisite 'build/src/BATTLE/BATTLE.PRG/' is order-only for target 'build/src/BATTLE/BATTLE.PRG/146C.d'.
 No need to remake target 'build/src/BATTLE/BATTLE.PRG/146C.d'.
 Considering target file 'build/src/BATTLE/BATTLE.PRG/2842C.d'.
  Looking for an implicit rule for 'build/src/BATTLE/BATTLE.PRG/2842C.d'.
   Trying pattern rule 'build/%.d: %.c | $(@D)/' with stem 'src/BATTLE/BATTLE.PRG/2842C'.
   Trying implicit prerequisite 'src/BATTLE/BATTLE.PRG/2842C.c'.
   Found 'src/BATTLE/BATTLE.PRG/2842C.c'.
   Trying implicit prerequisite 'build/src/BATTLE/BATTLE.PRG/'.
   'build/src/BATTLE/BATTLE.PRG/' ought to exist.
  Found implicit rule 'build/%.d: %.c | $(@D)/' for 'build/src/BATTLE/BATTLE.PRG/2842C.d'.
  Considering target file 'src/BATTLE/BATTLE.PRG/2842C.c'.
   Looking for an implicit rule for 'src/BATTLE/BATTLE.PRG/2842C.c'.
   No implicit rule found for 'src/BATTLE/BATTLE.PRG/2842C.c'.
  Finished prerequisites of target file 'src/BATTLE/BATTLE.PRG/2842C.c'.
  No need to remake target 'src/BATTLE/BATTLE.PRG/2842C.c'.
  Pruning file 'build/src/BATTLE/BATTLE.PRG/'.
 Finished prerequisites of target file 'build/src/BATTLE/BATTLE.PRG/2842C.d'.
  Prerequisite 'src/BATTLE/BATTLE.PRG/2842C.c' is older than target 'build/src/BATTLE/BATTLE.PRG/2842C.d'.
  Prerequisite 'build/src/BATTLE/BATTLE.PRG/' is order-only for target 'build/src/BATTLE/BATTLE.PRG/2842C.d'.
 No need to remake target 'build/src/BATTLE/BATTLE.PRG/2842C.d'.
 Considering target file 'build/src/BATTLE/BATTLE.PRG/30D14.d'.
  Looking for an implicit rule for 'build/src/BATTLE/BATTLE.PRG/30D14.d'.
   Trying pattern rule 'build/%.d: %.c | $(@D)/' with stem 'src/BATTLE/BATTLE.PRG/30D14'.
   Trying implicit prerequisite 'src/BATTLE/BATTLE.PRG/30D14.c'.
   Found 'src/BATTLE/BATTLE.PRG/30D14.c'.
   Trying implicit prerequisite 'build/src/BATTLE/BATTLE.PRG/'.
   'build/src/BATTLE/BATTLE.PRG/' ought to exist.
  Found implicit rule 'build/%.d: %.c | $(@D)/' for 'build/src/BATTLE/BATTLE.PRG/30D14.d'.
  Considering target file 'src/BATTLE/BATTLE.PRG/30D14.c'.
   Looking for an implicit rule for 'src/BATTLE/BATTLE.PRG/30D14.c'.
   No implicit rule found for 'src/BATTLE/BATTLE.PRG/30D14.c'.
  Finished prerequisites of target file 'src/BATTLE/BATTLE.PRG/30D14.c'.
  No need to remake target 'src/BATTLE/BATTLE.PRG/30D14.c'.
  Pruning file 'build/src/BATTLE/BATTLE.PRG/'.
 Finished prerequisites of target file 'build/src/BATTLE/BATTLE.PRG/30D14.d'.
  Prerequisite 'src/BATTLE/BATTLE.PRG/30D14.c' is older than target 'build/src/BATTLE/BATTLE.PRG/30D14.d'.
  Prerequisite 'build/src/BATTLE/BATTLE.PRG/' is order-only for target 'build/src/BATTLE/BATTLE.PRG/30D14.d'.
 No need to remake target 'build/src/BATTLE/BATTLE.PRG/30D14.d'.
 Considering target file 'build/src/BATTLE/BATTLE.PRG/3A1A0.d'.
  Looking for an implicit rule for 'build/src/BATTLE/BATTLE.PRG/3A1A0.d'.
   Trying pattern rule 'build/%.d: %.c | $(@D)/' with stem 'src/BATTLE/BATTLE.PRG/3A1A0'.
   Trying implicit prerequisite 'src/BATTLE/BATTLE.PRG/3A1A0.c'.
   Found 'src/BATTLE/BATTLE.PRG/3A1A0.c'.
   Trying implicit prerequisite 'build/src/BATTLE/BATTLE.PRG/'.
   'build/src/BATTLE/BATTLE.PRG/' ought to exist.
  Found implicit rule 'build/%.d: %.c | $(@D)/' for 'build/src/BATTLE/BATTLE.PRG/3A1A0.d'.
  Considering target file 'src/BATTLE/BATTLE.PRG/3A1A0.c'.
   Looking for an implicit rule for 'src/BATTLE/BATTLE.PRG/3A1A0.c'.
   No implicit rule found for 'src/BATTLE/BATTLE.PRG/3A1A0.c'.
  Finished prerequisites of target file 'src/BATTLE/BATTLE.PRG/3A1A0.c'.
  No need to remake target 'src/BATTLE/BATTLE.PRG/3A1A0.c'.
  Pruning file 'build/src/BATTLE/BATTLE.PRG/'.
 Finished prerequisites of target file 'build/src/BATTLE/BATTLE.PRG/3A1A0.d'.
  Prerequisite 'src/BATTLE/BATTLE.PRG/3A1A0.c' is older than target 'build/src/BATTLE/BATTLE.PRG/3A1A0.d'.
  Prerequisite 'build/src/BATTLE/BATTLE.PRG/' is order-only for target 'build/src/BATTLE/BATTLE.PRG/3A1A0.d'.
 No need to remake target 'build/src/BATTLE/BATTLE.PRG/3A1A0.d'.
 Considering target file 'build/src/BATTLE/BATTLE.PRG/40564.d'.
  Looking for an implicit rule for 'build/src/BATTLE/BATTLE.PRG/40564.d'.
   Trying pattern rule 'build/%.d: %.c | $(@D)/' with stem 'src/BATTLE/BATTLE.PRG/40564'.
   Trying implicit prerequisite 'src/BATTLE/BATTLE.PRG/40564.c'.
   Found 'src/BATTLE/BATTLE.PRG/40564.c'.
   Trying implicit prerequisite 'build/src/BATTLE/BATTLE.PRG/'.
   'build/src/BATTLE/BATTLE.PRG/' ought to exist.
  Found implicit rule 'build/%.d: %.c | $(@D)/' for 'build/src/BATTLE/BATTLE.PRG/40564.d'.
  Considering target file 'src/BATTLE/BATTLE.PRG/40564.c'.
   Looking for an implicit rule for 'src/BATTLE/BATTLE.PRG/40564.c'.
   No implicit rule found for 'src/BATTLE/BATTLE.PRG/40564.c'.
  Finished prerequisites of target file 'src/BATTLE/BATTLE.PRG/40564.c'.
  No need to remake target 'src/BATTLE/BATTLE.PRG/40564.c'.
  Pruning file 'build/src/BATTLE/BATTLE.PRG/'.
 Finished prerequisites of target file 'build/src/BATTLE/BATTLE.PRG/40564.d'.
  Prerequisite 'src/BATTLE/BATTLE.PRG/40564.c' is older than target 'build/src/BATTLE/BATTLE.PRG/40564.d'.
  Prerequisite 'build/src/BATTLE/BATTLE.PRG/' is order-only for target 'build/src/BATTLE/BATTLE.PRG/40564.d'.
 No need to remake target 'build/src/BATTLE/BATTLE.PRG/40564.d'.
 Considering target file 'build/src/BATTLE/BATTLE.PRG/44F14.d'.
  Looking for an implicit rule for 'build/src/BATTLE/BATTLE.PRG/44F14.d'.
   Trying pattern rule 'build/%.d: %.c | $(@D)/' with stem 'src/BATTLE/BATTLE.PRG/44F14'.
   Trying implicit prerequisite 'src/BATTLE/BATTLE.PRG/44F14.c'.
   Found 'src/BATTLE/BATTLE.PRG/44F14.c'.
   Trying implicit prerequisite 'build/src/BATTLE/BATTLE.PRG/'.
   'build/src/BATTLE/BATTLE.PRG/' ought to exist.
  Found implicit rule 'build/%.d: %.c | $(@D)/' for 'build/src/BATTLE/BATTLE.PRG/44F14.d'.
  Considering target file 'src/BATTLE/BATTLE.PRG/44F14.c'.
   Looking for an implicit rule for 'src/BATTLE/BATTLE.PRG/44F14.c'.
   No implicit rule found for 'src/BATTLE/BATTLE.PRG/44F14.c'.
  Finished prerequisites of target file 'src/BATTLE/BATTLE.PRG/44F14.c'.
  No need to remake target 'src/BATTLE/BATTLE.PRG/44F14.c'.
  Pruning file 'build/src/BATTLE/BATTLE.PRG/'.
 Finished prerequisites of target file 'build/src/BATTLE/BATTLE.PRG/44F14.d'.
  Prerequisite 'src/BATTLE/BATTLE.PRG/44F14.c' is older than target 'build/src/BATTLE/BATTLE.PRG/44F14.d'.
  Prerequisite 'build/src/BATTLE/BATTLE.PRG/' is order-only for target 'build/src/BATTLE/BATTLE.PRG/44F14.d'.
 No need to remake target 'build/src/BATTLE/BATTLE.PRG/44F14.d'.
 Considering target file 'build/src/BATTLE/BATTLE.PRG/4A0A8.d'.
  Looking for an implicit rule for 'build/src/BATTLE/BATTLE.PRG/4A0A8.d'.
   Trying pattern rule 'build/%.d: %.c | $(@D)/' with stem 'src/BATTLE/BATTLE.PRG/4A0A8'.
   Trying implicit prerequisite 'src/BATTLE/BATTLE.PRG/4A0A8.c'.
   Found 'src/BATTLE/BATTLE.PRG/4A0A8.c'.
   Trying implicit prerequisite 'build/src/BATTLE/BATTLE.PRG/'.
   'build/src/BATTLE/BATTLE.PRG/' ought to exist.
  Found implicit rule 'build/%.d: %.c | $(@D)/' for 'build/src/BATTLE/BATTLE.PRG/4A0A8.d'.
  Considering target file 'src/BATTLE/BATTLE.PRG/4A0A8.c'.
   Looking for an implicit rule for 'src/BATTLE/BATTLE.PRG/4A0A8.c'.
   No implicit rule found for 'src/BATTLE/BATTLE.PRG/4A0A8.c'.
  Finished prerequisites of target file 'src/BATTLE/BATTLE.PRG/4A0A8.c'.
  No need to remake target 'src/BATTLE/BATTLE.PRG/4A0A8.c'.
  Pruning file 'build/src/BATTLE/BATTLE.PRG/'.
 Finished prerequisites of target file 'build/src/BATTLE/BATTLE.PRG/4A0A8.d'.
  Prerequisite 'src/BATTLE/BATTLE.PRG/4A0A8.c' is older than target 'build/src/BATTLE/BATTLE.PRG/4A0A8.d'.
  Prerequisite 'build/src/BATTLE/BATTLE.PRG/' is order-only for target 'build/src/BATTLE/BATTLE.PRG/4A0A8.d'.
 No need to remake target 'build/src/BATTLE/BATTLE.PRG/4A0A8.d'.
 Considering target file 'build/src/BATTLE/BATTLE.PRG/573B8.d'.
  Looking for an implicit rule for 'build/src/BATTLE/BATTLE.PRG/573B8.d'.
   Trying pattern rule 'build/%.d: %.c | $(@D)/' with stem 'src/BATTLE/BATTLE.PRG/573B8'.
   Trying implicit prerequisite 'src/BATTLE/BATTLE.PRG/573B8.c'.
   Found 'src/BATTLE/BATTLE.PRG/573B8.c'.
   Trying implicit prerequisite 'build/src/BATTLE/BATTLE.PRG/'.
   'build/src/BATTLE/BATTLE.PRG/' ought to exist.
  Found implicit rule 'build/%.d: %.c | $(@D)/' for 'build/src/BATTLE/BATTLE.PRG/573B8.d'.
  Considering target file 'src/BATTLE/BATTLE.PRG/573B8.c'.
   Looking for an implicit rule for 'src/BATTLE/BATTLE.PRG/573B8.c'.
   No implicit rule found for 'src/BATTLE/BATTLE.PRG/573B8.c'.
  Finished prerequisites of target file 'src/BATTLE/BATTLE.PRG/573B8.c'.
  No need to remake target 'src/BATTLE/BATTLE.PRG/573B8.c'.
  Pruning file 'build/src/BATTLE/BATTLE.PRG/'.
 Finished prerequisites of target file 'build/src/BATTLE/BATTLE.PRG/573B8.d'.
  Prerequisite 'src/BATTLE/BATTLE.PRG/573B8.c' is older than target 'build/src/BATTLE/BATTLE.PRG/573B8.d'.
  Prerequisite 'build/src/BATTLE/BATTLE.PRG/' is order-only for target 'build/src/BATTLE/BATTLE.PRG/573B8.d'.
 No need to remake target 'build/src/BATTLE/BATTLE.PRG/573B8.d'.
 Considering target file 'build/src/BATTLE/BATTLE.PRG/58578.d'.
  Looking for an implicit rule for 'build/src/BATTLE/BATTLE.PRG/58578.d'.
   Trying pattern rule 'build/%.d: %.c | $(@D)/' with stem 'src/BATTLE/BATTLE.PRG/58578'.
   Trying implicit prerequisite 'src/BATTLE/BATTLE.PRG/58578.c'.
   Found 'src/BATTLE/BATTLE.PRG/58578.c'.
   Trying implicit prerequisite 'build/src/BATTLE/BATTLE.PRG/'.
   'build/src/BATTLE/BATTLE.PRG/' ought to exist.
  Found implicit rule 'build/%.d: %.c | $(@D)/' for 'build/src/BATTLE/BATTLE.PRG/58578.d'.
  Considering target file 'src/BATTLE/BATTLE.PRG/58578.c'.
   Looking for an implicit rule for 'src/BATTLE/BATTLE.PRG/58578.c'.
   No implicit rule found for 'src/BATTLE/BATTLE.PRG/58578.c'.
  Finished prerequisites of target file 'src/BATTLE/BATTLE.PRG/58578.c'.
  No need to remake target 'src/BATTLE/BATTLE.PRG/58578.c'.
  Pruning file 'build/src/BATTLE/BATTLE.PRG/'.
 Finished prerequisites of target file 'build/src/BATTLE/BATTLE.PRG/58578.d'.
  Prerequisite 'src/BATTLE/BATTLE.PRG/58578.c' is older than target 'build/src/BATTLE/BATTLE.PRG/58578.d'.
  Prerequisite 'build/src/BATTLE/BATTLE.PRG/' is order-only for target 'build/src/BATTLE/BATTLE.PRG/58578.d'.
 No need to remake target 'build/src/BATTLE/BATTLE.PRG/58578.d'.
 Considering target file 'build/src/BATTLE/BATTLE.PRG/5BF94.d'.
  Looking for an implicit rule for 'build/src/BATTLE/BATTLE.PRG/5BF94.d'.
   Trying pattern rule 'build/%.d: %.c | $(@D)/' with stem 'src/BATTLE/BATTLE.PRG/5BF94'.
   Trying implicit prerequisite 'src/BATTLE/BATTLE.PRG/5BF94.c'.
   Found 'src/BATTLE/BATTLE.PRG/5BF94.c'.
   Trying implicit prerequisite 'build/src/BATTLE/BATTLE.PRG/'.
   'build/src/BATTLE/BATTLE.PRG/' ought to exist.
  Found implicit rule 'build/%.d: %.c | $(@D)/' for 'build/src/BATTLE/BATTLE.PRG/5BF94.d'.
  Considering target file 'src/BATTLE/BATTLE.PRG/5BF94.c'.
   Looking for an implicit rule for 'src/BATTLE/BATTLE.PRG/5BF94.c'.
   No implicit rule found for 'src/BATTLE/BATTLE.PRG/5BF94.c'.
  Finished prerequisites of target file 'src/BATTLE/BATTLE.PRG/5BF94.c'.
  No need to remake target 'src/BATTLE/BATTLE.PRG/5BF94.c'.
  Pruning file 'build/src/BATTLE/BATTLE.PRG/'.
 Finished prerequisites of target file 'build/src/BATTLE/BATTLE.PRG/5BF94.d'.
  Prerequisite 'src/BATTLE/BATTLE.PRG/5BF94.c' is older than target 'build/src/BATTLE/BATTLE.PRG/5BF94.d'.
  Prerequisite 'build/src/BATTLE/BATTLE.PRG/' is order-only for target 'build/src/BATTLE/BATTLE.PRG/5BF94.d'.
 No need to remake target 'build/src/BATTLE/BATTLE.PRG/5BF94.d'.
 Considering target file 'build/src/BATTLE/BATTLE.PRG/6E644.rodata.d'.
  File 'build/src/BATTLE/BATTLE.PRG/6E644.rodata.d' does not exist.
  Looking for an implicit rule for 'build/src/BATTLE/BATTLE.PRG/6E644.rodata.d'.
   Trying pattern rule 'build/%.d: %.c | $(@D)/' with stem 'src/BATTLE/BATTLE.PRG/6E644.rodata'.
   Trying implicit prerequisite 'src/BATTLE/BATTLE.PRG/6E644.rodata.c'.
   Not found 'src/BATTLE/BATTLE.PRG/6E644.rodata.c'.
   Trying harder.
   Trying pattern rule 'build/%.d: %.c | $(@D)/' with stem 'src/BATTLE/BATTLE.PRG/6E644.rodata'.
   Trying implicit prerequisite 'src/BATTLE/BATTLE.PRG/6E644.rodata.c'.
   Looking for a rule with intermediate file 'src/BATTLE/BATTLE.PRG/6E644.rodata.c'.
    Avoiding implicit rule recursion for rule 'build/%.d: %.c | $(@D)/'.
   No implicit rule found for 'src/BATTLE/BATTLE.PRG/6E644.rodata.c'.
   Rejecting rule 'build/%.d: %.c | $(@D)/' due to impossible prerequisite 'src/BATTLE/BATTLE.PRG/6E644.rodata.c'.
  No implicit rule found for 'build/src/BATTLE/BATTLE.PRG/6E644.rodata.d'.
 Finished prerequisites of target file 'build/src/BATTLE/BATTLE.PRG/6E644.rodata.d'.
 Must remake target 'build/src/BATTLE/BATTLE.PRG/6E644.rodata.d'.
 Failed to remake target file 'build/src/BATTLE/BATTLE.PRG/6E644.rodata.d'.
 Considering target file 'build/src/BATTLE/BATTLE.PRG/2EA3C.d'.
  File 'build/src/BATTLE/BATTLE.PRG/2EA3C.d' does not exist.
  Looking for an implicit rule for 'build/src/BATTLE/BATTLE.PRG/2EA3C.d'.
   Trying pattern rule 'build/%.d: %.c | $(@D)/' with stem 'src/BATTLE/BATTLE.PRG/2EA3C'.
   Trying implicit prerequisite 'src/BATTLE/BATTLE.PRG/2EA3C.c'.
   Not found 'src/BATTLE/BATTLE.PRG/2EA3C.c'.
   Trying harder.
   Trying pattern rule 'build/%.d: %.c | $(@D)/' with stem 'src/BATTLE/BATTLE.PRG/2EA3C'.
   Trying implicit prerequisite 'src/BATTLE/BATTLE.PRG/2EA3C.c'.
   Looking for a rule with intermediate file 'src/BATTLE/BATTLE.PRG/2EA3C.c'.
    Avoiding implicit rule recursion for rule 'build/%.d: %.c | $(@D)/'.
   No implicit rule found for 'src/BATTLE/BATTLE.PRG/2EA3C.c'.
   Rejecting rule 'build/%.d: %.c | $(@D)/' due to impossible prerequisite 'src/BATTLE/BATTLE.PRG/2EA3C.c'.
  No implicit rule found for 'build/src/BATTLE/BATTLE.PRG/2EA3C.d'.
 Finished prerequisites of target file 'build/src/BATTLE/BATTLE.PRG/2EA3C.d'.
 Must remake target 'build/src/BATTLE/BATTLE.PRG/2EA3C.d'.
 Failed to remake target file 'build/src/BATTLE/BATTLE.PRG/2EA3C.d'.
 Considering target file 'build/src/BATTLE/BATTLE.PRG/38C1C.d'.
  Looking for an implicit rule for 'build/src/BATTLE/BATTLE.PRG/38C1C.d'.
   Trying pattern rule 'build/%.d: %.c | $(@D)/' with stem 'src/BATTLE/BATTLE.PRG/38C1C'.
   Trying implicit prerequisite 'src/BATTLE/BATTLE.PRG/38C1C.c'.
   Found 'src/BATTLE/BATTLE.PRG/38C1C.c'.
   Trying implicit prerequisite 'build/src/BATTLE/BATTLE.PRG/'.
   'build/src/BATTLE/BATTLE.PRG/' ought to exist.
  Found implicit rule 'build/%.d: %.c | $(@D)/' for 'build/src/BATTLE/BATTLE.PRG/38C1C.d'.
  Considering target file 'src/BATTLE/BATTLE.PRG/38C1C.c'.
   Looking for an implicit rule for 'src/BATTLE/BATTLE.PRG/38C1C.c'.
   No implicit rule found for 'src/BATTLE/BATTLE.PRG/38C1C.c'.
  Finished prerequisites of target file 'src/BATTLE/BATTLE.PRG/38C1C.c'.
  No need to remake target 'src/BATTLE/BATTLE.PRG/38C1C.c'.
  Pruning file 'build/src/BATTLE/BATTLE.PRG/'.
 Finished prerequisites of target file 'build/src/BATTLE/BATTLE.PRG/38C1C.d'.
  Prerequisite 'src/BATTLE/BATTLE.PRG/38C1C.c' is older than target 'build/src/BATTLE/BATTLE.PRG/38C1C.d'.
  Prerequisite 'build/src/BATTLE/BATTLE.PRG/' is order-only for target 'build/src/BATTLE/BATTLE.PRG/38C1C.d'.
 No need to remake target 'build/src/BATTLE/BATTLE.PRG/38C1C.d'.
 Considering target file 'build/src/BATTLE/BATTLE.PRG/6E644.d'.
  File 'build/src/BATTLE/BATTLE.PRG/6E644.d' does not exist.
  Looking for an implicit rule for 'build/src/BATTLE/BATTLE.PRG/6E644.d'.
   Trying pattern rule 'build/%.d: %.c | $(@D)/' with stem 'src/BATTLE/BATTLE.PRG/6E644'.
   Trying implicit prerequisite 'src/BATTLE/BATTLE.PRG/6E644.c'.
   Not found 'src/BATTLE/BATTLE.PRG/6E644.c'.
   Trying harder.
   Trying pattern rule 'build/%.d: %.c | $(@D)/' with stem 'src/BATTLE/BATTLE.PRG/6E644'.
   Trying implicit prerequisite 'src/BATTLE/BATTLE.PRG/6E644.c'.
   Looking for a rule with intermediate file 'src/BATTLE/BATTLE.PRG/6E644.c'.
    Avoiding implicit rule recursion for rule 'build/%.d: %.c | $(@D)/'.
   No implicit rule found for 'src/BATTLE/BATTLE.PRG/6E644.c'.
   Rejecting rule 'build/%.d: %.c | $(@D)/' due to impossible prerequisite 'src/BATTLE/BATTLE.PRG/6E644.c'.
  No implicit rule found for 'build/src/BATTLE/BATTLE.PRG/6E644.d'.
 Finished prerequisites of target file 'build/src/BATTLE/BATTLE.PRG/6E644.d'.
 Must remake target 'build/src/BATTLE/BATTLE.PRG/6E644.d'.
 Failed to remake target file 'build/src/BATTLE/BATTLE.PRG/6E644.d'.
 Considering target file 'build/src/BATTLE/BATTLE.PRG/7F984.data.d'.
  File 'build/src/BATTLE/BATTLE.PRG/7F984.data.d' does not exist.
  Looking for an implicit rule for 'build/src/BATTLE/BATTLE.PRG/7F984.data.d'.
   Trying pattern rule 'build/%.d: %.c | $(@D)/' with stem 'src/BATTLE/BATTLE.PRG/7F984.data'.
   Trying implicit prerequisite 'src/BATTLE/BATTLE.PRG/7F984.data.c'.
   Not found 'src/BATTLE/BATTLE.PRG/7F984.data.c'.
   Trying harder.
   Trying pattern rule 'build/%.d: %.c | $(@D)/' with stem 'src/BATTLE/BATTLE.PRG/7F984.data'.
   Trying implicit prerequisite 'src/BATTLE/BATTLE.PRG/7F984.data.c'.
   Looking for a rule with intermediate file 'src/BATTLE/BATTLE.PRG/7F984.data.c'.
    Avoiding implicit rule recursion for rule 'build/%.d: %.c | $(@D)/'.
   No implicit rule found for 'src/BATTLE/BATTLE.PRG/7F984.data.c'.
   Rejecting rule 'build/%.d: %.c | $(@D)/' due to impossible prerequisite 'src/BATTLE/BATTLE.PRG/7F984.data.c'.
  No implicit rule found for 'build/src/BATTLE/BATTLE.PRG/7F984.data.d'.
 Finished prerequisites of target file 'build/src/BATTLE/BATTLE.PRG/7F984.data.d'.
 Must remake target 'build/src/BATTLE/BATTLE.PRG/7F984.data.d'.
 Failed to remake target file 'build/src/BATTLE/BATTLE.PRG/7F984.data.d'.
 Considering target file 'build/src/BATTLE/BATTLE.PRG/menuLbas.d'.
  Looking for an implicit rule for 'build/src/BATTLE/BATTLE.PRG/menuLbas.d'.
   Trying pattern rule 'build/%.d: %.c | $(@D)/' with stem 'src/BATTLE/BATTLE.PRG/menuLbas'.
   Trying implicit prerequisite 'src/BATTLE/BATTLE.PRG/menuLbas.c'.
   Found 'src/BATTLE/BATTLE.PRG/menuLbas.c'.
   Trying implicit prerequisite 'build/src/BATTLE/BATTLE.PRG/'.
   'build/src/BATTLE/BATTLE.PRG/' ought to exist.
  Found implicit rule 'build/%.d: %.c | $(@D)/' for 'build/src/BATTLE/BATTLE.PRG/menuLbas.d'.
  Considering target file 'src/BATTLE/BATTLE.PRG/menuLbas.c'.
   Looking for an implicit rule for 'src/BATTLE/BATTLE.PRG/menuLbas.c'.
   No implicit rule found for 'src/BATTLE/BATTLE.PRG/menuLbas.c'.
  Finished prerequisites of target file 'src/BATTLE/BATTLE.PRG/menuLbas.c'.
  No need to remake target 'src/BATTLE/BATTLE.PRG/menuLbas.c'.
  Pruning file 'build/src/BATTLE/BATTLE.PRG/'.
 Finished prerequisites of target file 'build/src/BATTLE/BATTLE.PRG/menuLbas.d'.
  Prerequisite 'src/BATTLE/BATTLE.PRG/menuLbas.c' is older than target 'build/src/BATTLE/BATTLE.PRG/menuLbas.d'.
  Prerequisite 'build/src/BATTLE/BATTLE.PRG/' is order-only for target 'build/src/BATTLE/BATTLE.PRG/menuLbas.d'.
 No need to remake target 'build/src/BATTLE/BATTLE.PRG/menuLbas.d'.
 Considering target file 'build/src/BATTLE/BATTLE.PRG/gimLbas.d'.
  Looking for an implicit rule for 'build/src/BATTLE/BATTLE.PRG/gimLbas.d'.
   Trying pattern rule 'build/%.d: %.c | $(@D)/' with stem 'src/BATTLE/BATTLE.PRG/gimLbas'.
   Trying implicit prerequisite 'src/BATTLE/BATTLE.PRG/gimLbas.c'.
   Found 'src/BATTLE/BATTLE.PRG/gimLbas.c'.
   Trying implicit prerequisite 'build/src/BATTLE/BATTLE.PRG/'.
   'build/src/BATTLE/BATTLE.PRG/' ought to exist.
  Found implicit rule 'build/%.d: %.c | $(@D)/' for 'build/src/BATTLE/BATTLE.PRG/gimLbas.d'.
  Considering target file 'src/BATTLE/BATTLE.PRG/gimLbas.c'.
   Looking for an implicit rule for 'src/BATTLE/BATTLE.PRG/gimLbas.c'.
   No implicit rule found for 'src/BATTLE/BATTLE.PRG/gimLbas.c'.
  Finished prerequisites of target file 'src/BATTLE/BATTLE.PRG/gimLbas.c'.
  No need to remake target 'src/BATTLE/BATTLE.PRG/gimLbas.c'.
  Pruning file 'build/src/BATTLE/BATTLE.PRG/'.
 Finished prerequisites of target file 'build/src/BATTLE/BATTLE.PRG/gimLbas.d'.
  Prerequisite 'src/BATTLE/BATTLE.PRG/gimLbas.c' is older than target 'build/src/BATTLE/BATTLE.PRG/gimLbas.d'.
  Prerequisite 'build/src/BATTLE/BATTLE.PRG/' is order-only for target 'build/src/BATTLE/BATTLE.PRG/gimLbas.d'.
 No need to remake target 'build/src/BATTLE/BATTLE.PRG/gimLbas.d'.
 Considering target file 'build/src/BATTLE/BATTLE.PRG/82F08.data.d'.
  File 'build/src/BATTLE/BATTLE.PRG/82F08.data.d' does not exist.
  Looking for an implicit rule for 'build/src/BATTLE/BATTLE.PRG/82F08.data.d'.
   Trying pattern rule 'build/%.d: %.c | $(@D)/' with stem 'src/BATTLE/BATTLE.PRG/82F08.data'.
   Trying implicit prerequisite 'src/BATTLE/BATTLE.PRG/82F08.data.c'.
   Not found 'src/BATTLE/BATTLE.PRG/82F08.data.c'.
   Trying harder.
   Trying pattern rule 'build/%.d: %.c | $(@D)/' with stem 'src/BATTLE/BATTLE.PRG/82F08.data'.
   Trying implicit prerequisite 'src/BATTLE/BATTLE.PRG/82F08.data.c'.
   Looking for a rule with intermediate file 'src/BATTLE/BATTLE.PRG/82F08.data.c'.
    Avoiding implicit rule recursion for rule 'build/%.d: %.c | $(@D)/'.
   No implicit rule found for 'src/BATTLE/BATTLE.PRG/82F08.data.c'.
   Rejecting rule 'build/%.d: %.c | $(@D)/' due to impossible prerequisite 'src/BATTLE/BATTLE.PRG/82F08.data.c'.
  No implicit rule found for 'build/src/BATTLE/BATTLE.PRG/82F08.data.d'.
 Finished prerequisites of target file 'build/src/BATTLE/BATTLE.PRG/82F08.data.d'.
 Must remake target 'build/src/BATTLE/BATTLE.PRG/82F08.data.d'.
 Failed to remake target file 'build/src/BATTLE/BATTLE.PRG/82F08.data.d'.
 Considering target file 'build/assets/BATTLE/BATTLE.PRG/menuStrings.vsString.d'.
  File 'build/assets/BATTLE/BATTLE.PRG/menuStrings.vsString.d' does not exist.
  Looking for an implicit rule for 'build/assets/BATTLE/BATTLE.PRG/menuStrings.vsString.d'.
   Trying pattern rule 'build/%.d: %.c | $(@D)/' with stem 'assets/BATTLE/BATTLE.PRG/menuStrings.vsString'.
   Trying implicit prerequisite 'assets/BATTLE/BATTLE.PRG/menuStrings.vsString.c'.
   Not found 'assets/BATTLE/BATTLE.PRG/menuStrings.vsString.c'.
   Trying harder.
   Trying pattern rule 'build/%.d: %.c | $(@D)/' with stem 'assets/BATTLE/BATTLE.PRG/menuStrings.vsString'.
   Trying implicit prerequisite 'assets/BATTLE/BATTLE.PRG/menuStrings.vsString.c'.
   Looking for a rule with intermediate file 'assets/BATTLE/BATTLE.PRG/menuStrings.vsString.c'.
    Avoiding implicit rule recursion for rule 'build/%.d: %.c | $(@D)/'.
   No implicit rule found for 'assets/BATTLE/BATTLE.PRG/menuStrings.vsString.c'.
   Rejecting rule 'build/%.d: %.c | $(@D)/' due to impossible prerequisite 'assets/BATTLE/BATTLE.PRG/menuStrings.vsString.c'.
  No implicit rule found for 'build/assets/BATTLE/BATTLE.PRG/menuStrings.vsString.d'.
 Finished prerequisites of target file 'build/assets/BATTLE/BATTLE.PRG/menuStrings.vsString.d'.
 Must remake target 'build/assets/BATTLE/BATTLE.PRG/menuStrings.vsString.d'.
 Failed to remake target file 'build/assets/BATTLE/BATTLE.PRG/menuStrings.vsString.d'.
 Considering target file 'build/src/BATTLE/BATTLE.PRG/833B8.data.d'.
  File 'build/src/BATTLE/BATTLE.PRG/833B8.data.d' does not exist.
  Looking for an implicit rule for 'build/src/BATTLE/BATTLE.PRG/833B8.data.d'.
   Trying pattern rule 'build/%.d: %.c | $(@D)/' with stem 'src/BATTLE/BATTLE.PRG/833B8.data'.
   Trying implicit prerequisite 'src/BATTLE/BATTLE.PRG/833B8.data.c'.
   Not found 'src/BATTLE/BATTLE.PRG/833B8.data.c'.
   Trying harder.
   Trying pattern rule 'build/%.d: %.c | $(@D)/' with stem 'src/BATTLE/BATTLE.PRG/833B8.data'.
   Trying implicit prerequisite 'src/BATTLE/BATTLE.PRG/833B8.data.c'.
   Looking for a rule with intermediate file 'src/BATTLE/BATTLE.PRG/833B8.data.c'.
    Avoiding implicit rule recursion for rule 'build/%.d: %.c | $(@D)/'.
   No implicit rule found for 'src/BATTLE/BATTLE.PRG/833B8.data.c'.
   Rejecting rule 'build/%.d: %.c | $(@D)/' due to impossible prerequisite 'src/BATTLE/BATTLE.PRG/833B8.data.c'.
  No implicit rule found for 'build/src/BATTLE/BATTLE.PRG/833B8.data.d'.
 Finished prerequisites of target file 'build/src/BATTLE/BATTLE.PRG/833B8.data.d'.
 Must remake target 'build/src/BATTLE/BATTLE.PRG/833B8.data.d'.
 Failed to remake target file 'build/src/BATTLE/BATTLE.PRG/833B8.data.d'.
 Considering target file 'build/src/BATTLE/BATTLE.PRG/89058.bss.d'.
  File 'build/src/BATTLE/BATTLE.PRG/89058.bss.d' does not exist.
  Looking for an implicit rule for 'build/src/BATTLE/BATTLE.PRG/89058.bss.d'.
   Trying pattern rule 'build/%.d: %.c | $(@D)/' with stem 'src/BATTLE/BATTLE.PRG/89058.bss'.
   Trying implicit prerequisite 'src/BATTLE/BATTLE.PRG/89058.bss.c'.
   Not found 'src/BATTLE/BATTLE.PRG/89058.bss.c'.
   Trying harder.
   Trying pattern rule 'build/%.d: %.c | $(@D)/' with stem 'src/BATTLE/BATTLE.PRG/89058.bss'.
   Trying implicit prerequisite 'src/BATTLE/BATTLE.PRG/89058.bss.c'.
   Looking for a rule with intermediate file 'src/BATTLE/BATTLE.PRG/89058.bss.c'.
    Avoiding implicit rule recursion for rule 'build/%.d: %.c | $(@D)/'.
   No implicit rule found for 'src/BATTLE/BATTLE.PRG/89058.bss.c'.
   Rejecting rule 'build/%.d: %.c | $(@D)/' due to impossible prerequisite 'src/BATTLE/BATTLE.PRG/89058.bss.c'.
  No implicit rule found for 'build/src/BATTLE/BATTLE.PRG/89058.bss.d'.
 Finished prerequisites of target file 'build/src/BATTLE/BATTLE.PRG/89058.bss.d'.
 Must remake target 'build/src/BATTLE/BATTLE.PRG/89058.bss.d'.
 Failed to remake target file 'build/src/BATTLE/BATTLE.PRG/89058.bss.d'.
 Considering target file 'build/config/BATTLE/INITBTL.PRG/link.d'.
  Looking for an implicit rule for 'build/config/BATTLE/INITBTL.PRG/link.d'.
   Trying pattern rule 'build/config/%/link.d: config/%/splat.yaml config/%/Makefile | $(@D)/' with stem 'BATTLE/INITBTL.PRG'.
   Trying implicit prerequisite 'config/BATTLE/INITBTL.PRG/splat.yaml'.
   Found 'config/BATTLE/INITBTL.PRG/splat.yaml'.
   Trying implicit prerequisite 'config/BATTLE/INITBTL.PRG/Makefile'.
   Found 'config/BATTLE/INITBTL.PRG/Makefile'.
   Trying implicit prerequisite 'build/config/BATTLE/INITBTL.PRG/'.
   Found 'build/config/BATTLE/INITBTL.PRG/'.
  Found implicit rule 'build/config/%/link.d: config/%/splat.yaml config/%/Makefile | $(@D)/' for 'build/config/BATTLE/INITBTL.PRG/link.d'.
  Considering target file 'config/BATTLE/INITBTL.PRG/splat.yaml'.
   Looking for an implicit rule for 'config/BATTLE/INITBTL.PRG/splat.yaml'.
   No implicit rule found for 'config/BATTLE/INITBTL.PRG/splat.yaml'.
  Finished prerequisites of target file 'config/BATTLE/INITBTL.PRG/splat.yaml'.
  No need to remake target 'config/BATTLE/INITBTL.PRG/splat.yaml'.
  Pruning file 'config/BATTLE/INITBTL.PRG/Makefile'.
  Considering target file 'build/config/BATTLE/INITBTL.PRG/'.
   Looking for an implicit rule for 'build/config/BATTLE/INITBTL.PRG/'.
    Trying pattern rule '%/:' with stem 'build/config/BATTLE/INITBTL.PRG'.
   Found implicit rule '%/:' for 'build/config/BATTLE/INITBTL.PRG/'.
  Finished prerequisites of target file 'build/config/BATTLE/INITBTL.PRG/'.
  No need to remake target 'build/config/BATTLE/INITBTL.PRG/'.
  Pruning file 'disks/SLUS-01040.xml'.
 Finished prerequisites of target file 'build/config/BATTLE/INITBTL.PRG/link.d'.
  Prerequisite 'config/BATTLE/INITBTL.PRG/splat.yaml' is older than target 'build/config/BATTLE/INITBTL.PRG/link.d'.
  Prerequisite 'config/BATTLE/INITBTL.PRG/Makefile' is older than target 'build/config/BATTLE/INITBTL.PRG/link.d'.
  Prerequisite 'build/config/BATTLE/INITBTL.PRG/' is order-only for target 'build/config/BATTLE/INITBTL.PRG/link.d'.
  Prerequisite 'disks/SLUS-01040.xml' is order-only for target 'build/config/BATTLE/INITBTL.PRG/link.d'.
 No need to remake target 'build/config/BATTLE/INITBTL.PRG/link.d'.
 Considering target file 'build/src/BATTLE/INITBTL.PRG/18.d'.
  Looking for an implicit rule for 'build/src/BATTLE/INITBTL.PRG/18.d'.
   Trying pattern rule 'build/%.d: %.c | $(@D)/' with stem 'src/BATTLE/INITBTL.PRG/18'.
   Trying implicit prerequisite 'src/BATTLE/INITBTL.PRG/18.c'.
   Found 'src/BATTLE/INITBTL.PRG/18.c'.
   Trying implicit prerequisite 'build/src/BATTLE/INITBTL.PRG/'.
   Found 'build/src/BATTLE/INITBTL.PRG/'.
  Found implicit rule 'build/%.d: %.c | $(@D)/' for 'build/src/BATTLE/INITBTL.PRG/18.d'.
  Considering target file 'src/BATTLE/INITBTL.PRG/18.c'.
   Looking for an implicit rule for 'src/BATTLE/INITBTL.PRG/18.c'.
   No implicit rule found for 'src/BATTLE/INITBTL.PRG/18.c'.
  Finished prerequisites of target file 'src/BATTLE/INITBTL.PRG/18.c'.
  No need to remake target 'src/BATTLE/INITBTL.PRG/18.c'.
  Considering target file 'build/src/BATTLE/INITBTL.PRG/'.
   Looking for an implicit rule for 'build/src/BATTLE/INITBTL.PRG/'.
    Trying pattern rule '%/:' with stem 'build/src/BATTLE/INITBTL.PRG'.
   Found implicit rule '%/:' for 'build/src/BATTLE/INITBTL.PRG/'.
  Finished prerequisites of target file 'build/src/BATTLE/INITBTL.PRG/'.
  No need to remake target 'build/src/BATTLE/INITBTL.PRG/'.
 Finished prerequisites of target file 'build/src/BATTLE/INITBTL.PRG/18.d'.
  Prerequisite 'src/BATTLE/INITBTL.PRG/18.c' is older than target 'build/src/BATTLE/INITBTL.PRG/18.d'.
  Prerequisite 'build/src/BATTLE/INITBTL.PRG/' is order-only for target 'build/src/BATTLE/INITBTL.PRG/18.d'.
 No need to remake target 'build/src/BATTLE/INITBTL.PRG/18.d'.
 Considering target file 'build/src/BATTLE/INITBTL.PRG/FB0.d'.
  Looking for an implicit rule for 'build/src/BATTLE/INITBTL.PRG/FB0.d'.
   Trying pattern rule 'build/%.d: %.c | $(@D)/' with stem 'src/BATTLE/INITBTL.PRG/FB0'.
   Trying implicit prerequisite 'src/BATTLE/INITBTL.PRG/FB0.c'.
   Found 'src/BATTLE/INITBTL.PRG/FB0.c'.
   Trying implicit prerequisite 'build/src/BATTLE/INITBTL.PRG/'.
   'build/src/BATTLE/INITBTL.PRG/' ought to exist.
  Found implicit rule 'build/%.d: %.c | $(@D)/' for 'build/src/BATTLE/INITBTL.PRG/FB0.d'.
  Considering target file 'src/BATTLE/INITBTL.PRG/FB0.c'.
   Looking for an implicit rule for 'src/BATTLE/INITBTL.PRG/FB0.c'.
   No implicit rule found for 'src/BATTLE/INITBTL.PRG/FB0.c'.
  Finished prerequisites of target file 'src/BATTLE/INITBTL.PRG/FB0.c'.
  No need to remake target 'src/BATTLE/INITBTL.PRG/FB0.c'.
  Pruning file 'build/src/BATTLE/INITBTL.PRG/'.
 Finished prerequisites of target file 'build/src/BATTLE/INITBTL.PRG/FB0.d'.
  Prerequisite 'src/BATTLE/INITBTL.PRG/FB0.c' is older than target 'build/src/BATTLE/INITBTL.PRG/FB0.d'.
  Prerequisite 'build/src/BATTLE/INITBTL.PRG/' is order-only for target 'build/src/BATTLE/INITBTL.PRG/FB0.d'.
 No need to remake target 'build/src/BATTLE/INITBTL.PRG/FB0.d'.
 Considering target file 'build/src/BATTLE/INITBTL.PRG/12AC.d'.
  Looking for an implicit rule for 'build/src/BATTLE/INITBTL.PRG/12AC.d'.
   Trying pattern rule 'build/%.d: %.c | $(@D)/' with stem 'src/BATTLE/INITBTL.PRG/12AC'.
   Trying implicit prerequisite 'src/BATTLE/INITBTL.PRG/12AC.c'.
   Found 'src/BATTLE/INITBTL.PRG/12AC.c'.
   Trying implicit prerequisite 'build/src/BATTLE/INITBTL.PRG/'.
   'build/src/BATTLE/INITBTL.PRG/' ought to exist.
  Found implicit rule 'build/%.d: %.c | $(@D)/' for 'build/src/BATTLE/INITBTL.PRG/12AC.d'.
  Considering target file 'src/BATTLE/INITBTL.PRG/12AC.c'.
   Looking for an implicit rule for 'src/BATTLE/INITBTL.PRG/12AC.c'.
   No implicit rule found for 'src/BATTLE/INITBTL.PRG/12AC.c'.
  Finished prerequisites of target file 'src/BATTLE/INITBTL.PRG/12AC.c'.
  No need to remake target 'src/BATTLE/INITBTL.PRG/12AC.c'.
  Pruning file 'build/src/BATTLE/INITBTL.PRG/'.
 Finished prerequisites of target file 'build/src/BATTLE/INITBTL.PRG/12AC.d'.
  Prerequisite 'src/BATTLE/INITBTL.PRG/12AC.c' is older than target 'build/src/BATTLE/INITBTL.PRG/12AC.d'.
  Prerequisite 'build/src/BATTLE/INITBTL.PRG/' is order-only for target 'build/src/BATTLE/INITBTL.PRG/12AC.d'.
 No need to remake target 'build/src/BATTLE/INITBTL.PRG/12AC.d'.
 Considering target file 'build/config/GIM/SCREFF2.PRG/link.d'.
  Looking for an implicit rule for 'build/config/GIM/SCREFF2.PRG/link.d'.
   Trying pattern rule 'build/config/%/link.d: config/%/splat.yaml config/%/Makefile | $(@D)/' with stem 'GIM/SCREFF2.PRG'.
   Trying implicit prerequisite 'config/GIM/SCREFF2.PRG/splat.yaml'.
   Found 'config/GIM/SCREFF2.PRG/splat.yaml'.
   Trying implicit prerequisite 'config/GIM/SCREFF2.PRG/Makefile'.
   Found 'config/GIM/SCREFF2.PRG/Makefile'.
   Trying implicit prerequisite 'build/config/GIM/SCREFF2.PRG/'.
   Found 'build/config/GIM/SCREFF2.PRG/'.
  Found implicit rule 'build/config/%/link.d: config/%/splat.yaml config/%/Makefile | $(@D)/' for 'build/config/GIM/SCREFF2.PRG/link.d'.
  Considering target file 'config/GIM/SCREFF2.PRG/splat.yaml'.
   Looking for an implicit rule for 'config/GIM/SCREFF2.PRG/splat.yaml'.
   No implicit rule found for 'config/GIM/SCREFF2.PRG/splat.yaml'.
  Finished prerequisites of target file 'config/GIM/SCREFF2.PRG/splat.yaml'.
  No need to remake target 'config/GIM/SCREFF2.PRG/splat.yaml'.
  Pruning file 'config/GIM/SCREFF2.PRG/Makefile'.
  Considering target file 'build/config/GIM/SCREFF2.PRG/'.
   Looking for an implicit rule for 'build/config/GIM/SCREFF2.PRG/'.
    Trying pattern rule '%/:' with stem 'build/config/GIM/SCREFF2.PRG'.
   Found implicit rule '%/:' for 'build/config/GIM/SCREFF2.PRG/'.
  Finished prerequisites of target file 'build/config/GIM/SCREFF2.PRG/'.
  No need to remake target 'build/config/GIM/SCREFF2.PRG/'.
  Pruning file 'config/SLUS_010.40/symbol_addrs.txt'.
  Pruning file 'config/BATTLE/BATTLE.PRG/symbol_addrs.txt'.
  Pruning file 'disks/SLUS-01040.xml'.
 Finished prerequisites of target file 'build/config/GIM/SCREFF2.PRG/link.d'.
  Prerequisite 'config/GIM/SCREFF2.PRG/splat.yaml' is older than target 'build/config/GIM/SCREFF2.PRG/link.d'.
  Prerequisite 'config/GIM/SCREFF2.PRG/Makefile' is older than target 'build/config/GIM/SCREFF2.PRG/link.d'.
  Prerequisite 'build/config/GIM/SCREFF2.PRG/' is order-only for target 'build/config/GIM/SCREFF2.PRG/link.d'.
  Prerequisite 'config/SLUS_010.40/symbol_addrs.txt' is older than target 'build/config/GIM/SCREFF2.PRG/link.d'.
  Prerequisite 'config/BATTLE/BATTLE.PRG/symbol_addrs.txt' is older than target 'build/config/GIM/SCREFF2.PRG/link.d'.
  Prerequisite 'disks/SLUS-01040.xml' is order-only for target 'build/config/GIM/SCREFF2.PRG/link.d'.
 No need to remake target 'build/config/GIM/SCREFF2.PRG/link.d'.
 Considering target file 'build/src/GIM/SCREFF2.PRG/0.d'.
  Looking for an implicit rule for 'build/src/GIM/SCREFF2.PRG/0.d'.
   Trying pattern rule 'build/%.d: %.c | $(@D)/' with stem 'src/GIM/SCREFF2.PRG/0'.
   Trying implicit prerequisite 'src/GIM/SCREFF2.PRG/0.c'.
   Found 'src/GIM/SCREFF2.PRG/0.c'.
   Trying implicit prerequisite 'build/src/GIM/SCREFF2.PRG/'.
   Found 'build/src/GIM/SCREFF2.PRG/'.
  Found implicit rule 'build/%.d: %.c | $(@D)/' for 'build/src/GIM/SCREFF2.PRG/0.d'.
  Considering target file 'src/GIM/SCREFF2.PRG/0.c'.
   Looking for an implicit rule for 'src/GIM/SCREFF2.PRG/0.c'.
   No implicit rule found for 'src/GIM/SCREFF2.PRG/0.c'.
  Finished prerequisites of target file 'src/GIM/SCREFF2.PRG/0.c'.
  No need to remake target 'src/GIM/SCREFF2.PRG/0.c'.
  Considering target file 'build/src/GIM/SCREFF2.PRG/'.
   Looking for an implicit rule for 'build/src/GIM/SCREFF2.PRG/'.
    Trying pattern rule '%/:' with stem 'build/src/GIM/SCREFF2.PRG'.
   Found implicit rule '%/:' for 'build/src/GIM/SCREFF2.PRG/'.
  Finished prerequisites of target file 'build/src/GIM/SCREFF2.PRG/'.
  No need to remake target 'build/src/GIM/SCREFF2.PRG/'.
 Finished prerequisites of target file 'build/src/GIM/SCREFF2.PRG/0.d'.
  Prerequisite 'src/GIM/SCREFF2.PRG/0.c' is older than target 'build/src/GIM/SCREFF2.PRG/0.d'.
  Prerequisite 'build/src/GIM/SCREFF2.PRG/' is order-only for target 'build/src/GIM/SCREFF2.PRG/0.d'.
 No need to remake target 'build/src/GIM/SCREFF2.PRG/0.d'.
 Considering target file 'build/config/ENDING/ENDING.PRG/link.d'.
  Looking for an implicit rule for 'build/config/ENDING/ENDING.PRG/link.d'.
   Trying pattern rule 'build/config/%/link.d: config/%/splat.yaml config/%/Makefile | $(@D)/' with stem 'ENDING/ENDING.PRG'.
   Trying implicit prerequisite 'config/ENDING/ENDING.PRG/splat.yaml'.
   Found 'config/ENDING/ENDING.PRG/splat.yaml'.
   Trying implicit prerequisite 'config/ENDING/ENDING.PRG/Makefile'.
   Found 'config/ENDING/ENDING.PRG/Makefile'.
   Trying implicit prerequisite 'build/config/ENDING/ENDING.PRG/'.
   Found 'build/config/ENDING/ENDING.PRG/'.
  Found implicit rule 'build/config/%/link.d: config/%/splat.yaml config/%/Makefile | $(@D)/' for 'build/config/ENDING/ENDING.PRG/link.d'.
  Considering target file 'config/ENDING/ENDING.PRG/splat.yaml'.
   Looking for an implicit rule for 'config/ENDING/ENDING.PRG/splat.yaml'.
   No implicit rule found for 'config/ENDING/ENDING.PRG/splat.yaml'.
  Finished prerequisites of target file 'config/ENDING/ENDING.PRG/splat.yaml'.
  No need to remake target 'config/ENDING/ENDING.PRG/splat.yaml'.
  Pruning file 'config/ENDING/ENDING.PRG/Makefile'.
  Considering target file 'build/config/ENDING/ENDING.PRG/'.
   Looking for an implicit rule for 'build/config/ENDING/ENDING.PRG/'.
    Trying pattern rule '%/:' with stem 'build/config/ENDING/ENDING.PRG'.
   Found implicit rule '%/:' for 'build/config/ENDING/ENDING.PRG/'.
  Finished prerequisites of target file 'build/config/ENDING/ENDING.PRG/'.
  No need to remake target 'build/config/ENDING/ENDING.PRG/'.
  Pruning file 'disks/SLUS-01040.xml'.
 Finished prerequisites of target file 'build/config/ENDING/ENDING.PRG/link.d'.
  Prerequisite 'config/ENDING/ENDING.PRG/splat.yaml' is older than target 'build/config/ENDING/ENDING.PRG/link.d'.
  Prerequisite 'config/ENDING/ENDING.PRG/Makefile' is older than target 'build/config/ENDING/ENDING.PRG/link.d'.
  Prerequisite 'build/config/ENDING/ENDING.PRG/' is order-only for target 'build/config/ENDING/ENDING.PRG/link.d'.
  Prerequisite 'disks/SLUS-01040.xml' is order-only for target 'build/config/ENDING/ENDING.PRG/link.d'.
 No need to remake target 'build/config/ENDING/ENDING.PRG/link.d'.
 Considering target file 'build/src/ENDING/ENDING.PRG/D4.d'.
  Looking for an implicit rule for 'build/src/ENDING/ENDING.PRG/D4.d'.
   Trying pattern rule 'build/%.d: %.c | $(@D)/' with stem 'src/ENDING/ENDING.PRG/D4'.
   Trying implicit prerequisite 'src/ENDING/ENDING.PRG/D4.c'.
   Found 'src/ENDING/ENDING.PRG/D4.c'.
   Trying implicit prerequisite 'build/src/ENDING/ENDING.PRG/'.
   Found 'build/src/ENDING/ENDING.PRG/'.
  Found implicit rule 'build/%.d: %.c | $(@D)/' for 'build/src/ENDING/ENDING.PRG/D4.d'.
  Considering target file 'src/ENDING/ENDING.PRG/D4.c'.
   Looking for an implicit rule for 'src/ENDING/ENDING.PRG/D4.c'.
   No implicit rule found for 'src/ENDING/ENDING.PRG/D4.c'.
  Finished prerequisites of target file 'src/ENDING/ENDING.PRG/D4.c'.
  No need to remake target 'src/ENDING/ENDING.PRG/D4.c'.
  Considering target file 'build/src/ENDING/ENDING.PRG/'.
   Looking for an implicit rule for 'build/src/ENDING/ENDING.PRG/'.
    Trying pattern rule '%/:' with stem 'build/src/ENDING/ENDING.PRG'.
   Found implicit rule '%/:' for 'build/src/ENDING/ENDING.PRG/'.
  Finished prerequisites of target file 'build/src/ENDING/ENDING.PRG/'.
  No need to remake target 'build/src/ENDING/ENDING.PRG/'.
 Finished prerequisites of target file 'build/src/ENDING/ENDING.PRG/D4.d'.
  Prerequisite 'src/ENDING/ENDING.PRG/D4.c' is older than target 'build/src/ENDING/ENDING.PRG/D4.d'.
  Prerequisite 'build/src/ENDING/ENDING.PRG/' is order-only for target 'build/src/ENDING/ENDING.PRG/D4.d'.
 No need to remake target 'build/src/ENDING/ENDING.PRG/D4.d'.
 Considering target file 'build/src/ENDING/ENDING.PRG/5BFC.data.d'.
  File 'build/src/ENDING/ENDING.PRG/5BFC.data.d' does not exist.
  Looking for an implicit rule for 'build/src/ENDING/ENDING.PRG/5BFC.data.d'.
   Trying pattern rule 'build/%.d: %.c | $(@D)/' with stem 'src/ENDING/ENDING.PRG/5BFC.data'.
   Trying implicit prerequisite 'src/ENDING/ENDING.PRG/5BFC.data.c'.
   Not found 'src/ENDING/ENDING.PRG/5BFC.data.c'.
   Trying harder.
   Trying pattern rule 'build/%.d: %.c | $(@D)/' with stem 'src/ENDING/ENDING.PRG/5BFC.data'.
   Trying implicit prerequisite 'src/ENDING/ENDING.PRG/5BFC.data.c'.
   Looking for a rule with intermediate file 'src/ENDING/ENDING.PRG/5BFC.data.c'.
    Avoiding implicit rule recursion for rule 'build/%.d: %.c | $(@D)/'.
   No implicit rule found for 'src/ENDING/ENDING.PRG/5BFC.data.c'.
   Rejecting rule 'build/%.d: %.c | $(@D)/' due to impossible prerequisite 'src/ENDING/ENDING.PRG/5BFC.data.c'.
  No implicit rule found for 'build/src/ENDING/ENDING.PRG/5BFC.data.d'.
 Finished prerequisites of target file 'build/src/ENDING/ENDING.PRG/5BFC.data.d'.
 Must remake target 'build/src/ENDING/ENDING.PRG/5BFC.data.d'.
 Failed to remake target file 'build/src/ENDING/ENDING.PRG/5BFC.data.d'.
 Considering target file 'build/src/ENDING/ENDING.PRG/illustLbas.d'.
  Looking for an implicit rule for 'build/src/ENDING/ENDING.PRG/illustLbas.d'.
   Trying pattern rule 'build/%.d: %.c | $(@D)/' with stem 'src/ENDING/ENDING.PRG/illustLbas'.
   Trying implicit prerequisite 'src/ENDING/ENDING.PRG/illustLbas.c'.
   Found 'src/ENDING/ENDING.PRG/illustLbas.c'.
   Trying implicit prerequisite 'build/src/ENDING/ENDING.PRG/'.
   'build/src/ENDING/ENDING.PRG/' ought to exist.
  Found implicit rule 'build/%.d: %.c | $(@D)/' for 'build/src/ENDING/ENDING.PRG/illustLbas.d'.
  Considering target file 'src/ENDING/ENDING.PRG/illustLbas.c'.
   Looking for an implicit rule for 'src/ENDING/ENDING.PRG/illustLbas.c'.
   No implicit rule found for 'src/ENDING/ENDING.PRG/illustLbas.c'.
  Finished prerequisites of target file 'src/ENDING/ENDING.PRG/illustLbas.c'.
  No need to remake target 'src/ENDING/ENDING.PRG/illustLbas.c'.
  Pruning file 'build/src/ENDING/ENDING.PRG/'.
 Finished prerequisites of target file 'build/src/ENDING/ENDING.PRG/illustLbas.d'.
  Prerequisite 'src/ENDING/ENDING.PRG/illustLbas.c' is older than target 'build/src/ENDING/ENDING.PRG/illustLbas.d'.
  Prerequisite 'build/src/ENDING/ENDING.PRG/' is order-only for target 'build/src/ENDING/ENDING.PRG/illustLbas.d'.
 No need to remake target 'build/src/ENDING/ENDING.PRG/illustLbas.d'.
 Considering target file 'build/src/ENDING/ENDING.PRG/72FB0.data.d'.
  File 'build/src/ENDING/ENDING.PRG/72FB0.data.d' does not exist.
  Looking for an implicit rule for 'build/src/ENDING/ENDING.PRG/72FB0.data.d'.
   Trying pattern rule 'build/%.d: %.c | $(@D)/' with stem 'src/ENDING/ENDING.PRG/72FB0.data'.
   Trying implicit prerequisite 'src/ENDING/ENDING.PRG/72FB0.data.c'.
   Not found 'src/ENDING/ENDING.PRG/72FB0.data.c'.
   Trying harder.
   Trying pattern rule 'build/%.d: %.c | $(@D)/' with stem 'src/ENDING/ENDING.PRG/72FB0.data'.
   Trying implicit prerequisite 'src/ENDING/ENDING.PRG/72FB0.data.c'.
   Looking for a rule with intermediate file 'src/ENDING/ENDING.PRG/72FB0.data.c'.
    Avoiding implicit rule recursion for rule 'build/%.d: %.c | $(@D)/'.
   No implicit rule found for 'src/ENDING/ENDING.PRG/72FB0.data.c'.
   Rejecting rule 'build/%.d: %.c | $(@D)/' due to impossible prerequisite 'src/ENDING/ENDING.PRG/72FB0.data.c'.
  No implicit rule found for 'build/src/ENDING/ENDING.PRG/72FB0.data.d'.
 Finished prerequisites of target file 'build/src/ENDING/ENDING.PRG/72FB0.data.d'.
 Must remake target 'build/src/ENDING/ENDING.PRG/72FB0.data.d'.
 Failed to remake target file 'build/src/ENDING/ENDING.PRG/72FB0.data.d'.
 Considering target file 'build/src/ENDING/ENDING.PRG/73318.bss.d'.
  File 'build/src/ENDING/ENDING.PRG/73318.bss.d' does not exist.
  Looking for an implicit rule for 'build/src/ENDING/ENDING.PRG/73318.bss.d'.
   Trying pattern rule 'build/%.d: %.c | $(@D)/' with stem 'src/ENDING/ENDING.PRG/73318.bss'.
   Trying implicit prerequisite 'src/ENDING/ENDING.PRG/73318.bss.c'.
   Not found 'src/ENDING/ENDING.PRG/73318.bss.c'.
   Trying harder.
   Trying pattern rule 'build/%.d: %.c | $(@D)/' with stem 'src/ENDING/ENDING.PRG/73318.bss'.
   Trying implicit prerequisite 'src/ENDING/ENDING.PRG/73318.bss.c'.
   Looking for a rule with intermediate file 'src/ENDING/ENDING.PRG/73318.bss.c'.
    Avoiding implicit rule recursion for rule 'build/%.d: %.c | $(@D)/'.
   No implicit rule found for 'src/ENDING/ENDING.PRG/73318.bss.c'.
   Rejecting rule 'build/%.d: %.c | $(@D)/' due to impossible prerequisite 'src/ENDING/ENDING.PRG/73318.bss.c'.
  No implicit rule found for 'build/src/ENDING/ENDING.PRG/73318.bss.d'.
 Finished prerequisites of target file 'build/src/ENDING/ENDING.PRG/73318.bss.d'.
 Must remake target 'build/src/ENDING/ENDING.PRG/73318.bss.d'.
 Failed to remake target file 'build/src/ENDING/ENDING.PRG/73318.bss.d'.
 Considering target file 'build/config/MENU/MAINMENU.PRG/link.d'.
  Looking for an implicit rule for 'build/config/MENU/MAINMENU.PRG/link.d'.
   Trying pattern rule 'build/config/%/link.d: config/%/splat.yaml config/%/Makefile | $(@D)/' with stem 'MENU/MAINMENU.PRG'.
   Trying implicit prerequisite 'config/MENU/MAINMENU.PRG/splat.yaml'.
   Found 'config/MENU/MAINMENU.PRG/splat.yaml'.
   Trying implicit prerequisite 'config/MENU/MAINMENU.PRG/Makefile'.
   Found 'config/MENU/MAINMENU.PRG/Makefile'.
   Trying implicit prerequisite 'build/config/MENU/MAINMENU.PRG/'.
   Found 'build/config/MENU/MAINMENU.PRG/'.
  Found implicit rule 'build/config/%/link.d: config/%/splat.yaml config/%/Makefile | $(@D)/' for 'build/config/MENU/MAINMENU.PRG/link.d'.
  Considering target file 'config/MENU/MAINMENU.PRG/splat.yaml'.
   Looking for an implicit rule for 'config/MENU/MAINMENU.PRG/splat.yaml'.
   No implicit rule found for 'config/MENU/MAINMENU.PRG/splat.yaml'.
  Finished prerequisites of target file 'config/MENU/MAINMENU.PRG/splat.yaml'.
  No need to remake target 'config/MENU/MAINMENU.PRG/splat.yaml'.
  Pruning file 'config/MENU/MAINMENU.PRG/Makefile'.
  Considering target file 'build/config/MENU/MAINMENU.PRG/'.
   Looking for an implicit rule for 'build/config/MENU/MAINMENU.PRG/'.
    Trying pattern rule '%/:' with stem 'build/config/MENU/MAINMENU.PRG'.
   Found implicit rule '%/:' for 'build/config/MENU/MAINMENU.PRG/'.
  Finished prerequisites of target file 'build/config/MENU/MAINMENU.PRG/'.
  No need to remake target 'build/config/MENU/MAINMENU.PRG/'.
  Pruning file 'disks/SLUS-01040.xml'.
 Finished prerequisites of target file 'build/config/MENU/MAINMENU.PRG/link.d'.
  Prerequisite 'config/MENU/MAINMENU.PRG/splat.yaml' is older than target 'build/config/MENU/MAINMENU.PRG/link.d'.
  Prerequisite 'config/MENU/MAINMENU.PRG/Makefile' is older than target 'build/config/MENU/MAINMENU.PRG/link.d'.
  Prerequisite 'build/config/MENU/MAINMENU.PRG/' is order-only for target 'build/config/MENU/MAINMENU.PRG/link.d'.
  Prerequisite 'disks/SLUS-01040.xml' is order-only for target 'build/config/MENU/MAINMENU.PRG/link.d'.
 No need to remake target 'build/config/MENU/MAINMENU.PRG/link.d'.
 Considering target file 'build/src/MENU/MAINMENU.PRG/224.d'.
  Looking for an implicit rule for 'build/src/MENU/MAINMENU.PRG/224.d'.
   Trying pattern rule 'build/%.d: %.c | $(@D)/' with stem 'src/MENU/MAINMENU.PRG/224'.
   Trying implicit prerequisite 'src/MENU/MAINMENU.PRG/224.c'.
   Found 'src/MENU/MAINMENU.PRG/224.c'.
   Trying implicit prerequisite 'build/src/MENU/MAINMENU.PRG/'.
   Found 'build/src/MENU/MAINMENU.PRG/'.
  Found implicit rule 'build/%.d: %.c | $(@D)/' for 'build/src/MENU/MAINMENU.PRG/224.d'.
  Considering target file 'src/MENU/MAINMENU.PRG/224.c'.
   Looking for an implicit rule for 'src/MENU/MAINMENU.PRG/224.c'.
   No implicit rule found for 'src/MENU/MAINMENU.PRG/224.c'.
  Finished prerequisites of target file 'src/MENU/MAINMENU.PRG/224.c'.
  No need to remake target 'src/MENU/MAINMENU.PRG/224.c'.
  Considering target file 'build/src/MENU/MAINMENU.PRG/'.
   Looking for an implicit rule for 'build/src/MENU/MAINMENU.PRG/'.
    Trying pattern rule '%/:' with stem 'build/src/MENU/MAINMENU.PRG'.
   Found implicit rule '%/:' for 'build/src/MENU/MAINMENU.PRG/'.
  Finished prerequisites of target file 'build/src/MENU/MAINMENU.PRG/'.
  No need to remake target 'build/src/MENU/MAINMENU.PRG/'.
 Finished prerequisites of target file 'build/src/MENU/MAINMENU.PRG/224.d'.
  Prerequisite 'src/MENU/MAINMENU.PRG/224.c' is older than target 'build/src/MENU/MAINMENU.PRG/224.d'.
  Prerequisite 'build/src/MENU/MAINMENU.PRG/' is order-only for target 'build/src/MENU/MAINMENU.PRG/224.d'.
 No need to remake target 'build/src/MENU/MAINMENU.PRG/224.d'.
 Considering target file 'build/src/MENU/MAINMENU.PRG/C48.d'.
  Looking for an implicit rule for 'build/src/MENU/MAINMENU.PRG/C48.d'.
   Trying pattern rule 'build/%.d: %.c | $(@D)/' with stem 'src/MENU/MAINMENU.PRG/C48'.
   Trying implicit prerequisite 'src/MENU/MAINMENU.PRG/C48.c'.
   Found 'src/MENU/MAINMENU.PRG/C48.c'.
   Trying implicit prerequisite 'build/src/MENU/MAINMENU.PRG/'.
   'build/src/MENU/MAINMENU.PRG/' ought to exist.
  Found implicit rule 'build/%.d: %.c | $(@D)/' for 'build/src/MENU/MAINMENU.PRG/C48.d'.
  Considering target file 'src/MENU/MAINMENU.PRG/C48.c'.
   Looking for an implicit rule for 'src/MENU/MAINMENU.PRG/C48.c'.
   No implicit rule found for 'src/MENU/MAINMENU.PRG/C48.c'.
  Finished prerequisites of target file 'src/MENU/MAINMENU.PRG/C48.c'.
  No need to remake target 'src/MENU/MAINMENU.PRG/C48.c'.
  Pruning file 'build/src/MENU/MAINMENU.PRG/'.
 Finished prerequisites of target file 'build/src/MENU/MAINMENU.PRG/C48.d'.
  Prerequisite 'src/MENU/MAINMENU.PRG/C48.c' is older than target 'build/src/MENU/MAINMENU.PRG/C48.d'.
  Prerequisite 'build/src/MENU/MAINMENU.PRG/' is order-only for target 'build/src/MENU/MAINMENU.PRG/C48.d'.
 No need to remake target 'build/src/MENU/MAINMENU.PRG/C48.d'.
 Considering target file 'build/src/MENU/MAINMENU.PRG/2D10.d'.
  Looking for an implicit rule for 'build/src/MENU/MAINMENU.PRG/2D10.d'.
   Trying pattern rule 'build/%.d: %.c | $(@D)/' with stem 'src/MENU/MAINMENU.PRG/2D10'.
   Trying implicit prerequisite 'src/MENU/MAINMENU.PRG/2D10.c'.
   Found 'src/MENU/MAINMENU.PRG/2D10.c'.
   Trying implicit prerequisite 'build/src/MENU/MAINMENU.PRG/'.
   'build/src/MENU/MAINMENU.PRG/' ought to exist.
  Found implicit rule 'build/%.d: %.c | $(@D)/' for 'build/src/MENU/MAINMENU.PRG/2D10.d'.
  Considering target file 'src/MENU/MAINMENU.PRG/2D10.c'.
   Looking for an implicit rule for 'src/MENU/MAINMENU.PRG/2D10.c'.
   No implicit rule found for 'src/MENU/MAINMENU.PRG/2D10.c'.
  Finished prerequisites of target file 'src/MENU/MAINMENU.PRG/2D10.c'.
  No need to remake target 'src/MENU/MAINMENU.PRG/2D10.c'.
  Pruning file 'build/src/MENU/MAINMENU.PRG/'.
 Finished prerequisites of target file 'build/src/MENU/MAINMENU.PRG/2D10.d'.
  Prerequisite 'src/MENU/MAINMENU.PRG/2D10.c' is older than target 'build/src/MENU/MAINMENU.PRG/2D10.d'.
  Prerequisite 'build/src/MENU/MAINMENU.PRG/' is order-only for target 'build/src/MENU/MAINMENU.PRG/2D10.d'.
 No need to remake target 'build/src/MENU/MAINMENU.PRG/2D10.d'.
 Considering target file 'build/src/MENU/MAINMENU.PRG/58EC.d'.
  Looking for an implicit rule for 'build/src/MENU/MAINMENU.PRG/58EC.d'.
   Trying pattern rule 'build/%.d: %.c | $(@D)/' with stem 'src/MENU/MAINMENU.PRG/58EC'.
   Trying implicit prerequisite 'src/MENU/MAINMENU.PRG/58EC.c'.
   Found 'src/MENU/MAINMENU.PRG/58EC.c'.
   Trying implicit prerequisite 'build/src/MENU/MAINMENU.PRG/'.
   'build/src/MENU/MAINMENU.PRG/' ought to exist.
  Found implicit rule 'build/%.d: %.c | $(@D)/' for 'build/src/MENU/MAINMENU.PRG/58EC.d'.
  Considering target file 'src/MENU/MAINMENU.PRG/58EC.c'.
   Looking for an implicit rule for 'src/MENU/MAINMENU.PRG/58EC.c'.
   No implicit rule found for 'src/MENU/MAINMENU.PRG/58EC.c'.
  Finished prerequisites of target file 'src/MENU/MAINMENU.PRG/58EC.c'.
  No need to remake target 'src/MENU/MAINMENU.PRG/58EC.c'.
  Pruning file 'build/src/MENU/MAINMENU.PRG/'.
 Finished prerequisites of target file 'build/src/MENU/MAINMENU.PRG/58EC.d'.
  Prerequisite 'src/MENU/MAINMENU.PRG/58EC.c' is older than target 'build/src/MENU/MAINMENU.PRG/58EC.d'.
  Prerequisite 'build/src/MENU/MAINMENU.PRG/' is order-only for target 'build/src/MENU/MAINMENU.PRG/58EC.d'.
 No need to remake target 'build/src/MENU/MAINMENU.PRG/58EC.d'.
 Considering target file 'build/config/MENU/MENU0.PRG/link.d'.
  Looking for an implicit rule for 'build/config/MENU/MENU0.PRG/link.d'.
   Trying pattern rule 'build/config/%/link.d: config/%/splat.yaml config/%/Makefile | $(@D)/' with stem 'MENU/MENU0.PRG'.
   Trying implicit prerequisite 'config/MENU/MENU0.PRG/splat.yaml'.
   Found 'config/MENU/MENU0.PRG/splat.yaml'.
   Trying implicit prerequisite 'config/MENU/MENU0.PRG/Makefile'.
   Found 'config/MENU/MENU0.PRG/Makefile'.
   Trying implicit prerequisite 'build/config/MENU/MENU0.PRG/'.
   Found 'build/config/MENU/MENU0.PRG/'.
  Found implicit rule 'build/config/%/link.d: config/%/splat.yaml config/%/Makefile | $(@D)/' for 'build/config/MENU/MENU0.PRG/link.d'.
  Considering target file 'config/MENU/MENU0.PRG/splat.yaml'.
   Looking for an implicit rule for 'config/MENU/MENU0.PRG/splat.yaml'.
   No implicit rule found for 'config/MENU/MENU0.PRG/splat.yaml'.
  Finished prerequisites of target file 'config/MENU/MENU0.PRG/splat.yaml'.
  No need to remake target 'config/MENU/MENU0.PRG/splat.yaml'.
  Pruning file 'config/MENU/MENU0.PRG/Makefile'.
  Considering target file 'build/config/MENU/MENU0.PRG/'.
   Looking for an implicit rule for 'build/config/MENU/MENU0.PRG/'.
    Trying pattern rule '%/:' with stem 'build/config/MENU/MENU0.PRG'.
   Found implicit rule '%/:' for 'build/config/MENU/MENU0.PRG/'.
  Finished prerequisites of target file 'build/config/MENU/MENU0.PRG/'.
  No need to remake target 'build/config/MENU/MENU0.PRG/'.
  Pruning file 'disks/SLUS-01040.xml'.
 Finished prerequisites of target file 'build/config/MENU/MENU0.PRG/link.d'.
  Prerequisite 'config/MENU/MENU0.PRG/splat.yaml' is older than target 'build/config/MENU/MENU0.PRG/link.d'.
  Prerequisite 'config/MENU/MENU0.PRG/Makefile' is older than target 'build/config/MENU/MENU0.PRG/link.d'.
  Prerequisite 'build/config/MENU/MENU0.PRG/' is order-only for target 'build/config/MENU/MENU0.PRG/link.d'.
  Prerequisite 'disks/SLUS-01040.xml' is order-only for target 'build/config/MENU/MENU0.PRG/link.d'.
 No need to remake target 'build/config/MENU/MENU0.PRG/link.d'.
 Considering target file 'build/src/MENU/MENU0.PRG/84.d'.
  Looking for an implicit rule for 'build/src/MENU/MENU0.PRG/84.d'.
   Trying pattern rule 'build/%.d: %.c | $(@D)/' with stem 'src/MENU/MENU0.PRG/84'.
   Trying implicit prerequisite 'src/MENU/MENU0.PRG/84.c'.
   Found 'src/MENU/MENU0.PRG/84.c'.
   Trying implicit prerequisite 'build/src/MENU/MENU0.PRG/'.
   Found 'build/src/MENU/MENU0.PRG/'.
  Found implicit rule 'build/%.d: %.c | $(@D)/' for 'build/src/MENU/MENU0.PRG/84.d'.
  Considering target file 'src/MENU/MENU0.PRG/84.c'.
   Looking for an implicit rule for 'src/MENU/MENU0.PRG/84.c'.
   No implicit rule found for 'src/MENU/MENU0.PRG/84.c'.
  Finished prerequisites of target file 'src/MENU/MENU0.PRG/84.c'.
  No need to remake target 'src/MENU/MENU0.PRG/84.c'.
  Considering target file 'build/src/MENU/MENU0.PRG/'.
   Looking for an implicit rule for 'build/src/MENU/MENU0.PRG/'.
    Trying pattern rule '%/:' with stem 'build/src/MENU/MENU0.PRG'.
   Found implicit rule '%/:' for 'build/src/MENU/MENU0.PRG/'.
  Finished prerequisites of target file 'build/src/MENU/MENU0.PRG/'.
  No need to remake target 'build/src/MENU/MENU0.PRG/'.
 Finished prerequisites of target file 'build/src/MENU/MENU0.PRG/84.d'.
  Prerequisite 'src/MENU/MENU0.PRG/84.c' is older than target 'build/src/MENU/MENU0.PRG/84.d'.
  Prerequisite 'build/src/MENU/MENU0.PRG/' is order-only for target 'build/src/MENU/MENU0.PRG/84.d'.
 No need to remake target 'build/src/MENU/MENU0.PRG/84.d'.
 Considering target file 'build/src/MENU/MENU0.PRG/15AC.d'.
  Looking for an implicit rule for 'build/src/MENU/MENU0.PRG/15AC.d'.
   Trying pattern rule 'build/%.d: %.c | $(@D)/' with stem 'src/MENU/MENU0.PRG/15AC'.
   Trying implicit prerequisite 'src/MENU/MENU0.PRG/15AC.c'.
   Found 'src/MENU/MENU0.PRG/15AC.c'.
   Trying implicit prerequisite 'build/src/MENU/MENU0.PRG/'.
   'build/src/MENU/MENU0.PRG/' ought to exist.
  Found implicit rule 'build/%.d: %.c | $(@D)/' for 'build/src/MENU/MENU0.PRG/15AC.d'.
  Considering target file 'src/MENU/MENU0.PRG/15AC.c'.
   Looking for an implicit rule for 'src/MENU/MENU0.PRG/15AC.c'.
   No implicit rule found for 'src/MENU/MENU0.PRG/15AC.c'.
  Finished prerequisites of target file 'src/MENU/MENU0.PRG/15AC.c'.
  No need to remake target 'src/MENU/MENU0.PRG/15AC.c'.
  Pruning file 'build/src/MENU/MENU0.PRG/'.
 Finished prerequisites of target file 'build/src/MENU/MENU0.PRG/15AC.d'.
  Prerequisite 'src/MENU/MENU0.PRG/15AC.c' is older than target 'build/src/MENU/MENU0.PRG/15AC.d'.
  Prerequisite 'build/src/MENU/MENU0.PRG/' is order-only for target 'build/src/MENU/MENU0.PRG/15AC.d'.
 No need to remake target 'build/src/MENU/MENU0.PRG/15AC.d'.
 Considering target file 'build/config/MENU/MENU1.PRG/link.d'.
  Looking for an implicit rule for 'build/config/MENU/MENU1.PRG/link.d'.
   Trying pattern rule 'build/config/%/link.d: config/%/splat.yaml config/%/Makefile | $(@D)/' with stem 'MENU/MENU1.PRG'.
   Trying implicit prerequisite 'config/MENU/MENU1.PRG/splat.yaml'.
   Found 'config/MENU/MENU1.PRG/splat.yaml'.
   Trying implicit prerequisite 'config/MENU/MENU1.PRG/Makefile'.
   Found 'config/MENU/MENU1.PRG/Makefile'.
   Trying implicit prerequisite 'build/config/MENU/MENU1.PRG/'.
   Found 'build/config/MENU/MENU1.PRG/'.
  Found implicit rule 'build/config/%/link.d: config/%/splat.yaml config/%/Makefile | $(@D)/' for 'build/config/MENU/MENU1.PRG/link.d'.
  Considering target file 'config/MENU/MENU1.PRG/splat.yaml'.
   Looking for an implicit rule for 'config/MENU/MENU1.PRG/splat.yaml'.
   No implicit rule found for 'config/MENU/MENU1.PRG/splat.yaml'.
  Finished prerequisites of target file 'config/MENU/MENU1.PRG/splat.yaml'.
  No need to remake target 'config/MENU/MENU1.PRG/splat.yaml'.
  Pruning file 'config/MENU/MENU1.PRG/Makefile'.
  Considering target file 'build/config/MENU/MENU1.PRG/'.
   Looking for an implicit rule for 'build/config/MENU/MENU1.PRG/'.
    Trying pattern rule '%/:' with stem 'build/config/MENU/MENU1.PRG'.
   Found implicit rule '%/:' for 'build/config/MENU/MENU1.PRG/'.
  Finished prerequisites of target file 'build/config/MENU/MENU1.PRG/'.
  No need to remake target 'build/config/MENU/MENU1.PRG/'.
  Pruning file 'disks/SLUS-01040.xml'.
 Finished prerequisites of target file 'build/config/MENU/MENU1.PRG/link.d'.
  Prerequisite 'config/MENU/MENU1.PRG/splat.yaml' is older than target 'build/config/MENU/MENU1.PRG/link.d'.
  Prerequisite 'config/MENU/MENU1.PRG/Makefile' is older than target 'build/config/MENU/MENU1.PRG/link.d'.
  Prerequisite 'build/config/MENU/MENU1.PRG/' is order-only for target 'build/config/MENU/MENU1.PRG/link.d'.
  Prerequisite 'disks/SLUS-01040.xml' is order-only for target 'build/config/MENU/MENU1.PRG/link.d'.
 No need to remake target 'build/config/MENU/MENU1.PRG/link.d'.
 Considering target file 'build/src/MENU/MENU1.PRG/30.d'.
  Looking for an implicit rule for 'build/src/MENU/MENU1.PRG/30.d'.
   Trying pattern rule 'build/%.d: %.c | $(@D)/' with stem 'src/MENU/MENU1.PRG/30'.
   Trying implicit prerequisite 'src/MENU/MENU1.PRG/30.c'.
   Found 'src/MENU/MENU1.PRG/30.c'.
   Trying implicit prerequisite 'build/src/MENU/MENU1.PRG/'.
   Found 'build/src/MENU/MENU1.PRG/'.
  Found implicit rule 'build/%.d: %.c | $(@D)/' for 'build/src/MENU/MENU1.PRG/30.d'.
  Considering target file 'src/MENU/MENU1.PRG/30.c'.
   Looking for an implicit rule for 'src/MENU/MENU1.PRG/30.c'.
   No implicit rule found for 'src/MENU/MENU1.PRG/30.c'.
  Finished prerequisites of target file 'src/MENU/MENU1.PRG/30.c'.
  No need to remake target 'src/MENU/MENU1.PRG/30.c'.
  Considering target file 'build/src/MENU/MENU1.PRG/'.
   Looking for an implicit rule for 'build/src/MENU/MENU1.PRG/'.
    Trying pattern rule '%/:' with stem 'build/src/MENU/MENU1.PRG'.
   Found implicit rule '%/:' for 'build/src/MENU/MENU1.PRG/'.
  Finished prerequisites of target file 'build/src/MENU/MENU1.PRG/'.
  No need to remake target 'build/src/MENU/MENU1.PRG/'.
 Finished prerequisites of target file 'build/src/MENU/MENU1.PRG/30.d'.
  Prerequisite 'src/MENU/MENU1.PRG/30.c' is older than target 'build/src/MENU/MENU1.PRG/30.d'.
  Prerequisite 'build/src/MENU/MENU1.PRG/' is order-only for target 'build/src/MENU/MENU1.PRG/30.d'.
 No need to remake target 'build/src/MENU/MENU1.PRG/30.d'.
 Considering target file 'build/config/MENU/MENU2.PRG/link.d'.
  Looking for an implicit rule for 'build/config/MENU/MENU2.PRG/link.d'.
   Trying pattern rule 'build/config/%/link.d: config/%/splat.yaml config/%/Makefile | $(@D)/' with stem 'MENU/MENU2.PRG'.
   Trying implicit prerequisite 'config/MENU/MENU2.PRG/splat.yaml'.
   Found 'config/MENU/MENU2.PRG/splat.yaml'.
   Trying implicit prerequisite 'config/MENU/MENU2.PRG/Makefile'.
   Found 'config/MENU/MENU2.PRG/Makefile'.
   Trying implicit prerequisite 'build/config/MENU/MENU2.PRG/'.
   Found 'build/config/MENU/MENU2.PRG/'.
  Found implicit rule 'build/config/%/link.d: config/%/splat.yaml config/%/Makefile | $(@D)/' for 'build/config/MENU/MENU2.PRG/link.d'.
  Considering target file 'config/MENU/MENU2.PRG/splat.yaml'.
   Looking for an implicit rule for 'config/MENU/MENU2.PRG/splat.yaml'.
   No implicit rule found for 'config/MENU/MENU2.PRG/splat.yaml'.
  Finished prerequisites of target file 'config/MENU/MENU2.PRG/splat.yaml'.
  No need to remake target 'config/MENU/MENU2.PRG/splat.yaml'.
  Pruning file 'config/MENU/MENU2.PRG/Makefile'.
  Considering target file 'build/config/MENU/MENU2.PRG/'.
   Looking for an implicit rule for 'build/config/MENU/MENU2.PRG/'.
    Trying pattern rule '%/:' with stem 'build/config/MENU/MENU2.PRG'.
   Found implicit rule '%/:' for 'build/config/MENU/MENU2.PRG/'.
  Finished prerequisites of target file 'build/config/MENU/MENU2.PRG/'.
  No need to remake target 'build/config/MENU/MENU2.PRG/'.
  Pruning file 'disks/SLUS-01040.xml'.
 Finished prerequisites of target file 'build/config/MENU/MENU2.PRG/link.d'.
  Prerequisite 'config/MENU/MENU2.PRG/splat.yaml' is older than target 'build/config/MENU/MENU2.PRG/link.d'.
  Prerequisite 'config/MENU/MENU2.PRG/Makefile' is older than target 'build/config/MENU/MENU2.PRG/link.d'.
  Prerequisite 'build/config/MENU/MENU2.PRG/' is order-only for target 'build/config/MENU/MENU2.PRG/link.d'.
  Prerequisite 'disks/SLUS-01040.xml' is order-only for target 'build/config/MENU/MENU2.PRG/link.d'.
 No need to remake target 'build/config/MENU/MENU2.PRG/link.d'.
 Considering target file 'build/src/MENU/MENU2.PRG/64.d'.
  Looking for an implicit rule for 'build/src/MENU/MENU2.PRG/64.d'.
   Trying pattern rule 'build/%.d: %.c | $(@D)/' with stem 'src/MENU/MENU2.PRG/64'.
   Trying implicit prerequisite 'src/MENU/MENU2.PRG/64.c'.
   Found 'src/MENU/MENU2.PRG/64.c'.
   Trying implicit prerequisite 'build/src/MENU/MENU2.PRG/'.
   Found 'build/src/MENU/MENU2.PRG/'.
  Found implicit rule 'build/%.d: %.c | $(@D)/' for 'build/src/MENU/MENU2.PRG/64.d'.
  Considering target file 'src/MENU/MENU2.PRG/64.c'.
   Looking for an implicit rule for 'src/MENU/MENU2.PRG/64.c'.
   No implicit rule found for 'src/MENU/MENU2.PRG/64.c'.
  Finished prerequisites of target file 'src/MENU/MENU2.PRG/64.c'.
  No need to remake target 'src/MENU/MENU2.PRG/64.c'.
  Considering target file 'build/src/MENU/MENU2.PRG/'.
   Looking for an implicit rule for 'build/src/MENU/MENU2.PRG/'.
    Trying pattern rule '%/:' with stem 'build/src/MENU/MENU2.PRG'.
   Found implicit rule '%/:' for 'build/src/MENU/MENU2.PRG/'.
  Finished prerequisites of target file 'build/src/MENU/MENU2.PRG/'.
  No need to remake target 'build/src/MENU/MENU2.PRG/'.
 Finished prerequisites of target file 'build/src/MENU/MENU2.PRG/64.d'.
  Prerequisite 'src/MENU/MENU2.PRG/64.c' is older than target 'build/src/MENU/MENU2.PRG/64.d'.
  Prerequisite 'build/src/MENU/MENU2.PRG/' is order-only for target 'build/src/MENU/MENU2.PRG/64.d'.
 No need to remake target 'build/src/MENU/MENU2.PRG/64.d'.
 Considering target file 'build/src/MENU/MENU2.PRG/143C.d'.
  Looking for an implicit rule for 'build/src/MENU/MENU2.PRG/143C.d'.
   Trying pattern rule 'build/%.d: %.c | $(@D)/' with stem 'src/MENU/MENU2.PRG/143C'.
   Trying implicit prerequisite 'src/MENU/MENU2.PRG/143C.c'.
   Found 'src/MENU/MENU2.PRG/143C.c'.
   Trying implicit prerequisite 'build/src/MENU/MENU2.PRG/'.
   'build/src/MENU/MENU2.PRG/' ought to exist.
  Found implicit rule 'build/%.d: %.c | $(@D)/' for 'build/src/MENU/MENU2.PRG/143C.d'.
  Considering target file 'src/MENU/MENU2.PRG/143C.c'.
   Looking for an implicit rule for 'src/MENU/MENU2.PRG/143C.c'.
   No implicit rule found for 'src/MENU/MENU2.PRG/143C.c'.
  Finished prerequisites of target file 'src/MENU/MENU2.PRG/143C.c'.
  No need to remake target 'src/MENU/MENU2.PRG/143C.c'.
  Pruning file 'build/src/MENU/MENU2.PRG/'.
 Finished prerequisites of target file 'build/src/MENU/MENU2.PRG/143C.d'.
  Prerequisite 'src/MENU/MENU2.PRG/143C.c' is older than target 'build/src/MENU/MENU2.PRG/143C.d'.
  Prerequisite 'build/src/MENU/MENU2.PRG/' is order-only for target 'build/src/MENU/MENU2.PRG/143C.d'.
 No need to remake target 'build/src/MENU/MENU2.PRG/143C.d'.
 Considering target file 'build/config/MENU/MENU3.PRG/link.d'.
  Looking for an implicit rule for 'build/config/MENU/MENU3.PRG/link.d'.
   Trying pattern rule 'build/config/%/link.d: config/%/splat.yaml config/%/Makefile | $(@D)/' with stem 'MENU/MENU3.PRG'.
   Trying implicit prerequisite 'config/MENU/MENU3.PRG/splat.yaml'.
   Found 'config/MENU/MENU3.PRG/splat.yaml'.
   Trying implicit prerequisite 'config/MENU/MENU3.PRG/Makefile'.
   Found 'config/MENU/MENU3.PRG/Makefile'.
   Trying implicit prerequisite 'build/config/MENU/MENU3.PRG/'.
   Found 'build/config/MENU/MENU3.PRG/'.
  Found implicit rule 'build/config/%/link.d: config/%/splat.yaml config/%/Makefile | $(@D)/' for 'build/config/MENU/MENU3.PRG/link.d'.
  Considering target file 'config/MENU/MENU3.PRG/splat.yaml'.
   Looking for an implicit rule for 'config/MENU/MENU3.PRG/splat.yaml'.
   No implicit rule found for 'config/MENU/MENU3.PRG/splat.yaml'.
  Finished prerequisites of target file 'config/MENU/MENU3.PRG/splat.yaml'.
  No need to remake target 'config/MENU/MENU3.PRG/splat.yaml'.
  Pruning file 'config/MENU/MENU3.PRG/Makefile'.
  Considering target file 'build/config/MENU/MENU3.PRG/'.
   Looking for an implicit rule for 'build/config/MENU/MENU3.PRG/'.
    Trying pattern rule '%/:' with stem 'build/config/MENU/MENU3.PRG'.
   Found implicit rule '%/:' for 'build/config/MENU/MENU3.PRG/'.
  Finished prerequisites of target file 'build/config/MENU/MENU3.PRG/'.
  No need to remake target 'build/config/MENU/MENU3.PRG/'.
  Pruning file 'disks/SLUS-01040.xml'.
 Finished prerequisites of target file 'build/config/MENU/MENU3.PRG/link.d'.
  Prerequisite 'config/MENU/MENU3.PRG/splat.yaml' is older than target 'build/config/MENU/MENU3.PRG/link.d'.
  Prerequisite 'config/MENU/MENU3.PRG/Makefile' is older than target 'build/config/MENU/MENU3.PRG/link.d'.
  Prerequisite 'build/config/MENU/MENU3.PRG/' is order-only for target 'build/config/MENU/MENU3.PRG/link.d'.
  Prerequisite 'disks/SLUS-01040.xml' is order-only for target 'build/config/MENU/MENU3.PRG/link.d'.
 No need to remake target 'build/config/MENU/MENU3.PRG/link.d'.
 Considering target file 'build/src/MENU/MENU3.PRG/16C.d'.
  Looking for an implicit rule for 'build/src/MENU/MENU3.PRG/16C.d'.
   Trying pattern rule 'build/%.d: %.c | $(@D)/' with stem 'src/MENU/MENU3.PRG/16C'.
   Trying implicit prerequisite 'src/MENU/MENU3.PRG/16C.c'.
   Found 'src/MENU/MENU3.PRG/16C.c'.
   Trying implicit prerequisite 'build/src/MENU/MENU3.PRG/'.
   Found 'build/src/MENU/MENU3.PRG/'.
  Found implicit rule 'build/%.d: %.c | $(@D)/' for 'build/src/MENU/MENU3.PRG/16C.d'.
  Considering target file 'src/MENU/MENU3.PRG/16C.c'.
   Looking for an implicit rule for 'src/MENU/MENU3.PRG/16C.c'.
   No implicit rule found for 'src/MENU/MENU3.PRG/16C.c'.
  Finished prerequisites of target file 'src/MENU/MENU3.PRG/16C.c'.
  No need to remake target 'src/MENU/MENU3.PRG/16C.c'.
  Considering target file 'build/src/MENU/MENU3.PRG/'.
   Looking for an implicit rule for 'build/src/MENU/MENU3.PRG/'.
    Trying pattern rule '%/:' with stem 'build/src/MENU/MENU3.PRG'.
   Found implicit rule '%/:' for 'build/src/MENU/MENU3.PRG/'.
  Finished prerequisites of target file 'build/src/MENU/MENU3.PRG/'.
  No need to remake target 'build/src/MENU/MENU3.PRG/'.
 Finished prerequisites of target file 'build/src/MENU/MENU3.PRG/16C.d'.
  Prerequisite 'src/MENU/MENU3.PRG/16C.c' is older than target 'build/src/MENU/MENU3.PRG/16C.d'.
  Prerequisite 'build/src/MENU/MENU3.PRG/' is order-only for target 'build/src/MENU/MENU3.PRG/16C.d'.
 No need to remake target 'build/src/MENU/MENU3.PRG/16C.d'.
 Considering target file 'build/src/MENU/MENU3.PRG/68C4.d'.
  Looking for an implicit rule for 'build/src/MENU/MENU3.PRG/68C4.d'.
   Trying pattern rule 'build/%.d: %.c | $(@D)/' with stem 'src/MENU/MENU3.PRG/68C4'.
   Trying implicit prerequisite 'src/MENU/MENU3.PRG/68C4.c'.
   Found 'src/MENU/MENU3.PRG/68C4.c'.
   Trying implicit prerequisite 'build/src/MENU/MENU3.PRG/'.
   'build/src/MENU/MENU3.PRG/' ought to exist.
  Found implicit rule 'build/%.d: %.c | $(@D)/' for 'build/src/MENU/MENU3.PRG/68C4.d'.
  Considering target file 'src/MENU/MENU3.PRG/68C4.c'.
   Looking for an implicit rule for 'src/MENU/MENU3.PRG/68C4.c'.
   No implicit rule found for 'src/MENU/MENU3.PRG/68C4.c'.
  Finished prerequisites of target file 'src/MENU/MENU3.PRG/68C4.c'.
  No need to remake target 'src/MENU/MENU3.PRG/68C4.c'.
  Pruning file 'build/src/MENU/MENU3.PRG/'.
 Finished prerequisites of target file 'build/src/MENU/MENU3.PRG/68C4.d'.
  Prerequisite 'src/MENU/MENU3.PRG/68C4.c' is older than target 'build/src/MENU/MENU3.PRG/68C4.d'.
  Prerequisite 'build/src/MENU/MENU3.PRG/' is order-only for target 'build/src/MENU/MENU3.PRG/68C4.d'.
 No need to remake target 'build/src/MENU/MENU3.PRG/68C4.d'.
 Considering target file 'build/config/MENU/MENU4.PRG/link.d'.
  Looking for an implicit rule for 'build/config/MENU/MENU4.PRG/link.d'.
   Trying pattern rule 'build/config/%/link.d: config/%/splat.yaml config/%/Makefile | $(@D)/' with stem 'MENU/MENU4.PRG'.
   Trying implicit prerequisite 'config/MENU/MENU4.PRG/splat.yaml'.
   Found 'config/MENU/MENU4.PRG/splat.yaml'.
   Trying implicit prerequisite 'config/MENU/MENU4.PRG/Makefile'.
   Found 'config/MENU/MENU4.PRG/Makefile'.
   Trying implicit prerequisite 'build/config/MENU/MENU4.PRG/'.
   Found 'build/config/MENU/MENU4.PRG/'.
  Found implicit rule 'build/config/%/link.d: config/%/splat.yaml config/%/Makefile | $(@D)/' for 'build/config/MENU/MENU4.PRG/link.d'.
  Considering target file 'config/MENU/MENU4.PRG/splat.yaml'.
   Looking for an implicit rule for 'config/MENU/MENU4.PRG/splat.yaml'.
   No implicit rule found for 'config/MENU/MENU4.PRG/splat.yaml'.
  Finished prerequisites of target file 'config/MENU/MENU4.PRG/splat.yaml'.
  No need to remake target 'config/MENU/MENU4.PRG/splat.yaml'.
  Pruning file 'config/MENU/MENU4.PRG/Makefile'.
  Considering target file 'build/config/MENU/MENU4.PRG/'.
   Looking for an implicit rule for 'build/config/MENU/MENU4.PRG/'.
    Trying pattern rule '%/:' with stem 'build/config/MENU/MENU4.PRG'.
   Found implicit rule '%/:' for 'build/config/MENU/MENU4.PRG/'.
  Finished prerequisites of target file 'build/config/MENU/MENU4.PRG/'.
  No need to remake target 'build/config/MENU/MENU4.PRG/'.
  Pruning file 'disks/SLUS-01040.xml'.
 Finished prerequisites of target file 'build/config/MENU/MENU4.PRG/link.d'.
  Prerequisite 'config/MENU/MENU4.PRG/splat.yaml' is older than target 'build/config/MENU/MENU4.PRG/link.d'.
  Prerequisite 'config/MENU/MENU4.PRG/Makefile' is older than target 'build/config/MENU/MENU4.PRG/link.d'.
  Prerequisite 'build/config/MENU/MENU4.PRG/' is order-only for target 'build/config/MENU/MENU4.PRG/link.d'.
  Prerequisite 'disks/SLUS-01040.xml' is order-only for target 'build/config/MENU/MENU4.PRG/link.d'.
 No need to remake target 'build/config/MENU/MENU4.PRG/link.d'.
 Considering target file 'build/src/MENU/MENU4.PRG/120.d'.
  Looking for an implicit rule for 'build/src/MENU/MENU4.PRG/120.d'.
   Trying pattern rule 'build/%.d: %.c | $(@D)/' with stem 'src/MENU/MENU4.PRG/120'.
   Trying implicit prerequisite 'src/MENU/MENU4.PRG/120.c'.
   Found 'src/MENU/MENU4.PRG/120.c'.
   Trying implicit prerequisite 'build/src/MENU/MENU4.PRG/'.
   Found 'build/src/MENU/MENU4.PRG/'.
  Found implicit rule 'build/%.d: %.c | $(@D)/' for 'build/src/MENU/MENU4.PRG/120.d'.
  Considering target file 'src/MENU/MENU4.PRG/120.c'.
   Looking for an implicit rule for 'src/MENU/MENU4.PRG/120.c'.
   No implicit rule found for 'src/MENU/MENU4.PRG/120.c'.
  Finished prerequisites of target file 'src/MENU/MENU4.PRG/120.c'.
  No need to remake target 'src/MENU/MENU4.PRG/120.c'.
  Considering target file 'build/src/MENU/MENU4.PRG/'.
   Looking for an implicit rule for 'build/src/MENU/MENU4.PRG/'.
    Trying pattern rule '%/:' with stem 'build/src/MENU/MENU4.PRG'.
   Found implicit rule '%/:' for 'build/src/MENU/MENU4.PRG/'.
  Finished prerequisites of target file 'build/src/MENU/MENU4.PRG/'.
  No need to remake target 'build/src/MENU/MENU4.PRG/'.
 Finished prerequisites of target file 'build/src/MENU/MENU4.PRG/120.d'.
  Prerequisite 'src/MENU/MENU4.PRG/120.c' is older than target 'build/src/MENU/MENU4.PRG/120.d'.
  Prerequisite 'build/src/MENU/MENU4.PRG/' is order-only for target 'build/src/MENU/MENU4.PRG/120.d'.
 No need to remake target 'build/src/MENU/MENU4.PRG/120.d'.
 Considering target file 'build/config/MENU/MENU5.PRG/link.d'.
  Looking for an implicit rule for 'build/config/MENU/MENU5.PRG/link.d'.
   Trying pattern rule 'build/config/%/link.d: config/%/splat.yaml config/%/Makefile | $(@D)/' with stem 'MENU/MENU5.PRG'.
   Trying implicit prerequisite 'config/MENU/MENU5.PRG/splat.yaml'.
   Found 'config/MENU/MENU5.PRG/splat.yaml'.
   Trying implicit prerequisite 'config/MENU/MENU5.PRG/Makefile'.
   Found 'config/MENU/MENU5.PRG/Makefile'.
   Trying implicit prerequisite 'build/config/MENU/MENU5.PRG/'.
   Found 'build/config/MENU/MENU5.PRG/'.
  Found implicit rule 'build/config/%/link.d: config/%/splat.yaml config/%/Makefile | $(@D)/' for 'build/config/MENU/MENU5.PRG/link.d'.
  Considering target file 'config/MENU/MENU5.PRG/splat.yaml'.
   Looking for an implicit rule for 'config/MENU/MENU5.PRG/splat.yaml'.
   No implicit rule found for 'config/MENU/MENU5.PRG/splat.yaml'.
  Finished prerequisites of target file 'config/MENU/MENU5.PRG/splat.yaml'.
  No need to remake target 'config/MENU/MENU5.PRG/splat.yaml'.
  Pruning file 'config/MENU/MENU5.PRG/Makefile'.
  Considering target file 'build/config/MENU/MENU5.PRG/'.
   Looking for an implicit rule for 'build/config/MENU/MENU5.PRG/'.
    Trying pattern rule '%/:' with stem 'build/config/MENU/MENU5.PRG'.
   Found implicit rule '%/:' for 'build/config/MENU/MENU5.PRG/'.
  Finished prerequisites of target file 'build/config/MENU/MENU5.PRG/'.
  No need to remake target 'build/config/MENU/MENU5.PRG/'.
  Pruning file 'disks/SLUS-01040.xml'.
 Finished prerequisites of target file 'build/config/MENU/MENU5.PRG/link.d'.
  Prerequisite 'config/MENU/MENU5.PRG/splat.yaml' is older than target 'build/config/MENU/MENU5.PRG/link.d'.
  Prerequisite 'config/MENU/MENU5.PRG/Makefile' is older than target 'build/config/MENU/MENU5.PRG/link.d'.
  Prerequisite 'build/config/MENU/MENU5.PRG/' is order-only for target 'build/config/MENU/MENU5.PRG/link.d'.
  Prerequisite 'disks/SLUS-01040.xml' is order-only for target 'build/config/MENU/MENU5.PRG/link.d'.
 No need to remake target 'build/config/MENU/MENU5.PRG/link.d'.
 Considering target file 'build/src/MENU/MENU5.PRG/4D8.d'.
  Looking for an implicit rule for 'build/src/MENU/MENU5.PRG/4D8.d'.
   Trying pattern rule 'build/%.d: %.c | $(@D)/' with stem 'src/MENU/MENU5.PRG/4D8'.
   Trying implicit prerequisite 'src/MENU/MENU5.PRG/4D8.c'.
   Found 'src/MENU/MENU5.PRG/4D8.c'.
   Trying implicit prerequisite 'build/src/MENU/MENU5.PRG/'.
   Found 'build/src/MENU/MENU5.PRG/'.
  Found implicit rule 'build/%.d: %.c | $(@D)/' for 'build/src/MENU/MENU5.PRG/4D8.d'.
  Considering target file 'src/MENU/MENU5.PRG/4D8.c'.
   Looking for an implicit rule for 'src/MENU/MENU5.PRG/4D8.c'.
   No implicit rule found for 'src/MENU/MENU5.PRG/4D8.c'.
  Finished prerequisites of target file 'src/MENU/MENU5.PRG/4D8.c'.
  No need to remake target 'src/MENU/MENU5.PRG/4D8.c'.
  Considering target file 'build/src/MENU/MENU5.PRG/'.
   Looking for an implicit rule for 'build/src/MENU/MENU5.PRG/'.
    Trying pattern rule '%/:' with stem 'build/src/MENU/MENU5.PRG'.
   Found implicit rule '%/:' for 'build/src/MENU/MENU5.PRG/'.
  Finished prerequisites of target file 'build/src/MENU/MENU5.PRG/'.
  No need to remake target 'build/src/MENU/MENU5.PRG/'.
 Finished prerequisites of target file 'build/src/MENU/MENU5.PRG/4D8.d'.
  Prerequisite 'src/MENU/MENU5.PRG/4D8.c' is older than target 'build/src/MENU/MENU5.PRG/4D8.d'.
  Prerequisite 'build/src/MENU/MENU5.PRG/' is order-only for target 'build/src/MENU/MENU5.PRG/4D8.d'.
 No need to remake target 'build/src/MENU/MENU5.PRG/4D8.d'.
 Considering target file 'build/config/MENU/MENU7.PRG/link.d'.
  Looking for an implicit rule for 'build/config/MENU/MENU7.PRG/link.d'.
   Trying pattern rule 'build/config/%/link.d: config/%/splat.yaml config/%/Makefile | $(@D)/' with stem 'MENU/MENU7.PRG'.
   Trying implicit prerequisite 'config/MENU/MENU7.PRG/splat.yaml'.
   Found 'config/MENU/MENU7.PRG/splat.yaml'.
   Trying implicit prerequisite 'config/MENU/MENU7.PRG/Makefile'.
   Found 'config/MENU/MENU7.PRG/Makefile'.
   Trying implicit prerequisite 'build/config/MENU/MENU7.PRG/'.
   Found 'build/config/MENU/MENU7.PRG/'.
  Found implicit rule 'build/config/%/link.d: config/%/splat.yaml config/%/Makefile | $(@D)/' for 'build/config/MENU/MENU7.PRG/link.d'.
  Considering target file 'config/MENU/MENU7.PRG/splat.yaml'.
   Looking for an implicit rule for 'config/MENU/MENU7.PRG/splat.yaml'.
   No implicit rule found for 'config/MENU/MENU7.PRG/splat.yaml'.
  Finished prerequisites of target file 'config/MENU/MENU7.PRG/splat.yaml'.
  No need to remake target 'config/MENU/MENU7.PRG/splat.yaml'.
  Pruning file 'config/MENU/MENU7.PRG/Makefile'.
  Considering target file 'build/config/MENU/MENU7.PRG/'.
   Looking for an implicit rule for 'build/config/MENU/MENU7.PRG/'.
    Trying pattern rule '%/:' with stem 'build/config/MENU/MENU7.PRG'.
   Found implicit rule '%/:' for 'build/config/MENU/MENU7.PRG/'.
  Finished prerequisites of target file 'build/config/MENU/MENU7.PRG/'.
  No need to remake target 'build/config/MENU/MENU7.PRG/'.
  Pruning file 'disks/SLUS-01040.xml'.
 Finished prerequisites of target file 'build/config/MENU/MENU7.PRG/link.d'.
  Prerequisite 'config/MENU/MENU7.PRG/splat.yaml' is older than target 'build/config/MENU/MENU7.PRG/link.d'.
  Prerequisite 'config/MENU/MENU7.PRG/Makefile' is older than target 'build/config/MENU/MENU7.PRG/link.d'.
  Prerequisite 'build/config/MENU/MENU7.PRG/' is order-only for target 'build/config/MENU/MENU7.PRG/link.d'.
  Prerequisite 'disks/SLUS-01040.xml' is order-only for target 'build/config/MENU/MENU7.PRG/link.d'.
 No need to remake target 'build/config/MENU/MENU7.PRG/link.d'.
 Considering target file 'build/src/MENU/MENU7.PRG/260.d'.
  Looking for an implicit rule for 'build/src/MENU/MENU7.PRG/260.d'.
   Trying pattern rule 'build/%.d: %.c | $(@D)/' with stem 'src/MENU/MENU7.PRG/260'.
   Trying implicit prerequisite 'src/MENU/MENU7.PRG/260.c'.
   Found 'src/MENU/MENU7.PRG/260.c'.
   Trying implicit prerequisite 'build/src/MENU/MENU7.PRG/'.
   Found 'build/src/MENU/MENU7.PRG/'.
  Found implicit rule 'build/%.d: %.c | $(@D)/' for 'build/src/MENU/MENU7.PRG/260.d'.
  Considering target file 'src/MENU/MENU7.PRG/260.c'.
   Looking for an implicit rule for 'src/MENU/MENU7.PRG/260.c'.
   No implicit rule found for 'src/MENU/MENU7.PRG/260.c'.
  Finished prerequisites of target file 'src/MENU/MENU7.PRG/260.c'.
  No need to remake target 'src/MENU/MENU7.PRG/260.c'.
  Considering target file 'build/src/MENU/MENU7.PRG/'.
   Looking for an implicit rule for 'build/src/MENU/MENU7.PRG/'.
    Trying pattern rule '%/:' with stem 'build/src/MENU/MENU7.PRG'.
   Found implicit rule '%/:' for 'build/src/MENU/MENU7.PRG/'.
  Finished prerequisites of target file 'build/src/MENU/MENU7.PRG/'.
  No need to remake target 'build/src/MENU/MENU7.PRG/'.
 Finished prerequisites of target file 'build/src/MENU/MENU7.PRG/260.d'.
  Prerequisite 'src/MENU/MENU7.PRG/260.c' is older than target 'build/src/MENU/MENU7.PRG/260.d'.
  Prerequisite 'build/src/MENU/MENU7.PRG/' is order-only for target 'build/src/MENU/MENU7.PRG/260.d'.
 No need to remake target 'build/src/MENU/MENU7.PRG/260.d'.
 Considering target file 'build/config/MENU/MENU8.PRG/link.d'.
  Looking for an implicit rule for 'build/config/MENU/MENU8.PRG/link.d'.
   Trying pattern rule 'build/config/%/link.d: config/%/splat.yaml config/%/Makefile | $(@D)/' with stem 'MENU/MENU8.PRG'.
   Trying implicit prerequisite 'config/MENU/MENU8.PRG/splat.yaml'.
   Found 'config/MENU/MENU8.PRG/splat.yaml'.
   Trying implicit prerequisite 'config/MENU/MENU8.PRG/Makefile'.
   Found 'config/MENU/MENU8.PRG/Makefile'.
   Trying implicit prerequisite 'build/config/MENU/MENU8.PRG/'.
   Found 'build/config/MENU/MENU8.PRG/'.
  Found implicit rule 'build/config/%/link.d: config/%/splat.yaml config/%/Makefile | $(@D)/' for 'build/config/MENU/MENU8.PRG/link.d'.
  Considering target file 'config/MENU/MENU8.PRG/splat.yaml'.
   Looking for an implicit rule for 'config/MENU/MENU8.PRG/splat.yaml'.
   No implicit rule found for 'config/MENU/MENU8.PRG/splat.yaml'.
  Finished prerequisites of target file 'config/MENU/MENU8.PRG/splat.yaml'.
  No need to remake target 'config/MENU/MENU8.PRG/splat.yaml'.
  Pruning file 'config/MENU/MENU8.PRG/Makefile'.
  Considering target file 'build/config/MENU/MENU8.PRG/'.
   Looking for an implicit rule for 'build/config/MENU/MENU8.PRG/'.
    Trying pattern rule '%/:' with stem 'build/config/MENU/MENU8.PRG'.
   Found implicit rule '%/:' for 'build/config/MENU/MENU8.PRG/'.
  Finished prerequisites of target file 'build/config/MENU/MENU8.PRG/'.
  No need to remake target 'build/config/MENU/MENU8.PRG/'.
  Pruning file 'disks/SLUS-01040.xml'.
 Finished prerequisites of target file 'build/config/MENU/MENU8.PRG/link.d'.
  Prerequisite 'config/MENU/MENU8.PRG/splat.yaml' is older than target 'build/config/MENU/MENU8.PRG/link.d'.
  Prerequisite 'config/MENU/MENU8.PRG/Makefile' is older than target 'build/config/MENU/MENU8.PRG/link.d'.
  Prerequisite 'build/config/MENU/MENU8.PRG/' is order-only for target 'build/config/MENU/MENU8.PRG/link.d'.
  Prerequisite 'disks/SLUS-01040.xml' is order-only for target 'build/config/MENU/MENU8.PRG/link.d'.
 No need to remake target 'build/config/MENU/MENU8.PRG/link.d'.
 Considering target file 'build/src/MENU/MENU8.PRG/88.d'.
  Looking for an implicit rule for 'build/src/MENU/MENU8.PRG/88.d'.
   Trying pattern rule 'build/%.d: %.c | $(@D)/' with stem 'src/MENU/MENU8.PRG/88'.
   Trying implicit prerequisite 'src/MENU/MENU8.PRG/88.c'.
   Found 'src/MENU/MENU8.PRG/88.c'.
   Trying implicit prerequisite 'build/src/MENU/MENU8.PRG/'.
   Found 'build/src/MENU/MENU8.PRG/'.
  Found implicit rule 'build/%.d: %.c | $(@D)/' for 'build/src/MENU/MENU8.PRG/88.d'.
  Considering target file 'src/MENU/MENU8.PRG/88.c'.
   Looking for an implicit rule for 'src/MENU/MENU8.PRG/88.c'.
   No implicit rule found for 'src/MENU/MENU8.PRG/88.c'.
  Finished prerequisites of target file 'src/MENU/MENU8.PRG/88.c'.
  No need to remake target 'src/MENU/MENU8.PRG/88.c'.
  Considering target file 'build/src/MENU/MENU8.PRG/'.
   Looking for an implicit rule for 'build/src/MENU/MENU8.PRG/'.
    Trying pattern rule '%/:' with stem 'build/src/MENU/MENU8.PRG'.
   Found implicit rule '%/:' for 'build/src/MENU/MENU8.PRG/'.
  Finished prerequisites of target file 'build/src/MENU/MENU8.PRG/'.
  No need to remake target 'build/src/MENU/MENU8.PRG/'.
 Finished prerequisites of target file 'build/src/MENU/MENU8.PRG/88.d'.
  Prerequisite 'src/MENU/MENU8.PRG/88.c' is older than target 'build/src/MENU/MENU8.PRG/88.d'.
  Prerequisite 'build/src/MENU/MENU8.PRG/' is order-only for target 'build/src/MENU/MENU8.PRG/88.d'.
 No need to remake target 'build/src/MENU/MENU8.PRG/88.d'.
 Considering target file 'build/src/MENU/MENU8.PRG/21A0.d'.
  Looking for an implicit rule for 'build/src/MENU/MENU8.PRG/21A0.d'.
   Trying pattern rule 'build/%.d: %.c | $(@D)/' with stem 'src/MENU/MENU8.PRG/21A0'.
   Trying implicit prerequisite 'src/MENU/MENU8.PRG/21A0.c'.
   Found 'src/MENU/MENU8.PRG/21A0.c'.
   Trying implicit prerequisite 'build/src/MENU/MENU8.PRG/'.
   'build/src/MENU/MENU8.PRG/' ought to exist.
  Found implicit rule 'build/%.d: %.c | $(@D)/' for 'build/src/MENU/MENU8.PRG/21A0.d'.
  Considering target file 'src/MENU/MENU8.PRG/21A0.c'.
   Looking for an implicit rule for 'src/MENU/MENU8.PRG/21A0.c'.
   No implicit rule found for 'src/MENU/MENU8.PRG/21A0.c'.
  Finished prerequisites of target file 'src/MENU/MENU8.PRG/21A0.c'.
  No need to remake target 'src/MENU/MENU8.PRG/21A0.c'.
  Pruning file 'build/src/MENU/MENU8.PRG/'.
 Finished prerequisites of target file 'build/src/MENU/MENU8.PRG/21A0.d'.
  Prerequisite 'src/MENU/MENU8.PRG/21A0.c' is older than target 'build/src/MENU/MENU8.PRG/21A0.d'.
  Prerequisite 'build/src/MENU/MENU8.PRG/' is order-only for target 'build/src/MENU/MENU8.PRG/21A0.d'.
 No need to remake target 'build/src/MENU/MENU8.PRG/21A0.d'.
 Considering target file 'build/config/MENU/MENU9.PRG/link.d'.
  Looking for an implicit rule for 'build/config/MENU/MENU9.PRG/link.d'.
   Trying pattern rule 'build/config/%/link.d: config/%/splat.yaml config/%/Makefile | $(@D)/' with stem 'MENU/MENU9.PRG'.
   Trying implicit prerequisite 'config/MENU/MENU9.PRG/splat.yaml'.
   Found 'config/MENU/MENU9.PRG/splat.yaml'.
   Trying implicit prerequisite 'config/MENU/MENU9.PRG/Makefile'.
   Found 'config/MENU/MENU9.PRG/Makefile'.
   Trying implicit prerequisite 'build/config/MENU/MENU9.PRG/'.
   Found 'build/config/MENU/MENU9.PRG/'.
  Found implicit rule 'build/config/%/link.d: config/%/splat.yaml config/%/Makefile | $(@D)/' for 'build/config/MENU/MENU9.PRG/link.d'.
  Considering target file 'config/MENU/MENU9.PRG/splat.yaml'.
   Looking for an implicit rule for 'config/MENU/MENU9.PRG/splat.yaml'.
   No implicit rule found for 'config/MENU/MENU9.PRG/splat.yaml'.
  Finished prerequisites of target file 'config/MENU/MENU9.PRG/splat.yaml'.
  No need to remake target 'config/MENU/MENU9.PRG/splat.yaml'.
  Pruning file 'config/MENU/MENU9.PRG/Makefile'.
  Considering target file 'build/config/MENU/MENU9.PRG/'.
   Looking for an implicit rule for 'build/config/MENU/MENU9.PRG/'.
    Trying pattern rule '%/:' with stem 'build/config/MENU/MENU9.PRG'.
   Found implicit rule '%/:' for 'build/config/MENU/MENU9.PRG/'.
  Finished prerequisites of target file 'build/config/MENU/MENU9.PRG/'.
  No need to remake target 'build/config/MENU/MENU9.PRG/'.
  Pruning file 'disks/SLUS-01040.xml'.
 Finished prerequisites of target file 'build/config/MENU/MENU9.PRG/link.d'.
  Prerequisite 'config/MENU/MENU9.PRG/splat.yaml' is older than target 'build/config/MENU/MENU9.PRG/link.d'.
  Prerequisite 'config/MENU/MENU9.PRG/Makefile' is older than target 'build/config/MENU/MENU9.PRG/link.d'.
  Prerequisite 'build/config/MENU/MENU9.PRG/' is order-only for target 'build/config/MENU/MENU9.PRG/link.d'.
  Prerequisite 'disks/SLUS-01040.xml' is order-only for target 'build/config/MENU/MENU9.PRG/link.d'.
 No need to remake target 'build/config/MENU/MENU9.PRG/link.d'.
 Considering target file 'build/src/MENU/MENU9.PRG/238.d'.
  Looking for an implicit rule for 'build/src/MENU/MENU9.PRG/238.d'.
   Trying pattern rule 'build/%.d: %.c | $(@D)/' with stem 'src/MENU/MENU9.PRG/238'.
   Trying implicit prerequisite 'src/MENU/MENU9.PRG/238.c'.
   Found 'src/MENU/MENU9.PRG/238.c'.
   Trying implicit prerequisite 'build/src/MENU/MENU9.PRG/'.
   Found 'build/src/MENU/MENU9.PRG/'.
  Found implicit rule 'build/%.d: %.c | $(@D)/' for 'build/src/MENU/MENU9.PRG/238.d'.
  Considering target file 'src/MENU/MENU9.PRG/238.c'.
   Looking for an implicit rule for 'src/MENU/MENU9.PRG/238.c'.
   No implicit rule found for 'src/MENU/MENU9.PRG/238.c'.
  Finished prerequisites of target file 'src/MENU/MENU9.PRG/238.c'.
  No need to remake target 'src/MENU/MENU9.PRG/238.c'.
  Considering target file 'build/src/MENU/MENU9.PRG/'.
   Looking for an implicit rule for 'build/src/MENU/MENU9.PRG/'.
    Trying pattern rule '%/:' with stem 'build/src/MENU/MENU9.PRG'.
   Found implicit rule '%/:' for 'build/src/MENU/MENU9.PRG/'.
  Finished prerequisites of target file 'build/src/MENU/MENU9.PRG/'.
  No need to remake target 'build/src/MENU/MENU9.PRG/'.
 Finished prerequisites of target file 'build/src/MENU/MENU9.PRG/238.d'.
  Prerequisite 'src/MENU/MENU9.PRG/238.c' is older than target 'build/src/MENU/MENU9.PRG/238.d'.
  Prerequisite 'build/src/MENU/MENU9.PRG/' is order-only for target 'build/src/MENU/MENU9.PRG/238.d'.
 No need to remake target 'build/src/MENU/MENU9.PRG/238.d'.
 Considering target file 'build/src/MENU/MENU9.PRG/57BC.d'.
  Looking for an implicit rule for 'build/src/MENU/MENU9.PRG/57BC.d'.
   Trying pattern rule 'build/%.d: %.c | $(@D)/' with stem 'src/MENU/MENU9.PRG/57BC'.
   Trying implicit prerequisite 'src/MENU/MENU9.PRG/57BC.c'.
   Found 'src/MENU/MENU9.PRG/57BC.c'.
   Trying implicit prerequisite 'build/src/MENU/MENU9.PRG/'.
   'build/src/MENU/MENU9.PRG/' ought to exist.
  Found implicit rule 'build/%.d: %.c | $(@D)/' for 'build/src/MENU/MENU9.PRG/57BC.d'.
  Considering target file 'src/MENU/MENU9.PRG/57BC.c'.
   Looking for an implicit rule for 'src/MENU/MENU9.PRG/57BC.c'.
   No implicit rule found for 'src/MENU/MENU9.PRG/57BC.c'.
  Finished prerequisites of target file 'src/MENU/MENU9.PRG/57BC.c'.
  No need to remake target 'src/MENU/MENU9.PRG/57BC.c'.
  Pruning file 'build/src/MENU/MENU9.PRG/'.
 Finished prerequisites of target file 'build/src/MENU/MENU9.PRG/57BC.d'.
  Prerequisite 'src/MENU/MENU9.PRG/57BC.c' is older than target 'build/src/MENU/MENU9.PRG/57BC.d'.
  Prerequisite 'build/src/MENU/MENU9.PRG/' is order-only for target 'build/src/MENU/MENU9.PRG/57BC.d'.
 No need to remake target 'build/src/MENU/MENU9.PRG/57BC.d'.
 Considering target file 'build/src/MENU/MENU9.PRG/592C.d'.
  Looking for an implicit rule for 'build/src/MENU/MENU9.PRG/592C.d'.
   Trying pattern rule 'build/%.d: %.c | $(@D)/' with stem 'src/MENU/MENU9.PRG/592C'.
   Trying implicit prerequisite 'src/MENU/MENU9.PRG/592C.c'.
   Found 'src/MENU/MENU9.PRG/592C.c'.
   Trying implicit prerequisite 'build/src/MENU/MENU9.PRG/'.
   'build/src/MENU/MENU9.PRG/' ought to exist.
  Found implicit rule 'build/%.d: %.c | $(@D)/' for 'build/src/MENU/MENU9.PRG/592C.d'.
  Considering target file 'src/MENU/MENU9.PRG/592C.c'.
   Looking for an implicit rule for 'src/MENU/MENU9.PRG/592C.c'.
   No implicit rule found for 'src/MENU/MENU9.PRG/592C.c'.
  Finished prerequisites of target file 'src/MENU/MENU9.PRG/592C.c'.
  No need to remake target 'src/MENU/MENU9.PRG/592C.c'.
  Pruning file 'build/src/MENU/MENU9.PRG/'.
 Finished prerequisites of target file 'build/src/MENU/MENU9.PRG/592C.d'.
  Prerequisite 'src/MENU/MENU9.PRG/592C.c' is older than target 'build/src/MENU/MENU9.PRG/592C.d'.
  Prerequisite 'build/src/MENU/MENU9.PRG/' is order-only for target 'build/src/MENU/MENU9.PRG/592C.d'.
 No need to remake target 'build/src/MENU/MENU9.PRG/592C.d'.
 Considering target file 'build/config/MENU/MENUB.PRG/link.d'.
  Looking for an implicit rule for 'build/config/MENU/MENUB.PRG/link.d'.
   Trying pattern rule 'build/config/%/link.d: config/%/splat.yaml config/%/Makefile | $(@D)/' with stem 'MENU/MENUB.PRG'.
   Trying implicit prerequisite 'config/MENU/MENUB.PRG/splat.yaml'.
   Found 'config/MENU/MENUB.PRG/splat.yaml'.
   Trying implicit prerequisite 'config/MENU/MENUB.PRG/Makefile'.
   Found 'config/MENU/MENUB.PRG/Makefile'.
   Trying implicit prerequisite 'build/config/MENU/MENUB.PRG/'.
   Found 'build/config/MENU/MENUB.PRG/'.
  Found implicit rule 'build/config/%/link.d: config/%/splat.yaml config/%/Makefile | $(@D)/' for 'build/config/MENU/MENUB.PRG/link.d'.
  Considering target file 'config/MENU/MENUB.PRG/splat.yaml'.
   Looking for an implicit rule for 'config/MENU/MENUB.PRG/splat.yaml'.
   No implicit rule found for 'config/MENU/MENUB.PRG/splat.yaml'.
  Finished prerequisites of target file 'config/MENU/MENUB.PRG/splat.yaml'.
  No need to remake target 'config/MENU/MENUB.PRG/splat.yaml'.
  Pruning file 'config/MENU/MENUB.PRG/Makefile'.
  Considering target file 'build/config/MENU/MENUB.PRG/'.
   Looking for an implicit rule for 'build/config/MENU/MENUB.PRG/'.
    Trying pattern rule '%/:' with stem 'build/config/MENU/MENUB.PRG'.
   Found implicit rule '%/:' for 'build/config/MENU/MENUB.PRG/'.
  Finished prerequisites of target file 'build/config/MENU/MENUB.PRG/'.
  No need to remake target 'build/config/MENU/MENUB.PRG/'.
  Pruning file 'disks/SLUS-01040.xml'.
 Finished prerequisites of target file 'build/config/MENU/MENUB.PRG/link.d'.
  Prerequisite 'config/MENU/MENUB.PRG/splat.yaml' is older than target 'build/config/MENU/MENUB.PRG/link.d'.
  Prerequisite 'config/MENU/MENUB.PRG/Makefile' is older than target 'build/config/MENU/MENUB.PRG/link.d'.
  Prerequisite 'build/config/MENU/MENUB.PRG/' is order-only for target 'build/config/MENU/MENUB.PRG/link.d'.
  Prerequisite 'disks/SLUS-01040.xml' is order-only for target 'build/config/MENU/MENUB.PRG/link.d'.
 No need to remake target 'build/config/MENU/MENUB.PRG/link.d'.
 Considering target file 'build/src/MENU/MENUB.PRG/260.d'.
  Looking for an implicit rule for 'build/src/MENU/MENUB.PRG/260.d'.
   Trying pattern rule 'build/%.d: %.c | $(@D)/' with stem 'src/MENU/MENUB.PRG/260'.
   Trying implicit prerequisite 'src/MENU/MENUB.PRG/260.c'.
   Found 'src/MENU/MENUB.PRG/260.c'.
   Trying implicit prerequisite 'build/src/MENU/MENUB.PRG/'.
   Found 'build/src/MENU/MENUB.PRG/'.
  Found implicit rule 'build/%.d: %.c | $(@D)/' for 'build/src/MENU/MENUB.PRG/260.d'.
  Considering target file 'src/MENU/MENUB.PRG/260.c'.
   Looking for an implicit rule for 'src/MENU/MENUB.PRG/260.c'.
   No implicit rule found for 'src/MENU/MENUB.PRG/260.c'.
  Finished prerequisites of target file 'src/MENU/MENUB.PRG/260.c'.
  No need to remake target 'src/MENU/MENUB.PRG/260.c'.
  Considering target file 'build/src/MENU/MENUB.PRG/'.
   Looking for an implicit rule for 'build/src/MENU/MENUB.PRG/'.
    Trying pattern rule '%/:' with stem 'build/src/MENU/MENUB.PRG'.
   Found implicit rule '%/:' for 'build/src/MENU/MENUB.PRG/'.
  Finished prerequisites of target file 'build/src/MENU/MENUB.PRG/'.
  No need to remake target 'build/src/MENU/MENUB.PRG/'.
 Finished prerequisites of target file 'build/src/MENU/MENUB.PRG/260.d'.
  Prerequisite 'src/MENU/MENUB.PRG/260.c' is older than target 'build/src/MENU/MENUB.PRG/260.d'.
  Prerequisite 'build/src/MENU/MENUB.PRG/' is order-only for target 'build/src/MENU/MENUB.PRG/260.d'.
 No need to remake target 'build/src/MENU/MENUB.PRG/260.d'.
 Considering target file 'build/config/MENU/MENUC.PRG/link.d'.
  Looking for an implicit rule for 'build/config/MENU/MENUC.PRG/link.d'.
   Trying pattern rule 'build/config/%/link.d: config/%/splat.yaml config/%/Makefile | $(@D)/' with stem 'MENU/MENUC.PRG'.
   Trying implicit prerequisite 'config/MENU/MENUC.PRG/splat.yaml'.
   Found 'config/MENU/MENUC.PRG/splat.yaml'.
   Trying implicit prerequisite 'config/MENU/MENUC.PRG/Makefile'.
   Found 'config/MENU/MENUC.PRG/Makefile'.
   Trying implicit prerequisite 'build/config/MENU/MENUC.PRG/'.
   Found 'build/config/MENU/MENUC.PRG/'.
  Found implicit rule 'build/config/%/link.d: config/%/splat.yaml config/%/Makefile | $(@D)/' for 'build/config/MENU/MENUC.PRG/link.d'.
  Considering target file 'config/MENU/MENUC.PRG/splat.yaml'.
   Looking for an implicit rule for 'config/MENU/MENUC.PRG/splat.yaml'.
   No implicit rule found for 'config/MENU/MENUC.PRG/splat.yaml'.
  Finished prerequisites of target file 'config/MENU/MENUC.PRG/splat.yaml'.
  No need to remake target 'config/MENU/MENUC.PRG/splat.yaml'.
  Pruning file 'config/MENU/MENUC.PRG/Makefile'.
  Considering target file 'build/config/MENU/MENUC.PRG/'.
   Looking for an implicit rule for 'build/config/MENU/MENUC.PRG/'.
    Trying pattern rule '%/:' with stem 'build/config/MENU/MENUC.PRG'.
   Found implicit rule '%/:' for 'build/config/MENU/MENUC.PRG/'.
  Finished prerequisites of target file 'build/config/MENU/MENUC.PRG/'.
  No need to remake target 'build/config/MENU/MENUC.PRG/'.
  Pruning file 'disks/SLUS-01040.xml'.
 Finished prerequisites of target file 'build/config/MENU/MENUC.PRG/link.d'.
  Prerequisite 'config/MENU/MENUC.PRG/splat.yaml' is older than target 'build/config/MENU/MENUC.PRG/link.d'.
  Prerequisite 'config/MENU/MENUC.PRG/Makefile' is older than target 'build/config/MENU/MENUC.PRG/link.d'.
  Prerequisite 'build/config/MENU/MENUC.PRG/' is order-only for target 'build/config/MENU/MENUC.PRG/link.d'.
  Prerequisite 'disks/SLUS-01040.xml' is order-only for target 'build/config/MENU/MENUC.PRG/link.d'.
 No need to remake target 'build/config/MENU/MENUC.PRG/link.d'.
 Considering target file 'build/src/MENU/MENUC.PRG/168.d'.
  Looking for an implicit rule for 'build/src/MENU/MENUC.PRG/168.d'.
   Trying pattern rule 'build/%.d: %.c | $(@D)/' with stem 'src/MENU/MENUC.PRG/168'.
   Trying implicit prerequisite 'src/MENU/MENUC.PRG/168.c'.
   Found 'src/MENU/MENUC.PRG/168.c'.
   Trying implicit prerequisite 'build/src/MENU/MENUC.PRG/'.
   Found 'build/src/MENU/MENUC.PRG/'.
  Found implicit rule 'build/%.d: %.c | $(@D)/' for 'build/src/MENU/MENUC.PRG/168.d'.
  Considering target file 'src/MENU/MENUC.PRG/168.c'.
   Looking for an implicit rule for 'src/MENU/MENUC.PRG/168.c'.
   No implicit rule found for 'src/MENU/MENUC.PRG/168.c'.
  Finished prerequisites of target file 'src/MENU/MENUC.PRG/168.c'.
  No need to remake target 'src/MENU/MENUC.PRG/168.c'.
  Considering target file 'build/src/MENU/MENUC.PRG/'.
   Looking for an implicit rule for 'build/src/MENU/MENUC.PRG/'.
    Trying pattern rule '%/:' with stem 'build/src/MENU/MENUC.PRG'.
   Found implicit rule '%/:' for 'build/src/MENU/MENUC.PRG/'.
  Finished prerequisites of target file 'build/src/MENU/MENUC.PRG/'.
  No need to remake target 'build/src/MENU/MENUC.PRG/'.
 Finished prerequisites of target file 'build/src/MENU/MENUC.PRG/168.d'.
  Prerequisite 'src/MENU/MENUC.PRG/168.c' is older than target 'build/src/MENU/MENUC.PRG/168.d'.
  Prerequisite 'build/src/MENU/MENUC.PRG/' is order-only for target 'build/src/MENU/MENUC.PRG/168.d'.
 No need to remake target 'build/src/MENU/MENUC.PRG/168.d'.
 Considering target file 'build/src/MENU/MENUC.PRG/9258.d'.
  Looking for an implicit rule for 'build/src/MENU/MENUC.PRG/9258.d'.
   Trying pattern rule 'build/%.d: %.c | $(@D)/' with stem 'src/MENU/MENUC.PRG/9258'.
   Trying implicit prerequisite 'src/MENU/MENUC.PRG/9258.c'.
   Found 'src/MENU/MENUC.PRG/9258.c'.
   Trying implicit prerequisite 'build/src/MENU/MENUC.PRG/'.
   'build/src/MENU/MENUC.PRG/' ought to exist.
  Found implicit rule 'build/%.d: %.c | $(@D)/' for 'build/src/MENU/MENUC.PRG/9258.d'.
  Considering target file 'src/MENU/MENUC.PRG/9258.c'.
   Looking for an implicit rule for 'src/MENU/MENUC.PRG/9258.c'.
   No implicit rule found for 'src/MENU/MENUC.PRG/9258.c'.
  Finished prerequisites of target file 'src/MENU/MENUC.PRG/9258.c'.
  No need to remake target 'src/MENU/MENUC.PRG/9258.c'.
  Pruning file 'build/src/MENU/MENUC.PRG/'.
 Finished prerequisites of target file 'build/src/MENU/MENUC.PRG/9258.d'.
  Prerequisite 'src/MENU/MENUC.PRG/9258.c' is older than target 'build/src/MENU/MENUC.PRG/9258.d'.
  Prerequisite 'build/src/MENU/MENUC.PRG/' is order-only for target 'build/src/MENU/MENUC.PRG/9258.d'.
 No need to remake target 'build/src/MENU/MENUC.PRG/9258.d'.
 Considering target file 'build/config/MENU/MENUD.PRG/link.d'.
  Looking for an implicit rule for 'build/config/MENU/MENUD.PRG/link.d'.
   Trying pattern rule 'build/config/%/link.d: config/%/splat.yaml config/%/Makefile | $(@D)/' with stem 'MENU/MENUD.PRG'.
   Trying implicit prerequisite 'config/MENU/MENUD.PRG/splat.yaml'.
   Found 'config/MENU/MENUD.PRG/splat.yaml'.
   Trying implicit prerequisite 'config/MENU/MENUD.PRG/Makefile'.
   Found 'config/MENU/MENUD.PRG/Makefile'.
   Trying implicit prerequisite 'build/config/MENU/MENUD.PRG/'.
   Found 'build/config/MENU/MENUD.PRG/'.
  Found implicit rule 'build/config/%/link.d: config/%/splat.yaml config/%/Makefile | $(@D)/' for 'build/config/MENU/MENUD.PRG/link.d'.
  Considering target file 'config/MENU/MENUD.PRG/splat.yaml'.
   Looking for an implicit rule for 'config/MENU/MENUD.PRG/splat.yaml'.
   No implicit rule found for 'config/MENU/MENUD.PRG/splat.yaml'.
  Finished prerequisites of target file 'config/MENU/MENUD.PRG/splat.yaml'.
  No need to remake target 'config/MENU/MENUD.PRG/splat.yaml'.
  Pruning file 'config/MENU/MENUD.PRG/Makefile'.
  Considering target file 'build/config/MENU/MENUD.PRG/'.
   Looking for an implicit rule for 'build/config/MENU/MENUD.PRG/'.
    Trying pattern rule '%/:' with stem 'build/config/MENU/MENUD.PRG'.
   Found implicit rule '%/:' for 'build/config/MENU/MENUD.PRG/'.
  Finished prerequisites of target file 'build/config/MENU/MENUD.PRG/'.
  No need to remake target 'build/config/MENU/MENUD.PRG/'.
  Pruning file 'disks/SLUS-01040.xml'.
 Finished prerequisites of target file 'build/config/MENU/MENUD.PRG/link.d'.
  Prerequisite 'config/MENU/MENUD.PRG/splat.yaml' is older than target 'build/config/MENU/MENUD.PRG/link.d'.
  Prerequisite 'config/MENU/MENUD.PRG/Makefile' is older than target 'build/config/MENU/MENUD.PRG/link.d'.
  Prerequisite 'build/config/MENU/MENUD.PRG/' is order-only for target 'build/config/MENU/MENUD.PRG/link.d'.
  Prerequisite 'disks/SLUS-01040.xml' is order-only for target 'build/config/MENU/MENUD.PRG/link.d'.
 No need to remake target 'build/config/MENU/MENUD.PRG/link.d'.
 Considering target file 'build/src/MENU/MENUD.PRG/234.d'.
  Looking for an implicit rule for 'build/src/MENU/MENUD.PRG/234.d'.
   Trying pattern rule 'build/%.d: %.c | $(@D)/' with stem 'src/MENU/MENUD.PRG/234'.
   Trying implicit prerequisite 'src/MENU/MENUD.PRG/234.c'.
   Found 'src/MENU/MENUD.PRG/234.c'.
   Trying implicit prerequisite 'build/src/MENU/MENUD.PRG/'.
   Found 'build/src/MENU/MENUD.PRG/'.
  Found implicit rule 'build/%.d: %.c | $(@D)/' for 'build/src/MENU/MENUD.PRG/234.d'.
  Considering target file 'src/MENU/MENUD.PRG/234.c'.
   Looking for an implicit rule for 'src/MENU/MENUD.PRG/234.c'.
   No implicit rule found for 'src/MENU/MENUD.PRG/234.c'.
  Finished prerequisites of target file 'src/MENU/MENUD.PRG/234.c'.
  No need to remake target 'src/MENU/MENUD.PRG/234.c'.
  Considering target file 'build/src/MENU/MENUD.PRG/'.
   Looking for an implicit rule for 'build/src/MENU/MENUD.PRG/'.
    Trying pattern rule '%/:' with stem 'build/src/MENU/MENUD.PRG'.
   Found implicit rule '%/:' for 'build/src/MENU/MENUD.PRG/'.
  Finished prerequisites of target file 'build/src/MENU/MENUD.PRG/'.
  No need to remake target 'build/src/MENU/MENUD.PRG/'.
 Finished prerequisites of target file 'build/src/MENU/MENUD.PRG/234.d'.
  Prerequisite 'src/MENU/MENUD.PRG/234.c' is older than target 'build/src/MENU/MENUD.PRG/234.d'.
  Prerequisite 'build/src/MENU/MENUD.PRG/' is order-only for target 'build/src/MENU/MENUD.PRG/234.d'.
 No need to remake target 'build/src/MENU/MENUD.PRG/234.d'.
 Considering target file 'build/config/MENU/MENUE.PRG/link.d'.
  Looking for an implicit rule for 'build/config/MENU/MENUE.PRG/link.d'.
   Trying pattern rule 'build/config/%/link.d: config/%/splat.yaml config/%/Makefile | $(@D)/' with stem 'MENU/MENUE.PRG'.
   Trying implicit prerequisite 'config/MENU/MENUE.PRG/splat.yaml'.
   Found 'config/MENU/MENUE.PRG/splat.yaml'.
   Trying implicit prerequisite 'config/MENU/MENUE.PRG/Makefile'.
   Found 'config/MENU/MENUE.PRG/Makefile'.
   Trying implicit prerequisite 'build/config/MENU/MENUE.PRG/'.
   Found 'build/config/MENU/MENUE.PRG/'.
  Found implicit rule 'build/config/%/link.d: config/%/splat.yaml config/%/Makefile | $(@D)/' for 'build/config/MENU/MENUE.PRG/link.d'.
  Considering target file 'config/MENU/MENUE.PRG/splat.yaml'.
   Looking for an implicit rule for 'config/MENU/MENUE.PRG/splat.yaml'.
   No implicit rule found for 'config/MENU/MENUE.PRG/splat.yaml'.
  Finished prerequisites of target file 'config/MENU/MENUE.PRG/splat.yaml'.
  No need to remake target 'config/MENU/MENUE.PRG/splat.yaml'.
  Pruning file 'config/MENU/MENUE.PRG/Makefile'.
  Considering target file 'build/config/MENU/MENUE.PRG/'.
   Looking for an implicit rule for 'build/config/MENU/MENUE.PRG/'.
    Trying pattern rule '%/:' with stem 'build/config/MENU/MENUE.PRG'.
   Found implicit rule '%/:' for 'build/config/MENU/MENUE.PRG/'.
  Finished prerequisites of target file 'build/config/MENU/MENUE.PRG/'.
  No need to remake target 'build/config/MENU/MENUE.PRG/'.
  Pruning file 'disks/SLUS-01040.xml'.
 Finished prerequisites of target file 'build/config/MENU/MENUE.PRG/link.d'.
  Prerequisite 'config/MENU/MENUE.PRG/splat.yaml' is older than target 'build/config/MENU/MENUE.PRG/link.d'.
  Prerequisite 'config/MENU/MENUE.PRG/Makefile' is older than target 'build/config/MENU/MENUE.PRG/link.d'.
  Prerequisite 'build/config/MENU/MENUE.PRG/' is order-only for target 'build/config/MENU/MENUE.PRG/link.d'.
  Prerequisite 'disks/SLUS-01040.xml' is order-only for target 'build/config/MENU/MENUE.PRG/link.d'.
 No need to remake target 'build/config/MENU/MENUE.PRG/link.d'.
 Considering target file 'build/src/MENU/MENUE.PRG/494.d'.
  Looking for an implicit rule for 'build/src/MENU/MENUE.PRG/494.d'.
   Trying pattern rule 'build/%.d: %.c | $(@D)/' with stem 'src/MENU/MENUE.PRG/494'.
   Trying implicit prerequisite 'src/MENU/MENUE.PRG/494.c'.
   Found 'src/MENU/MENUE.PRG/494.c'.
   Trying implicit prerequisite 'build/src/MENU/MENUE.PRG/'.
   Found 'build/src/MENU/MENUE.PRG/'.
  Found implicit rule 'build/%.d: %.c | $(@D)/' for 'build/src/MENU/MENUE.PRG/494.d'.
  Considering target file 'src/MENU/MENUE.PRG/494.c'.
   Looking for an implicit rule for 'src/MENU/MENUE.PRG/494.c'.
   No implicit rule found for 'src/MENU/MENUE.PRG/494.c'.
  Finished prerequisites of target file 'src/MENU/MENUE.PRG/494.c'.
  No need to remake target 'src/MENU/MENUE.PRG/494.c'.
  Considering target file 'build/src/MENU/MENUE.PRG/'.
   Looking for an implicit rule for 'build/src/MENU/MENUE.PRG/'.
    Trying pattern rule '%/:' with stem 'build/src/MENU/MENUE.PRG'.
   Found implicit rule '%/:' for 'build/src/MENU/MENUE.PRG/'.
  Finished prerequisites of target file 'build/src/MENU/MENUE.PRG/'.
  No need to remake target 'build/src/MENU/MENUE.PRG/'.
 Finished prerequisites of target file 'build/src/MENU/MENUE.PRG/494.d'.
  Prerequisite 'src/MENU/MENUE.PRG/494.c' is older than target 'build/src/MENU/MENUE.PRG/494.d'.
  Prerequisite 'build/src/MENU/MENUE.PRG/' is order-only for target 'build/src/MENU/MENUE.PRG/494.d'.
 No need to remake target 'build/src/MENU/MENUE.PRG/494.d'.
 Considering target file 'build/config/MENU/MENUF.PRG/link.d'.
  Looking for an implicit rule for 'build/config/MENU/MENUF.PRG/link.d'.
   Trying pattern rule 'build/config/%/link.d: config/%/splat.yaml config/%/Makefile | $(@D)/' with stem 'MENU/MENUF.PRG'.
   Trying implicit prerequisite 'config/MENU/MENUF.PRG/splat.yaml'.
   Found 'config/MENU/MENUF.PRG/splat.yaml'.
   Trying implicit prerequisite 'config/MENU/MENUF.PRG/Makefile'.
   Found 'config/MENU/MENUF.PRG/Makefile'.
   Trying implicit prerequisite 'build/config/MENU/MENUF.PRG/'.
   Found 'build/config/MENU/MENUF.PRG/'.
  Found implicit rule 'build/config/%/link.d: config/%/splat.yaml config/%/Makefile | $(@D)/' for 'build/config/MENU/MENUF.PRG/link.d'.
  Considering target file 'config/MENU/MENUF.PRG/splat.yaml'.
   Looking for an implicit rule for 'config/MENU/MENUF.PRG/splat.yaml'.
   No implicit rule found for 'config/MENU/MENUF.PRG/splat.yaml'.
  Finished prerequisites of target file 'config/MENU/MENUF.PRG/splat.yaml'.
  No need to remake target 'config/MENU/MENUF.PRG/splat.yaml'.
  Pruning file 'config/MENU/MENUF.PRG/Makefile'.
  Considering target file 'build/config/MENU/MENUF.PRG/'.
   Looking for an implicit rule for 'build/config/MENU/MENUF.PRG/'.
    Trying pattern rule '%/:' with stem 'build/config/MENU/MENUF.PRG'.
   Found implicit rule '%/:' for 'build/config/MENU/MENUF.PRG/'.
  Finished prerequisites of target file 'build/config/MENU/MENUF.PRG/'.
  No need to remake target 'build/config/MENU/MENUF.PRG/'.
  Pruning file 'disks/SLUS-01040.xml'.
 Finished prerequisites of target file 'build/config/MENU/MENUF.PRG/link.d'.
  Prerequisite 'config/MENU/MENUF.PRG/splat.yaml' is older than target 'build/config/MENU/MENUF.PRG/link.d'.
  Prerequisite 'config/MENU/MENUF.PRG/Makefile' is older than target 'build/config/MENU/MENUF.PRG/link.d'.
  Prerequisite 'build/config/MENU/MENUF.PRG/' is order-only for target 'build/config/MENU/MENUF.PRG/link.d'.
  Prerequisite 'disks/SLUS-01040.xml' is order-only for target 'build/config/MENU/MENUF.PRG/link.d'.
 No need to remake target 'build/config/MENU/MENUF.PRG/link.d'.
 Considering target file 'build/src/MENU/MENUF.PRG/3B8.d'.
  Looking for an implicit rule for 'build/src/MENU/MENUF.PRG/3B8.d'.
   Trying pattern rule 'build/%.d: %.c | $(@D)/' with stem 'src/MENU/MENUF.PRG/3B8'.
   Trying implicit prerequisite 'src/MENU/MENUF.PRG/3B8.c'.
   Found 'src/MENU/MENUF.PRG/3B8.c'.
   Trying implicit prerequisite 'build/src/MENU/MENUF.PRG/'.
   Found 'build/src/MENU/MENUF.PRG/'.
  Found implicit rule 'build/%.d: %.c | $(@D)/' for 'build/src/MENU/MENUF.PRG/3B8.d'.
  Considering target file 'src/MENU/MENUF.PRG/3B8.c'.
   Looking for an implicit rule for 'src/MENU/MENUF.PRG/3B8.c'.
   No implicit rule found for 'src/MENU/MENUF.PRG/3B8.c'.
  Finished prerequisites of target file 'src/MENU/MENUF.PRG/3B8.c'.
  No need to remake target 'src/MENU/MENUF.PRG/3B8.c'.
  Considering target file 'build/src/MENU/MENUF.PRG/'.
   Looking for an implicit rule for 'build/src/MENU/MENUF.PRG/'.
    Trying pattern rule '%/:' with stem 'build/src/MENU/MENUF.PRG'.
   Found implicit rule '%/:' for 'build/src/MENU/MENUF.PRG/'.
  Finished prerequisites of target file 'build/src/MENU/MENUF.PRG/'.
  No need to remake target 'build/src/MENU/MENUF.PRG/'.
 Finished prerequisites of target file 'build/src/MENU/MENUF.PRG/3B8.d'.
  Prerequisite 'src/MENU/MENUF.PRG/3B8.c' is older than target 'build/src/MENU/MENUF.PRG/3B8.d'.
  Prerequisite 'build/src/MENU/MENUF.PRG/' is order-only for target 'build/src/MENU/MENUF.PRG/3B8.d'.
 No need to remake target 'build/src/MENU/MENUF.PRG/3B8.d'.
Updating goal targets....
Considering target file 'all'.
 Target 'all' is phony.
 Considering target file 'check'.
  Target 'check' is phony.
  Considering target file 'build/data/SLUS_010.40'.
   File 'build/data/SLUS_010.40' does not exist.
   Considering target file 'build/data/BATTLE/INITBTL.PRG.elf'.
    File 'build/data/BATTLE/INITBTL.PRG.elf' does not exist.
    Considering target file 'build/data/BATTLE/'.
     Looking for an implicit rule for 'build/data/BATTLE/'.
      Trying pattern rule 'build/data/%: build/assets/%.vsString.bin | $(@D)/' with stem 'BATTLE/'.
      Trying implicit prerequisite 'build/assets/BATTLE/.vsString.bin'.
      Not found 'build/assets/BATTLE/.vsString.bin'.
      Trying pattern rule '%/:' with stem 'build/data/BATTLE'.
     Found implicit rule '%/:' for 'build/data/BATTLE/'.
    Finished prerequisites of target file 'build/data/BATTLE/'.
    No need to remake target 'build/data/BATTLE/'.
    Considering target file 'build/src/BATTLE/INITBTL.PRG/18.o'.
     File 'build/src/BATTLE/INITBTL.PRG/18.o' does not exist.
     Looking for an implicit rule for 'build/src/BATTLE/INITBTL.PRG/18.o'.
      Trying pattern rule 'build/%.o: %.s | $(@D)/' with stem 'src/BATTLE/INITBTL.PRG/18'.
      Trying implicit prerequisite 'src/BATTLE/INITBTL.PRG/18.s'.
      Not found 'src/BATTLE/INITBTL.PRG/18.s'.
      Trying pattern rule 'build/%.o: %.c' with stem 'src/BATTLE/INITBTL.PRG/18'.
      Trying implicit prerequisite 'src/BATTLE/INITBTL.PRG/18.c'.
      'src/BATTLE/INITBTL.PRG/18.c' ought to exist.
     Found implicit rule 'build/%.o: %.c' for 'build/src/BATTLE/INITBTL.PRG/18.o'.
     Considering target file 'src/BATTLE/INITBTL.PRG/18.c'.
     File 'src/BATTLE/INITBTL.PRG/18.c' was considered already.
     Pruning file 'src/BATTLE/INITBTL.PRG/18.c'.
     Considering target file 'src/include/common.h'.
      Looking for an implicit rule for 'src/include/common.h'.
      No implicit rule found for 'src/include/common.h'.
     Finished prerequisites of target file 'src/include/common.h'.
     No need to remake target 'src/include/common.h'.
     Considering target file 'include/psx/stddef.h'.
      Looking for an implicit rule for 'include/psx/stddef.h'.
      No implicit rule found for 'include/psx/stddef.h'.
     Finished prerequisites of target file 'include/psx/stddef.h'.
     No need to remake target 'include/psx/stddef.h'.
     Considering target file 'src/BATTLE/INITBTL.PRG/18.h'.
      Looking for an implicit rule for 'src/BATTLE/INITBTL.PRG/18.h'.
      No implicit rule found for 'src/BATTLE/INITBTL.PRG/18.h'.
     Finished prerequisites of target file 'src/BATTLE/INITBTL.PRG/18.h'.
     No need to remake target 'src/BATTLE/INITBTL.PRG/18.h'.
     Considering target file 'build/src/include/lbas.h'.
      Considering target file 'build/config/SLUS-01040_LBA.txt'.
       Considering target file 'build/config/'.
        Looking for an implicit rule for 'build/config/'.
         Trying pattern rule '%/:' with stem 'build/config'.
        Found implicit rule '%/:' for 'build/config/'.
       Finished prerequisites of target file 'build/config/'.
       No need to remake target 'build/config/'.
      Finished prerequisites of target file 'build/config/SLUS-01040_LBA.txt'.
       Prerequisite 'build/config/' is order-only for target 'build/config/SLUS-01040_LBA.txt'.
      No need to remake target 'build/config/SLUS-01040_LBA.txt'.
      Considering target file 'build/src/include/'.
       Looking for an implicit rule for 'build/src/include/'.
        Trying pattern rule '%/:' with stem 'build/src/include'.
       Found implicit rule '%/:' for 'build/src/include/'.
      Finished prerequisites of target file 'build/src/include/'.
      No need to remake target 'build/src/include/'.
     Finished prerequisites of target file 'build/src/include/lbas.h'.
      Prerequisite 'build/config/SLUS-01040_LBA.txt' is older than target 'build/src/include/lbas.h'.
      Prerequisite 'build/src/include/' is order-only for target 'build/src/include/lbas.h'.
     No need to remake target 'build/src/include/lbas.h'.
     Considering target file 'src/BATTLE/INITBTL.PRG/../../SLUS_010.40/main.h'.
      Looking for an implicit rule for 'src/BATTLE/INITBTL.PRG/../../SLUS_010.40/main.h'.
      No implicit rule found for 'src/BATTLE/INITBTL.PRG/../../SLUS_010.40/main.h'.
     Finished prerequisites of target file 'src/BATTLE/INITBTL.PRG/../../SLUS_010.40/main.h'.
     No need to remake target 'src/BATTLE/INITBTL.PRG/../../SLUS_010.40/main.h'.
     Considering target file 'src/BATTLE/INITBTL.PRG/../../SLUS_010.40/25AC.h'.
      Looking for an implicit rule for 'src/BATTLE/INITBTL.PRG/../../SLUS_010.40/25AC.h'.
      No implicit rule found for 'src/BATTLE/INITBTL.PRG/../../SLUS_010.40/25AC.h'.
     Finished prerequisites of target file 'src/BATTLE/INITBTL.PRG/../../SLUS_010.40/25AC.h'.
     No need to remake target 'src/BATTLE/INITBTL.PRG/../../SLUS_010.40/25AC.h'.
     Considering target file 'include/psx/sys/types.h'.
      Looking for an implicit rule for 'include/psx/sys/types.h'.
      No implicit rule found for 'include/psx/sys/types.h'.
     Finished prerequisites of target file 'include/psx/sys/types.h'.
     No need to remake target 'include/psx/sys/types.h'.
     Considering target file 'src/BATTLE/INITBTL.PRG/../../SLUS_010.40/../BATTLE/BATTLE.PRG/func_8006B57C_t.h'.
      Looking for an implicit rule for 'src/BATTLE/INITBTL.PRG/../../SLUS_010.40/../BATTLE/BATTLE.PRG/func_8006B57C_t.h'.
      No implicit rule found for 'src/BATTLE/INITBTL.PRG/../../SLUS_010.40/../BATTLE/BATTLE.PRG/func_8006B57C_t.h'.
     Finished prerequisites of target file 'src/BATTLE/INITBTL.PRG/../../SLUS_010.40/../BATTLE/BATTLE.PRG/func_8006B57C_t.h'.
     No need to remake target 'src/BATTLE/INITBTL.PRG/../../SLUS_010.40/../BATTLE/BATTLE.PRG/func_8006B57C_t.h'.
     Considering target file 'include/psx/libgte.h'.
      Looking for an implicit rule for 'include/psx/libgte.h'.
      No implicit rule found for 'include/psx/libgte.h'.
     Finished prerequisites of target file 'include/psx/libgte.h'.
     No need to remake target 'include/psx/libgte.h'.
     Considering target file 'include/psx/libgpu.h'.
      Looking for an implicit rule for 'include/psx/libgpu.h'.
      No implicit rule found for 'include/psx/libgpu.h'.
     Finished prerequisites of target file 'include/psx/libgpu.h'.
     No need to remake target 'include/psx/libgpu.h'.
     Considering target file 'src/BATTLE/INITBTL.PRG/../BATTLE.PRG/146C.h'.
      Looking for an implicit rule for 'src/BATTLE/INITBTL.PRG/../BATTLE.PRG/146C.h'.
      No implicit rule found for 'src/BATTLE/INITBTL.PRG/../BATTLE.PRG/146C.h'.
     Finished prerequisites of target file 'src/BATTLE/INITBTL.PRG/../BATTLE.PRG/146C.h'.
     No need to remake target 'src/BATTLE/INITBTL.PRG/../BATTLE.PRG/146C.h'.
     Considering target file '../../SLUS_010.40/_mpdRoomDoorSection_t.h'.
      File '../../SLUS_010.40/_mpdRoomDoorSection_t.h' does not exist.
      Looking for an implicit rule for '../../SLUS_010.40/_mpdRoomDoorSection_t.h'.
      No implicit rule found for '../../SLUS_010.40/_mpdRoomDoorSection_t.h'.
     Finished prerequisites of target file '../../SLUS_010.40/_mpdRoomDoorSection_t.h'.
     Must remake target '../../SLUS_010.40/_mpdRoomDoorSection_t.h'.
